
  [30;43;1m WARN [39;49;22m Metadata found in doc-comment for method Tests\Feature\AlarmaTest::test_index_displays_alarm_list(). Metadata in doc-comments is deprecated and will no longer be supported in PHPUnit 12. Update your test code to use attributes instead.

  [30;43;1m WARN [39;49;22m Metadata found in doc-comment for method Tests\Feature\AlarmaTest::test_show_displays_alarm_details(). Metadata in doc-comments is deprecated and will no longer be supported in PHPUnit 12. Update your test code to use attributes instead.

  [30;43;1m WARN [39;49;22m Metadata found in doc-comment for method Tests\Feature\AlarmaTest::test_show_returns_404_for_nonexistent_alarm(). Metadata in doc-comments is deprecated and will no longer be supported in PHPUnit 12. Update your test code to use attributes instead.

  [30;43;1m WARN [39;49;22m Metadata found in doc-comment for method Tests\Feature\AlarmaTest::test_create_form_displays_correctly(). Metadata in doc-comments is deprecated and will no longer be supported in PHPUnit 12. Update your test code to use attributes instead.

  [30;43;1m WARN [39;49;22m Metadata found in doc-comment for method Tests\Feature\AlarmaTest::test_create_uses_default_tipos_when_catalog_fails(). Metadata in doc-comments is deprecated and will no longer be supported in PHPUnit 12. Update your test code to use attributes instead.

  [30;43;1m WARN [39;49;22m Metadata found in doc-comment for method Tests\Feature\AlarmaTest::test_store_creates_alarm_successfully(). Metadata in doc-comments is deprecated and will no longer be supported in PHPUnit 12. Update your test code to use attributes instead.

  [30;43;1m WARN [39;49;22m Metadata found in doc-comment for method Tests\Feature\AlarmaTest::test_store_validation_errors(). Metadata in doc-comments is deprecated and will no longer be supported in PHPUnit 12. Update your test code to use attributes instead.

  [30;43;1m WARN [39;49;22m Metadata found in doc-comment for method Tests\Feature\AlarmaTest::test_atender_updates_alarm_successfully(). Metadata in doc-comments is deprecated and will no longer be supported in PHPUnit 12. Update your test code to use attributes instead.

  [30;43;1m WARN [39;49;22m Metadata found in doc-comment for method Tests\Feature\AlarmaTest::test_atender_fails_when_alarm_already_attended(). Metadata in doc-comments is deprecated and will no longer be supported in PHPUnit 12. Update your test code to use attributes instead.

  [30;43;1m WARN [39;49;22m Metadata found in doc-comment for method Tests\Feature\AlarmaTest::test_estadisticas_displays_statistics(). Metadata in doc-comments is deprecated and will no longer be supported in PHPUnit 12. Update your test code to use attributes instead.

  [30;43;1m WARN [39;49;22m Metadata found in doc-comment for method Tests\Feature\AlarmaTest::test_activas_displays_active_alarms(). Metadata in doc-comments is deprecated and will no longer be supported in PHPUnit 12. Update your test code to use attributes instead.

  [30;43;1m WARN [39;49;22m Metadata found in doc-comment for method Tests\Feature\AlarmaTest::test_update_modifies_alarm_successfully(). Metadata in doc-comments is deprecated and will no longer be supported in PHPUnit 12. Update your test code to use attributes instead.

  [30;43;1m WARN [39;49;22m Metadata found in doc-comment for method Tests\Feature\AlarmaTest::test_destroy_deletes_alarm_successfully(). Metadata in doc-comments is deprecated and will no longer be supported in PHPUnit 12. Update your test code to use attributes instead.

  [30;43;1m WARN [39;49;22m Metadata found in doc-comment for method Tests\Feature\AlarmaTest::test_exportar_downloads_file(). Metadata in doc-comments is deprecated and will no longer be supported in PHPUnit 12. Update your test code to use attributes instead.

  [30;43;1m WARN [39;49;22m Metadata found in doc-comment for method Tests\Feature\AuthTest::test_login_form_is_displayed(). Metadata in doc-comments is deprecated and will no longer be supported in PHPUnit 12. Update your test code to use attributes instead.

  [30;43;1m WARN [39;49;22m Metadata found in doc-comment for method Tests\Feature\AuthTest::test_successful_login(). Metadata in doc-comments is deprecated and will no longer be supported in PHPUnit 12. Update your test code to use attributes instead.

  [30;43;1m WARN [39;49;22m Metadata found in doc-comment for method Tests\Feature\AuthTest::test_login_fails_with_invalid_credentials(). Metadata in doc-comments is deprecated and will no longer be supported in PHPUnit 12. Update your test code to use attributes instead.

  [30;43;1m WARN [39;49;22m Metadata found in doc-comment for method Tests\Feature\AuthTest::test_login_validation_errors(). Metadata in doc-comments is deprecated and will no longer be supported in PHPUnit 12. Update your test code to use attributes instead.

  [30;43;1m WARN [39;49;22m Metadata found in doc-comment for method Tests\Feature\AuthTest::test_successful_logout(). Metadata in doc-comments is deprecated and will no longer be supported in PHPUnit 12. Update your test code to use attributes instead.

  [30;43;1m WARN [39;49;22m Metadata found in doc-comment for method Tests\Feature\AuthTest::test_successful_registration(). Metadata in doc-comments is deprecated and will no longer be supported in PHPUnit 12. Update your test code to use attributes instead.

  [30;43;1m WARN [39;49;22m Metadata found in doc-comment for method Tests\Feature\AuthTest::test_registration_validation_errors(). Metadata in doc-comments is deprecated and will no longer be supported in PHPUnit 12. Update your test code to use attributes instead.

  [30;43;1m WARN [39;49;22m Metadata found in doc-comment for method Tests\Feature\AuthTest::test_password_change_successful(). Metadata in doc-comments is deprecated and will no longer be supported in PHPUnit 12. Update your test code to use attributes instead.

  [30;43;1m WARN [39;49;22m Metadata found in doc-comment for method Tests\Feature\AuthTest::test_password_change_fails_with_wrong_current_password(). Metadata in doc-comments is deprecated and will no longer be supported in PHPUnit 12. Update your test code to use attributes instead.

  [30;43;1m WARN [39;49;22m Metadata found in doc-comment for method Tests\Feature\AuthTest::test_user_profile_is_displayed(). Metadata in doc-comments is deprecated and will no longer be supported in PHPUnit 12. Update your test code to use attributes instead.

  [30;43;1m WARN [39;49;22m Metadata found in doc-comment for method Tests\Feature\AuthTest::test_authenticated_user_can_access_dashboard(). Metadata in doc-comments is deprecated and will no longer be supported in PHPUnit 12. Update your test code to use attributes instead.

  [30;43;1m WARN [39;49;22m Metadata found in doc-comment for method Tests\Feature\AuthTest::test_unauthenticated_user_cannot_access_dashboard(). Metadata in doc-comments is deprecated and will no longer be supported in PHPUnit 12. Update your test code to use attributes instead.

  [30;43;1m WARN [39;49;22m Metadata found in doc-comment for method Tests\Unit\BaseControllerTest::test_json_success_returns_correct_structure(). Metadata in doc-comments is deprecated and will no longer be supported in PHPUnit 12. Update your test code to use attributes instead.

  [30;43;1m WARN [39;49;22m Metadata found in doc-comment for method Tests\Unit\BaseControllerTest::test_json_error_returns_correct_structure(). Metadata in doc-comments is deprecated and will no longer be supported in PHPUnit 12. Update your test code to use attributes instead.

  [30;43;1m WARN [39;49;22m Metadata found in doc-comment for method Tests\Unit\BaseControllerTest::test_render_view_with_successful_response(). Metadata in doc-comments is deprecated and will no longer be supported in PHPUnit 12. Update your test code to use attributes instead.

  [30;43;1m WARN [39;49;22m Metadata found in doc-comment for method Tests\Unit\BaseControllerTest::test_render_view_with_error_response(). Metadata in doc-comments is deprecated and will no longer be supported in PHPUnit 12. Update your test code to use attributes instead.

  [30;43;1m WARN [39;49;22m Metadata found in doc-comment for method Tests\Unit\BaseControllerTest::test_get_catalog_returns_data_successfully(). Metadata in doc-comments is deprecated and will no longer be supported in PHPUnit 12. Update your test code to use attributes instead.

  [30;43;1m WARN [39;49;22m Metadata found in doc-comment for method Tests\Unit\BaseControllerTest::test_get_catalog_returns_empty_array_on_error(). Metadata in doc-comments is deprecated and will no longer be supported in PHPUnit 12. Update your test code to use attributes instead.

  [30;43;1m WARN [39;49;22m Metadata found in doc-comment for method Tests\Unit\BaseControllerTest::test_parse_user_agent_extracts_device_info(). Metadata in doc-comments is deprecated and will no longer be supported in PHPUnit 12. Update your test code to use attributes instead.

  [30;43;1m WARN [39;49;22m Metadata found in doc-comment for method Tests\Unit\BaseControllerTest::test_parse_user_agent_returns_null_for_empty_input(). Metadata in doc-comments is deprecated and will no longer be supported in PHPUnit 12. Update your test code to use attributes instead.

  [30;43;1m WARN [39;49;22m Metadata found in doc-comment for method Tests\Unit\BaseControllerTest::test_parse_user_agent_truncates_long_strings(). Metadata in doc-comments is deprecated and will no longer be supported in PHPUnit 12. Update your test code to use attributes instead.

  [30;43;1m WARN [39;49;22m Metadata found in doc-comment for method Tests\Feature\BitacoraTest::test_index_displays_bitacora_entries(). Metadata in doc-comments is deprecated and will no longer be supported in PHPUnit 12. Update your test code to use attributes instead.

  [30;43;1m WARN [39;49;22m Metadata found in doc-comment for method Tests\Feature\BitacoraTest::test_show_returns_bitacora_entry_json(). Metadata in doc-comments is deprecated and will no longer be supported in PHPUnit 12. Update your test code to use attributes instead.

  [30;43;1m WARN [39;49;22m Metadata found in doc-comment for method Tests\Feature\BitacoraTest::test_resumen_actividad_returns_activity_summary(). Metadata in doc-comments is deprecated and will no longer be supported in PHPUnit 12. Update your test code to use attributes instead.

  [30;43;1m WARN [39;49;22m Metadata found in doc-comment for method Tests\Feature\BitacoraTest::test_actividad_usuario_returns_user_activity(). Metadata in doc-comments is deprecated and will no longer be supported in PHPUnit 12. Update your test code to use attributes instead.

  [30;43;1m WARN [39;49;22m Metadata found in doc-comment for method Tests\Feature\BitacoraTest::test_actividad_modulo_returns_module_activity(). Metadata in doc-comments is deprecated and will no longer be supported in PHPUnit 12. Update your test code to use attributes instead.

  [30;43;1m WARN [39;49;22m Metadata found in doc-comment for method Tests\Feature\BitacoraTest::test_actividad_tabla_returns_table_activity(). Metadata in doc-comments is deprecated and will no longer be supported in PHPUnit 12. Update your test code to use attributes instead.

  [30;43;1m WARN [39;49;22m Metadata found in doc-comment for method Tests\Feature\BitacoraTest::test_actividad_tabla_returns_all_records_activity(). Metadata in doc-comments is deprecated and will no longer be supported in PHPUnit 12. Update your test code to use attributes instead.

  [30;43;1m WARN [39;49;22m Metadata found in doc-comment for method Tests\Feature\BitacoraTest::test_exportar_returns_csv_file(). Metadata in doc-comments is deprecated and will no longer be supported in PHPUnit 12. Update your test code to use attributes instead.

  [30;43;1m WARN [39;49;22m Metadata found in doc-comment for method Tests\Feature\BitacoraTest::test_exportar_returns_pdf_file(). Metadata in doc-comments is deprecated and will no longer be supported in PHPUnit 12. Update your test code to use attributes instead.

  [30;43;1m WARN [39;49;22m Metadata found in doc-comment for method Tests\Feature\BitacoraTest::test_exportar_validation_errors(). Metadata in doc-comments is deprecated and will no longer be supported in PHPUnit 12. Update your test code to use attributes instead.

  [30;43;1m WARN [39;49;22m Metadata found in doc-comment for method Tests\Feature\BitacoraTest::test_filter_bitacora_by_tipo_evento(). Metadata in doc-comments is deprecated and will no longer be supported in PHPUnit 12. Update your test code to use attributes instead.

  [30;43;1m WARN [39;49;22m Metadata found in doc-comment for method Tests\Feature\BitacoraTest::test_filter_bitacora_by_date_range(). Metadata in doc-comments is deprecated and will no longer be supported in PHPUnit 12. Update your test code to use attributes instead.

  [30;43;1m WARN [39;49;22m Metadata found in doc-comment for method Tests\Feature\CfdiTest::test_resumen_fiscal_displays_fiscal_summary(). Metadata in doc-comments is deprecated and will no longer be supported in PHPUnit 12. Update your test code to use attributes instead.

  [30;43;1m WARN [39;49;22m Metadata found in doc-comment for method Tests\Feature\CfdiTest::test_exportar_downloads_cfdi_file(). Metadata in doc-comments is deprecated and will no longer be supported in PHPUnit 12. Update your test code to use attributes instead.

  [30;43;1m WARN [39;49;22m Metadata found in doc-comment for method Tests\Feature\CfdiTest::test_filter_cfdi_by_estado(). Metadata in doc-comments is deprecated and will no longer be supported in PHPUnit 12. Update your test code to use attributes instead.

  [30;43;1m WARN [39;49;22m Metadata found in doc-comment for method Tests\Feature\CfdiTest::test_filter_cfdi_by_date_range(). Metadata in doc-comments is deprecated and will no longer be supported in PHPUnit 12. Update your test code to use attributes instead.

  [30;43;1m WARN [39;49;22m Metadata found in doc-comment for method Tests\Feature\ConfiguracionTest::test_index_displays_configuration(). Metadata in doc-comments is deprecated and will no longer be supported in PHPUnit 12. Update your test code to use attributes instead.

  [30;43;1m WARN [39;49;22m Metadata found in doc-comment for method Tests\Feature\ConfiguracionTest::test_update_modifies_configuration_successfully(). Metadata in doc-comments is deprecated and will no longer be supported in PHPUnit 12. Update your test code to use attributes instead.

  [30;43;1m WARN [39;49;22m Metadata found in doc-comment for method Tests\Feature\ConfiguracionTest::test_update_validation_errors(). Metadata in doc-comments is deprecated and will no longer be supported in PHPUnit 12. Update your test code to use attributes instead.

  [30;43;1m WARN [39;49;22m Metadata found in doc-comment for method Tests\Feature\ConfiguracionTest::test_backup_manual_triggers_backup(). Metadata in doc-comments is deprecated and will no longer be supported in PHPUnit 12. Update your test code to use attributes instead.

  [30;43;1m WARN [39;49;22m Metadata found in doc-comment for method Tests\Feature\ConfiguracionTest::test_limpiar_cache_clears_cache(). Metadata in doc-comments is deprecated and will no longer be supported in PHPUnit 12. Update your test code to use attributes instead.

  [30;43;1m WARN [39;49;22m Metadata found in doc-comment for method Tests\Feature\ConfiguracionTest::test_logs_displays_system_logs(). Metadata in doc-comments is deprecated and will no longer be supported in PHPUnit 12. Update your test code to use attributes instead.

  [30;43;1m WARN [39;49;22m Metadata found in doc-comment for method Tests\Feature\ConfiguracionTest::test_exportar_downloads_configuration_file(). Metadata in doc-comments is deprecated and will no longer be supported in PHPUnit 12. Update your test code to use attributes instead.

  [30;43;1m WARN [39;49;22m Metadata found in doc-comment for method Tests\Feature\ConfiguracionTest::test_importar_uploads_configuration_file(). Metadata in doc-comments is deprecated and will no longer be supported in PHPUnit 12. Update your test code to use attributes instead.

  [30;43;1m WARN [39;49;22m Metadata found in doc-comment for method Tests\Feature\ConfiguracionTest::test_importar_validation_error_for_invalid_file(). Metadata in doc-comments is deprecated and will no longer be supported in PHPUnit 12. Update your test code to use attributes instead.

  [30;43;1m WARN [39;49;22m Metadata found in doc-comment for method Tests\Feature\ConfiguracionTest::test_importar_validation_error_for_invalid_json(). Metadata in doc-comments is deprecated and will no longer be supported in PHPUnit 12. Update your test code to use attributes instead.

  [30;43;1m WARN [39;49;22m Metadata found in doc-comment for method Tests\Feature\ConfiguracionTest::test_configuration_has_sensitive_fields_encrypted(). Metadata in doc-comments is deprecated and will no longer be supported in PHPUnit 12. Update your test code to use attributes instead.

  [30;43;1m WARN [39;49;22m Metadata found in doc-comment for method Tests\Feature\ContribuyenteTest::test_index_displays_contribuyentes_list(). Metadata in doc-comments is deprecated and will no longer be supported in PHPUnit 12. Update your test code to use attributes instead.

  [30;43;1m WARN [39;49;22m Metadata found in doc-comment for method Tests\Feature\ContribuyenteTest::test_create_form_displays_correctly(). Metadata in doc-comments is deprecated and will no longer be supported in PHPUnit 12. Update your test code to use attributes instead.

  [30;43;1m WARN [39;49;22m Metadata found in doc-comment for method Tests\Feature\ContribuyenteTest::test_store_creates_contribuyente_successfully(). Metadata in doc-comments is deprecated and will no longer be supported in PHPUnit 12. Update your test code to use attributes instead.

  [30;43;1m WARN [39;49;22m Metadata found in doc-comment for method Tests\Feature\ContribuyenteTest::test_store_validation_errors_for_duplicate_rfc(). Metadata in doc-comments is deprecated and will no longer be supported in PHPUnit 12. Update your test code to use attributes instead.

  [30;43;1m WARN [39;49;22m Metadata found in doc-comment for method Tests\Feature\ContribuyenteTest::test_show_displays_contribuyente_details(). Metadata in doc-comments is deprecated and will no longer be supported in PHPUnit 12. Update your test code to use attributes instead.

  [30;43;1m WARN [39;49;22m Metadata found in doc-comment for method Tests\Feature\ContribuyenteTest::test_edit_form_displays_correctly(). Metadata in doc-comments is deprecated and will no longer be supported in PHPUnit 12. Update your test code to use attributes instead.

  [30;43;1m WARN [39;49;22m Metadata found in doc-comment for method Tests\Feature\ContribuyenteTest::test_update_modifies_contribuyente_successfully(). Metadata in doc-comments is deprecated and will no longer be supported in PHPUnit 12. Update your test code to use attributes instead.

  [30;43;1m WARN [39;49;22m Metadata found in doc-comment for method Tests\Feature\ContribuyenteTest::test_instalaciones_displays_contribuyente_instalaciones(). Metadata in doc-comments is deprecated and will no longer be supported in PHPUnit 12. Update your test code to use attributes instead.

  [30;43;1m WARN [39;49;22m Metadata found in doc-comment for method Tests\Feature\ContribuyenteTest::test_cumplimiento_displays_compliance_summary(). Metadata in doc-comments is deprecated and will no longer be supported in PHPUnit 12. Update your test code to use attributes instead.

  [30;43;1m WARN [39;49;22m Metadata found in doc-comment for method Tests\Feature\ContribuyenteTest::test_destroy_deletes_contribuyente_successfully(). Metadata in doc-comments is deprecated and will no longer be supported in PHPUnit 12. Update your test code to use attributes instead.

  [30;43;1m WARN [39;49;22m Metadata found in doc-comment for method Tests\Feature\ContribuyenteTest::test_destroy_fails_if_contribuyente_has_related_records(). Metadata in doc-comments is deprecated and will no longer be supported in PHPUnit 12. Update your test code to use attributes instead.

  [30;43;1m WARN [39;49;22m Metadata found in doc-comment for method Tests\Feature\ContribuyenteTest::test_catalogo_returns_json_for_dropdowns(). Metadata in doc-comments is deprecated and will no longer be supported in PHPUnit 12. Update your test code to use attributes instead.

  [30;43;1m WARN [39;49;22m Metadata found in doc-comment for method Tests\Feature\ContribuyenteTest::test_exportar_downloads_contribuyentes_file(). Metadata in doc-comments is deprecated and will no longer be supported in PHPUnit 12. Update your test code to use attributes instead.

  [30;43;1m WARN [39;49;22m Metadata found in doc-comment for method Tests\Feature\ContribuyenteTest::test_search_contribuyentes_by_rfc(). Metadata in doc-comments is deprecated and will no longer be supported in PHPUnit 12. Update your test code to use attributes instead.

  [30;43;1m WARN [39;49;22m Metadata found in doc-comment for method Tests\Feature\DashboardTest::test_index_displays_dashboard_with_data(). Metadata in doc-comments is deprecated and will no longer be supported in PHPUnit 12. Update your test code to use attributes instead.

  [30;43;1m WARN [39;49;22m Metadata found in doc-comment for method Tests\Feature\DashboardTest::test_index_handles_api_errors_gracefully(). Metadata in doc-comments is deprecated and will no longer be supported in PHPUnit 12. Update your test code to use attributes instead.

  [30;43;1m WARN [39;49;22m Metadata found in doc-comment for method Tests\Feature\DashboardTest::test_grafica_movimientos_returns_chart_data(). Metadata in doc-comments is deprecated and will no longer be supported in PHPUnit 12. Update your test code to use attributes instead.

  [30;43;1m WARN [39;49;22m Metadata found in doc-comment for method Tests\Feature\DashboardTest::test_grafica_movimientos_returns_empty_data_on_error(). Metadata in doc-comments is deprecated and will no longer be supported in PHPUnit 12. Update your test code to use attributes instead.

  [30;43;1m WARN [39;49;22m Metadata found in doc-comment for method Tests\Feature\DashboardTest::test_grafica_productos_returns_product_distribution(). Metadata in doc-comments is deprecated and will no longer be supported in PHPUnit 12. Update your test code to use attributes instead.

  [30;43;1m WARN [39;49;22m Metadata found in doc-comment for method Tests\Feature\DashboardTest::test_notificaciones_returns_notifications(). Metadata in doc-comments is deprecated and will no longer be supported in PHPUnit 12. Update your test code to use attributes instead.

  [30;43;1m WARN [39;49;22m Metadata found in doc-comment for method Tests\Feature\DashboardTest::test_exportar_downloads_dashboard_report(). Metadata in doc-comments is deprecated and will no longer be supported in PHPUnit 12. Update your test code to use attributes instead.

  [30;43;1m WARN [39;49;22m Metadata found in doc-comment for method Tests\Feature\DashboardTest::test_dashboard_refreshes_data_periodically(). Metadata in doc-comments is deprecated and will no longer be supported in PHPUnit 12. Update your test code to use attributes instead.

  [30;43;1m WARN [39;49;22m Metadata found in doc-comment for method Tests\Feature\DashboardTest::test_dashboard_shows_alerts_when_thresholds_exceeded(). Metadata in doc-comments is deprecated and will no longer be supported in PHPUnit 12. Update your test code to use attributes instead.

  [30;43;1m WARN [39;49;22m Metadata found in doc-comment for method Tests\Feature\DictamenTest::test_index_displays_dictamenes_list(). Metadata in doc-comments is deprecated and will no longer be supported in PHPUnit 12. Update your test code to use attributes instead.

  [30;43;1m WARN [39;49;22m Metadata found in doc-comment for method Tests\Feature\DictamenTest::test_create_form_displays_correctly_with_catalogs(). Metadata in doc-comments is deprecated and will no longer be supported in PHPUnit 12. Update your test code to use attributes instead.

  [30;43;1m WARN [39;49;22m Metadata found in doc-comment for method Tests\Feature\DictamenTest::test_store_creates_dictamen_successfully(). Metadata in doc-comments is deprecated and will no longer be supported in PHPUnit 12. Update your test code to use attributes instead.

  [30;43;1m WARN [39;49;22m Metadata found in doc-comment for method Tests\Feature\DictamenTest::test_store_validation_errors(). Metadata in doc-comments is deprecated and will no longer be supported in PHPUnit 12. Update your test code to use attributes instead.

  [30;43;1m WARN [39;49;22m Metadata found in doc-comment for method Tests\Feature\DictamenTest::test_show_displays_dictamen_details(). Metadata in doc-comments is deprecated and will no longer be supported in PHPUnit 12. Update your test code to use attributes instead.

  [30;43;1m WARN [39;49;22m Metadata found in doc-comment for method Tests\Feature\DictamenTest::test_cancelar_cancels_dictamen_successfully(). Metadata in doc-comments is deprecated and will no longer be supported in PHPUnit 12. Update your test code to use attributes instead.

  [30;43;1m WARN [39;49;22m Metadata found in doc-comment for method Tests\Feature\DictamenTest::test_cancelar_fails_if_dictamen_already_cancelled(). Metadata in doc-comments is deprecated and will no longer be supported in PHPUnit 12. Update your test code to use attributes instead.

  [30;43;1m WARN [39;49;22m Metadata found in doc-comment for method Tests\Feature\DictamenTest::test_verificar_vigencia_checks_dictamen_validity(). Metadata in doc-comments is deprecated and will no longer be supported in PHPUnit 12. Update your test code to use attributes instead.

  [30;43;1m WARN [39;49;22m Metadata found in doc-comment for method Tests\Feature\DictamenTest::test_estadisticas_displays_dictamen_statistics(). Metadata in doc-comments is deprecated and will no longer be supported in PHPUnit 12. Update your test code to use attributes instead.

  [30;43;1m WARN [39;49;22m Metadata found in doc-comment for method Tests\Feature\DictamenTest::test_por_producto_displays_dictamenes_by_product(). Metadata in doc-comments is deprecated and will no longer be supported in PHPUnit 12. Update your test code to use attributes instead.

  [30;43;1m WARN [39;49;22m Metadata found in doc-comment for method Tests\Feature\DictamenTest::test_update_modifies_dictamen_successfully(). Metadata in doc-comments is deprecated and will no longer be supported in PHPUnit 12. Update your test code to use attributes instead.

  [30;43;1m WARN [39;49;22m Metadata found in doc-comment for method Tests\Feature\DictamenTest::test_exportar_downloads_dictamenes_file(). Metadata in doc-comments is deprecated and will no longer be supported in PHPUnit 12. Update your test code to use attributes instead.

  [30;43;1m WARN [39;49;22m Metadata found in doc-comment for method Tests\Feature\InstalacionTest::test_index_displays_instalaciones_list(). Metadata in doc-comments is deprecated and will no longer be supported in PHPUnit 12. Update your test code to use attributes instead.

  [30;43;1m WARN [39;49;22m Metadata found in doc-comment for method Tests\Feature\InstalacionTest::test_create_form_displays_correctly_with_contribuyentes(). Metadata in doc-comments is deprecated and will no longer be supported in PHPUnit 12. Update your test code to use attributes instead.

  [30;43;1m WARN [39;49;22m Metadata found in doc-comment for method Tests\Feature\InstalacionTest::test_store_creates_instalacion_successfully(). Metadata in doc-comments is deprecated and will no longer be supported in PHPUnit 12. Update your test code to use attributes instead.

  [30;43;1m WARN [39;49;22m Metadata found in doc-comment for method Tests\Feature\InstalacionTest::test_store_validation_errors(). Metadata in doc-comments is deprecated and will no longer be supported in PHPUnit 12. Update your test code to use attributes instead.

  [30;43;1m WARN [39;49;22m Metadata found in doc-comment for method Tests\Feature\InstalacionTest::test_show_displays_instalacion_details(). Metadata in doc-comments is deprecated and will no longer be supported in PHPUnit 12. Update your test code to use attributes instead.

  [30;43;1m WARN [39;49;22m Metadata found in doc-comment for method Tests\Feature\InstalacionTest::test_tanques_displays_instalacion_tanques(). Metadata in doc-comments is deprecated and will no longer be supported in PHPUnit 12. Update your test code to use attributes instead.

  [30;43;1m WARN [39;49;22m Metadata found in doc-comment for method Tests\Feature\InstalacionTest::test_medidores_displays_instalacion_medidores(). Metadata in doc-comments is deprecated and will no longer be supported in PHPUnit 12. Update your test code to use attributes instead.

  [30;43;1m WARN [39;49;22m Metadata found in doc-comment for method Tests\Feature\InstalacionTest::test_dispensarios_displays_instalacion_dispensarios(). Metadata in doc-comments is deprecated and will no longer be supported in PHPUnit 12. Update your test code to use attributes instead.

  [30;43;1m WARN [39;49;22m Metadata found in doc-comment for method Tests\Feature\InstalacionTest::test_resumen_operativo_displays_operational_summary(). Metadata in doc-comments is deprecated and will no longer be supported in PHPUnit 12. Update your test code to use attributes instead.

  [30;43;1m WARN [39;49;22m Metadata found in doc-comment for method Tests\Feature\InstalacionTest::test_update_modifies_instalacion_successfully(). Metadata in doc-comments is deprecated and will no longer be supported in PHPUnit 12. Update your test code to use attributes instead.

  [30;43;1m WARN [39;49;22m Metadata found in doc-comment for method Tests\Feature\InstalacionTest::test_destroy_deletes_instalacion_successfully(). Metadata in doc-comments is deprecated and will no longer be supported in PHPUnit 12. Update your test code to use attributes instead.

  [30;43;1m WARN [39;49;22m Metadata found in doc-comment for method Tests\Feature\InstalacionTest::test_destroy_fails_if_instalacion_has_related_records(). Metadata in doc-comments is deprecated and will no longer be supported in PHPUnit 12. Update your test code to use attributes instead.

  [30;43;1m WARN [39;49;22m Metadata found in doc-comment for method Tests\Feature\MedidorTest::test_index_displays_medidores_list(). Metadata in doc-comments is deprecated and will no longer be supported in PHPUnit 12. Update your test code to use attributes instead.

  [30;43;1m WARN [39;49;22m Metadata found in doc-comment for method Tests\Feature\MedidorTest::test_create_form_displays_correctly(). Metadata in doc-comments is deprecated and will no longer be supported in PHPUnit 12. Update your test code to use attributes instead.

  [30;43;1m WARN [39;49;22m Metadata found in doc-comment for method Tests\Feature\MedidorTest::test_store_creates_medidor_successfully(). Metadata in doc-comments is deprecated and will no longer be supported in PHPUnit 12. Update your test code to use attributes instead.

  [30;43;1m WARN [39;49;22m Metadata found in doc-comment for method Tests\Feature\MedidorTest::test_store_validation_errors(). Metadata in doc-comments is deprecated and will no longer be supported in PHPUnit 12. Update your test code to use attributes instead.

  [30;43;1m WARN [39;49;22m Metadata found in doc-comment for method Tests\Feature\MedidorTest::test_show_displays_medidor_details(). Metadata in doc-comments is deprecated and will no longer be supported in PHPUnit 12. Update your test code to use attributes instead.

  [30;43;1m WARN [39;49;22m Metadata found in doc-comment for method Tests\Feature\MedidorTest::test_registrar_calibracion_registers_calibration(). Metadata in doc-comments is deprecated and will no longer be supported in PHPUnit 12. Update your test code to use attributes instead.

  [30;43;1m WARN [39;49;22m Metadata found in doc-comment for method Tests\Feature\MedidorTest::test_probar_comunicacion_tests_communication(). Metadata in doc-comments is deprecated and will no longer be supported in PHPUnit 12. Update your test code to use attributes instead.

  [30;43;1m WARN [39;49;22m Metadata found in doc-comment for method Tests\Feature\MedidorTest::test_probar_comunicacion_fails_when_offline(). Metadata in doc-comments is deprecated and will no longer be supported in PHPUnit 12. Update your test code to use attributes instead.

  [30;43;1m WARN [39;49;22m Metadata found in doc-comment for method Tests\Feature\MedidorTest::test_verificar_estado_checks_meter_status(). Metadata in doc-comments is deprecated and will no longer be supported in PHPUnit 12. Update your test code to use attributes instead.

  [30;43;1m WARN [39;49;22m Metadata found in doc-comment for method Tests\Feature\MedidorTest::test_historial_calibraciones_displays_calibration_history(). Metadata in doc-comments is deprecated and will no longer be supported in PHPUnit 12. Update your test code to use attributes instead.

  [30;43;1m WARN [39;49;22m Metadata found in doc-comment for method Tests\Feature\MedidorTest::test_update_modifies_medidor_successfully(). Metadata in doc-comments is deprecated and will no longer be supported in PHPUnit 12. Update your test code to use attributes instead.

  [30;43;1m WARN [39;49;22m Metadata found in doc-comment for method Tests\Feature\MedidorTest::test_destroy_deletes_medidor_successfully(). Metadata in doc-comments is deprecated and will no longer be supported in PHPUnit 12. Update your test code to use attributes instead.

  [30;43;1m WARN [39;49;22m Metadata found in doc-comment for method Tests\Feature\MedidorTest::test_filter_medidores_by_estado(). Metadata in doc-comments is deprecated and will no longer be supported in PHPUnit 12. Update your test code to use attributes instead.

  [30;43;1m WARN [39;49;22m Metadata found in doc-comment for method Tests\Feature\ProductoTest::test_index_displays_productos_list(). Metadata in doc-comments is deprecated and will no longer be supported in PHPUnit 12. Update your test code to use attributes instead.

  [30;43;1m WARN [39;49;22m Metadata found in doc-comment for method Tests\Feature\ProductoTest::test_create_form_displays_correctly(). Metadata in doc-comments is deprecated and will no longer be supported in PHPUnit 12. Update your test code to use attributes instead.

  [30;43;1m WARN [39;49;22m Metadata found in doc-comment for method Tests\Feature\ProductoTest::test_store_creates_producto_successfully(). Metadata in doc-comments is deprecated and will no longer be supported in PHPUnit 12. Update your test code to use attributes instead.

  [30;43;1m WARN [39;49;22m Metadata found in doc-comment for method Tests\Feature\ProductoTest::test_store_validation_errors_for_duplicate_clave_sat(). Metadata in doc-comments is deprecated and will no longer be supported in PHPUnit 12. Update your test code to use attributes instead.

  [30;43;1m WARN [39;49;22m Metadata found in doc-comment for method Tests\Feature\ProductoTest::test_show_displays_producto_details(). Metadata in doc-comments is deprecated and will no longer be supported in PHPUnit 12. Update your test code to use attributes instead.

  [30;43;1m WARN [39;49;22m Metadata found in doc-comment for method Tests\Feature\ProductoTest::test_edit_form_displays_correctly(). Metadata in doc-comments is deprecated and will no longer be supported in PHPUnit 12. Update your test code to use attributes instead.

  [30;43;1m WARN [39;49;22m Metadata found in doc-comment for method Tests\Feature\ProductoTest::test_update_modifies_producto_successfully(). Metadata in doc-comments is deprecated and will no longer be supported in PHPUnit 12. Update your test code to use attributes instead.

  [30;43;1m WARN [39;49;22m Metadata found in doc-comment for method Tests\Feature\ProductoTest::test_por_tipo_displays_products_by_type(). Metadata in doc-comments is deprecated and will no longer be supported in PHPUnit 12. Update your test code to use attributes instead.

  [30;43;1m WARN [39;49;22m Metadata found in doc-comment for method Tests\Feature\ProductoTest::test_catalogo_returns_json_for_dropdowns(). Metadata in doc-comments is deprecated and will no longer be supported in PHPUnit 12. Update your test code to use attributes instead.

  [30;43;1m WARN [39;49;22m Metadata found in doc-comment for method Tests\Feature\ProductoTest::test_buscar_por_clave_sat_finds_product(). Metadata in doc-comments is deprecated and will no longer be supported in PHPUnit 12. Update your test code to use attributes instead.

  [30;43;1m WARN [39;49;22m Metadata found in doc-comment for method Tests\Feature\ProductoTest::test_buscar_por_clave_sat_returns_404_when_not_found(). Metadata in doc-comments is deprecated and will no longer be supported in PHPUnit 12. Update your test code to use attributes instead.

  [30;43;1m WARN [39;49;22m Metadata found in doc-comment for method Tests\Feature\ProductoTest::test_destroy_deletes_producto_successfully(). Metadata in doc-comments is deprecated and will no longer be supported in PHPUnit 12. Update your test code to use attributes instead.

  [30;43;1m WARN [39;49;22m Metadata found in doc-comment for method Tests\Feature\ProductoTest::test_destroy_fails_if_producto_has_related_records(). Metadata in doc-comments is deprecated and will no longer be supported in PHPUnit 12. Update your test code to use attributes instead.

  [30;43;1m WARN [39;49;22m Metadata found in doc-comment for method Tests\Feature\ProductoTest::test_filter_productos_by_tipo(). Metadata in doc-comments is deprecated and will no longer be supported in PHPUnit 12. Update your test code to use attributes instead.

  [30;43;1m WARN [39;49;22m Metadata found in doc-comment for method Tests\Feature\ProductoTest::test_exportar_downloads_productos_file(). Metadata in doc-comments is deprecated and will no longer be supported in PHPUnit 12. Update your test code to use attributes instead.

  [30;43;1m WARN [39;49;22m Metadata found in doc-comment for method Tests\Feature\ProfileTest::test_profile_page_is_displayed(). Metadata in doc-comments is deprecated and will no longer be supported in PHPUnit 12. Update your test code to use attributes instead.

  [30;43;1m WARN [39;49;22m Metadata found in doc-comment for method Tests\Feature\ProfileTest::test_profile_update_successful(). Metadata in doc-comments is deprecated and will no longer be supported in PHPUnit 12. Update your test code to use attributes instead.

  [30;43;1m WARN [39;49;22m Metadata found in doc-comment for method Tests\Feature\ProfileTest::test_profile_update_validation_errors(). Metadata in doc-comments is deprecated and will no longer be supported in PHPUnit 12. Update your test code to use attributes instead.

  [30;43;1m WARN [39;49;22m Metadata found in doc-comment for method Tests\Feature\RegistroVolumetricoTest::test_index_displays_registros_list(). Metadata in doc-comments is deprecated and will no longer be supported in PHPUnit 12. Update your test code to use attributes instead.

  [30;43;1m WARN [39;49;22m Metadata found in doc-comment for method Tests\Feature\RegistroVolumetricoTest::test_create_form_displays_correctly_with_catalogs(). Metadata in doc-comments is deprecated and will no longer be supported in PHPUnit 12. Update your test code to use attributes instead.

  [30;43;1m WARN [39;49;22m Metadata found in doc-comment for method Tests\Feature\RegistroVolumetricoTest::test_store_creates_registro_successfully(). Metadata in doc-comments is deprecated and will no longer be supported in PHPUnit 12. Update your test code to use attributes instead.

  [30;43;1m WARN [39;49;22m Metadata found in doc-comment for method Tests\Feature\RegistroVolumetricoTest::test_store_validation_errors(). Metadata in doc-comments is deprecated and will no longer be supported in PHPUnit 12. Update your test code to use attributes instead.

  [30;43;1m WARN [39;49;22m Metadata found in doc-comment for method Tests\Feature\RegistroVolumetricoTest::test_show_displays_registro_details(). Metadata in doc-comments is deprecated and will no longer be supported in PHPUnit 12. Update your test code to use attributes instead.

  [30;43;1m WARN [39;49;22m Metadata found in doc-comment for method Tests\Feature\RegistroVolumetricoTest::test_validar_validates_registro_successfully(). Metadata in doc-comments is deprecated and will no longer be supported in PHPUnit 12. Update your test code to use attributes instead.

  [30;43;1m WARN [39;49;22m Metadata found in doc-comment for method Tests\Feature\RegistroVolumetricoTest::test_validar_fails_if_already_validated(). Metadata in doc-comments is deprecated and will no longer be supported in PHPUnit 12. Update your test code to use attributes instead.

  [30;43;1m WARN [39;49;22m Metadata found in doc-comment for method Tests\Feature\RegistroVolumetricoTest::test_cancelar_cancels_registro_successfully(). Metadata in doc-comments is deprecated and will no longer be supported in PHPUnit 12. Update your test code to use attributes instead.

  [30;43;1m WARN [39;49;22m Metadata found in doc-comment for method Tests\Feature\RegistroVolumetricoTest::test_resumen_diario_displays_daily_summary(). Metadata in doc-comments is deprecated and will no longer be supported in PHPUnit 12. Update your test code to use attributes instead.

  [30;43;1m WARN [39;49;22m Metadata found in doc-comment for method Tests\Feature\RegistroVolumetricoTest::test_estadisticas_mensuales_displays_monthly_statistics(). Metadata in doc-comments is deprecated and will no longer be supported in PHPUnit 12. Update your test code to use attributes instead.

  [30;43;1m WARN [39;49;22m Metadata found in doc-comment for method Tests\Feature\RegistroVolumetricoTest::test_asociar_dictamen_associates_dictamen_to_registro(). Metadata in doc-comments is deprecated and will no longer be supported in PHPUnit 12. Update your test code to use attributes instead.

  [30;43;1m WARN [39;49;22m Metadata found in doc-comment for method Tests\Feature\RegistroVolumetricoTest::test_filter_registros_by_operacion(). Metadata in doc-comments is deprecated and will no longer be supported in PHPUnit 12. Update your test code to use attributes instead.

  [30;43;1m WARN [39;49;22m Metadata found in doc-comment for method Tests\Feature\RegistroVolumetricoTest::test_filter_registros_by_estado(). Metadata in doc-comments is deprecated and will no longer be supported in PHPUnit 12. Update your test code to use attributes instead.

  [30;43;1m WARN [39;49;22m Metadata found in doc-comment for method Tests\Feature\RegistroVolumetricoTest::test_exportar_downloads_registros_file(). Metadata in doc-comments is deprecated and will no longer be supported in PHPUnit 12. Update your test code to use attributes instead.

  [30;43;1m WARN [39;49;22m Metadata found in doc-comment for method Tests\Feature\RoleTest::test_index_displays_roles_list(). Metadata in doc-comments is deprecated and will no longer be supported in PHPUnit 12. Update your test code to use attributes instead.

  [30;43;1m WARN [39;49;22m Metadata found in doc-comment for method Tests\Feature\RoleTest::test_create_form_displays_correctly_with_permissions(). Metadata in doc-comments is deprecated and will no longer be supported in PHPUnit 12. Update your test code to use attributes instead.

  [30;43;1m WARN [39;49;22m Metadata found in doc-comment for method Tests\Feature\RoleTest::test_store_creates_role_successfully(). Metadata in doc-comments is deprecated and will no longer be supported in PHPUnit 12. Update your test code to use attributes instead.

  [30;43;1m WARN [39;49;22m Metadata found in doc-comment for method Tests\Feature\RoleTest::test_store_validation_errors_for_duplicate_name(). Metadata in doc-comments is deprecated and will no longer be supported in PHPUnit 12. Update your test code to use attributes instead.

  [30;43;1m WARN [39;49;22m Metadata found in doc-comment for method Tests\Feature\RoleTest::test_show_displays_role_details(). Metadata in doc-comments is deprecated and will no longer be supported in PHPUnit 12. Update your test code to use attributes instead.

  [30;43;1m WARN [39;49;22m Metadata found in doc-comment for method Tests\Feature\RoleTest::test_edit_form_displays_correctly(). Metadata in doc-comments is deprecated and will no longer be supported in PHPUnit 12. Update your test code to use attributes instead.

  [30;43;1m WARN [39;49;22m Metadata found in doc-comment for method Tests\Feature\RoleTest::test_update_modifies_role_successfully(). Metadata in doc-comments is deprecated and will no longer be supported in PHPUnit 12. Update your test code to use attributes instead.

  [30;43;1m WARN [39;49;22m Metadata found in doc-comment for method Tests\Feature\RoleTest::test_asignar_permisos_assigns_permissions_to_role(). Metadata in doc-comments is deprecated and will no longer be supported in PHPUnit 12. Update your test code to use attributes instead.

  [30;43;1m WARN [39;49;22m Metadata found in doc-comment for method Tests\Feature\RoleTest::test_clonar_clones_role_successfully(). Metadata in doc-comments is deprecated and will no longer be supported in PHPUnit 12. Update your test code to use attributes instead.

  [30;43;1m WARN [39;49;22m Metadata found in doc-comment for method Tests\Feature\RoleTest::test_matriz_permisos_displays_permission_matrix(). Metadata in doc-comments is deprecated and will no longer be supported in PHPUnit 12. Update your test code to use attributes instead.

  [30;43;1m WARN [39;49;22m Metadata found in doc-comment for method Tests\Feature\RoleTest::test_destroy_deletes_role_successfully(). Metadata in doc-comments is deprecated and will no longer be supported in PHPUnit 12. Update your test code to use attributes instead.

  [30;43;1m WARN [39;49;22m Metadata found in doc-comment for method Tests\Feature\RoleTest::test_destroy_fails_if_role_has_users(). Metadata in doc-comments is deprecated and will no longer be supported in PHPUnit 12. Update your test code to use attributes instead.

  [30;43;1m WARN [39;49;22m Metadata found in doc-comment for method Tests\Feature\RoleTest::test_filter_roles_by_nivel(). Metadata in doc-comments is deprecated and will no longer be supported in PHPUnit 12. Update your test code to use attributes instead.

  [30;43;1m WARN [39;49;22m Metadata found in doc-comment for method Tests\Feature\RoleTest::test_role_agrupacion_permisos_works_correctly(). Metadata in doc-comments is deprecated and will no longer be supported in PHPUnit 12. Update your test code to use attributes instead.

  [30;43;1m WARN [39;49;22m Metadata found in doc-comment for method Tests\Feature\TanqueTest::test_index_displays_tanques_list(). Metadata in doc-comments is deprecated and will no longer be supported in PHPUnit 12. Update your test code to use attributes instead.

  [30;43;1m WARN [39;49;22m Metadata found in doc-comment for method Tests\Feature\TanqueTest::test_create_form_displays_correctly(). Metadata in doc-comments is deprecated and will no longer be supported in PHPUnit 12. Update your test code to use attributes instead.

  [30;43;1m WARN [39;49;22m Metadata found in doc-comment for method Tests\Feature\TanqueTest::test_store_creates_tanque_successfully(). Metadata in doc-comments is deprecated and will no longer be supported in PHPUnit 12. Update your test code to use attributes instead.

  [30;43;1m WARN [39;49;22m Metadata found in doc-comment for method Tests\Feature\TanqueTest::test_store_validation_errors_for_invalid_capacities(). Metadata in doc-comments is deprecated and will no longer be supported in PHPUnit 12. Update your test code to use attributes instead.

  [30;43;1m WARN [39;49;22m Metadata found in doc-comment for method Tests\Feature\TanqueTest::test_show_displays_tanque_details(). Metadata in doc-comments is deprecated and will no longer be supported in PHPUnit 12. Update your test code to use attributes instead.

  [30;43;1m WARN [39;49;22m Metadata found in doc-comment for method Tests\Feature\TanqueTest::test_edit_form_displays_correctly(). Metadata in doc-comments is deprecated and will no longer be supported in PHPUnit 12. Update your test code to use attributes instead.

  [30;43;1m WARN [39;49;22m Metadata found in doc-comment for method Tests\Feature\TanqueTest::test_update_modifies_tanque_successfully(). Metadata in doc-comments is deprecated and will no longer be supported in PHPUnit 12. Update your test code to use attributes instead.

  [30;43;1m WARN [39;49;22m Metadata found in doc-comment for method Tests\Feature\TanqueTest::test_registrar_calibracion_registers_calibration_successfully(). Metadata in doc-comments is deprecated and will no longer be supported in PHPUnit 12. Update your test code to use attributes instead.

  [30;43;1m WARN [39;49;22m Metadata found in doc-comment for method Tests\Feature\TanqueTest::test_verificar_estado_checks_tank_status(). Metadata in doc-comments is deprecated and will no longer be supported in PHPUnit 12. Update your test code to use attributes instead.

  [30;43;1m WARN [39;49;22m Metadata found in doc-comment for method Tests\Feature\TanqueTest::test_cambiar_producto_changes_tank_product(). Metadata in doc-comments is deprecated and will no longer be supported in PHPUnit 12. Update your test code to use attributes instead.

  [30;43;1m WARN [39;49;22m Metadata found in doc-comment for method Tests\Feature\TanqueTest::test_curva_calibracion_displays_calibration_curve(). Metadata in doc-comments is deprecated and will no longer be supported in PHPUnit 12. Update your test code to use attributes instead.

  [30;43;1m WARN [39;49;22m Metadata found in doc-comment for method Tests\Feature\TanqueTest::test_historial_calibraciones_displays_calibration_history(). Metadata in doc-comments is deprecated and will no longer be supported in PHPUnit 12. Update your test code to use attributes instead.

  [30;43;1m WARN [39;49;22m Metadata found in doc-comment for method Tests\Feature\TanqueTest::test_destroy_deletes_tanque_successfully(). Metadata in doc-comments is deprecated and will no longer be supported in PHPUnit 12. Update your test code to use attributes instead.

  [30;43;1m WARN [39;49;22m Metadata found in doc-comment for method Tests\Feature\TanqueTest::test_destroy_fails_if_tanque_has_related_records(). Metadata in doc-comments is deprecated and will no longer be supported in PHPUnit 12. Update your test code to use attributes instead.

  [30;43;1m WARN [39;49;22m Metadata found in doc-comment for method Tests\Feature\TanqueTest::test_filter_tanques_by_estado(). Metadata in doc-comments is deprecated and will no longer be supported in PHPUnit 12. Update your test code to use attributes instead.

  [30;43;1m WARN [39;49;22m Metadata found in doc-comment for method Tests\Feature\UserTest::test_index_displays_users_list(). Metadata in doc-comments is deprecated and will no longer be supported in PHPUnit 12. Update your test code to use attributes instead.

  [30;43;1m WARN [39;49;22m Metadata found in doc-comment for method Tests\Feature\UserTest::test_create_form_displays_correctly_with_roles(). Metadata in doc-comments is deprecated and will no longer be supported in PHPUnit 12. Update your test code to use attributes instead.

  [30;43;1m WARN [39;49;22m Metadata found in doc-comment for method Tests\Feature\UserTest::test_store_creates_user_successfully(). Metadata in doc-comments is deprecated and will no longer be supported in PHPUnit 12. Update your test code to use attributes instead.

  [30;43;1m WARN [39;49;22m Metadata found in doc-comment for method Tests\Feature\UserTest::test_store_validation_errors_for_duplicate_email(). Metadata in doc-comments is deprecated and will no longer be supported in PHPUnit 12. Update your test code to use attributes instead.

  [30;43;1m WARN [39;49;22m Metadata found in doc-comment for method Tests\Feature\UserTest::test_show_displays_user_details(). Metadata in doc-comments is deprecated and will no longer be supported in PHPUnit 12. Update your test code to use attributes instead.

  [30;43;1m WARN [39;49;22m Metadata found in doc-comment for method Tests\Feature\UserTest::test_edit_form_displays_correctly(). Metadata in doc-comments is deprecated and will no longer be supported in PHPUnit 12. Update your test code to use attributes instead.

  [30;43;1m WARN [39;49;22m Metadata found in doc-comment for method Tests\Feature\UserTest::test_update_modifies_user_successfully(). Metadata in doc-comments is deprecated and will no longer be supported in PHPUnit 12. Update your test code to use attributes instead.

  [30;43;1m WARN [39;49;22m Metadata found in doc-comment for method Tests\Feature\UserTest::test_bloquear_blocks_user_successfully(). Metadata in doc-comments is deprecated and will no longer be supported in PHPUnit 12. Update your test code to use attributes instead.

  [30;43;1m WARN [39;49;22m Metadata found in doc-comment for method Tests\Feature\UserTest::test_desbloquear_unblocks_user_successfully(). Metadata in doc-comments is deprecated and will no longer be supported in PHPUnit 12. Update your test code to use attributes instead.

  [30;43;1m WARN [39;49;22m Metadata found in doc-comment for method Tests\Feature\UserTest::test_asignar_rol_assigns_role_to_user(). Metadata in doc-comments is deprecated and will no longer be supported in PHPUnit 12. Update your test code to use attributes instead.

  [30;43;1m WARN [39;49;22m Metadata found in doc-comment for method Tests\Feature\UserTest::test_asignar_rol_fails_if_role_already_assigned(). Metadata in doc-comments is deprecated and will no longer be supported in PHPUnit 12. Update your test code to use attributes instead.

  [30;43;1m WARN [39;49;22m Metadata found in doc-comment for method Tests\Feature\UserTest::test_quitar_rol_removes_role_from_user(). Metadata in doc-comments is deprecated and will no longer be supported in PHPUnit 12. Update your test code to use attributes instead.

  [30;43;1m WARN [39;49;22m Metadata found in doc-comment for method Tests\Feature\UserTest::test_permisos_displays_user_permissions(). Metadata in doc-comments is deprecated and will no longer be supported in PHPUnit 12. Update your test code to use attributes instead.

  [30;43;1m WARN [39;49;22m Metadata found in doc-comment for method Tests\Feature\UserTest::test_actividad_displays_user_activity(). Metadata in doc-comments is deprecated and will no longer be supported in PHPUnit 12. Update your test code to use attributes instead.

  [30;43;1m WARN [39;49;22m Metadata found in doc-comment for method Tests\Feature\UserTest::test_destroy_deletes_user_successfully(). Metadata in doc-comments is deprecated and will no longer be supported in PHPUnit 12. Update your test code to use attributes instead.

  [30;43;1m WARN [39;49;22m Metadata found in doc-comment for method Tests\Feature\UserTest::test_search_users_by_email(). Metadata in doc-comments is deprecated and will no longer be supported in PHPUnit 12. Update your test code to use attributes instead.

  [30;42;1m PASS [39;49;22m[39m Tests\Unit\ExampleTest[39m
  [32;1m✓[39;22m[90m [39m[90mthat true is true[39m

  [30;42;1m PASS [39;49;22m[39m Tests\Unit\LogsActivityTest[39m
  [32;1m✓[39;22m[90m [39m[90mlog activity creates bitacora record[39m[90m                                                                        [39m [90m0.34s[39m  
  [32;1m✓[39;22m[90m [39m[90mlog activity defaults invalid tipo evento[39m[90m                                                                   [39m [90m0.02s[39m  

  [39;41;1m FAIL [39;49;22m[39m Tests\Feature\AlarmaTest[39m
  [32;1m✓[39;22m[90m [39m[90mindex displays alarm list[39m[90m                                                                                   [39m [90m0.08s[39m  
  [31;1m⨯[39;22m[90m [39m[90mshow displays alarm details[39m[90m                                                                                 [39m [90m1.30s[39m  
  [31;1m⨯[39;22m[90m [39m[90mshow returns 404 for nonexistent alarm[39m[90m                                                                      [39m [90m0.61s[39m  
  [31;1m⨯[39;22m[90m [39m[90mcreate form displays correctly[39m[90m                                                                              [39m [90m0.03s[39m  
  [32;1m✓[39;22m[90m [39m[90mcreate uses default tipos when catalog fails[39m[90m                                                                [39m [90m0.02s[39m  
  [31;1m⨯[39;22m[90m [39m[90mstore creates alarm successfully[39m[90m                                                                            [39m [90m0.03s[39m  
  [32;1m✓[39;22m[90m [39m[90mstore validation errors[39m[90m                                                                                     [39m [90m0.03s[39m  
  [32;1m✓[39;22m[90m [39m[90matender updates alarm successfully[39m[90m                                                                          [39m [90m0.02s[39m  
  [31;1m⨯[39;22m[90m [39m[90matender fails when alarm already attended[39m[90m                                                                   [39m [90m0.02s[39m  
  [31;1m⨯[39;22m[90m [39m[90mestadisticas displays statistics[39m[90m                                                                            [39m [90m0.62s[39m  
  [31;1m⨯[39;22m[90m [39m[90mactivas displays active alarms[39m[90m                                                                              [39m [90m0.06s[39m  
  [32;1m✓[39;22m[90m [39m[90mupdate modifies alarm successfully[39m[90m                                                                          [39m [90m0.02s[39m  
  [32;1m✓[39;22m[90m [39m[90mdestroy deletes alarm successfully[39m[90m                                                                          [39m [90m0.02s[39m  
  [31;1m⨯[39;22m[90m [39m[90mexportar downloads file[39m[90m                                                                                     [39m [90m0.62s[39m  

  [39;41;1m FAIL [39;49;22m[39m Tests\Feature\AuthTest[39m
  [32;1m✓[39;22m[90m [39m[90mlogin form is displayed[39m[90m                                                                                     [39m [90m0.03s[39m  
  [32;1m✓[39;22m[90m [39m[90msuccessful login[39m[90m                                                                                            [39m [90m0.03s[39m  
  [31;1m⨯[39;22m[90m [39m[90mlogin fails with invalid credentials[39m[90m                                                                        [39m [90m0.02s[39m  
  [32;1m✓[39;22m[90m [39m[90mlogin validation errors[39m[90m                                                                                     [39m [90m0.02s[39m  
  [32;1m✓[39;22m[90m [39m[90msuccessful logout[39m[90m                                                                                           [39m [90m0.02s[39m  
  [32;1m✓[39;22m[90m [39m[90msuccessful registration[39m[90m                                                                                     [39m [90m0.02s[39m  
  [32;1m✓[39;22m[90m [39m[90mregistration validation errors[39m[90m                                                                              [39m [90m0.02s[39m  
  [32;1m✓[39;22m[90m [39m[90mpassword change successful[39m[90m                                                                                  [39m [90m0.02s[39m  
  [31;1m⨯[39;22m[90m [39m[90mpassword change fails with wrong current password[39m[90m                                                           [39m [90m0.02s[39m  
  [31;1m⨯[39;22m[90m [39m[90muser profile is displayed[39m[90m                                                                                   [39m [90m0.61s[39m  
  [32;1m✓[39;22m[90m [39m[90mauthenticated user can access dashboard[39m[90m                                                                     [39m [90m0.03s[39m  
  [32;1m✓[39;22m[90m [39m[90munauthenticated user cannot access dashboard[39m[90m                                                                [39m [90m0.02s[39m  

  [39;41;1m FAIL [39;49;22m[39m Tests\Unit\BaseControllerTest[39m
  [32;1m✓[39;22m[90m [39m[90mjson success returns correct structure[39m[90m                                                                      [39m [90m0.03s[39m  
  [32;1m✓[39;22m[90m [39m[90mjson error returns correct structure[39m[90m                                                                        [39m [90m0.02s[39m  
  [32;1m✓[39;22m[90m [39m[90mrender view with successful response[39m[90m                                                                        [39m [90m0.02s[39m  
  [32;1m✓[39;22m[90m [39m[90mrender view with error response[39m[90m                                                                             [39m [90m0.02s[39m  
  [31;1m⨯[39;22m[90m [39m[90mget catalog returns data successfully[39m[90m                                                                       [39m [90m0.02s[39m  
  [32;1m✓[39;22m[90m [39m[90mget catalog returns empty array on error[39m[90m                                                                    [39m [90m0.02s[39m  
  [32;1m✓[39;22m[90m [39m[90mparse user agent extracts device info[39m[90m                                                                       [39m [90m0.02s[39m  
  [32;1m✓[39;22m[90m [39m[90mparse user agent returns null for empty input[39m[90m                                                               [39m [90m0.02s[39m  
  [32;1m✓[39;22m[90m [39m[90mparse user agent truncates long strings[39m[90m                                                                     [39m [90m0.02s[39m  

  [39;41;1m FAIL [39;49;22m[39m Tests\Feature\BitacoraTest[39m
  [31;1m⨯[39;22m[90m [39m[90mindex displays bitacora entries[39m[90m                                                                             [39m [90m0.04s[39m  
  [31;1m⨯[39;22m[90m [39m[90mshow returns bitacora entry json[39m[90m                                                                            [39m [90m0.02s[39m  
  [31;1m⨯[39;22m[90m [39m[90mresumen actividad returns activity summary[39m[90m                                                                  [39m [90m0.02s[39m  
  [31;1m⨯[39;22m[90m [39m[90mactividad usuario returns user activity[39m[90m                                                                     [39m [90m0.02s[39m  
  [31;1m⨯[39;22m[90m [39m[90mactividad modulo returns module activity[39m[90m                                                                    [39m [90m0.02s[39m  
  [31;1m⨯[39;22m[90m [39m[90mactividad tabla returns table activity[39m[90m                                                                      [39m [90m0.02s[39m  
  [31;1m⨯[39;22m[90m [39m[90mactividad tabla returns all records activity[39m[90m                                                                [39m [90m0.02s[39m  
  [31;1m⨯[39;22m[90m [39m[90mexportar returns csv file[39m[90m                                                                                   [39m [90m0.03s[39m  
  [31;1m⨯[39;22m[90m [39m[90mexportar returns pdf file[39m[90m                                                                                   [39m [90m0.02s[39m  
  [31;1m⨯[39;22m[90m [39m[90mexportar validation errors[39m[90m                                                                                  [39m [90m0.02s[39m  
  [31;1m⨯[39;22m[90m [39m[90mfilter bitacora by tipo evento[39m[90m                                                                              [39m [90m0.03s[39m  
  [32;1m✓[39;22m[90m [39m[90mfilter bitacora by date range[39m[90m                                                                               [39m [90m0.02s[39m  

  [39;41;1m FAIL [39;49;22m[39m Tests\Feature\CfdiTest[39m
  [31;1m⨯[39;22m[90m [39m[90mresumen fiscal displays fiscal summary[39m[90m                                                                      [39m [90m0.04s[39m  
  [31;1m⨯[39;22m[90m [39m[90mexportar downloads cfdi file[39m[90m                                                                                [39m [90m0.65s[39m  
  [31;1m⨯[39;22m[90m [39m[90mfilter cfdi by estado[39m[90m                                                                                       [39m [90m0.03s[39m  
  [32;1m✓[39;22m[90m [39m[90mfilter cfdi by date range[39m[90m                                                                                   [39m [90m0.03s[39m  

  [39;41;1m FAIL [39;49;22m[39m Tests\Feature\ConfiguracionTest[39m
  [31;1m⨯[39;22m[90m [39m[90mindex displays configuration[39m[90m                                                                                [39m [90m0.03s[39m  
  [31;1m⨯[39;22m[90m [39m[90mupdate modifies configuration successfully[39m[90m                                                                  [39m [90m0.03s[39m  
  [31;1m⨯[39;22m[90m [39m[90mupdate validation errors[39m[90m                                                                                    [39m [90m0.03s[39m  
  [31;1m⨯[39;22m[90m [39m[90mbackup manual triggers backup[39m[90m                                                                               [39m [90m0.03s[39m  
  [31;1m⨯[39;22m[90m [39m[90mlimpiar cache clears cache[39m[90m                                                                                  [39m [90m0.03s[39m  
  [31;1m⨯[39;22m[90m [39m[90mlogs displays system logs[39m[90m                                                                                   [39m [90m0.03s[39m  
  [31;1m⨯[39;22m[90m [39m[90mexportar downloads configuration file[39m[90m                                                                       [39m [90m0.03s[39m  
  [31;1m⨯[39;22m[90m [39m[90mimportar uploads configuration file[39m[90m                                                                         [39m [90m0.04s[39m  
  [31;1m⨯[39;22m[90m [39m[90mimportar validation error for invalid file[39m[90m                                                                  [39m [90m0.02s[39m  
  [31;1m⨯[39;22m[90m [39m[90mimportar validation error for invalid json[39m[90m                                                                  [39m [90m0.03s[39m  
  [31;1m⨯[39;22m[90m [39m[90mconfiguration has sensitive fields encrypted[39m[90m                                                                [39m [90m0.02s[39m  

  [39;41;1m FAIL [39;49;22m[39m Tests\Feature\ContribuyenteTest[39m
  [32;1m✓[39;22m[90m [39m[90mindex displays contribuyentes list[39m[90m                                                                          [39m [90m0.03s[39m  
  [32;1m✓[39;22m[90m [39m[90mcreate form displays correctly[39m[90m                                                                              [39m [90m0.02s[39m  
  [32;1m✓[39;22m[90m [39m[90mstore creates contribuyente successfully[39m[90m                                                                    [39m [90m0.02s[39m  
  [31;1m⨯[39;22m[90m [39m[90mstore validation errors for duplicate rfc[39m[90m                                                                   [39m [90m0.02s[39m  
  [31;1m⨯[39;22m[90m [39m[90mshow displays contribuyente details[39m[90m                                                                         [39m [90m0.64s[39m  
  [31;1m⨯[39;22m[90m [39m[90medit form displays correctly[39m[90m                                                                                [39m [90m0.02s[39m  
  [32;1m✓[39;22m[90m [39m[90mupdate modifies contribuyente successfully[39m[90m                                                                  [39m [90m0.02s[39m  
  [32;1m✓[39;22m[90m [39m[90minstalaciones displays contribuyente instalaciones[39m[90m                                                          [39m [90m0.02s[39m  
  [31;1m⨯[39;22m[90m [39m[90mcumplimiento displays compliance summary[39m[90m                                                                    [39m [90m0.64s[39m  
  [32;1m✓[39;22m[90m [39m[90mdestroy deletes contribuyente successfully[39m[90m                                                                  [39m [90m0.03s[39m  
  [31;1m⨯[39;22m[90m [39m[90mdestroy fails if contribuyente has related records[39m[90m                                                          [39m [90m0.02s[39m  
  [31;1m⨯[39;22m[90m [39m[90mcatalogo returns json for dropdowns[39m[90m                                                                         [39m [90m0.02s[39m  
  [31;1m⨯[39;22m[90m [39m[90mexportar downloads contribuyentes file[39m[90m                                                                      [39m [90m0.63s[39m  
  [31;1m⨯[39;22m[90m [39m[90msearch contribuyentes by rfc[39m[90m                                                                                [39m [90m0.03s[39m  

  [39;41;1m FAIL [39;49;22m[39m Tests\Feature\DashboardTest[39m
  [31;1m⨯[39;22m[90m [39m[90mindex displays dashboard with data[39m[90m                                                                          [39m [90m0.04s[39m  
  [31;1m⨯[39;22m[90m [39m[90mindex handles api errors gracefully[39m[90m                                                                         [39m [90m0.03s[39m  
  [31;1m⨯[39;22m[90m [39m[90mgrafica movimientos returns chart data[39m[90m                                                                      [39m [90m0.03s[39m  
  [31;1m⨯[39;22m[90m [39m[90mgrafica movimientos returns empty data on error[39m[90m                                                             [39m [90m0.03s[39m  
  [31;1m⨯[39;22m[90m [39m[90mgrafica productos returns product distribution[39m[90m                                                              [39m [90m0.02s[39m  
  [31;1m⨯[39;22m[90m [39m[90mnotificaciones returns notifications[39m[90m                                                                        [39m [90m0.02s[39m  
  [31;1m⨯[39;22m[90m [39m[90mexportar downloads dashboard report[39m[90m                                                                         [39m [90m0.02s[39m  
  [31;1m⨯[39;22m[90m [39m[90mdashboard refreshes data periodically[39m[90m                                                                       [39m [90m0.02s[39m  
  [31;1m⨯[39;22m[90m [39m[90mdashboard shows alerts when thresholds exceeded[39m[90m                                                             [39m [90m0.03s[39m  

  [39;41;1m FAIL [39;49;22m[39m Tests\Feature\DictamenTest[39m
  [32;1m✓[39;22m[90m [39m[90mindex displays dictamenes list[39m[90m                                                                              [39m [90m0.04s[39m  
  [31;1m⨯[39;22m[90m [39m[90mcreate form displays correctly with catalogs[39m[90m                                                                [39m [90m0.03s[39m  
  [31;1m⨯[39;22m[90m [39m[90mstore creates dictamen successfully[39m[90m                                                                         [39m [90m0.02s[39m  
  [32;1m✓[39;22m[90m [39m[90mstore validation errors[39m[90m                                                                                     [39m [90m0.02s[39m  
  [31;1m⨯[39;22m[90m [39m[90mshow displays dictamen details[39m[90m                                                                              [39m [90m0.62s[39m  
  [32;1m✓[39;22m[90m [39m[90mcancelar cancels dictamen successfully[39m[90m                                                                      [39m [90m0.02s[39m  
  [31;1m⨯[39;22m[90m [39m[90mcancelar fails if dictamen already cancelled[39m[90m                                                                [39m [90m0.02s[39m  
  [31;1m⨯[39;22m[90m [39m[90mverificar vigencia checks dictamen validity[39m[90m                                                                 [39m [90m0.61s[39m  
  [31;1m⨯[39;22m[90m [39m[90mestadisticas displays dictamen statistics[39m[90m                                                                   [39m [90m0.63s[39m  
  [31;1m⨯[39;22m[90m [39m[90mpor producto displays dictamenes by product[39m[90m                                                                 [39m [90m0.02s[39m  
  [32;1m✓[39;22m[90m [39m[90mupdate modifies dictamen successfully[39m[90m                                                                       [39m [90m0.02s[39m  
  [31;1m⨯[39;22m[90m [39m[90mexportar downloads dictamenes file[39m[90m                                                                          [39m [90m0.63s[39m  

  [39;41;1m FAIL [39;49;22m[39m Tests\Feature\ExampleTest[39m
  [31;1m⨯[39;22m[90m [39m[90mthe application returns a successful response[39m[90m                                                               [39m [90m0.03s[39m  

  [39;41;1m FAIL [39;49;22m[39m Tests\Feature\InstalacionTest[39m
  [32;1m✓[39;22m[90m [39m[90mindex displays instalaciones list[39m[90m                                                                           [39m [90m0.03s[39m  
  [31;1m⨯[39;22m[90m [39m[90mcreate form displays correctly with contribuyentes[39m[90m                                                          [39m [90m0.03s[39m  
  [31;1m⨯[39;22m[90m [39m[90mstore creates instalacion successfully[39m[90m                                                                      [39m [90m0.03s[39m  
  [32;1m✓[39;22m[90m [39m[90mstore validation errors[39m[90m                                                                                     [39m [90m0.02s[39m  
  [31;1m⨯[39;22m[90m [39m[90mshow displays instalacion details[39m[90m                                                                           [39m [90m0.63s[39m  
  [32;1m✓[39;22m[90m [39m[90mtanques displays instalacion tanques[39m[90m                                                                        [39m [90m0.02s[39m  
  [32;1m✓[39;22m[90m [39m[90mmedidores displays instalacion medidores[39m[90m                                                                    [39m [90m0.03s[39m  
  [32;1m✓[39;22m[90m [39m[90mdispensarios displays instalacion dispensarios[39m[90m                                                              [39m [90m0.02s[39m  
  [31;1m⨯[39;22m[90m [39m[90mresumen operativo displays operational summary[39m[90m                                                              [39m [90m0.62s[39m  
  [32;1m✓[39;22m[90m [39m[90mupdate modifies instalacion successfully[39m[90m                                                                    [39m [90m0.02s[39m  
  [32;1m✓[39;22m[90m [39m[90mdestroy deletes instalacion successfully[39m[90m                                                                    [39m [90m0.03s[39m  
  [31;1m⨯[39;22m[90m [39m[90mdestroy fails if instalacion has related records[39m[90m                                                            [39m [90m0.02s[39m  

  [39;41;1m FAIL [39;49;22m[39m Tests\Feature\MedidorTest[39m
  [32;1m✓[39;22m[90m [39m[90mindex displays medidores list[39m[90m                                                                               [39m [90m0.03s[39m  
  [31;1m⨯[39;22m[90m [39m[90mcreate form displays correctly[39m[90m                                                                              [39m [90m0.03s[39m  
  [32;1m✓[39;22m[90m [39m[90mstore creates medidor successfully[39m[90m                                                                          [39m [90m0.02s[39m  
  [32;1m✓[39;22m[90m [39m[90mstore validation errors[39m[90m                                                                                     [39m [90m0.02s[39m  
  [31;1m⨯[39;22m[90m [39m[90mshow displays medidor details[39m[90m                                                                               [39m [90m0.64s[39m  
  [31;1m⨯[39;22m[90m [39m[90mregistrar calibracion registers calibration[39m[90m                                                                 [39m [90m0.02s[39m  
  [32;1m✓[39;22m[90m [39m[90mprobar comunicacion tests communication[39m[90m                                                                     [39m [90m0.02s[39m  
  [31;1m⨯[39;22m[90m [39m[90mprobar comunicacion fails when offline[39m[90m                                                                      [39m [90m0.02s[39m  
  [31;1m⨯[39;22m[90m [39m[90mverificar estado checks meter status[39m[90m                                                                        [39m [90m0.63s[39m  
  [31;1m⨯[39;22m[90m [39m[90mhistorial calibraciones displays calibration history[39m[90m                                                        [39m [90m0.03s[39m  
  [32;1m✓[39;22m[90m [39m[90mupdate modifies medidor successfully[39m[90m                                                                        [39m [90m0.02s[39m  
  [32;1m✓[39;22m[90m [39m[90mdestroy deletes medidor successfully[39m[90m                                                                        [39m [90m0.02s[39m  
  [31;1m⨯[39;22m[90m [39m[90mfilter medidores by estado[39m[90m                                                                                  [39m [90m0.03s[39m  

  [39;41;1m FAIL [39;49;22m[39m Tests\Feature\ProductoTest[39m
  [32;1m✓[39;22m[90m [39m[90mindex displays productos list[39m[90m                                                                               [39m [90m0.04s[39m  
  [32;1m✓[39;22m[90m [39m[90mcreate form displays correctly[39m[90m                                                                              [39m [90m0.02s[39m  
  [31;1m⨯[39;22m[90m [39m[90mstore creates producto successfully[39m[90m                                                                         [39m [90m0.02s[39m  
  [32;1m✓[39;22m[90m [39m[90mstore validation errors for duplicate clave sat[39m[90m                                                             [39m [90m0.02s[39m  
  [31;1m⨯[39;22m[90m [39m[90mshow displays producto details[39m[90m                                                                              [39m [90m0.62s[39m  
  [31;1m⨯[39;22m[90m [39m[90medit form displays correctly[39m[90m                                                                                [39m [90m0.62s[39m  
  [32;1m✓[39;22m[90m [39m[90mupdate modifies producto successfully[39m[90m                                                                       [39m [90m0.03s[39m  
  [31;1m⨯[39;22m[90m [39m[90mpor tipo displays products by type[39m[90m                                                                          [39m [90m0.03s[39m  
  [31;1m⨯[39;22m[90m [39m[90mcatalogo returns json for dropdowns[39m[90m                                                                         [39m [90m0.02s[39m  
  [31;1m⨯[39;22m[90m [39m[90mbuscar por clave sat finds product[39m[90m                                                                          [39m [90m0.02s[39m  
  [31;1m⨯[39;22m[90m [39m[90mbuscar por clave sat returns 404 when not found[39m[90m                                                             [39m [90m0.03s[39m  
  [32;1m✓[39;22m[90m [39m[90mdestroy deletes producto successfully[39m[90m                                                                       [39m [90m0.02s[39m  
  [31;1m⨯[39;22m[90m [39m[90mdestroy fails if producto has related records[39m[90m                                                               [39m [90m0.03s[39m  
  [31;1m⨯[39;22m[90m [39m[90mfilter productos by tipo[39m[90m                                                                                    [39m [90m0.03s[39m  
  [31;1m⨯[39;22m[90m [39m[90mexportar downloads productos file[39m[90m                                                                           [39m [90m0.64s[39m  

  [39;41;1m FAIL [39;49;22m[39m Tests\Feature\ProfileTest[39m
  [31;1m⨯[39;22m[90m [39m[90mprofile page is displayed[39m[90m                                                                                   [39m [90m0.04s[39m  
  [31;1m⨯[39;22m[90m [39m[90mprofile update successful[39m[90m                                                                                   [39m [90m0.02s[39m  
  [31;1m⨯[39;22m[90m [39m[90mprofile update validation errors[39m[90m                                                                            [39m [90m0.03s[39m  

  [39;41;1m FAIL [39;49;22m[39m Tests\Feature\RegistroVolumetricoTest[39m
  [32;1m✓[39;22m[90m [39m[90mindex displays registros list[39m[90m                                                                               [39m [90m0.04s[39m  
  [31;1m⨯[39;22m[90m [39m[90mcreate form displays correctly with catalogs[39m[90m                                                                [39m [90m0.03s[39m  
  [31;1m⨯[39;22m[90m [39m[90mstore creates registro successfully[39m[90m                                                                         [39m [90m0.03s[39m  
  [31;1m⨯[39;22m[90m [39m[90mstore validation errors[39m[90m                                                                                     [39m [90m0.03s[39m  
  [31;1m⨯[39;22m[90m [39m[90mshow displays registro details[39m[90m                                                                              [39m [90m0.02s[39m  
  [32;1m✓[39;22m[90m [39m[90mvalidar validates registro successfully[39m[90m                                                                     [39m [90m0.02s[39m  
  [31;1m⨯[39;22m[90m [39m[90mvalidar fails if already validated[39m[90m                                                                          [39m [90m0.02s[39m  
  [32;1m✓[39;22m[90m [39m[90mcancelar cancels registro successfully[39m[90m                                                                      [39m [90m0.02s[39m  
  [31;1m⨯[39;22m[90m [39m[90mresumen diario displays daily summary[39m[90m                                                                       [39m [90m0.02s[39m  
  [31;1m⨯[39;22m[90m [39m[90mestadisticas mensuales displays monthly statistics[39m[90m                                                          [39m [90m0.03s[39m  
  [32;1m✓[39;22m[90m [39m[90masociar dictamen associates dictamen to registro[39m[90m                                                            [39m [90m0.02s[39m  
  [31;1m⨯[39;22m[90m [39m[90mfilter registros by operacion[39m[90m                                                                               [39m [90m0.03s[39m  
  [31;1m⨯[39;22m[90m [39m[90mfilter registros by estado[39m[90m                                                                                  [39m [90m0.03s[39m  
  [31;1m⨯[39;22m[90m [39m[90mexportar downloads registros file[39m[90m                                                                           [39m [90m0.02s[39m  

  [39;41;1m FAIL [39;49;22m[39m Tests\Feature\RoleTest[39m
  [32;1m✓[39;22m[90m [39m[90mindex displays roles list[39m[90m                                                                                   [39m [90m0.04s[39m  
  [31;1m⨯[39;22m[90m [39m[90mcreate form displays correctly with permissions[39m[90m                                                             [39m [90m0.03s[39m  
  [32;1m✓[39;22m[90m [39m[90mstore creates role successfully[39m[90m                                                                             [39m [90m0.02s[39m  
  [31;1m⨯[39;22m[90m [39m[90mstore validation errors for duplicate name[39m[90m                                                                  [39m [90m0.03s[39m  
  [31;1m⨯[39;22m[90m [39m[90mshow displays role details[39m[90m                                                                                  [39m [90m0.62s[39m  
  [31;1m⨯[39;22m[90m [39m[90medit form displays correctly[39m[90m                                                                                [39m [90m0.62s[39m  
  [32;1m✓[39;22m[90m [39m[90mupdate modifies role successfully[39m[90m                                                                           [39m [90m0.03s[39m  
  [32;1m✓[39;22m[90m [39m[90masignar permisos assigns permissions to role[39m[90m                                                                [39m [90m0.03s[39m  
  [31;1m⨯[39;22m[90m [39m[90mclonar clones role successfully[39m[90m                                                                             [39m [90m0.03s[39m  
  [31;1m⨯[39;22m[90m [39m[90mmatriz permisos displays permission matrix[39m[90m                                                                  [39m [90m0.03s[39m  
  [32;1m✓[39;22m[90m [39m[90mdestroy deletes role successfully[39m[90m                                                                           [39m [90m0.02s[39m  
  [31;1m⨯[39;22m[90m [39m[90mdestroy fails if role has users[39m[90m                                                                             [39m [90m0.02s[39m  
  [31;1m⨯[39;22m[90m [39m[90mfilter roles by nivel[39m[90m                                                                                       [39m [90m0.03s[39m  
  [31;1m⨯[39;22m[90m [39m[90mrole agrupacion permisos works correctly[39m[90m                                                                    [39m [90m0.03s[39m  

  [39;41;1m FAIL [39;49;22m[39m Tests\Feature\TanqueTest[39m
  [32;1m✓[39;22m[90m [39m[90mindex displays tanques list[39m[90m                                                                                 [39m [90m0.04s[39m  
  [31;1m⨯[39;22m[90m [39m[90mcreate form displays correctly[39m[90m                                                                              [39m [90m0.04s[39m  
  [31;1m⨯[39;22m[90m [39m[90mstore creates tanque successfully[39m[90m                                                                           [39m [90m0.03s[39m  
  [31;1m⨯[39;22m[90m [39m[90mstore validation errors for invalid capacities[39m[90m                                                              [39m [90m0.02s[39m  
  [31;1m⨯[39;22m[90m [39m[90mshow displays tanque details[39m[90m                                                                                [39m [90m0.03s[39m  
  [31;1m⨯[39;22m[90m [39m[90medit form displays correctly[39m[90m                                                                                [39m [90m0.03s[39m  
  [32;1m✓[39;22m[90m [39m[90mupdate modifies tanque successfully[39m[90m                                                                         [39m [90m0.02s[39m  
  [32;1m✓[39;22m[90m [39m[90mregistrar calibracion registers calibration successfully[39m[90m                                                    [39m [90m0.02s[39m  
  [31;1m⨯[39;22m[90m [39m[90mverificar estado checks tank status[39m[90m                                                                         [39m [90m0.03s[39m  
  [32;1m✓[39;22m[90m [39m[90mcambiar producto changes tank product[39m[90m                                                                       [39m [90m0.02s[39m  
  [31;1m⨯[39;22m[90m [39m[90mcurva calibracion displays calibration curve[39m[90m                                                                [39m [90m0.03s[39m  
  [31;1m⨯[39;22m[90m [39m[90mhistorial calibraciones displays calibration history[39m[90m                                                        [39m [90m0.02s[39m  
  [32;1m✓[39;22m[90m [39m[90mdestroy deletes tanque successfully[39m[90m                                                                         [39m [90m0.02s[39m  
  [31;1m⨯[39;22m[90m [39m[90mdestroy fails if tanque has related records[39m[90m                                                                 [39m [90m0.02s[39m  
  [31;1m⨯[39;22m[90m [39m[90mfilter tanques by estado[39m[90m                                                                                    [39m [90m0.03s[39m  

  [39;41;1m FAIL [39;49;22m[39m Tests\Feature\UserTest[39m
  [31;1m⨯[39;22m[90m [39m[90mindex displays users list[39m[90m                                                                                   [39m [90m0.04s[39m  
  [31;1m⨯[39;22m[90m [39m[90mcreate form displays correctly with roles[39m[90m                                                                   [39m [90m0.02s[39m  
  [31;1m⨯[39;22m[90m [39m[90mstore creates user successfully[39m[90m                                                                             [39m [90m0.02s[39m  
  [31;1m⨯[39;22m[90m [39m[90mstore validation errors for duplicate email[39m[90m                                                                 [39m [90m0.02s[39m  
  [31;1m⨯[39;22m[90m [39m[90mshow displays user details[39m[90m                                                                                  [39m [90m0.66s[39m  
  [31;1m⨯[39;22m[90m [39m[90medit form displays correctly[39m[90m                                                                                [39m [90m0.03s[39m  
  [31;1m⨯[39;22m[90m [39m[90mupdate modifies user successfully[39m[90m                                                                           [39m [90m0.02s[39m  
  [32;1m✓[39;22m[90m [39m[90mbloquear blocks user successfully[39m[90m                                                                           [39m [90m0.03s[39m  
  [32;1m✓[39;22m[90m [39m[90mdesbloquear unblocks user successfully[39m[90m                                                                      [39m [90m0.02s[39m  
  [32;1m✓[39;22m[90m [39m[90masignar rol assigns role to user[39m[90m                                                                            [39m [90m0.03s[39m  
  [31;1m⨯[39;22m[90m [39m[90masignar rol fails if role already assigned[39m[90m                                                                  [39m [90m0.02s[39m  
  [32;1m✓[39;22m[90m [39m[90mquitar rol removes role from user[39m[90m                                                                           [39m [90m0.02s[39m  
  [31;1m⨯[39;22m[90m [39m[90mpermisos displays user permissions[39m[90m                                                                          [39m [90m0.03s[39m  
  [31;1m⨯[39;22m[90m [39m[90mactividad displays user activity[39m[90m                                                                            [39m [90m0.03s[39m  
  [31;1m⨯[39;22m[90m [39m[90mdestroy deletes user successfully[39m[90m                                                                           [39m [90m0.02s[39m  
  [31;1m⨯[39;22m[90m [39m[90msearch users by email[39m[90m                                                                                       [39m [90m0.03s[39m  
  [31m────────────────────────────────────────────────────────────────────────────────────────────────────────────────────[39m  
  [41;1m FAILED [49;22m [1mTests\Feature\AlarmaTest[22m [90m>[39m show displays alarm details                                                       
[39;1m  Expected response status code [200] but received 500.
Failed asserting that 500 is identical to 200.

The following exception occurred during the last request:

ErrorException: Undefined array key "estado_atencion" in C:\Users\cesar\Downloads\No.1\control-volumetrico\storage\framework\views\8aac5fb6b37dd3303a918e4f06731329.php:7
Stack trace:
#0 C:\Users\cesar\Downloads\No.1\control-volumetrico\vendor\laravel\framework\src\Illuminate\Foundation\Bootstrap\HandleExceptions.php(258): Illuminate\Foundation\Bootstrap\HandleExceptions->handleError(2, 'Undefined array...', 'C:\\Users\\cesar\\...', 7)
#1 C:\Users\cesar\Downloads\No.1\control-volumetrico\storage\framework\views\8aac5fb6b37dd3303a918e4f06731329.php(7): Illuminate\Foundation\Bootstrap\HandleExceptions->Illuminate\Foundation\Bootstrap\{closure}(2, 'Undefined array...', 'C:\\Users\\cesar\\...', 7)
#2 C:\Users\cesar\Downloads\No.1\control-volumetrico\vendor\laravel\framework\src\Illuminate\Filesystem\Filesystem.php(123): require('C:\\Users\\cesar\\...')
#3 C:\Users\cesar\Downloads\No.1\control-volumetrico\vendor\laravel\framework\src\Illuminate\Filesystem\Filesystem.php(124): Illuminate\Filesystem\Filesystem::Illuminate\Filesystem\{closure}()
#4 C:\Users\cesar\Downloads\No.1\control-volumetrico\vendor\laravel\framework\src\Illuminate\View\Engines\PhpEngine.php(57): Illuminate\Filesystem\Filesystem->getRequire('C:\\Users\\cesar\\...', Array)
#5 C:\Users\cesar\Downloads\No.1\control-volumetrico\vendor\laravel\framework\src\Illuminate\View\Engines\CompilerEngine.php(76): Illuminate\View\Engines\PhpEngine->evaluatePath('C:\\Users\\cesar\\...', Array)
#6 C:\Users\cesar\Downloads\No.1\control-volumetrico\vendor\laravel\framework\src\Illuminate\View\View.php(208): Illuminate\View\Engines\CompilerEngine->get('C:\\Users\\cesar\\...', Array)
#7 C:\Users\cesar\Downloads\No.1\control-volumetrico\vendor\laravel\framework\src\Illuminate\View\View.php(191): Illuminate\View\View->getContents()
#8 C:\Users\cesar\Downloads\No.1\control-volumetrico\vendor\laravel\framework\src\Illuminate\View\View.php(160): Illuminate\View\View->renderContents()
#9 C:\Users\cesar\Downloads\No.1\control-volumetrico\vendor\laravel\framework\src\Illuminate\Http\Response.php(78): Illuminate\View\View->render()
#10 C:\Users\cesar\Downloads\No.1\control-volumetrico\vendor\laravel\framework\src\Illuminate\Http\Response.php(34): Illuminate\Http\Response->setContent(Object(Illuminate\View\View))
#11 C:\Users\cesar\Downloads\No.1\control-volumetrico\vendor\laravel\framework\src\Illuminate\Routing\Router.php(939): Illuminate\Http\Response->__construct(Object(Illuminate\View\View), 200, Array)
#12 C:\Users\cesar\Downloads\No.1\control-volumetrico\vendor\laravel\framework\src\Illuminate\Routing\Router.php(906): Illuminate\Routing\Router::toResponse(Object(Illuminate\Http\Request), Object(Illuminate\View\View))
#13 C:\Users\cesar\Downloads\No.1\control-volumetrico\vendor\laravel\framework\src\Illuminate\Routing\Router.php(821): Illuminate\Routing\Router->prepareResponse(Object(Illuminate\Http\Request), Object(Illuminate\View\View))
#14 C:\Users\cesar\Downloads\No.1\control-volumetrico\vendor\laravel\framework\src\Illuminate\Pipeline\Pipeline.php(180): Illuminate\Routing\Router->Illuminate\Routing\{closure}(Object(Illuminate\Http\Request))
#15 C:\Users\cesar\Downloads\No.1\control-volumetrico\app\Http\Middleware\ApiAuthenticated.php(18): Illuminate\Pipeline\Pipeline->Illuminate\Pipeline\{closure}(Object(Illuminate\Http\Request))
#16 C:\Users\cesar\Downloads\No.1\control-volumetrico\vendor\laravel\framework\src\Illuminate\Pipeline\Pipeline.php(219): App\Http\Middleware\ApiAuthenticated->handle(Object(Illuminate\Http\Request), Object(Closure))
#17 C:\Users\cesar\Downloads\No.1\control-volumetrico\vendor\laravel\framework\src\Illuminate\Routing\Middleware\SubstituteBindings.php(50): Illuminate\Pipeline\Pipeline->Illuminate\Pipeline\{closure}(Object(Illuminate\Http\Request))
#18 C:\Users\cesar\Downloads\No.1\control-volumetrico\vendor\laravel\framework\src\Illuminate\Pipeline\Pipeline.php(219): Illuminate\Routing\Middleware\SubstituteBindings->handle(Object(Illuminate\Http\Request), Object(Closure))
#19 C:\Users\cesar\Downloads\No.1\control-volumetrico\vendor\laravel\framework\src\Illuminate\Foundation\Http\Middleware\VerifyCsrfToken.php(87): Illuminate\Pipeline\Pipeline->Illuminate\Pipeline\{closure}(Object(Illuminate\Http\Request))
#20 C:\Users\cesar\Downloads\No.1\control-volumetrico\vendor\laravel\framework\src\Illuminate\Pipeline\Pipeline.php(219): Illuminate\Foundation\Http\Middleware\VerifyCsrfToken->handle(Object(Illuminate\Http\Request), Object(Closure))
#21 C:\Users\cesar\Downloads\No.1\control-volumetrico\vendor\laravel\framework\src\Illuminate\View\Middleware\ShareErrorsFromSession.php(48): Illuminate\Pipeline\Pipeline->Illuminate\Pipeline\{closure}(Object(Illuminate\Http\Request))
#22 C:\Users\cesar\Downloads\No.1\control-volumetrico\vendor\laravel\framework\src\Illuminate\Pipeline\Pipeline.php(219): Illuminate\View\Middleware\ShareErrorsFromSession->handle(Object(Illuminate\Http\Request), Object(Closure))
#23 C:\Users\cesar\Downloads\No.1\control-volumetrico\vendor\laravel\framework\src\Illuminate\Session\Middleware\StartSession.php(120): Illuminate\Pipeline\Pipeline->Illuminate\Pipeline\{closure}(Object(Illuminate\Http\Request))
#24 C:\Users\cesar\Downloads\No.1\control-volumetrico\vendor\laravel\framework\src\Illuminate\Session\Middleware\StartSession.php(63): Illuminate\Session\Middleware\StartSession->handleStatefulRequest(Object(Illuminate\Http\Request), Object(Illuminate\Session\Store), Object(Closure))
#25 C:\Users\cesar\Downloads\No.1\control-volumetrico\vendor\laravel\framework\src\Illuminate\Pipeline\Pipeline.php(219): Illuminate\Session\Middleware\StartSession->handle(Object(Illuminate\Http\Request), Object(Closure))
#26 C:\Users\cesar\Downloads\No.1\control-volumetrico\vendor\laravel\framework\src\Illuminate\Cookie\Middleware\AddQueuedCookiesToResponse.php(36): Illuminate\Pipeline\Pipeline->Illuminate\Pipeline\{closure}(Object(Illuminate\Http\Request))
#27 C:\Users\cesar\Downloads\No.1\control-volumetrico\vendor\laravel\framework\src\Illuminate\Pipeline\Pipeline.php(219): Illuminate\Cookie\Middleware\AddQueuedCookiesToResponse->handle(Object(Illuminate\Http\Request), Object(Closure))
#28 C:\Users\cesar\Downloads\No.1\control-volumetrico\vendor\laravel\framework\src\Illuminate\Cookie\Middleware\EncryptCookies.php(74): Illuminate\Pipeline\Pipeline->Illuminate\Pipeline\{closure}(Object(Illuminate\Http\Request))
#29 C:\Users\cesar\Downloads\No.1\control-volumetrico\vendor\laravel\framework\src\Illuminate\Pipeline\Pipeline.php(219): Illuminate\Cookie\Middleware\EncryptCookies->handle(Object(Illuminate\Http\Request), Object(Closure))
#30 C:\Users\cesar\Downloads\No.1\control-volumetrico\vendor\laravel\framework\src\Illuminate\Pipeline\Pipeline.php(137): Illuminate\Pipeline\Pipeline->Illuminate\Pipeline\{closure}(Object(Illuminate\Http\Request))
#31 C:\Users\cesar\Downloads\No.1\control-volumetrico\vendor\laravel\framework\src\Illuminate\Routing\Router.php(821): Illuminate\Pipeline\Pipeline->then(Object(Closure))
#32 C:\Users\cesar\Downloads\No.1\control-volumetrico\vendor\laravel\framework\src\Illuminate\Routing\Router.php(800): Illuminate\Routing\Router->runRouteWithinStack(Object(Illuminate\Routing\Route), Object(Illuminate\Http\Request))
#33 C:\Users\cesar\Downloads\No.1\control-volumetrico\vendor\laravel\framework\src\Illuminate\Routing\Router.php(764): Illuminate\Routing\Router->runRoute(Object(Illuminate\Http\Request), Object(Illuminate\Routing\Route))
#34 C:\Users\cesar\Downloads\No.1\control-volumetrico\vendor\laravel\framework\src\Illuminate\Routing\Router.php(753): Illuminate\Routing\Router->dispatchToRoute(Object(Illuminate\Http\Request))
#35 C:\Users\cesar\Downloads\No.1\control-volumetrico\vendor\laravel\framework\src\Illuminate\Foundation\Http\Kernel.php(200): Illuminate\Routing\Router->dispatch(Object(Illuminate\Http\Request))
#36 C:\Users\cesar\Downloads\No.1\control-volumetrico\vendor\laravel\framework\src\Illuminate\Pipeline\Pipeline.php(180): Illuminate\Foundation\Http\Kernel->Illuminate\Foundation\Http\{closure}(Object(Illuminate\Http\Request))
#37 C:\Users\cesar\Downloads\No.1\control-volumetrico\vendor\laravel\framework\src\Illuminate\Foundation\Http\Middleware\TransformsRequest.php(21): Illuminate\Pipeline\Pipeline->Illuminate\Pipeline\{closure}(Object(Illuminate\Http\Request))
#38 C:\Users\cesar\Downloads\No.1\control-volumetrico\vendor\laravel\framework\src\Illuminate\Foundation\Http\Middleware\ConvertEmptyStringsToNull.php(31): Illuminate\Foundation\Http\Middleware\TransformsRequest->handle(Object(Illuminate\Http\Request), Object(Closure))
#39 C:\Users\cesar\Downloads\No.1\control-volumetrico\vendor\laravel\framework\src\Illuminate\Pipeline\Pipeline.php(219): Illuminate\Foundation\Http\Middleware\ConvertEmptyStringsToNull->handle(Object(Illuminate\Http\Request), Object(Closure))
#40 C:\Users\cesar\Downloads\No.1\control-volumetrico\vendor\laravel\framework\src\Illuminate\Foundation\Http\Middleware\TransformsRequest.php(21): Illuminate\Pipeline\Pipeline->Illuminate\Pipeline\{closure}(Object(Illuminate\Http\Request))
#41 C:\Users\cesar\Downloads\No.1\control-volumetrico\vendor\laravel\framework\src\Illuminate\Foundation\Http\Middleware\TrimStrings.php(51): Illuminate\Foundation\Http\Middleware\TransformsRequest->handle(Object(Illuminate\Http\Request), Object(Closure))
#42 C:\Users\cesar\Downloads\No.1\control-volumetrico\vendor\laravel\framework\src\Illuminate\Pipeline\Pipeline.php(219): Illuminate\Foundation\Http\Middleware\TrimStrings->handle(Object(Illuminate\Http\Request), Object(Closure))
#43 C:\Users\cesar\Downloads\No.1\control-volumetrico\vendor\laravel\framework\src\Illuminate\Http\Middleware\ValidatePostSize.php(27): Illuminate\Pipeline\Pipeline->Illuminate\Pipeline\{closure}(Object(Illuminate\Http\Request))
#44 C:\Users\cesar\Downloads\No.1\control-volumetrico\vendor\laravel\framework\src\Illuminate\Pipeline\Pipeline.php(219): Illuminate\Http\Middleware\ValidatePostSize->handle(Object(Illuminate\Http\Request), Object(Closure))
#45 C:\Users\cesar\Downloads\No.1\control-volumetrico\vendor\laravel\framework\src\Illuminate\Foundation\Http\Middleware\PreventRequestsDuringMaintenance.php(109): Illuminate\Pipeline\Pipeline->Illuminate\Pipeline\{closure}(Object(Illuminate\Http\Request))
#46 C:\Users\cesar\Downloads\No.1\control-volumetrico\vendor\laravel\framework\src\Illuminate\Pipeline\Pipeline.php(219): Illuminate\Foundation\Http\Middleware\PreventRequestsDuringMaintenance->handle(Object(Illuminate\Http\Request), Object(Closure))
#47 C:\Users\cesar\Downloads\No.1\control-volumetrico\vendor\laravel\framework\src\Illuminate\Http\Middleware\HandleCors.php(61): Illuminate\Pipeline\Pipeline->Illuminate\Pipeline\{closure}(Object(Illuminate\Http\Request))
#48 C:\Users\cesar\Downloads\No.1\control-volumetrico\vendor\laravel\framework\src\Illuminate\Pipeline\Pipeline.php(219): Illuminate\Http\Middleware\HandleCors->handle(Object(Illuminate\Http\Request), Object(Closure))
#49 C:\Users\cesar\Downloads\No.1\control-volumetrico\vendor\laravel\framework\src\Illuminate\Http\Middleware\TrustProxies.php(58): Illuminate\Pipeline\Pipeline->Illuminate\Pipeline\{closure}(Object(Illuminate\Http\Request))
#50 C:\Users\cesar\Downloads\No.1\control-volumetrico\vendor\laravel\framework\src\Illuminate\Pipeline\Pipeline.php(219): Illuminate\Http\Middleware\TrustProxies->handle(Object(Illuminate\Http\Request), Object(Closure))
#51 C:\Users\cesar\Downloads\No.1\control-volumetrico\vendor\laravel\framework\src\Illuminate\Foundation\Http\Middleware\InvokeDeferredCallbacks.php(22): Illuminate\Pipeline\Pipeline->Illuminate\Pipeline\{closure}(Object(Illuminate\Http\Request))
#52 C:\Users\cesar\Downloads\No.1\control-volumetrico\vendor\laravel\framework\src\Illuminate\Pipeline\Pipeline.php(219): Illuminate\Foundation\Http\Middleware\InvokeDeferredCallbacks->handle(Object(Illuminate\Http\Request), Object(Closure))
#53 C:\Users\cesar\Downloads\No.1\control-volumetrico\vendor\laravel\framework\src\Illuminate\Http\Middleware\ValidatePathEncoding.php(26): Illuminate\Pipeline\Pipeline->Illuminate\Pipeline\{closure}(Object(Illuminate\Http\Request))
#54 C:\Users\cesar\Downloads\No.1\control-volumetrico\vendor\laravel\framework\src\Illuminate\Pipeline\Pipeline.php(219): Illuminate\Http\Middleware\ValidatePathEncoding->handle(Object(Illuminate\Http\Request), Object(Closure))
#55 C:\Users\cesar\Downloads\No.1\control-volumetrico\vendor\laravel\framework\src\Illuminate\Pipeline\Pipeline.php(137): Illuminate\Pipeline\Pipeline->Illuminate\Pipeline\{closure}(Object(Illuminate\Http\Request))
#56 C:\Users\cesar\Downloads\No.1\control-volumetrico\vendor\laravel\framework\src\Illuminate\Foundation\Http\Kernel.php(175): Illuminate\Pipeline\Pipeline->then(Object(Closure))
#57 C:\Users\cesar\Downloads\No.1\control-volumetrico\vendor\laravel\framework\src\Illuminate\Foundation\Http\Kernel.php(144): Illuminate\Foundation\Http\Kernel->sendRequestThroughRouter(Object(Illuminate\Http\Request))
#58 C:\Users\cesar\Downloads\No.1\control-volumetrico\vendor\laravel\framework\src\Illuminate\Foundation\Testing\Concerns\MakesHttpRequests.php(607): Illuminate\Foundation\Http\Kernel->handle(Object(Illuminate\Http\Request))
#59 C:\Users\cesar\Downloads\No.1\control-volumetrico\vendor\laravel\framework\src\Illuminate\Foundation\Testing\Concerns\MakesHttpRequests.php(368): Illuminate\Foundation\Testing\TestCase->call('GET', '/alarmas/1', Array, Array, Array, Array)
#60 C:\Users\cesar\Downloads\No.1\control-volumetrico\tests\Feature\AlarmaTest.php(53): Illuminate\Foundation\Testing\TestCase->get('/alarmas/1')
#61 C:\Users\cesar\Downloads\No.1\control-volumetrico\vendor\phpunit\phpunit\src\Framework\TestCase.php(1667): Tests\Feature\AlarmaTest->test_show_displays_alarm_details()
#62 C:\Users\cesar\Downloads\No.1\control-volumetrico\vendor\phpunit\phpunit\src\Framework\TestCase.php(519): PHPUnit\Framework\TestCase->runTest()
#63 C:\Users\cesar\Downloads\No.1\control-volumetrico\vendor\phpunit\phpunit\src\Framework\TestRunner\TestRunner.php(87): PHPUnit\Framework\TestCase->runBare()
#64 C:\Users\cesar\Downloads\No.1\control-volumetrico\vendor\phpunit\phpunit\src\Framework\TestCase.php(365): PHPUnit\Framework\TestRunner->run(Object(Tests\Feature\AlarmaTest))
#65 C:\Users\cesar\Downloads\No.1\control-volumetrico\vendor\phpunit\phpunit\src\Framework\TestSuite.php(369): PHPUnit\Framework\TestCase->run()
#66 C:\Users\cesar\Downloads\No.1\control-volumetrico\vendor\phpunit\phpunit\src\Framework\TestSuite.php(369): PHPUnit\Framework\TestSuite->run()
#67 C:\Users\cesar\Downloads\No.1\control-volumetrico\vendor\phpunit\phpunit\src\Framework\TestSuite.php(369): PHPUnit\Framework\TestSuite->run()
#68 C:\Users\cesar\Downloads\No.1\control-volumetrico\vendor\phpunit\phpunit\src\TextUI\TestRunner.php(64): PHPUnit\Framework\TestSuite->run()
#69 C:\Users\cesar\Downloads\No.1\control-volumetrico\vendor\phpunit\phpunit\src\TextUI\Application.php(211): PHPUnit\TextUI\TestRunner->run(Object(PHPUnit\TextUI\Configuration\Configuration), Object(PHPUnit\Runner\ResultCache\DefaultResultCache), Object(PHPUnit\Framework\TestSuite))
#70 C:\Users\cesar\Downloads\No.1\control-volumetrico\vendor\phpunit\phpunit\phpunit(104): PHPUnit\TextUI\Application->run(Array)
#71 {main}

Next Illuminate\View\ViewException: Undefined array key "estado_atencion" (View: C:\Users\cesar\Downloads\No.1\control-volumetrico\resources\views\alarmas\show.blade.php) in C:\Users\cesar\Downloads\No.1\control-volumetrico\storage\framework\views\8aac5fb6b37dd3303a918e4f06731329.php:7
Stack trace:
#0 C:\Users\cesar\Downloads\No.1\control-volumetrico\vendor\laravel\framework\src\Illuminate\View\Engines\PhpEngine.php(59): Illuminate\View\Engines\CompilerEngine->handleViewException(Object(ErrorException), 1)
#1 C:\Users\cesar\Downloads\No.1\control-volumetrico\vendor\laravel\framework\src\Illuminate\View\Engines\CompilerEngine.php(76): Illuminate\View\Engines\PhpEngine->evaluatePath('C:\\Users\\cesar\\...', Array)
#2 C:\Users\cesar\Downloads\No.1\control-volumetrico\vendor\laravel\framework\src\Illuminate\View\View.php(208): Illuminate\View\Engines\CompilerEngine->get('C:\\Users\\cesar\\...', Array)
#3 C:\Users\cesar\Downloads\No.1\control-volumetrico\vendor\laravel\framework\src\Illuminate\View\View.php(191): Illuminate\View\View->getContents()
#4 C:\Users\cesar\Downloads\No.1\control-volumetrico\vendor\laravel\framework\src\Illuminate\View\View.php(160): Illuminate\View\View->renderContents()
#5 C:\Users\cesar\Downloads\No.1\control-volumetrico\vendor\laravel\framework\src\Illuminate\Http\Response.php(78): Illuminate\View\View->render()
#6 C:\Users\cesar\Downloads\No.1\control-volumetrico\vendor\laravel\framework\src\Illuminate\Http\Response.php(34): Illuminate\Http\Response->setContent(Object(Illuminate\View\View))
#7 C:\Users\cesar\Downloads\No.1\control-volumetrico\vendor\laravel\framework\src\Illuminate\Routing\Router.php(939): Illuminate\Http\Response->__construct(Object(Illuminate\View\View), 200, Array)
#8 C:\Users\cesar\Downloads\No.1\control-volumetrico\vendor\laravel\framework\src\Illuminate\Routing\Router.php(906): Illuminate\Routing\Router::toResponse(Object(Illuminate\Http\Request), Object(Illuminate\View\View))
#9 C:\Users\cesar\Downloads\No.1\control-volumetrico\vendor\laravel\framework\src\Illuminate\Routing\Router.php(821): Illuminate\Routing\Router->prepareResponse(Object(Illuminate\Http\Request), Object(Illuminate\View\View))
#10 C:\Users\cesar\Downloads\No.1\control-volumetrico\vendor\laravel\framework\src\Illuminate\Pipeline\Pipeline.php(180): Illuminate\Routing\Router->Illuminate\Routing\{closure}(Object(Illuminate\Http\Request))
#11 C:\Users\cesar\Downloads\No.1\control-volumetrico\app\Http\Middleware\ApiAuthenticated.php(18): Illuminate\Pipeline\Pipeline->Illuminate\Pipeline\{closure}(Object(Illuminate\Http\Request))
#12 C:\Users\cesar\Downloads\No.1\control-volumetrico\vendor\laravel\framework\src\Illuminate\Pipeline\Pipeline.php(219): App\Http\Middleware\ApiAuthenticated->handle(Object(Illuminate\Http\Request), Object(Closure))
#13 C:\Users\cesar\Downloads\No.1\control-volumetrico\vendor\laravel\framework\src\Illuminate\Routing\Middleware\SubstituteBindings.php(50): Illuminate\Pipeline\Pipeline->Illuminate\Pipeline\{closure}(Object(Illuminate\Http\Request))
#14 C:\Users\cesar\Downloads\No.1\control-volumetrico\vendor\laravel\framework\src\Illuminate\Pipeline\Pipeline.php(219): Illuminate\Routing\Middleware\SubstituteBindings->handle(Object(Illuminate\Http\Request), Object(Closure))
#15 C:\Users\cesar\Downloads\No.1\control-volumetrico\vendor\laravel\framework\src\Illuminate\Foundation\Http\Middleware\VerifyCsrfToken.php(87): Illuminate\Pipeline\Pipeline->Illuminate\Pipeline\{closure}(Object(Illuminate\Http\Request))
#16 C:\Users\cesar\Downloads\No.1\control-volumetrico\vendor\laravel\framework\src\Illuminate\Pipeline\Pipeline.php(219): Illuminate\Foundation\Http\Middleware\VerifyCsrfToken->handle(Object(Illuminate\Http\Request), Object(Closure))
#17 C:\Users\cesar\Downloads\No.1\control-volumetrico\vendor\laravel\framework\src\Illuminate\View\Middleware\ShareErrorsFromSession.php(48): Illuminate\Pipeline\Pipeline->Illuminate\Pipeline\{closure}(Object(Illuminate\Http\Request))
#18 C:\Users\cesar\Downloads\No.1\control-volumetrico\vendor\laravel\framework\src\Illuminate\Pipeline\Pipeline.php(219): Illuminate\View\Middleware\ShareErrorsFromSession->handle(Object(Illuminate\Http\Request), Object(Closure))
#19 C:\Users\cesar\Downloads\No.1\control-volumetrico\vendor\laravel\framework\src\Illuminate\Session\Middleware\StartSession.php(120): Illuminate\Pipeline\Pipeline->Illuminate\Pipeline\{closure}(Object(Illuminate\Http\Request))
#20 C:\Users\cesar\Downloads\No.1\control-volumetrico\vendor\laravel\framework\src\Illuminate\Session\Middleware\StartSession.php(63): Illuminate\Session\Middleware\StartSession->handleStatefulRequest(Object(Illuminate\Http\Request), Object(Illuminate\Session\Store), Object(Closure))
#21 C:\Users\cesar\Downloads\No.1\control-volumetrico\vendor\laravel\framework\src\Illuminate\Pipeline\Pipeline.php(219): Illuminate\Session\Middleware\StartSession->handle(Object(Illuminate\Http\Request), Object(Closure))
#22 C:\Users\cesar\Downloads\No.1\control-volumetrico\vendor\laravel\framework\src\Illuminate\Cookie\Middleware\AddQueuedCookiesToResponse.php(36): Illuminate\Pipeline\Pipeline->Illuminate\Pipeline\{closure}(Object(Illuminate\Http\Request))
#23 C:\Users\cesar\Downloads\No.1\control-volumetrico\vendor\laravel\framework\src\Illuminate\Pipeline\Pipeline.php(219): Illuminate\Cookie\Middleware\AddQueuedCookiesToResponse->handle(Object(Illuminate\Http\Request), Object(Closure))
#24 C:\Users\cesar\Downloads\No.1\control-volumetrico\vendor\laravel\framework\src\Illuminate\Cookie\Middleware\EncryptCookies.php(74): Illuminate\Pipeline\Pipeline->Illuminate\Pipeline\{closure}(Object(Illuminate\Http\Request))
#25 C:\Users\cesar\Downloads\No.1\control-volumetrico\vendor\laravel\framework\src\Illuminate\Pipeline\Pipeline.php(219): Illuminate\Cookie\Middleware\EncryptCookies->handle(Object(Illuminate\Http\Request), Object(Closure))
#26 C:\Users\cesar\Downloads\No.1\control-volumetrico\vendor\laravel\framework\src\Illuminate\Pipeline\Pipeline.php(137): Illuminate\Pipeline\Pipeline->Illuminate\Pipeline\{closure}(Object(Illuminate\Http\Request))
#27 C:\Users\cesar\Downloads\No.1\control-volumetrico\vendor\laravel\framework\src\Illuminate\Routing\Router.php(821): Illuminate\Pipeline\Pipeline->then(Object(Closure))
#28 C:\Users\cesar\Downloads\No.1\control-volumetrico\vendor\laravel\framework\src\Illuminate\Routing\Router.php(800): Illuminate\Routing\Router->runRouteWithinStack(Object(Illuminate\Routing\Route), Object(Illuminate\Http\Request))
#29 C:\Users\cesar\Downloads\No.1\control-volumetrico\vendor\laravel\framework\src\Illuminate\Routing\Router.php(764): Illuminate\Routing\Router->runRoute(Object(Illuminate\Http\Request), Object(Illuminate\Routing\Route))
#30 C:\Users\cesar\Downloads\No.1\control-volumetrico\vendor\laravel\framework\src\Illuminate\Routing\Router.php(753): Illuminate\Routing\Router->dispatchToRoute(Object(Illuminate\Http\Request))
#31 C:\Users\cesar\Downloads\No.1\control-volumetrico\vendor\laravel\framework\src\Illuminate\Foundation\Http\Kernel.php(200): Illuminate\Routing\Router->dispatch(Object(Illuminate\Http\Request))
#32 C:\Users\cesar\Downloads\No.1\control-volumetrico\vendor\laravel\framework\src\Illuminate\Pipeline\Pipeline.php(180): Illuminate\Foundation\Http\Kernel->Illuminate\Foundation\Http\{closure}(Object(Illuminate\Http\Request))
#33 C:\Users\cesar\Downloads\No.1\control-volumetrico\vendor\laravel\framework\src\Illuminate\Foundation\Http\Middleware\TransformsRequest.php(21): Illuminate\Pipeline\Pipeline->Illuminate\Pipeline\{closure}(Object(Illuminate\Http\Request))
#34 C:\Users\cesar\Downloads\No.1\control-volumetrico\vendor\laravel\framework\src\Illuminate\Foundation\Http\Middleware\ConvertEmptyStringsToNull.php(31): Illuminate\Foundation\Http\Middleware\TransformsRequest->handle(Object(Illuminate\Http\Request), Object(Closure))
#35 C:\Users\cesar\Downloads\No.1\control-volumetrico\vendor\laravel\framework\src\Illuminate\Pipeline\Pipeline.php(219): Illuminate\Foundation\Http\Middleware\ConvertEmptyStringsToNull->handle(Object(Illuminate\Http\Request), Object(Closure))
#36 C:\Users\cesar\Downloads\No.1\control-volumetrico\vendor\laravel\framework\src\Illuminate\Foundation\Http\Middleware\TransformsRequest.php(21): Illuminate\Pipeline\Pipeline->Illuminate\Pipeline\{closure}(Object(Illuminate\Http\Request))
#37 C:\Users\cesar\Downloads\No.1\control-volumetrico\vendor\laravel\framework\src\Illuminate\Foundation\Http\Middleware\TrimStrings.php(51): Illuminate\Foundation\Http\Middleware\TransformsRequest->handle(Object(Illuminate\Http\Request), Object(Closure))
#38 C:\Users\cesar\Downloads\No.1\control-volumetrico\vendor\laravel\framework\src\Illuminate\Pipeline\Pipeline.php(219): Illuminate\Foundation\Http\Middleware\TrimStrings->handle(Object(Illuminate\Http\Request), Object(Closure))
#39 C:\Users\cesar\Downloads\No.1\control-volumetrico\vendor\laravel\framework\src\Illuminate\Http\Middleware\ValidatePostSize.php(27): Illuminate\Pipeline\Pipeline->Illuminate\Pipeline\{closure}(Object(Illuminate\Http\Request))
#40 C:\Users\cesar\Downloads\No.1\control-volumetrico\vendor\laravel\framework\src\Illuminate\Pipeline\Pipeline.php(219): Illuminate\Http\Middleware\ValidatePostSize->handle(Object(Illuminate\Http\Request), Object(Closure))
#41 C:\Users\cesar\Downloads\No.1\control-volumetrico\vendor\laravel\framework\src\Illuminate\Foundation\Http\Middleware\PreventRequestsDuringMaintenance.php(109): Illuminate\Pipeline\Pipeline->Illuminate\Pipeline\{closure}(Object(Illuminate\Http\Request))
#42 C:\Users\cesar\Downloads\No.1\control-volumetrico\vendor\laravel\framework\src\Illuminate\Pipeline\Pipeline.php(219): Illuminate\Foundation\Http\Middleware\PreventRequestsDuringMaintenance->handle(Object(Illuminate\Http\Request), Object(Closure))
#43 C:\Users\cesar\Downloads\No.1\control-volumetrico\vendor\laravel\framework\src\Illuminate\Http\Middleware\HandleCors.php(61): Illuminate\Pipeline\Pipeline->Illuminate\Pipeline\{closure}(Object(Illuminate\Http\Request))
#44 C:\Users\cesar\Downloads\No.1\control-volumetrico\vendor\laravel\framework\src\Illuminate\Pipeline\Pipeline.php(219): Illuminate\Http\Middleware\HandleCors->handle(Object(Illuminate\Http\Request), Object(Closure))
#45 C:\Users\cesar\Downloads\No.1\control-volumetrico\vendor\laravel\framework\src\Illuminate\Http\Middleware\TrustProxies.php(58): Illuminate\Pipeline\Pipeline->Illuminate\Pipeline\{closure}(Object(Illuminate\Http\Request))
#46 C:\Users\cesar\Downloads\No.1\control-volumetrico\vendor\laravel\framework\src\Illuminate\Pipeline\Pipeline.php(219): Illuminate\Http\Middleware\TrustProxies->handle(Object(Illuminate\Http\Request), Object(Closure))
#47 C:\Users\cesar\Downloads\No.1\control-volumetrico\vendor\laravel\framework\src\Illuminate\Foundation\Http\Middleware\InvokeDeferredCallbacks.php(22): Illuminate\Pipeline\Pipeline->Illuminate\Pipeline\{closure}(Object(Illuminate\Http\Request))
#48 C:\Users\cesar\Downloads\No.1\control-volumetrico\vendor\laravel\framework\src\Illuminate\Pipeline\Pipeline.php(219): Illuminate\Foundation\Http\Middleware\InvokeDeferredCallbacks->handle(Object(Illuminate\Http\Request), Object(Closure))
#49 C:\Users\cesar\Downloads\No.1\control-volumetrico\vendor\laravel\framework\src\Illuminate\Http\Middleware\ValidatePathEncoding.php(26): Illuminate\Pipeline\Pipeline->Illuminate\Pipeline\{closure}(Object(Illuminate\Http\Request))
#50 C:\Users\cesar\Downloads\No.1\control-volumetrico\vendor\laravel\framework\src\Illuminate\Pipeline\Pipeline.php(219): Illuminate\Http\Middleware\ValidatePathEncoding->handle(Object(Illuminate\Http\Request), Object(Closure))
#51 C:\Users\cesar\Downloads\No.1\control-volumetrico\vendor\laravel\framework\src\Illuminate\Pipeline\Pipeline.php(137): Illuminate\Pipeline\Pipeline->Illuminate\Pipeline\{closure}(Object(Illuminate\Http\Request))
#52 C:\Users\cesar\Downloads\No.1\control-volumetrico\vendor\laravel\framework\src\Illuminate\Foundation\Http\Kernel.php(175): Illuminate\Pipeline\Pipeline->then(Object(Closure))
#53 C:\Users\cesar\Downloads\No.1\control-volumetrico\vendor\laravel\framework\src\Illuminate\Foundation\Http\Kernel.php(144): Illuminate\Foundation\Http\Kernel->sendRequestThroughRouter(Object(Illuminate\Http\Request))
#54 C:\Users\cesar\Downloads\No.1\control-volumetrico\vendor\laravel\framework\src\Illuminate\Foundation\Testing\Concerns\MakesHttpRequests.php(607): Illuminate\Foundation\Http\Kernel->handle(Object(Illuminate\Http\Request))
#55 C:\Users\cesar\Downloads\No.1\control-volumetrico\vendor\laravel\framework\src\Illuminate\Foundation\Testing\Concerns\MakesHttpRequests.php(368): Illuminate\Foundation\Testing\TestCase->call('GET', '/alarmas/1', Array, Array, Array, Array)
#56 C:\Users\cesar\Downloads\No.1\control-volumetrico\tests\Feature\AlarmaTest.php(53): Illuminate\Foundation\Testing\TestCase->get('/alarmas/1')
#57 C:\Users\cesar\Downloads\No.1\control-volumetrico\vendor\phpunit\phpunit\src\Framework\TestCase.php(1667): Tests\Feature\AlarmaTest->test_show_displays_alarm_details()
#58 C:\Users\cesar\Downloads\No.1\control-volumetrico\vendor\phpunit\phpunit\src\Framework\TestCase.php(519): PHPUnit\Framework\TestCase->runTest()
#59 C:\Users\cesar\Downloads\No.1\control-volumetrico\vendor\phpunit\phpunit\src\Framework\TestRunner\TestRunner.php(87): PHPUnit\Framework\TestCase->runBare()
#60 C:\Users\cesar\Downloads\No.1\control-volumetrico\vendor\phpunit\phpunit\src\Framework\TestCase.php(365): PHPUnit\Framework\TestRunner->run(Object(Tests\Feature\AlarmaTest))
#61 C:\Users\cesar\Downloads\No.1\control-volumetrico\vendor\phpunit\phpunit\src\Framework\TestSuite.php(369): PHPUnit\Framework\TestCase->run()
#62 C:\Users\cesar\Downloads\No.1\control-volumetrico\vendor\phpunit\phpunit\src\Framework\TestSuite.php(369): PHPUnit\Framework\TestSuite->run()
#63 C:\Users\cesar\Downloads\No.1\control-volumetrico\vendor\phpunit\phpunit\src\Framework\TestSuite.php(369): PHPUnit\Framework\TestSuite->run()
#64 C:\Users\cesar\Downloads\No.1\control-volumetrico\vendor\phpunit\phpunit\src\TextUI\TestRunner.php(64): PHPUnit\Framework\TestSuite->run()
#65 C:\Users\cesar\Downloads\No.1\control-volumetrico\vendor\phpunit\phpunit\src\TextUI\Application.php(211): PHPUnit\TextUI\TestRunner->run(Object(PHPUnit\TextUI\Configuration\Configuration), Object(PHPUnit\Runner\ResultCache\DefaultResultCache), Object(PHPUnit\Framework\TestSuite))
#66 C:\Users\cesar\Downloads\No.1\control-volumetrico\vendor\phpunit\phpunit\phpunit(104): PHPUnit\TextUI\Application->run(Array)
#67 {main}

----------------------------------------------------------------------------------

Undefined array key "estado_atencion" (View: C:\Users\cesar\Downloads\No.1\control-volumetrico\resources\views\alarmas\show.blade.php)[39;22m

  at [32mtests\Feature\AlarmaTest.php[39m:[32m55[39m
     51▕         $this->mockSuccessfulResponse('/api/alarmas/1', $alarma);
     52▕ 
     53▕         $response = $this->get('/alarmas/1');
     54▕ 
  ➜  55▕         $response->assertStatus(200);
     56▕         $response->assertViewIs('alarmas.show');
     57▕         $response->assertViewHas('alarma', $alarma);
     58▕     }
     59▕

  [31m────────────────────────────────────────────────────────────────────────────────────────────────────────────────────[39m  
  [41;1m FAILED [49;22m [1mTests\Feature\AlarmaTest[22m [90m>[39m show returns 404 for nonexistent alarm                                            
[39;1m  Expected response status code [201, 301, 302, 303, 307, 308] but received 500.
Failed asserting that false is true.

The following exception occurred during the last request:

ErrorException: Undefined array key "estado_atencion" in C:\Users\cesar\Downloads\No.1\control-volumetrico\storage\framework\views\8aac5fb6b37dd3303a918e4f06731329.php:7
Stack trace:
#0 C:\Users\cesar\Downloads\No.1\control-volumetrico\vendor\laravel\framework\src\Illuminate\Foundation\Bootstrap\HandleExceptions.php(258): Illuminate\Foundation\Bootstrap\HandleExceptions->handleError(2, 'Undefined array...', 'C:\\Users\\cesar\\...', 7)
#1 C:\Users\cesar\Downloads\No.1\control-volumetrico\storage\framework\views\8aac5fb6b37dd3303a918e4f06731329.php(7): Illuminate\Foundation\Bootstrap\HandleExceptions->Illuminate\Foundation\Bootstrap\{closure}(2, 'Undefined array...', 'C:\\Users\\cesar\\...', 7)
#2 C:\Users\cesar\Downloads\No.1\control-volumetrico\vendor\laravel\framework\src\Illuminate\Filesystem\Filesystem.php(123): require('C:\\Users\\cesar\\...')
#3 C:\Users\cesar\Downloads\No.1\control-volumetrico\vendor\laravel\framework\src\Illuminate\Filesystem\Filesystem.php(124): Illuminate\Filesystem\Filesystem::Illuminate\Filesystem\{closure}()
#4 C:\Users\cesar\Downloads\No.1\control-volumetrico\vendor\laravel\framework\src\Illuminate\View\Engines\PhpEngine.php(57): Illuminate\Filesystem\Filesystem->getRequire('C:\\Users\\cesar\\...', Array)
#5 C:\Users\cesar\Downloads\No.1\control-volumetrico\vendor\laravel\framework\src\Illuminate\View\Engines\CompilerEngine.php(76): Illuminate\View\Engines\PhpEngine->evaluatePath('C:\\Users\\cesar\\...', Array)
#6 C:\Users\cesar\Downloads\No.1\control-volumetrico\vendor\laravel\framework\src\Illuminate\View\View.php(208): Illuminate\View\Engines\CompilerEngine->get('C:\\Users\\cesar\\...', Array)
#7 C:\Users\cesar\Downloads\No.1\control-volumetrico\vendor\laravel\framework\src\Illuminate\View\View.php(191): Illuminate\View\View->getContents()
#8 C:\Users\cesar\Downloads\No.1\control-volumetrico\vendor\laravel\framework\src\Illuminate\View\View.php(160): Illuminate\View\View->renderContents()
#9 C:\Users\cesar\Downloads\No.1\control-volumetrico\vendor\laravel\framework\src\Illuminate\Http\Response.php(78): Illuminate\View\View->render()
#10 C:\Users\cesar\Downloads\No.1\control-volumetrico\vendor\laravel\framework\src\Illuminate\Http\Response.php(34): Illuminate\Http\Response->setContent(Object(Illuminate\View\View))
#11 C:\Users\cesar\Downloads\No.1\control-volumetrico\vendor\laravel\framework\src\Illuminate\Routing\Router.php(939): Illuminate\Http\Response->__construct(Object(Illuminate\View\View), 200, Array)
#12 C:\Users\cesar\Downloads\No.1\control-volumetrico\vendor\laravel\framework\src\Illuminate\Routing\Router.php(906): Illuminate\Routing\Router::toResponse(Object(Illuminate\Http\Request), Object(Illuminate\View\View))
#13 C:\Users\cesar\Downloads\No.1\control-volumetrico\vendor\laravel\framework\src\Illuminate\Routing\Router.php(821): Illuminate\Routing\Router->prepareResponse(Object(Illuminate\Http\Request), Object(Illuminate\View\View))
#14 C:\Users\cesar\Downloads\No.1\control-volumetrico\vendor\laravel\framework\src\Illuminate\Pipeline\Pipeline.php(180): Illuminate\Routing\Router->Illuminate\Routing\{closure}(Object(Illuminate\Http\Request))
#15 C:\Users\cesar\Downloads\No.1\control-volumetrico\app\Http\Middleware\ApiAuthenticated.php(18): Illuminate\Pipeline\Pipeline->Illuminate\Pipeline\{closure}(Object(Illuminate\Http\Request))
#16 C:\Users\cesar\Downloads\No.1\control-volumetrico\vendor\laravel\framework\src\Illuminate\Pipeline\Pipeline.php(219): App\Http\Middleware\ApiAuthenticated->handle(Object(Illuminate\Http\Request), Object(Closure))
#17 C:\Users\cesar\Downloads\No.1\control-volumetrico\vendor\laravel\framework\src\Illuminate\Routing\Middleware\SubstituteBindings.php(50): Illuminate\Pipeline\Pipeline->Illuminate\Pipeline\{closure}(Object(Illuminate\Http\Request))
#18 C:\Users\cesar\Downloads\No.1\control-volumetrico\vendor\laravel\framework\src\Illuminate\Pipeline\Pipeline.php(219): Illuminate\Routing\Middleware\SubstituteBindings->handle(Object(Illuminate\Http\Request), Object(Closure))
#19 C:\Users\cesar\Downloads\No.1\control-volumetrico\vendor\laravel\framework\src\Illuminate\Foundation\Http\Middleware\VerifyCsrfToken.php(87): Illuminate\Pipeline\Pipeline->Illuminate\Pipeline\{closure}(Object(Illuminate\Http\Request))
#20 C:\Users\cesar\Downloads\No.1\control-volumetrico\vendor\laravel\framework\src\Illuminate\Pipeline\Pipeline.php(219): Illuminate\Foundation\Http\Middleware\VerifyCsrfToken->handle(Object(Illuminate\Http\Request), Object(Closure))
#21 C:\Users\cesar\Downloads\No.1\control-volumetrico\vendor\laravel\framework\src\Illuminate\View\Middleware\ShareErrorsFromSession.php(48): Illuminate\Pipeline\Pipeline->Illuminate\Pipeline\{closure}(Object(Illuminate\Http\Request))
#22 C:\Users\cesar\Downloads\No.1\control-volumetrico\vendor\laravel\framework\src\Illuminate\Pipeline\Pipeline.php(219): Illuminate\View\Middleware\ShareErrorsFromSession->handle(Object(Illuminate\Http\Request), Object(Closure))
#23 C:\Users\cesar\Downloads\No.1\control-volumetrico\vendor\laravel\framework\src\Illuminate\Session\Middleware\StartSession.php(120): Illuminate\Pipeline\Pipeline->Illuminate\Pipeline\{closure}(Object(Illuminate\Http\Request))
#24 C:\Users\cesar\Downloads\No.1\control-volumetrico\vendor\laravel\framework\src\Illuminate\Session\Middleware\StartSession.php(63): Illuminate\Session\Middleware\StartSession->handleStatefulRequest(Object(Illuminate\Http\Request), Object(Illuminate\Session\Store), Object(Closure))
#25 C:\Users\cesar\Downloads\No.1\control-volumetrico\vendor\laravel\framework\src\Illuminate\Pipeline\Pipeline.php(219): Illuminate\Session\Middleware\StartSession->handle(Object(Illuminate\Http\Request), Object(Closure))
#26 C:\Users\cesar\Downloads\No.1\control-volumetrico\vendor\laravel\framework\src\Illuminate\Cookie\Middleware\AddQueuedCookiesToResponse.php(36): Illuminate\Pipeline\Pipeline->Illuminate\Pipeline\{closure}(Object(Illuminate\Http\Request))
#27 C:\Users\cesar\Downloads\No.1\control-volumetrico\vendor\laravel\framework\src\Illuminate\Pipeline\Pipeline.php(219): Illuminate\Cookie\Middleware\AddQueuedCookiesToResponse->handle(Object(Illuminate\Http\Request), Object(Closure))
#28 C:\Users\cesar\Downloads\No.1\control-volumetrico\vendor\laravel\framework\src\Illuminate\Cookie\Middleware\EncryptCookies.php(74): Illuminate\Pipeline\Pipeline->Illuminate\Pipeline\{closure}(Object(Illuminate\Http\Request))
#29 C:\Users\cesar\Downloads\No.1\control-volumetrico\vendor\laravel\framework\src\Illuminate\Pipeline\Pipeline.php(219): Illuminate\Cookie\Middleware\EncryptCookies->handle(Object(Illuminate\Http\Request), Object(Closure))
#30 C:\Users\cesar\Downloads\No.1\control-volumetrico\vendor\laravel\framework\src\Illuminate\Pipeline\Pipeline.php(137): Illuminate\Pipeline\Pipeline->Illuminate\Pipeline\{closure}(Object(Illuminate\Http\Request))
#31 C:\Users\cesar\Downloads\No.1\control-volumetrico\vendor\laravel\framework\src\Illuminate\Routing\Router.php(821): Illuminate\Pipeline\Pipeline->then(Object(Closure))
#32 C:\Users\cesar\Downloads\No.1\control-volumetrico\vendor\laravel\framework\src\Illuminate\Routing\Router.php(800): Illuminate\Routing\Router->runRouteWithinStack(Object(Illuminate\Routing\Route), Object(Illuminate\Http\Request))
#33 C:\Users\cesar\Downloads\No.1\control-volumetrico\vendor\laravel\framework\src\Illuminate\Routing\Router.php(764): Illuminate\Routing\Router->runRoute(Object(Illuminate\Http\Request), Object(Illuminate\Routing\Route))
#34 C:\Users\cesar\Downloads\No.1\control-volumetrico\vendor\laravel\framework\src\Illuminate\Routing\Router.php(753): Illuminate\Routing\Router->dispatchToRoute(Object(Illuminate\Http\Request))
#35 C:\Users\cesar\Downloads\No.1\control-volumetrico\vendor\laravel\framework\src\Illuminate\Foundation\Http\Kernel.php(200): Illuminate\Routing\Router->dispatch(Object(Illuminate\Http\Request))
#36 C:\Users\cesar\Downloads\No.1\control-volumetrico\vendor\laravel\framework\src\Illuminate\Pipeline\Pipeline.php(180): Illuminate\Foundation\Http\Kernel->Illuminate\Foundation\Http\{closure}(Object(Illuminate\Http\Request))
#37 C:\Users\cesar\Downloads\No.1\control-volumetrico\vendor\laravel\framework\src\Illuminate\Foundation\Http\Middleware\TransformsRequest.php(21): Illuminate\Pipeline\Pipeline->Illuminate\Pipeline\{closure}(Object(Illuminate\Http\Request))
#38 C:\Users\cesar\Downloads\No.1\control-volumetrico\vendor\laravel\framework\src\Illuminate\Foundation\Http\Middleware\ConvertEmptyStringsToNull.php(31): Illuminate\Foundation\Http\Middleware\TransformsRequest->handle(Object(Illuminate\Http\Request), Object(Closure))
#39 C:\Users\cesar\Downloads\No.1\control-volumetrico\vendor\laravel\framework\src\Illuminate\Pipeline\Pipeline.php(219): Illuminate\Foundation\Http\Middleware\ConvertEmptyStringsToNull->handle(Object(Illuminate\Http\Request), Object(Closure))
#40 C:\Users\cesar\Downloads\No.1\control-volumetrico\vendor\laravel\framework\src\Illuminate\Foundation\Http\Middleware\TransformsRequest.php(21): Illuminate\Pipeline\Pipeline->Illuminate\Pipeline\{closure}(Object(Illuminate\Http\Request))
#41 C:\Users\cesar\Downloads\No.1\control-volumetrico\vendor\laravel\framework\src\Illuminate\Foundation\Http\Middleware\TrimStrings.php(51): Illuminate\Foundation\Http\Middleware\TransformsRequest->handle(Object(Illuminate\Http\Request), Object(Closure))
#42 C:\Users\cesar\Downloads\No.1\control-volumetrico\vendor\laravel\framework\src\Illuminate\Pipeline\Pipeline.php(219): Illuminate\Foundation\Http\Middleware\TrimStrings->handle(Object(Illuminate\Http\Request), Object(Closure))
#43 C:\Users\cesar\Downloads\No.1\control-volumetrico\vendor\laravel\framework\src\Illuminate\Http\Middleware\ValidatePostSize.php(27): Illuminate\Pipeline\Pipeline->Illuminate\Pipeline\{closure}(Object(Illuminate\Http\Request))
#44 C:\Users\cesar\Downloads\No.1\control-volumetrico\vendor\laravel\framework\src\Illuminate\Pipeline\Pipeline.php(219): Illuminate\Http\Middleware\ValidatePostSize->handle(Object(Illuminate\Http\Request), Object(Closure))
#45 C:\Users\cesar\Downloads\No.1\control-volumetrico\vendor\laravel\framework\src\Illuminate\Foundation\Http\Middleware\PreventRequestsDuringMaintenance.php(109): Illuminate\Pipeline\Pipeline->Illuminate\Pipeline\{closure}(Object(Illuminate\Http\Request))
#46 C:\Users\cesar\Downloads\No.1\control-volumetrico\vendor\laravel\framework\src\Illuminate\Pipeline\Pipeline.php(219): Illuminate\Foundation\Http\Middleware\PreventRequestsDuringMaintenance->handle(Object(Illuminate\Http\Request), Object(Closure))
#47 C:\Users\cesar\Downloads\No.1\control-volumetrico\vendor\laravel\framework\src\Illuminate\Http\Middleware\HandleCors.php(61): Illuminate\Pipeline\Pipeline->Illuminate\Pipeline\{closure}(Object(Illuminate\Http\Request))
#48 C:\Users\cesar\Downloads\No.1\control-volumetrico\vendor\laravel\framework\src\Illuminate\Pipeline\Pipeline.php(219): Illuminate\Http\Middleware\HandleCors->handle(Object(Illuminate\Http\Request), Object(Closure))
#49 C:\Users\cesar\Downloads\No.1\control-volumetrico\vendor\laravel\framework\src\Illuminate\Http\Middleware\TrustProxies.php(58): Illuminate\Pipeline\Pipeline->Illuminate\Pipeline\{closure}(Object(Illuminate\Http\Request))
#50 C:\Users\cesar\Downloads\No.1\control-volumetrico\vendor\laravel\framework\src\Illuminate\Pipeline\Pipeline.php(219): Illuminate\Http\Middleware\TrustProxies->handle(Object(Illuminate\Http\Request), Object(Closure))
#51 C:\Users\cesar\Downloads\No.1\control-volumetrico\vendor\laravel\framework\src\Illuminate\Foundation\Http\Middleware\InvokeDeferredCallbacks.php(22): Illuminate\Pipeline\Pipeline->Illuminate\Pipeline\{closure}(Object(Illuminate\Http\Request))
#52 C:\Users\cesar\Downloads\No.1\control-volumetrico\vendor\laravel\framework\src\Illuminate\Pipeline\Pipeline.php(219): Illuminate\Foundation\Http\Middleware\InvokeDeferredCallbacks->handle(Object(Illuminate\Http\Request), Object(Closure))
#53 C:\Users\cesar\Downloads\No.1\control-volumetrico\vendor\laravel\framework\src\Illuminate\Http\Middleware\ValidatePathEncoding.php(26): Illuminate\Pipeline\Pipeline->Illuminate\Pipeline\{closure}(Object(Illuminate\Http\Request))
#54 C:\Users\cesar\Downloads\No.1\control-volumetrico\vendor\laravel\framework\src\Illuminate\Pipeline\Pipeline.php(219): Illuminate\Http\Middleware\ValidatePathEncoding->handle(Object(Illuminate\Http\Request), Object(Closure))
#55 C:\Users\cesar\Downloads\No.1\control-volumetrico\vendor\laravel\framework\src\Illuminate\Pipeline\Pipeline.php(137): Illuminate\Pipeline\Pipeline->Illuminate\Pipeline\{closure}(Object(Illuminate\Http\Request))
#56 C:\Users\cesar\Downloads\No.1\control-volumetrico\vendor\laravel\framework\src\Illuminate\Foundation\Http\Kernel.php(175): Illuminate\Pipeline\Pipeline->then(Object(Closure))
#57 C:\Users\cesar\Downloads\No.1\control-volumetrico\vendor\laravel\framework\src\Illuminate\Foundation\Http\Kernel.php(144): Illuminate\Foundation\Http\Kernel->sendRequestThroughRouter(Object(Illuminate\Http\Request))
#58 C:\Users\cesar\Downloads\No.1\control-volumetrico\vendor\laravel\framework\src\Illuminate\Foundation\Testing\Concerns\MakesHttpRequests.php(607): Illuminate\Foundation\Http\Kernel->handle(Object(Illuminate\Http\Request))
#59 C:\Users\cesar\Downloads\No.1\control-volumetrico\vendor\laravel\framework\src\Illuminate\Foundation\Testing\Concerns\MakesHttpRequests.php(368): Illuminate\Foundation\Testing\TestCase->call('GET', '/alarmas/999', Array, Array, Array, Array)
#60 C:\Users\cesar\Downloads\No.1\control-volumetrico\tests\Feature\AlarmaTest.php(65): Illuminate\Foundation\Testing\TestCase->get('/alarmas/999')
#61 C:\Users\cesar\Downloads\No.1\control-volumetrico\vendor\phpunit\phpunit\src\Framework\TestCase.php(1667): Tests\Feature\AlarmaTest->test_show_returns_404_for_nonexistent_alarm()
#62 C:\Users\cesar\Downloads\No.1\control-volumetrico\vendor\phpunit\phpunit\src\Framework\TestCase.php(519): PHPUnit\Framework\TestCase->runTest()
#63 C:\Users\cesar\Downloads\No.1\control-volumetrico\vendor\phpunit\phpunit\src\Framework\TestRunner\TestRunner.php(87): PHPUnit\Framework\TestCase->runBare()
#64 C:\Users\cesar\Downloads\No.1\control-volumetrico\vendor\phpunit\phpunit\src\Framework\TestCase.php(365): PHPUnit\Framework\TestRunner->run(Object(Tests\Feature\AlarmaTest))
#65 C:\Users\cesar\Downloads\No.1\control-volumetrico\vendor\phpunit\phpunit\src\Framework\TestSuite.php(369): PHPUnit\Framework\TestCase->run()
#66 C:\Users\cesar\Downloads\No.1\control-volumetrico\vendor\phpunit\phpunit\src\Framework\TestSuite.php(369): PHPUnit\Framework\TestSuite->run()
#67 C:\Users\cesar\Downloads\No.1\control-volumetrico\vendor\phpunit\phpunit\src\Framework\TestSuite.php(369): PHPUnit\Framework\TestSuite->run()
#68 C:\Users\cesar\Downloads\No.1\control-volumetrico\vendor\phpunit\phpunit\src\TextUI\TestRunner.php(64): PHPUnit\Framework\TestSuite->run()
#69 C:\Users\cesar\Downloads\No.1\control-volumetrico\vendor\phpunit\phpunit\src\TextUI\Application.php(211): PHPUnit\TextUI\TestRunner->run(Object(PHPUnit\TextUI\Configuration\Configuration), Object(PHPUnit\Runner\ResultCache\DefaultResultCache), Object(PHPUnit\Framework\TestSuite))
#70 C:\Users\cesar\Downloads\No.1\control-volumetrico\vendor\phpunit\phpunit\phpunit(104): PHPUnit\TextUI\Application->run(Array)
#71 {main}

Next Illuminate\View\ViewException: Undefined array key "estado_atencion" (View: C:\Users\cesar\Downloads\No.1\control-volumetrico\resources\views\alarmas\show.blade.php) in C:\Users\cesar\Downloads\No.1\control-volumetrico\storage\framework\views\8aac5fb6b37dd3303a918e4f06731329.php:7
Stack trace:
#0 C:\Users\cesar\Downloads\No.1\control-volumetrico\vendor\laravel\framework\src\Illuminate\View\Engines\PhpEngine.php(59): Illuminate\View\Engines\CompilerEngine->handleViewException(Object(ErrorException), 1)
#1 C:\Users\cesar\Downloads\No.1\control-volumetrico\vendor\laravel\framework\src\Illuminate\View\Engines\CompilerEngine.php(76): Illuminate\View\Engines\PhpEngine->evaluatePath('C:\\Users\\cesar\\...', Array)
#2 C:\Users\cesar\Downloads\No.1\control-volumetrico\vendor\laravel\framework\src\Illuminate\View\View.php(208): Illuminate\View\Engines\CompilerEngine->get('C:\\Users\\cesar\\...', Array)
#3 C:\Users\cesar\Downloads\No.1\control-volumetrico\vendor\laravel\framework\src\Illuminate\View\View.php(191): Illuminate\View\View->getContents()
#4 C:\Users\cesar\Downloads\No.1\control-volumetrico\vendor\laravel\framework\src\Illuminate\View\View.php(160): Illuminate\View\View->renderContents()
#5 C:\Users\cesar\Downloads\No.1\control-volumetrico\vendor\laravel\framework\src\Illuminate\Http\Response.php(78): Illuminate\View\View->render()
#6 C:\Users\cesar\Downloads\No.1\control-volumetrico\vendor\laravel\framework\src\Illuminate\Http\Response.php(34): Illuminate\Http\Response->setContent(Object(Illuminate\View\View))
#7 C:\Users\cesar\Downloads\No.1\control-volumetrico\vendor\laravel\framework\src\Illuminate\Routing\Router.php(939): Illuminate\Http\Response->__construct(Object(Illuminate\View\View), 200, Array)
#8 C:\Users\cesar\Downloads\No.1\control-volumetrico\vendor\laravel\framework\src\Illuminate\Routing\Router.php(906): Illuminate\Routing\Router::toResponse(Object(Illuminate\Http\Request), Object(Illuminate\View\View))
#9 C:\Users\cesar\Downloads\No.1\control-volumetrico\vendor\laravel\framework\src\Illuminate\Routing\Router.php(821): Illuminate\Routing\Router->prepareResponse(Object(Illuminate\Http\Request), Object(Illuminate\View\View))
#10 C:\Users\cesar\Downloads\No.1\control-volumetrico\vendor\laravel\framework\src\Illuminate\Pipeline\Pipeline.php(180): Illuminate\Routing\Router->Illuminate\Routing\{closure}(Object(Illuminate\Http\Request))
#11 C:\Users\cesar\Downloads\No.1\control-volumetrico\app\Http\Middleware\ApiAuthenticated.php(18): Illuminate\Pipeline\Pipeline->Illuminate\Pipeline\{closure}(Object(Illuminate\Http\Request))
#12 C:\Users\cesar\Downloads\No.1\control-volumetrico\vendor\laravel\framework\src\Illuminate\Pipeline\Pipeline.php(219): App\Http\Middleware\ApiAuthenticated->handle(Object(Illuminate\Http\Request), Object(Closure))
#13 C:\Users\cesar\Downloads\No.1\control-volumetrico\vendor\laravel\framework\src\Illuminate\Routing\Middleware\SubstituteBindings.php(50): Illuminate\Pipeline\Pipeline->Illuminate\Pipeline\{closure}(Object(Illuminate\Http\Request))
#14 C:\Users\cesar\Downloads\No.1\control-volumetrico\vendor\laravel\framework\src\Illuminate\Pipeline\Pipeline.php(219): Illuminate\Routing\Middleware\SubstituteBindings->handle(Object(Illuminate\Http\Request), Object(Closure))
#15 C:\Users\cesar\Downloads\No.1\control-volumetrico\vendor\laravel\framework\src\Illuminate\Foundation\Http\Middleware\VerifyCsrfToken.php(87): Illuminate\Pipeline\Pipeline->Illuminate\Pipeline\{closure}(Object(Illuminate\Http\Request))
#16 C:\Users\cesar\Downloads\No.1\control-volumetrico\vendor\laravel\framework\src\Illuminate\Pipeline\Pipeline.php(219): Illuminate\Foundation\Http\Middleware\VerifyCsrfToken->handle(Object(Illuminate\Http\Request), Object(Closure))
#17 C:\Users\cesar\Downloads\No.1\control-volumetrico\vendor\laravel\framework\src\Illuminate\View\Middleware\ShareErrorsFromSession.php(48): Illuminate\Pipeline\Pipeline->Illuminate\Pipeline\{closure}(Object(Illuminate\Http\Request))
#18 C:\Users\cesar\Downloads\No.1\control-volumetrico\vendor\laravel\framework\src\Illuminate\Pipeline\Pipeline.php(219): Illuminate\View\Middleware\ShareErrorsFromSession->handle(Object(Illuminate\Http\Request), Object(Closure))
#19 C:\Users\cesar\Downloads\No.1\control-volumetrico\vendor\laravel\framework\src\Illuminate\Session\Middleware\StartSession.php(120): Illuminate\Pipeline\Pipeline->Illuminate\Pipeline\{closure}(Object(Illuminate\Http\Request))
#20 C:\Users\cesar\Downloads\No.1\control-volumetrico\vendor\laravel\framework\src\Illuminate\Session\Middleware\StartSession.php(63): Illuminate\Session\Middleware\StartSession->handleStatefulRequest(Object(Illuminate\Http\Request), Object(Illuminate\Session\Store), Object(Closure))
#21 C:\Users\cesar\Downloads\No.1\control-volumetrico\vendor\laravel\framework\src\Illuminate\Pipeline\Pipeline.php(219): Illuminate\Session\Middleware\StartSession->handle(Object(Illuminate\Http\Request), Object(Closure))
#22 C:\Users\cesar\Downloads\No.1\control-volumetrico\vendor\laravel\framework\src\Illuminate\Cookie\Middleware\AddQueuedCookiesToResponse.php(36): Illuminate\Pipeline\Pipeline->Illuminate\Pipeline\{closure}(Object(Illuminate\Http\Request))
#23 C:\Users\cesar\Downloads\No.1\control-volumetrico\vendor\laravel\framework\src\Illuminate\Pipeline\Pipeline.php(219): Illuminate\Cookie\Middleware\AddQueuedCookiesToResponse->handle(Object(Illuminate\Http\Request), Object(Closure))
#24 C:\Users\cesar\Downloads\No.1\control-volumetrico\vendor\laravel\framework\src\Illuminate\Cookie\Middleware\EncryptCookies.php(74): Illuminate\Pipeline\Pipeline->Illuminate\Pipeline\{closure}(Object(Illuminate\Http\Request))
#25 C:\Users\cesar\Downloads\No.1\control-volumetrico\vendor\laravel\framework\src\Illuminate\Pipeline\Pipeline.php(219): Illuminate\Cookie\Middleware\EncryptCookies->handle(Object(Illuminate\Http\Request), Object(Closure))
#26 C:\Users\cesar\Downloads\No.1\control-volumetrico\vendor\laravel\framework\src\Illuminate\Pipeline\Pipeline.php(137): Illuminate\Pipeline\Pipeline->Illuminate\Pipeline\{closure}(Object(Illuminate\Http\Request))
#27 C:\Users\cesar\Downloads\No.1\control-volumetrico\vendor\laravel\framework\src\Illuminate\Routing\Router.php(821): Illuminate\Pipeline\Pipeline->then(Object(Closure))
#28 C:\Users\cesar\Downloads\No.1\control-volumetrico\vendor\laravel\framework\src\Illuminate\Routing\Router.php(800): Illuminate\Routing\Router->runRouteWithinStack(Object(Illuminate\Routing\Route), Object(Illuminate\Http\Request))
#29 C:\Users\cesar\Downloads\No.1\control-volumetrico\vendor\laravel\framework\src\Illuminate\Routing\Router.php(764): Illuminate\Routing\Router->runRoute(Object(Illuminate\Http\Request), Object(Illuminate\Routing\Route))
#30 C:\Users\cesar\Downloads\No.1\control-volumetrico\vendor\laravel\framework\src\Illuminate\Routing\Router.php(753): Illuminate\Routing\Router->dispatchToRoute(Object(Illuminate\Http\Request))
#31 C:\Users\cesar\Downloads\No.1\control-volumetrico\vendor\laravel\framework\src\Illuminate\Foundation\Http\Kernel.php(200): Illuminate\Routing\Router->dispatch(Object(Illuminate\Http\Request))
#32 C:\Users\cesar\Downloads\No.1\control-volumetrico\vendor\laravel\framework\src\Illuminate\Pipeline\Pipeline.php(180): Illuminate\Foundation\Http\Kernel->Illuminate\Foundation\Http\{closure}(Object(Illuminate\Http\Request))
#33 C:\Users\cesar\Downloads\No.1\control-volumetrico\vendor\laravel\framework\src\Illuminate\Foundation\Http\Middleware\TransformsRequest.php(21): Illuminate\Pipeline\Pipeline->Illuminate\Pipeline\{closure}(Object(Illuminate\Http\Request))
#34 C:\Users\cesar\Downloads\No.1\control-volumetrico\vendor\laravel\framework\src\Illuminate\Foundation\Http\Middleware\ConvertEmptyStringsToNull.php(31): Illuminate\Foundation\Http\Middleware\TransformsRequest->handle(Object(Illuminate\Http\Request), Object(Closure))
#35 C:\Users\cesar\Downloads\No.1\control-volumetrico\vendor\laravel\framework\src\Illuminate\Pipeline\Pipeline.php(219): Illuminate\Foundation\Http\Middleware\ConvertEmptyStringsToNull->handle(Object(Illuminate\Http\Request), Object(Closure))
#36 C:\Users\cesar\Downloads\No.1\control-volumetrico\vendor\laravel\framework\src\Illuminate\Foundation\Http\Middleware\TransformsRequest.php(21): Illuminate\Pipeline\Pipeline->Illuminate\Pipeline\{closure}(Object(Illuminate\Http\Request))
#37 C:\Users\cesar\Downloads\No.1\control-volumetrico\vendor\laravel\framework\src\Illuminate\Foundation\Http\Middleware\TrimStrings.php(51): Illuminate\Foundation\Http\Middleware\TransformsRequest->handle(Object(Illuminate\Http\Request), Object(Closure))
#38 C:\Users\cesar\Downloads\No.1\control-volumetrico\vendor\laravel\framework\src\Illuminate\Pipeline\Pipeline.php(219): Illuminate\Foundation\Http\Middleware\TrimStrings->handle(Object(Illuminate\Http\Request), Object(Closure))
#39 C:\Users\cesar\Downloads\No.1\control-volumetrico\vendor\laravel\framework\src\Illuminate\Http\Middleware\ValidatePostSize.php(27): Illuminate\Pipeline\Pipeline->Illuminate\Pipeline\{closure}(Object(Illuminate\Http\Request))
#40 C:\Users\cesar\Downloads\No.1\control-volumetrico\vendor\laravel\framework\src\Illuminate\Pipeline\Pipeline.php(219): Illuminate\Http\Middleware\ValidatePostSize->handle(Object(Illuminate\Http\Request), Object(Closure))
#41 C:\Users\cesar\Downloads\No.1\control-volumetrico\vendor\laravel\framework\src\Illuminate\Foundation\Http\Middleware\PreventRequestsDuringMaintenance.php(109): Illuminate\Pipeline\Pipeline->Illuminate\Pipeline\{closure}(Object(Illuminate\Http\Request))
#42 C:\Users\cesar\Downloads\No.1\control-volumetrico\vendor\laravel\framework\src\Illuminate\Pipeline\Pipeline.php(219): Illuminate\Foundation\Http\Middleware\PreventRequestsDuringMaintenance->handle(Object(Illuminate\Http\Request), Object(Closure))
#43 C:\Users\cesar\Downloads\No.1\control-volumetrico\vendor\laravel\framework\src\Illuminate\Http\Middleware\HandleCors.php(61): Illuminate\Pipeline\Pipeline->Illuminate\Pipeline\{closure}(Object(Illuminate\Http\Request))
#44 C:\Users\cesar\Downloads\No.1\control-volumetrico\vendor\laravel\framework\src\Illuminate\Pipeline\Pipeline.php(219): Illuminate\Http\Middleware\HandleCors->handle(Object(Illuminate\Http\Request), Object(Closure))
#45 C:\Users\cesar\Downloads\No.1\control-volumetrico\vendor\laravel\framework\src\Illuminate\Http\Middleware\TrustProxies.php(58): Illuminate\Pipeline\Pipeline->Illuminate\Pipeline\{closure}(Object(Illuminate\Http\Request))
#46 C:\Users\cesar\Downloads\No.1\control-volumetrico\vendor\laravel\framework\src\Illuminate\Pipeline\Pipeline.php(219): Illuminate\Http\Middleware\TrustProxies->handle(Object(Illuminate\Http\Request), Object(Closure))
#47 C:\Users\cesar\Downloads\No.1\control-volumetrico\vendor\laravel\framework\src\Illuminate\Foundation\Http\Middleware\InvokeDeferredCallbacks.php(22): Illuminate\Pipeline\Pipeline->Illuminate\Pipeline\{closure}(Object(Illuminate\Http\Request))
#48 C:\Users\cesar\Downloads\No.1\control-volumetrico\vendor\laravel\framework\src\Illuminate\Pipeline\Pipeline.php(219): Illuminate\Foundation\Http\Middleware\InvokeDeferredCallbacks->handle(Object(Illuminate\Http\Request), Object(Closure))
#49 C:\Users\cesar\Downloads\No.1\control-volumetrico\vendor\laravel\framework\src\Illuminate\Http\Middleware\ValidatePathEncoding.php(26): Illuminate\Pipeline\Pipeline->Illuminate\Pipeline\{closure}(Object(Illuminate\Http\Request))
#50 C:\Users\cesar\Downloads\No.1\control-volumetrico\vendor\laravel\framework\src\Illuminate\Pipeline\Pipeline.php(219): Illuminate\Http\Middleware\ValidatePathEncoding->handle(Object(Illuminate\Http\Request), Object(Closure))
#51 C:\Users\cesar\Downloads\No.1\control-volumetrico\vendor\laravel\framework\src\Illuminate\Pipeline\Pipeline.php(137): Illuminate\Pipeline\Pipeline->Illuminate\Pipeline\{closure}(Object(Illuminate\Http\Request))
#52 C:\Users\cesar\Downloads\No.1\control-volumetrico\vendor\laravel\framework\src\Illuminate\Foundation\Http\Kernel.php(175): Illuminate\Pipeline\Pipeline->then(Object(Closure))
#53 C:\Users\cesar\Downloads\No.1\control-volumetrico\vendor\laravel\framework\src\Illuminate\Foundation\Http\Kernel.php(144): Illuminate\Foundation\Http\Kernel->sendRequestThroughRouter(Object(Illuminate\Http\Request))
#54 C:\Users\cesar\Downloads\No.1\control-volumetrico\vendor\laravel\framework\src\Illuminate\Foundation\Testing\Concerns\MakesHttpRequests.php(607): Illuminate\Foundation\Http\Kernel->handle(Object(Illuminate\Http\Request))
#55 C:\Users\cesar\Downloads\No.1\control-volumetrico\vendor\laravel\framework\src\Illuminate\Foundation\Testing\Concerns\MakesHttpRequests.php(368): Illuminate\Foundation\Testing\TestCase->call('GET', '/alarmas/999', Array, Array, Array, Array)
#56 C:\Users\cesar\Downloads\No.1\control-volumetrico\tests\Feature\AlarmaTest.php(65): Illuminate\Foundation\Testing\TestCase->get('/alarmas/999')
#57 C:\Users\cesar\Downloads\No.1\control-volumetrico\vendor\phpunit\phpunit\src\Framework\TestCase.php(1667): Tests\Feature\AlarmaTest->test_show_returns_404_for_nonexistent_alarm()
#58 C:\Users\cesar\Downloads\No.1\control-volumetrico\vendor\phpunit\phpunit\src\Framework\TestCase.php(519): PHPUnit\Framework\TestCase->runTest()
#59 C:\Users\cesar\Downloads\No.1\control-volumetrico\vendor\phpunit\phpunit\src\Framework\TestRunner\TestRunner.php(87): PHPUnit\Framework\TestCase->runBare()
#60 C:\Users\cesar\Downloads\No.1\control-volumetrico\vendor\phpunit\phpunit\src\Framework\TestCase.php(365): PHPUnit\Framework\TestRunner->run(Object(Tests\Feature\AlarmaTest))
#61 C:\Users\cesar\Downloads\No.1\control-volumetrico\vendor\phpunit\phpunit\src\Framework\TestSuite.php(369): PHPUnit\Framework\TestCase->run()
#62 C:\Users\cesar\Downloads\No.1\control-volumetrico\vendor\phpunit\phpunit\src\Framework\TestSuite.php(369): PHPUnit\Framework\TestSuite->run()
#63 C:\Users\cesar\Downloads\No.1\control-volumetrico\vendor\phpunit\phpunit\src\Framework\TestSuite.php(369): PHPUnit\Framework\TestSuite->run()
#64 C:\Users\cesar\Downloads\No.1\control-volumetrico\vendor\phpunit\phpunit\src\TextUI\TestRunner.php(64): PHPUnit\Framework\TestSuite->run()
#65 C:\Users\cesar\Downloads\No.1\control-volumetrico\vendor\phpunit\phpunit\src\TextUI\Application.php(211): PHPUnit\TextUI\TestRunner->run(Object(PHPUnit\TextUI\Configuration\Configuration), Object(PHPUnit\Runner\ResultCache\DefaultResultCache), Object(PHPUnit\Framework\TestSuite))
#66 C:\Users\cesar\Downloads\No.1\control-volumetrico\vendor\phpunit\phpunit\phpunit(104): PHPUnit\TextUI\Application->run(Array)
#67 {main}

----------------------------------------------------------------------------------

Undefined array key "estado_atencion" (View: C:\Users\cesar\Downloads\No.1\control-volumetrico\resources\views\alarmas\show.blade.php)[39;22m

  at [32mtests\Feature\AlarmaTest.php[39m:[32m67[39m
     63▕         $this->mockErrorResponse('/api/alarmas/999', 'Alarma no encontrada', 404);
     64▕ 
     65▕         $response = $this->get('/alarmas/999');
     66▕ 
  ➜  67▕         $response->assertRedirect('/alarmas');
     68▕         $response->assertSessionHas('error', 'Alarma no encontrada');
     69▕     }
     70▕ 
     71▕     /** @test */

  [31m────────────────────────────────────────────────────────────────────────────────────────────────────────────────────[39m  
  [41;1m FAILED [49;22m [1mTests\Feature\AlarmaTest[22m [90m>[39m create form displays correctly                                                    
[39;1m  Failed asserting that [tiposAlarma] matches the expected value.
Failed asserting that two arrays are equal.
--- Expected
+++ Actual
@@ @@
 Array (
     0 => [...]
     1 => [...]
+    2 => [...]
+    3 => [...]
+    4 => [...]
+    5 => [...]
+    6 => [...]
+    7 => [...]
+    8 => [...]
+    9 => [...]
 )[39;22m

  at [32mtests\Feature\AlarmaTest.php[39m:[32m85[39m
     81▕         $response = $this->get('/alarmas/create');
     82▕ 
     83▕         $response->assertStatus(200);
     84▕         $response->assertViewIs('alarmas.create');
  ➜  85▕         $response->assertViewHas('tiposAlarma', $tiposAlarma);
     86▕     }
     87▕ 
     88▕     /** @test */
     89▕     public function test_create_uses_default_tipos_when_catalog_fails()

  [31m────────────────────────────────────────────────────────────────────────────────────────────────────────────────────[39m  
  [41;1m FAILED [49;22m [1mTests\Feature\AlarmaTest[22m [90m>[39m store creates alarm successfully                                                  
[39;1m  Failed asserting that two strings are equal.
--- Expected
+++ Actual
@@ @@
-'http://localhost:8001/alarmas/1'
+'http://localhost:8001'[39;22m

  at [32mtests\Feature\AlarmaTest.php[39m:[32m125[39m
    121▕         $this->mockSuccessfulResponse('/api/alarmas', $createdAlarm, 'Alarma creada exitosamente', 201);
    122▕ 
    123▕         $response = $this->post('/alarmas', $alarmData);
    124▕ 
  ➜ 125▕         $response->assertRedirect('/alarmas/1');
    126▕         $response->assertSessionHas('success', 'Alarma creada exitosamente');
    127▕     }
    128▕ 
    129▕     /** @test */

  [31m────────────────────────────────────────────────────────────────────────────────────────────────────────────────────[39m  
  [41;1m FAILED [49;22m [1mTests\Feature\AlarmaTest[22m [90m>[39m atender fails when alarm already attended                                         
[39;1m  Failed asserting that null matches expected 'La alarma ya ha sido atendida'.[39;22m

  at [32mtests\Feature\AlarmaTest.php[39m:[32m178[39m
    174▕ 
    175▕         $response = $this->post('/alarmas/1/atender', $atenderData);
    176▕ 
    177▕         $response->assertRedirect();
  ➜ 178▕         $response->assertSessionHas('error', 'La alarma ya ha sido atendida');
    179▕     }
    180▕ 
    181▕     /** @test */
    182▕     public function test_estadisticas_displays_statistics()

  [31m────────────────────────────────────────────────────────────────────────────────────────────────────────────────────[39m  
  [41;1m FAILED [49;22m [1mTests\Feature\AlarmaTest[22m [90m>[39m estadisticas displays statistics                                                  
[39;1m  Expected response status code [200] but received 500.
Failed asserting that 500 is identical to 200.

The following exception occurred during the last request:

ErrorException: Undefined array key "estado_atencion" in C:\Users\cesar\Downloads\No.1\control-volumetrico\storage\framework\views\8aac5fb6b37dd3303a918e4f06731329.php:7
Stack trace:
#0 C:\Users\cesar\Downloads\No.1\control-volumetrico\vendor\laravel\framework\src\Illuminate\Foundation\Bootstrap\HandleExceptions.php(258): Illuminate\Foundation\Bootstrap\HandleExceptions->handleError(2, 'Undefined array...', 'C:\\Users\\cesar\\...', 7)
#1 C:\Users\cesar\Downloads\No.1\control-volumetrico\storage\framework\views\8aac5fb6b37dd3303a918e4f06731329.php(7): Illuminate\Foundation\Bootstrap\HandleExceptions->Illuminate\Foundation\Bootstrap\{closure}(2, 'Undefined array...', 'C:\\Users\\cesar\\...', 7)
#2 C:\Users\cesar\Downloads\No.1\control-volumetrico\vendor\laravel\framework\src\Illuminate\Filesystem\Filesystem.php(123): require('C:\\Users\\cesar\\...')
#3 C:\Users\cesar\Downloads\No.1\control-volumetrico\vendor\laravel\framework\src\Illuminate\Filesystem\Filesystem.php(124): Illuminate\Filesystem\Filesystem::Illuminate\Filesystem\{closure}()
#4 C:\Users\cesar\Downloads\No.1\control-volumetrico\vendor\laravel\framework\src\Illuminate\View\Engines\PhpEngine.php(57): Illuminate\Filesystem\Filesystem->getRequire('C:\\Users\\cesar\\...', Array)
#5 C:\Users\cesar\Downloads\No.1\control-volumetrico\vendor\laravel\framework\src\Illuminate\View\Engines\CompilerEngine.php(76): Illuminate\View\Engines\PhpEngine->evaluatePath('C:\\Users\\cesar\\...', Array)
#6 C:\Users\cesar\Downloads\No.1\control-volumetrico\vendor\laravel\framework\src\Illuminate\View\View.php(208): Illuminate\View\Engines\CompilerEngine->get('C:\\Users\\cesar\\...', Array)
#7 C:\Users\cesar\Downloads\No.1\control-volumetrico\vendor\laravel\framework\src\Illuminate\View\View.php(191): Illuminate\View\View->getContents()
#8 C:\Users\cesar\Downloads\No.1\control-volumetrico\vendor\laravel\framework\src\Illuminate\View\View.php(160): Illuminate\View\View->renderContents()
#9 C:\Users\cesar\Downloads\No.1\control-volumetrico\vendor\laravel\framework\src\Illuminate\Http\Response.php(78): Illuminate\View\View->render()
#10 C:\Users\cesar\Downloads\No.1\control-volumetrico\vendor\laravel\framework\src\Illuminate\Http\Response.php(34): Illuminate\Http\Response->setContent(Object(Illuminate\View\View))
#11 C:\Users\cesar\Downloads\No.1\control-volumetrico\vendor\laravel\framework\src\Illuminate\Routing\Router.php(939): Illuminate\Http\Response->__construct(Object(Illuminate\View\View), 200, Array)
#12 C:\Users\cesar\Downloads\No.1\control-volumetrico\vendor\laravel\framework\src\Illuminate\Routing\Router.php(906): Illuminate\Routing\Router::toResponse(Object(Illuminate\Http\Request), Object(Illuminate\View\View))
#13 C:\Users\cesar\Downloads\No.1\control-volumetrico\vendor\laravel\framework\src\Illuminate\Routing\Router.php(821): Illuminate\Routing\Router->prepareResponse(Object(Illuminate\Http\Request), Object(Illuminate\View\View))
#14 C:\Users\cesar\Downloads\No.1\control-volumetrico\vendor\laravel\framework\src\Illuminate\Pipeline\Pipeline.php(180): Illuminate\Routing\Router->Illuminate\Routing\{closure}(Object(Illuminate\Http\Request))
#15 C:\Users\cesar\Downloads\No.1\control-volumetrico\app\Http\Middleware\ApiAuthenticated.php(18): Illuminate\Pipeline\Pipeline->Illuminate\Pipeline\{closure}(Object(Illuminate\Http\Request))
#16 C:\Users\cesar\Downloads\No.1\control-volumetrico\vendor\laravel\framework\src\Illuminate\Pipeline\Pipeline.php(219): App\Http\Middleware\ApiAuthenticated->handle(Object(Illuminate\Http\Request), Object(Closure))
#17 C:\Users\cesar\Downloads\No.1\control-volumetrico\vendor\laravel\framework\src\Illuminate\Routing\Middleware\SubstituteBindings.php(50): Illuminate\Pipeline\Pipeline->Illuminate\Pipeline\{closure}(Object(Illuminate\Http\Request))
#18 C:\Users\cesar\Downloads\No.1\control-volumetrico\vendor\laravel\framework\src\Illuminate\Pipeline\Pipeline.php(219): Illuminate\Routing\Middleware\SubstituteBindings->handle(Object(Illuminate\Http\Request), Object(Closure))
#19 C:\Users\cesar\Downloads\No.1\control-volumetrico\vendor\laravel\framework\src\Illuminate\Foundation\Http\Middleware\VerifyCsrfToken.php(87): Illuminate\Pipeline\Pipeline->Illuminate\Pipeline\{closure}(Object(Illuminate\Http\Request))
#20 C:\Users\cesar\Downloads\No.1\control-volumetrico\vendor\laravel\framework\src\Illuminate\Pipeline\Pipeline.php(219): Illuminate\Foundation\Http\Middleware\VerifyCsrfToken->handle(Object(Illuminate\Http\Request), Object(Closure))
#21 C:\Users\cesar\Downloads\No.1\control-volumetrico\vendor\laravel\framework\src\Illuminate\View\Middleware\ShareErrorsFromSession.php(48): Illuminate\Pipeline\Pipeline->Illuminate\Pipeline\{closure}(Object(Illuminate\Http\Request))
#22 C:\Users\cesar\Downloads\No.1\control-volumetrico\vendor\laravel\framework\src\Illuminate\Pipeline\Pipeline.php(219): Illuminate\View\Middleware\ShareErrorsFromSession->handle(Object(Illuminate\Http\Request), Object(Closure))
#23 C:\Users\cesar\Downloads\No.1\control-volumetrico\vendor\laravel\framework\src\Illuminate\Session\Middleware\StartSession.php(120): Illuminate\Pipeline\Pipeline->Illuminate\Pipeline\{closure}(Object(Illuminate\Http\Request))
#24 C:\Users\cesar\Downloads\No.1\control-volumetrico\vendor\laravel\framework\src\Illuminate\Session\Middleware\StartSession.php(63): Illuminate\Session\Middleware\StartSession->handleStatefulRequest(Object(Illuminate\Http\Request), Object(Illuminate\Session\Store), Object(Closure))
#25 C:\Users\cesar\Downloads\No.1\control-volumetrico\vendor\laravel\framework\src\Illuminate\Pipeline\Pipeline.php(219): Illuminate\Session\Middleware\StartSession->handle(Object(Illuminate\Http\Request), Object(Closure))
#26 C:\Users\cesar\Downloads\No.1\control-volumetrico\vendor\laravel\framework\src\Illuminate\Cookie\Middleware\AddQueuedCookiesToResponse.php(36): Illuminate\Pipeline\Pipeline->Illuminate\Pipeline\{closure}(Object(Illuminate\Http\Request))
#27 C:\Users\cesar\Downloads\No.1\control-volumetrico\vendor\laravel\framework\src\Illuminate\Pipeline\Pipeline.php(219): Illuminate\Cookie\Middleware\AddQueuedCookiesToResponse->handle(Object(Illuminate\Http\Request), Object(Closure))
#28 C:\Users\cesar\Downloads\No.1\control-volumetrico\vendor\laravel\framework\src\Illuminate\Cookie\Middleware\EncryptCookies.php(74): Illuminate\Pipeline\Pipeline->Illuminate\Pipeline\{closure}(Object(Illuminate\Http\Request))
#29 C:\Users\cesar\Downloads\No.1\control-volumetrico\vendor\laravel\framework\src\Illuminate\Pipeline\Pipeline.php(219): Illuminate\Cookie\Middleware\EncryptCookies->handle(Object(Illuminate\Http\Request), Object(Closure))
#30 C:\Users\cesar\Downloads\No.1\control-volumetrico\vendor\laravel\framework\src\Illuminate\Pipeline\Pipeline.php(137): Illuminate\Pipeline\Pipeline->Illuminate\Pipeline\{closure}(Object(Illuminate\Http\Request))
#31 C:\Users\cesar\Downloads\No.1\control-volumetrico\vendor\laravel\framework\src\Illuminate\Routing\Router.php(821): Illuminate\Pipeline\Pipeline->then(Object(Closure))
#32 C:\Users\cesar\Downloads\No.1\control-volumetrico\vendor\laravel\framework\src\Illuminate\Routing\Router.php(800): Illuminate\Routing\Router->runRouteWithinStack(Object(Illuminate\Routing\Route), Object(Illuminate\Http\Request))
#33 C:\Users\cesar\Downloads\No.1\control-volumetrico\vendor\laravel\framework\src\Illuminate\Routing\Router.php(764): Illuminate\Routing\Router->runRoute(Object(Illuminate\Http\Request), Object(Illuminate\Routing\Route))
#34 C:\Users\cesar\Downloads\No.1\control-volumetrico\vendor\laravel\framework\src\Illuminate\Routing\Router.php(753): Illuminate\Routing\Router->dispatchToRoute(Object(Illuminate\Http\Request))
#35 C:\Users\cesar\Downloads\No.1\control-volumetrico\vendor\laravel\framework\src\Illuminate\Foundation\Http\Kernel.php(200): Illuminate\Routing\Router->dispatch(Object(Illuminate\Http\Request))
#36 C:\Users\cesar\Downloads\No.1\control-volumetrico\vendor\laravel\framework\src\Illuminate\Pipeline\Pipeline.php(180): Illuminate\Foundation\Http\Kernel->Illuminate\Foundation\Http\{closure}(Object(Illuminate\Http\Request))
#37 C:\Users\cesar\Downloads\No.1\control-volumetrico\vendor\laravel\framework\src\Illuminate\Foundation\Http\Middleware\TransformsRequest.php(21): Illuminate\Pipeline\Pipeline->Illuminate\Pipeline\{closure}(Object(Illuminate\Http\Request))
#38 C:\Users\cesar\Downloads\No.1\control-volumetrico\vendor\laravel\framework\src\Illuminate\Foundation\Http\Middleware\ConvertEmptyStringsToNull.php(31): Illuminate\Foundation\Http\Middleware\TransformsRequest->handle(Object(Illuminate\Http\Request), Object(Closure))
#39 C:\Users\cesar\Downloads\No.1\control-volumetrico\vendor\laravel\framework\src\Illuminate\Pipeline\Pipeline.php(219): Illuminate\Foundation\Http\Middleware\ConvertEmptyStringsToNull->handle(Object(Illuminate\Http\Request), Object(Closure))
#40 C:\Users\cesar\Downloads\No.1\control-volumetrico\vendor\laravel\framework\src\Illuminate\Foundation\Http\Middleware\TransformsRequest.php(21): Illuminate\Pipeline\Pipeline->Illuminate\Pipeline\{closure}(Object(Illuminate\Http\Request))
#41 C:\Users\cesar\Downloads\No.1\control-volumetrico\vendor\laravel\framework\src\Illuminate\Foundation\Http\Middleware\TrimStrings.php(51): Illuminate\Foundation\Http\Middleware\TransformsRequest->handle(Object(Illuminate\Http\Request), Object(Closure))
#42 C:\Users\cesar\Downloads\No.1\control-volumetrico\vendor\laravel\framework\src\Illuminate\Pipeline\Pipeline.php(219): Illuminate\Foundation\Http\Middleware\TrimStrings->handle(Object(Illuminate\Http\Request), Object(Closure))
#43 C:\Users\cesar\Downloads\No.1\control-volumetrico\vendor\laravel\framework\src\Illuminate\Http\Middleware\ValidatePostSize.php(27): Illuminate\Pipeline\Pipeline->Illuminate\Pipeline\{closure}(Object(Illuminate\Http\Request))
#44 C:\Users\cesar\Downloads\No.1\control-volumetrico\vendor\laravel\framework\src\Illuminate\Pipeline\Pipeline.php(219): Illuminate\Http\Middleware\ValidatePostSize->handle(Object(Illuminate\Http\Request), Object(Closure))
#45 C:\Users\cesar\Downloads\No.1\control-volumetrico\vendor\laravel\framework\src\Illuminate\Foundation\Http\Middleware\PreventRequestsDuringMaintenance.php(109): Illuminate\Pipeline\Pipeline->Illuminate\Pipeline\{closure}(Object(Illuminate\Http\Request))
#46 C:\Users\cesar\Downloads\No.1\control-volumetrico\vendor\laravel\framework\src\Illuminate\Pipeline\Pipeline.php(219): Illuminate\Foundation\Http\Middleware\PreventRequestsDuringMaintenance->handle(Object(Illuminate\Http\Request), Object(Closure))
#47 C:\Users\cesar\Downloads\No.1\control-volumetrico\vendor\laravel\framework\src\Illuminate\Http\Middleware\HandleCors.php(61): Illuminate\Pipeline\Pipeline->Illuminate\Pipeline\{closure}(Object(Illuminate\Http\Request))
#48 C:\Users\cesar\Downloads\No.1\control-volumetrico\vendor\laravel\framework\src\Illuminate\Pipeline\Pipeline.php(219): Illuminate\Http\Middleware\HandleCors->handle(Object(Illuminate\Http\Request), Object(Closure))
#49 C:\Users\cesar\Downloads\No.1\control-volumetrico\vendor\laravel\framework\src\Illuminate\Http\Middleware\TrustProxies.php(58): Illuminate\Pipeline\Pipeline->Illuminate\Pipeline\{closure}(Object(Illuminate\Http\Request))
#50 C:\Users\cesar\Downloads\No.1\control-volumetrico\vendor\laravel\framework\src\Illuminate\Pipeline\Pipeline.php(219): Illuminate\Http\Middleware\TrustProxies->handle(Object(Illuminate\Http\Request), Object(Closure))
#51 C:\Users\cesar\Downloads\No.1\control-volumetrico\vendor\laravel\framework\src\Illuminate\Foundation\Http\Middleware\InvokeDeferredCallbacks.php(22): Illuminate\Pipeline\Pipeline->Illuminate\Pipeline\{closure}(Object(Illuminate\Http\Request))
#52 C:\Users\cesar\Downloads\No.1\control-volumetrico\vendor\laravel\framework\src\Illuminate\Pipeline\Pipeline.php(219): Illuminate\Foundation\Http\Middleware\InvokeDeferredCallbacks->handle(Object(Illuminate\Http\Request), Object(Closure))
#53 C:\Users\cesar\Downloads\No.1\control-volumetrico\vendor\laravel\framework\src\Illuminate\Http\Middleware\ValidatePathEncoding.php(26): Illuminate\Pipeline\Pipeline->Illuminate\Pipeline\{closure}(Object(Illuminate\Http\Request))
#54 C:\Users\cesar\Downloads\No.1\control-volumetrico\vendor\laravel\framework\src\Illuminate\Pipeline\Pipeline.php(219): Illuminate\Http\Middleware\ValidatePathEncoding->handle(Object(Illuminate\Http\Request), Object(Closure))
#55 C:\Users\cesar\Downloads\No.1\control-volumetrico\vendor\laravel\framework\src\Illuminate\Pipeline\Pipeline.php(137): Illuminate\Pipeline\Pipeline->Illuminate\Pipeline\{closure}(Object(Illuminate\Http\Request))
#56 C:\Users\cesar\Downloads\No.1\control-volumetrico\vendor\laravel\framework\src\Illuminate\Foundation\Http\Kernel.php(175): Illuminate\Pipeline\Pipeline->then(Object(Closure))
#57 C:\Users\cesar\Downloads\No.1\control-volumetrico\vendor\laravel\framework\src\Illuminate\Foundation\Http\Kernel.php(144): Illuminate\Foundation\Http\Kernel->sendRequestThroughRouter(Object(Illuminate\Http\Request))
#58 C:\Users\cesar\Downloads\No.1\control-volumetrico\vendor\laravel\framework\src\Illuminate\Foundation\Testing\Concerns\MakesHttpRequests.php(607): Illuminate\Foundation\Http\Kernel->handle(Object(Illuminate\Http\Request))
#59 C:\Users\cesar\Downloads\No.1\control-volumetrico\vendor\laravel\framework\src\Illuminate\Foundation\Testing\Concerns\MakesHttpRequests.php(368): Illuminate\Foundation\Testing\TestCase->call('GET', '/alarmas/estadi...', Array, Array, Array, Array)
#60 C:\Users\cesar\Downloads\No.1\control-volumetrico\tests\Feature\AlarmaTest.php(206): Illuminate\Foundation\Testing\TestCase->get('/alarmas/estadi...')
#61 C:\Users\cesar\Downloads\No.1\control-volumetrico\vendor\phpunit\phpunit\src\Framework\TestCase.php(1667): Tests\Feature\AlarmaTest->test_estadisticas_displays_statistics()
#62 C:\Users\cesar\Downloads\No.1\control-volumetrico\vendor\phpunit\phpunit\src\Framework\TestCase.php(519): PHPUnit\Framework\TestCase->runTest()
#63 C:\Users\cesar\Downloads\No.1\control-volumetrico\vendor\phpunit\phpunit\src\Framework\TestRunner\TestRunner.php(87): PHPUnit\Framework\TestCase->runBare()
#64 C:\Users\cesar\Downloads\No.1\control-volumetrico\vendor\phpunit\phpunit\src\Framework\TestCase.php(365): PHPUnit\Framework\TestRunner->run(Object(Tests\Feature\AlarmaTest))
#65 C:\Users\cesar\Downloads\No.1\control-volumetrico\vendor\phpunit\phpunit\src\Framework\TestSuite.php(369): PHPUnit\Framework\TestCase->run()
#66 C:\Users\cesar\Downloads\No.1\control-volumetrico\vendor\phpunit\phpunit\src\Framework\TestSuite.php(369): PHPUnit\Framework\TestSuite->run()
#67 C:\Users\cesar\Downloads\No.1\control-volumetrico\vendor\phpunit\phpunit\src\Framework\TestSuite.php(369): PHPUnit\Framework\TestSuite->run()
#68 C:\Users\cesar\Downloads\No.1\control-volumetrico\vendor\phpunit\phpunit\src\TextUI\TestRunner.php(64): PHPUnit\Framework\TestSuite->run()
#69 C:\Users\cesar\Downloads\No.1\control-volumetrico\vendor\phpunit\phpunit\src\TextUI\Application.php(211): PHPUnit\TextUI\TestRunner->run(Object(PHPUnit\TextUI\Configuration\Configuration), Object(PHPUnit\Runner\ResultCache\DefaultResultCache), Object(PHPUnit\Framework\TestSuite))
#70 C:\Users\cesar\Downloads\No.1\control-volumetrico\vendor\phpunit\phpunit\phpunit(104): PHPUnit\TextUI\Application->run(Array)
#71 {main}

Next Illuminate\View\ViewException: Undefined array key "estado_atencion" (View: C:\Users\cesar\Downloads\No.1\control-volumetrico\resources\views\alarmas\show.blade.php) in C:\Users\cesar\Downloads\No.1\control-volumetrico\storage\framework\views\8aac5fb6b37dd3303a918e4f06731329.php:7
Stack trace:
#0 C:\Users\cesar\Downloads\No.1\control-volumetrico\vendor\laravel\framework\src\Illuminate\View\Engines\PhpEngine.php(59): Illuminate\View\Engines\CompilerEngine->handleViewException(Object(ErrorException), 1)
#1 C:\Users\cesar\Downloads\No.1\control-volumetrico\vendor\laravel\framework\src\Illuminate\View\Engines\CompilerEngine.php(76): Illuminate\View\Engines\PhpEngine->evaluatePath('C:\\Users\\cesar\\...', Array)
#2 C:\Users\cesar\Downloads\No.1\control-volumetrico\vendor\laravel\framework\src\Illuminate\View\View.php(208): Illuminate\View\Engines\CompilerEngine->get('C:\\Users\\cesar\\...', Array)
#3 C:\Users\cesar\Downloads\No.1\control-volumetrico\vendor\laravel\framework\src\Illuminate\View\View.php(191): Illuminate\View\View->getContents()
#4 C:\Users\cesar\Downloads\No.1\control-volumetrico\vendor\laravel\framework\src\Illuminate\View\View.php(160): Illuminate\View\View->renderContents()
#5 C:\Users\cesar\Downloads\No.1\control-volumetrico\vendor\laravel\framework\src\Illuminate\Http\Response.php(78): Illuminate\View\View->render()
#6 C:\Users\cesar\Downloads\No.1\control-volumetrico\vendor\laravel\framework\src\Illuminate\Http\Response.php(34): Illuminate\Http\Response->setContent(Object(Illuminate\View\View))
#7 C:\Users\cesar\Downloads\No.1\control-volumetrico\vendor\laravel\framework\src\Illuminate\Routing\Router.php(939): Illuminate\Http\Response->__construct(Object(Illuminate\View\View), 200, Array)
#8 C:\Users\cesar\Downloads\No.1\control-volumetrico\vendor\laravel\framework\src\Illuminate\Routing\Router.php(906): Illuminate\Routing\Router::toResponse(Object(Illuminate\Http\Request), Object(Illuminate\View\View))
#9 C:\Users\cesar\Downloads\No.1\control-volumetrico\vendor\laravel\framework\src\Illuminate\Routing\Router.php(821): Illuminate\Routing\Router->prepareResponse(Object(Illuminate\Http\Request), Object(Illuminate\View\View))
#10 C:\Users\cesar\Downloads\No.1\control-volumetrico\vendor\laravel\framework\src\Illuminate\Pipeline\Pipeline.php(180): Illuminate\Routing\Router->Illuminate\Routing\{closure}(Object(Illuminate\Http\Request))
#11 C:\Users\cesar\Downloads\No.1\control-volumetrico\app\Http\Middleware\ApiAuthenticated.php(18): Illuminate\Pipeline\Pipeline->Illuminate\Pipeline\{closure}(Object(Illuminate\Http\Request))
#12 C:\Users\cesar\Downloads\No.1\control-volumetrico\vendor\laravel\framework\src\Illuminate\Pipeline\Pipeline.php(219): App\Http\Middleware\ApiAuthenticated->handle(Object(Illuminate\Http\Request), Object(Closure))
#13 C:\Users\cesar\Downloads\No.1\control-volumetrico\vendor\laravel\framework\src\Illuminate\Routing\Middleware\SubstituteBindings.php(50): Illuminate\Pipeline\Pipeline->Illuminate\Pipeline\{closure}(Object(Illuminate\Http\Request))
#14 C:\Users\cesar\Downloads\No.1\control-volumetrico\vendor\laravel\framework\src\Illuminate\Pipeline\Pipeline.php(219): Illuminate\Routing\Middleware\SubstituteBindings->handle(Object(Illuminate\Http\Request), Object(Closure))
#15 C:\Users\cesar\Downloads\No.1\control-volumetrico\vendor\laravel\framework\src\Illuminate\Foundation\Http\Middleware\VerifyCsrfToken.php(87): Illuminate\Pipeline\Pipeline->Illuminate\Pipeline\{closure}(Object(Illuminate\Http\Request))
#16 C:\Users\cesar\Downloads\No.1\control-volumetrico\vendor\laravel\framework\src\Illuminate\Pipeline\Pipeline.php(219): Illuminate\Foundation\Http\Middleware\VerifyCsrfToken->handle(Object(Illuminate\Http\Request), Object(Closure))
#17 C:\Users\cesar\Downloads\No.1\control-volumetrico\vendor\laravel\framework\src\Illuminate\View\Middleware\ShareErrorsFromSession.php(48): Illuminate\Pipeline\Pipeline->Illuminate\Pipeline\{closure}(Object(Illuminate\Http\Request))
#18 C:\Users\cesar\Downloads\No.1\control-volumetrico\vendor\laravel\framework\src\Illuminate\Pipeline\Pipeline.php(219): Illuminate\View\Middleware\ShareErrorsFromSession->handle(Object(Illuminate\Http\Request), Object(Closure))
#19 C:\Users\cesar\Downloads\No.1\control-volumetrico\vendor\laravel\framework\src\Illuminate\Session\Middleware\StartSession.php(120): Illuminate\Pipeline\Pipeline->Illuminate\Pipeline\{closure}(Object(Illuminate\Http\Request))
#20 C:\Users\cesar\Downloads\No.1\control-volumetrico\vendor\laravel\framework\src\Illuminate\Session\Middleware\StartSession.php(63): Illuminate\Session\Middleware\StartSession->handleStatefulRequest(Object(Illuminate\Http\Request), Object(Illuminate\Session\Store), Object(Closure))
#21 C:\Users\cesar\Downloads\No.1\control-volumetrico\vendor\laravel\framework\src\Illuminate\Pipeline\Pipeline.php(219): Illuminate\Session\Middleware\StartSession->handle(Object(Illuminate\Http\Request), Object(Closure))
#22 C:\Users\cesar\Downloads\No.1\control-volumetrico\vendor\laravel\framework\src\Illuminate\Cookie\Middleware\AddQueuedCookiesToResponse.php(36): Illuminate\Pipeline\Pipeline->Illuminate\Pipeline\{closure}(Object(Illuminate\Http\Request))
#23 C:\Users\cesar\Downloads\No.1\control-volumetrico\vendor\laravel\framework\src\Illuminate\Pipeline\Pipeline.php(219): Illuminate\Cookie\Middleware\AddQueuedCookiesToResponse->handle(Object(Illuminate\Http\Request), Object(Closure))
#24 C:\Users\cesar\Downloads\No.1\control-volumetrico\vendor\laravel\framework\src\Illuminate\Cookie\Middleware\EncryptCookies.php(74): Illuminate\Pipeline\Pipeline->Illuminate\Pipeline\{closure}(Object(Illuminate\Http\Request))
#25 C:\Users\cesar\Downloads\No.1\control-volumetrico\vendor\laravel\framework\src\Illuminate\Pipeline\Pipeline.php(219): Illuminate\Cookie\Middleware\EncryptCookies->handle(Object(Illuminate\Http\Request), Object(Closure))
#26 C:\Users\cesar\Downloads\No.1\control-volumetrico\vendor\laravel\framework\src\Illuminate\Pipeline\Pipeline.php(137): Illuminate\Pipeline\Pipeline->Illuminate\Pipeline\{closure}(Object(Illuminate\Http\Request))
#27 C:\Users\cesar\Downloads\No.1\control-volumetrico\vendor\laravel\framework\src\Illuminate\Routing\Router.php(821): Illuminate\Pipeline\Pipeline->then(Object(Closure))
#28 C:\Users\cesar\Downloads\No.1\control-volumetrico\vendor\laravel\framework\src\Illuminate\Routing\Router.php(800): Illuminate\Routing\Router->runRouteWithinStack(Object(Illuminate\Routing\Route), Object(Illuminate\Http\Request))
#29 C:\Users\cesar\Downloads\No.1\control-volumetrico\vendor\laravel\framework\src\Illuminate\Routing\Router.php(764): Illuminate\Routing\Router->runRoute(Object(Illuminate\Http\Request), Object(Illuminate\Routing\Route))
#30 C:\Users\cesar\Downloads\No.1\control-volumetrico\vendor\laravel\framework\src\Illuminate\Routing\Router.php(753): Illuminate\Routing\Router->dispatchToRoute(Object(Illuminate\Http\Request))
#31 C:\Users\cesar\Downloads\No.1\control-volumetrico\vendor\laravel\framework\src\Illuminate\Foundation\Http\Kernel.php(200): Illuminate\Routing\Router->dispatch(Object(Illuminate\Http\Request))
#32 C:\Users\cesar\Downloads\No.1\control-volumetrico\vendor\laravel\framework\src\Illuminate\Pipeline\Pipeline.php(180): Illuminate\Foundation\Http\Kernel->Illuminate\Foundation\Http\{closure}(Object(Illuminate\Http\Request))
#33 C:\Users\cesar\Downloads\No.1\control-volumetrico\vendor\laravel\framework\src\Illuminate\Foundation\Http\Middleware\TransformsRequest.php(21): Illuminate\Pipeline\Pipeline->Illuminate\Pipeline\{closure}(Object(Illuminate\Http\Request))
#34 C:\Users\cesar\Downloads\No.1\control-volumetrico\vendor\laravel\framework\src\Illuminate\Foundation\Http\Middleware\ConvertEmptyStringsToNull.php(31): Illuminate\Foundation\Http\Middleware\TransformsRequest->handle(Object(Illuminate\Http\Request), Object(Closure))
#35 C:\Users\cesar\Downloads\No.1\control-volumetrico\vendor\laravel\framework\src\Illuminate\Pipeline\Pipeline.php(219): Illuminate\Foundation\Http\Middleware\ConvertEmptyStringsToNull->handle(Object(Illuminate\Http\Request), Object(Closure))
#36 C:\Users\cesar\Downloads\No.1\control-volumetrico\vendor\laravel\framework\src\Illuminate\Foundation\Http\Middleware\TransformsRequest.php(21): Illuminate\Pipeline\Pipeline->Illuminate\Pipeline\{closure}(Object(Illuminate\Http\Request))
#37 C:\Users\cesar\Downloads\No.1\control-volumetrico\vendor\laravel\framework\src\Illuminate\Foundation\Http\Middleware\TrimStrings.php(51): Illuminate\Foundation\Http\Middleware\TransformsRequest->handle(Object(Illuminate\Http\Request), Object(Closure))
#38 C:\Users\cesar\Downloads\No.1\control-volumetrico\vendor\laravel\framework\src\Illuminate\Pipeline\Pipeline.php(219): Illuminate\Foundation\Http\Middleware\TrimStrings->handle(Object(Illuminate\Http\Request), Object(Closure))
#39 C:\Users\cesar\Downloads\No.1\control-volumetrico\vendor\laravel\framework\src\Illuminate\Http\Middleware\ValidatePostSize.php(27): Illuminate\Pipeline\Pipeline->Illuminate\Pipeline\{closure}(Object(Illuminate\Http\Request))
#40 C:\Users\cesar\Downloads\No.1\control-volumetrico\vendor\laravel\framework\src\Illuminate\Pipeline\Pipeline.php(219): Illuminate\Http\Middleware\ValidatePostSize->handle(Object(Illuminate\Http\Request), Object(Closure))
#41 C:\Users\cesar\Downloads\No.1\control-volumetrico\vendor\laravel\framework\src\Illuminate\Foundation\Http\Middleware\PreventRequestsDuringMaintenance.php(109): Illuminate\Pipeline\Pipeline->Illuminate\Pipeline\{closure}(Object(Illuminate\Http\Request))
#42 C:\Users\cesar\Downloads\No.1\control-volumetrico\vendor\laravel\framework\src\Illuminate\Pipeline\Pipeline.php(219): Illuminate\Foundation\Http\Middleware\PreventRequestsDuringMaintenance->handle(Object(Illuminate\Http\Request), Object(Closure))
#43 C:\Users\cesar\Downloads\No.1\control-volumetrico\vendor\laravel\framework\src\Illuminate\Http\Middleware\HandleCors.php(61): Illuminate\Pipeline\Pipeline->Illuminate\Pipeline\{closure}(Object(Illuminate\Http\Request))
#44 C:\Users\cesar\Downloads\No.1\control-volumetrico\vendor\laravel\framework\src\Illuminate\Pipeline\Pipeline.php(219): Illuminate\Http\Middleware\HandleCors->handle(Object(Illuminate\Http\Request), Object(Closure))
#45 C:\Users\cesar\Downloads\No.1\control-volumetrico\vendor\laravel\framework\src\Illuminate\Http\Middleware\TrustProxies.php(58): Illuminate\Pipeline\Pipeline->Illuminate\Pipeline\{closure}(Object(Illuminate\Http\Request))
#46 C:\Users\cesar\Downloads\No.1\control-volumetrico\vendor\laravel\framework\src\Illuminate\Pipeline\Pipeline.php(219): Illuminate\Http\Middleware\TrustProxies->handle(Object(Illuminate\Http\Request), Object(Closure))
#47 C:\Users\cesar\Downloads\No.1\control-volumetrico\vendor\laravel\framework\src\Illuminate\Foundation\Http\Middleware\InvokeDeferredCallbacks.php(22): Illuminate\Pipeline\Pipeline->Illuminate\Pipeline\{closure}(Object(Illuminate\Http\Request))
#48 C:\Users\cesar\Downloads\No.1\control-volumetrico\vendor\laravel\framework\src\Illuminate\Pipeline\Pipeline.php(219): Illuminate\Foundation\Http\Middleware\InvokeDeferredCallbacks->handle(Object(Illuminate\Http\Request), Object(Closure))
#49 C:\Users\cesar\Downloads\No.1\control-volumetrico\vendor\laravel\framework\src\Illuminate\Http\Middleware\ValidatePathEncoding.php(26): Illuminate\Pipeline\Pipeline->Illuminate\Pipeline\{closure}(Object(Illuminate\Http\Request))
#50 C:\Users\cesar\Downloads\No.1\control-volumetrico\vendor\laravel\framework\src\Illuminate\Pipeline\Pipeline.php(219): Illuminate\Http\Middleware\ValidatePathEncoding->handle(Object(Illuminate\Http\Request), Object(Closure))
#51 C:\Users\cesar\Downloads\No.1\control-volumetrico\vendor\laravel\framework\src\Illuminate\Pipeline\Pipeline.php(137): Illuminate\Pipeline\Pipeline->Illuminate\Pipeline\{closure}(Object(Illuminate\Http\Request))
#52 C:\Users\cesar\Downloads\No.1\control-volumetrico\vendor\laravel\framework\src\Illuminate\Foundation\Http\Kernel.php(175): Illuminate\Pipeline\Pipeline->then(Object(Closure))
#53 C:\Users\cesar\Downloads\No.1\control-volumetrico\vendor\laravel\framework\src\Illuminate\Foundation\Http\Kernel.php(144): Illuminate\Foundation\Http\Kernel->sendRequestThroughRouter(Object(Illuminate\Http\Request))
#54 C:\Users\cesar\Downloads\No.1\control-volumetrico\vendor\laravel\framework\src\Illuminate\Foundation\Testing\Concerns\MakesHttpRequests.php(607): Illuminate\Foundation\Http\Kernel->handle(Object(Illuminate\Http\Request))
#55 C:\Users\cesar\Downloads\No.1\control-volumetrico\vendor\laravel\framework\src\Illuminate\Foundation\Testing\Concerns\MakesHttpRequests.php(368): Illuminate\Foundation\Testing\TestCase->call('GET', '/alarmas/estadi...', Array, Array, Array, Array)
#56 C:\Users\cesar\Downloads\No.1\control-volumetrico\tests\Feature\AlarmaTest.php(206): Illuminate\Foundation\Testing\TestCase->get('/alarmas/estadi...')
#57 C:\Users\cesar\Downloads\No.1\control-volumetrico\vendor\phpunit\phpunit\src\Framework\TestCase.php(1667): Tests\Feature\AlarmaTest->test_estadisticas_displays_statistics()
#58 C:\Users\cesar\Downloads\No.1\control-volumetrico\vendor\phpunit\phpunit\src\Framework\TestCase.php(519): PHPUnit\Framework\TestCase->runTest()
#59 C:\Users\cesar\Downloads\No.1\control-volumetrico\vendor\phpunit\phpunit\src\Framework\TestRunner\TestRunner.php(87): PHPUnit\Framework\TestCase->runBare()
#60 C:\Users\cesar\Downloads\No.1\control-volumetrico\vendor\phpunit\phpunit\src\Framework\TestCase.php(365): PHPUnit\Framework\TestRunner->run(Object(Tests\Feature\AlarmaTest))
#61 C:\Users\cesar\Downloads\No.1\control-volumetrico\vendor\phpunit\phpunit\src\Framework\TestSuite.php(369): PHPUnit\Framework\TestCase->run()
#62 C:\Users\cesar\Downloads\No.1\control-volumetrico\vendor\phpunit\phpunit\src\Framework\TestSuite.php(369): PHPUnit\Framework\TestSuite->run()
#63 C:\Users\cesar\Downloads\No.1\control-volumetrico\vendor\phpunit\phpunit\src\Framework\TestSuite.php(369): PHPUnit\Framework\TestSuite->run()
#64 C:\Users\cesar\Downloads\No.1\control-volumetrico\vendor\phpunit\phpunit\src\TextUI\TestRunner.php(64): PHPUnit\Framework\TestSuite->run()
#65 C:\Users\cesar\Downloads\No.1\control-volumetrico\vendor\phpunit\phpunit\src\TextUI\Application.php(211): PHPUnit\TextUI\TestRunner->run(Object(PHPUnit\TextUI\Configuration\Configuration), Object(PHPUnit\Runner\ResultCache\DefaultResultCache), Object(PHPUnit\Framework\TestSuite))
#66 C:\Users\cesar\Downloads\No.1\control-volumetrico\vendor\phpunit\phpunit\phpunit(104): PHPUnit\TextUI\Application->run(Array)
#67 {main}

----------------------------------------------------------------------------------

Undefined array key "estado_atencion" (View: C:\Users\cesar\Downloads\No.1\control-volumetrico\resources\views\alarmas\show.blade.php)[39;22m

  at [32mtests\Feature\AlarmaTest.php[39m:[32m208[39m
    204▕         $this->mockSuccessfulResponse('/api/alarmas/estadisticas', $estadisticas);
    205▕ 
    206▕         $response = $this->get('/alarmas/estadisticas?' . http_build_query($filters));
    207▕ 
  ➜ 208▕         $response->assertStatus(200);
    209▕         $response->assertViewIs('alarmas.estadisticas');
    210▕         $response->assertViewHas('estadisticas', $estadisticas);
    211▕     }
    212▕

  [31m────────────────────────────────────────────────────────────────────────────────────────────────────────────────────[39m  
  [41;1m FAILED [49;22m [1mTests\Feature\AlarmaTest[22m [90m>[39m activas displays active alarms                                                    
[39;1m  Failed asserting that [alarmas] matches the expected value.
Failed asserting that two arrays are equal.
--- Expected
+++ Actual
@@ @@
 Array (
-    0 => [...]
-    1 => [...]
 )[39;22m

  at [32mtests\Feature\AlarmaTest.php[39m:[32m227[39m
    223▕         $response = $this->get('/alarmas/activas/list');
    224▕ 
    225▕         $response->assertStatus(200);
    226▕         $response->assertViewIs('alarmas.activas');
  ➜ 227▕         $response->assertViewHas('alarmas', $activeAlarms);
    228▕     }
    229▕ 
    230▕     /** @test */
    231▕     public function test_update_modifies_alarm_successfully()

  [31m────────────────────────────────────────────────────────────────────────────────────────────────────────────────────[39m  
  [41;1m FAILED [49;22m [1mTests\Feature\AlarmaTest[22m [90m>[39m exportar downloads file                                                           
[39;1m  Expected response status code [200] but received 500.
Failed asserting that 500 is identical to 200.

The following exception occurred during the last request:

ErrorException: Undefined array key "estado_atencion" in C:\Users\cesar\Downloads\No.1\control-volumetrico\storage\framework\views\8aac5fb6b37dd3303a918e4f06731329.php:7
Stack trace:
#0 C:\Users\cesar\Downloads\No.1\control-volumetrico\vendor\laravel\framework\src\Illuminate\Foundation\Bootstrap\HandleExceptions.php(258): Illuminate\Foundation\Bootstrap\HandleExceptions->handleError(2, 'Undefined array...', 'C:\\Users\\cesar\\...', 7)
#1 C:\Users\cesar\Downloads\No.1\control-volumetrico\storage\framework\views\8aac5fb6b37dd3303a918e4f06731329.php(7): Illuminate\Foundation\Bootstrap\HandleExceptions->Illuminate\Foundation\Bootstrap\{closure}(2, 'Undefined array...', 'C:\\Users\\cesar\\...', 7)
#2 C:\Users\cesar\Downloads\No.1\control-volumetrico\vendor\laravel\framework\src\Illuminate\Filesystem\Filesystem.php(123): require('C:\\Users\\cesar\\...')
#3 C:\Users\cesar\Downloads\No.1\control-volumetrico\vendor\laravel\framework\src\Illuminate\Filesystem\Filesystem.php(124): Illuminate\Filesystem\Filesystem::Illuminate\Filesystem\{closure}()
#4 C:\Users\cesar\Downloads\No.1\control-volumetrico\vendor\laravel\framework\src\Illuminate\View\Engines\PhpEngine.php(57): Illuminate\Filesystem\Filesystem->getRequire('C:\\Users\\cesar\\...', Array)
#5 C:\Users\cesar\Downloads\No.1\control-volumetrico\vendor\laravel\framework\src\Illuminate\View\Engines\CompilerEngine.php(76): Illuminate\View\Engines\PhpEngine->evaluatePath('C:\\Users\\cesar\\...', Array)
#6 C:\Users\cesar\Downloads\No.1\control-volumetrico\vendor\laravel\framework\src\Illuminate\View\View.php(208): Illuminate\View\Engines\CompilerEngine->get('C:\\Users\\cesar\\...', Array)
#7 C:\Users\cesar\Downloads\No.1\control-volumetrico\vendor\laravel\framework\src\Illuminate\View\View.php(191): Illuminate\View\View->getContents()
#8 C:\Users\cesar\Downloads\No.1\control-volumetrico\vendor\laravel\framework\src\Illuminate\View\View.php(160): Illuminate\View\View->renderContents()
#9 C:\Users\cesar\Downloads\No.1\control-volumetrico\vendor\laravel\framework\src\Illuminate\Http\Response.php(78): Illuminate\View\View->render()
#10 C:\Users\cesar\Downloads\No.1\control-volumetrico\vendor\laravel\framework\src\Illuminate\Http\Response.php(34): Illuminate\Http\Response->setContent(Object(Illuminate\View\View))
#11 C:\Users\cesar\Downloads\No.1\control-volumetrico\vendor\laravel\framework\src\Illuminate\Routing\Router.php(939): Illuminate\Http\Response->__construct(Object(Illuminate\View\View), 200, Array)
#12 C:\Users\cesar\Downloads\No.1\control-volumetrico\vendor\laravel\framework\src\Illuminate\Routing\Router.php(906): Illuminate\Routing\Router::toResponse(Object(Illuminate\Http\Request), Object(Illuminate\View\View))
#13 C:\Users\cesar\Downloads\No.1\control-volumetrico\vendor\laravel\framework\src\Illuminate\Routing\Router.php(821): Illuminate\Routing\Router->prepareResponse(Object(Illuminate\Http\Request), Object(Illuminate\View\View))
#14 C:\Users\cesar\Downloads\No.1\control-volumetrico\vendor\laravel\framework\src\Illuminate\Pipeline\Pipeline.php(180): Illuminate\Routing\Router->Illuminate\Routing\{closure}(Object(Illuminate\Http\Request))
#15 C:\Users\cesar\Downloads\No.1\control-volumetrico\app\Http\Middleware\ApiAuthenticated.php(18): Illuminate\Pipeline\Pipeline->Illuminate\Pipeline\{closure}(Object(Illuminate\Http\Request))
#16 C:\Users\cesar\Downloads\No.1\control-volumetrico\vendor\laravel\framework\src\Illuminate\Pipeline\Pipeline.php(219): App\Http\Middleware\ApiAuthenticated->handle(Object(Illuminate\Http\Request), Object(Closure))
#17 C:\Users\cesar\Downloads\No.1\control-volumetrico\vendor\laravel\framework\src\Illuminate\Routing\Middleware\SubstituteBindings.php(50): Illuminate\Pipeline\Pipeline->Illuminate\Pipeline\{closure}(Object(Illuminate\Http\Request))
#18 C:\Users\cesar\Downloads\No.1\control-volumetrico\vendor\laravel\framework\src\Illuminate\Pipeline\Pipeline.php(219): Illuminate\Routing\Middleware\SubstituteBindings->handle(Object(Illuminate\Http\Request), Object(Closure))
#19 C:\Users\cesar\Downloads\No.1\control-volumetrico\vendor\laravel\framework\src\Illuminate\Foundation\Http\Middleware\VerifyCsrfToken.php(87): Illuminate\Pipeline\Pipeline->Illuminate\Pipeline\{closure}(Object(Illuminate\Http\Request))
#20 C:\Users\cesar\Downloads\No.1\control-volumetrico\vendor\laravel\framework\src\Illuminate\Pipeline\Pipeline.php(219): Illuminate\Foundation\Http\Middleware\VerifyCsrfToken->handle(Object(Illuminate\Http\Request), Object(Closure))
#21 C:\Users\cesar\Downloads\No.1\control-volumetrico\vendor\laravel\framework\src\Illuminate\View\Middleware\ShareErrorsFromSession.php(48): Illuminate\Pipeline\Pipeline->Illuminate\Pipeline\{closure}(Object(Illuminate\Http\Request))
#22 C:\Users\cesar\Downloads\No.1\control-volumetrico\vendor\laravel\framework\src\Illuminate\Pipeline\Pipeline.php(219): Illuminate\View\Middleware\ShareErrorsFromSession->handle(Object(Illuminate\Http\Request), Object(Closure))
#23 C:\Users\cesar\Downloads\No.1\control-volumetrico\vendor\laravel\framework\src\Illuminate\Session\Middleware\StartSession.php(120): Illuminate\Pipeline\Pipeline->Illuminate\Pipeline\{closure}(Object(Illuminate\Http\Request))
#24 C:\Users\cesar\Downloads\No.1\control-volumetrico\vendor\laravel\framework\src\Illuminate\Session\Middleware\StartSession.php(63): Illuminate\Session\Middleware\StartSession->handleStatefulRequest(Object(Illuminate\Http\Request), Object(Illuminate\Session\Store), Object(Closure))
#25 C:\Users\cesar\Downloads\No.1\control-volumetrico\vendor\laravel\framework\src\Illuminate\Pipeline\Pipeline.php(219): Illuminate\Session\Middleware\StartSession->handle(Object(Illuminate\Http\Request), Object(Closure))
#26 C:\Users\cesar\Downloads\No.1\control-volumetrico\vendor\laravel\framework\src\Illuminate\Cookie\Middleware\AddQueuedCookiesToResponse.php(36): Illuminate\Pipeline\Pipeline->Illuminate\Pipeline\{closure}(Object(Illuminate\Http\Request))
#27 C:\Users\cesar\Downloads\No.1\control-volumetrico\vendor\laravel\framework\src\Illuminate\Pipeline\Pipeline.php(219): Illuminate\Cookie\Middleware\AddQueuedCookiesToResponse->handle(Object(Illuminate\Http\Request), Object(Closure))
#28 C:\Users\cesar\Downloads\No.1\control-volumetrico\vendor\laravel\framework\src\Illuminate\Cookie\Middleware\EncryptCookies.php(74): Illuminate\Pipeline\Pipeline->Illuminate\Pipeline\{closure}(Object(Illuminate\Http\Request))
#29 C:\Users\cesar\Downloads\No.1\control-volumetrico\vendor\laravel\framework\src\Illuminate\Pipeline\Pipeline.php(219): Illuminate\Cookie\Middleware\EncryptCookies->handle(Object(Illuminate\Http\Request), Object(Closure))
#30 C:\Users\cesar\Downloads\No.1\control-volumetrico\vendor\laravel\framework\src\Illuminate\Pipeline\Pipeline.php(137): Illuminate\Pipeline\Pipeline->Illuminate\Pipeline\{closure}(Object(Illuminate\Http\Request))
#31 C:\Users\cesar\Downloads\No.1\control-volumetrico\vendor\laravel\framework\src\Illuminate\Routing\Router.php(821): Illuminate\Pipeline\Pipeline->then(Object(Closure))
#32 C:\Users\cesar\Downloads\No.1\control-volumetrico\vendor\laravel\framework\src\Illuminate\Routing\Router.php(800): Illuminate\Routing\Router->runRouteWithinStack(Object(Illuminate\Routing\Route), Object(Illuminate\Http\Request))
#33 C:\Users\cesar\Downloads\No.1\control-volumetrico\vendor\laravel\framework\src\Illuminate\Routing\Router.php(764): Illuminate\Routing\Router->runRoute(Object(Illuminate\Http\Request), Object(Illuminate\Routing\Route))
#34 C:\Users\cesar\Downloads\No.1\control-volumetrico\vendor\laravel\framework\src\Illuminate\Routing\Router.php(753): Illuminate\Routing\Router->dispatchToRoute(Object(Illuminate\Http\Request))
#35 C:\Users\cesar\Downloads\No.1\control-volumetrico\vendor\laravel\framework\src\Illuminate\Foundation\Http\Kernel.php(200): Illuminate\Routing\Router->dispatch(Object(Illuminate\Http\Request))
#36 C:\Users\cesar\Downloads\No.1\control-volumetrico\vendor\laravel\framework\src\Illuminate\Pipeline\Pipeline.php(180): Illuminate\Foundation\Http\Kernel->Illuminate\Foundation\Http\{closure}(Object(Illuminate\Http\Request))
#37 C:\Users\cesar\Downloads\No.1\control-volumetrico\vendor\laravel\framework\src\Illuminate\Foundation\Http\Middleware\TransformsRequest.php(21): Illuminate\Pipeline\Pipeline->Illuminate\Pipeline\{closure}(Object(Illuminate\Http\Request))
#38 C:\Users\cesar\Downloads\No.1\control-volumetrico\vendor\laravel\framework\src\Illuminate\Foundation\Http\Middleware\ConvertEmptyStringsToNull.php(31): Illuminate\Foundation\Http\Middleware\TransformsRequest->handle(Object(Illuminate\Http\Request), Object(Closure))
#39 C:\Users\cesar\Downloads\No.1\control-volumetrico\vendor\laravel\framework\src\Illuminate\Pipeline\Pipeline.php(219): Illuminate\Foundation\Http\Middleware\ConvertEmptyStringsToNull->handle(Object(Illuminate\Http\Request), Object(Closure))
#40 C:\Users\cesar\Downloads\No.1\control-volumetrico\vendor\laravel\framework\src\Illuminate\Foundation\Http\Middleware\TransformsRequest.php(21): Illuminate\Pipeline\Pipeline->Illuminate\Pipeline\{closure}(Object(Illuminate\Http\Request))
#41 C:\Users\cesar\Downloads\No.1\control-volumetrico\vendor\laravel\framework\src\Illuminate\Foundation\Http\Middleware\TrimStrings.php(51): Illuminate\Foundation\Http\Middleware\TransformsRequest->handle(Object(Illuminate\Http\Request), Object(Closure))
#42 C:\Users\cesar\Downloads\No.1\control-volumetrico\vendor\laravel\framework\src\Illuminate\Pipeline\Pipeline.php(219): Illuminate\Foundation\Http\Middleware\TrimStrings->handle(Object(Illuminate\Http\Request), Object(Closure))
#43 C:\Users\cesar\Downloads\No.1\control-volumetrico\vendor\laravel\framework\src\Illuminate\Http\Middleware\ValidatePostSize.php(27): Illuminate\Pipeline\Pipeline->Illuminate\Pipeline\{closure}(Object(Illuminate\Http\Request))
#44 C:\Users\cesar\Downloads\No.1\control-volumetrico\vendor\laravel\framework\src\Illuminate\Pipeline\Pipeline.php(219): Illuminate\Http\Middleware\ValidatePostSize->handle(Object(Illuminate\Http\Request), Object(Closure))
#45 C:\Users\cesar\Downloads\No.1\control-volumetrico\vendor\laravel\framework\src\Illuminate\Foundation\Http\Middleware\PreventRequestsDuringMaintenance.php(109): Illuminate\Pipeline\Pipeline->Illuminate\Pipeline\{closure}(Object(Illuminate\Http\Request))
#46 C:\Users\cesar\Downloads\No.1\control-volumetrico\vendor\laravel\framework\src\Illuminate\Pipeline\Pipeline.php(219): Illuminate\Foundation\Http\Middleware\PreventRequestsDuringMaintenance->handle(Object(Illuminate\Http\Request), Object(Closure))
#47 C:\Users\cesar\Downloads\No.1\control-volumetrico\vendor\laravel\framework\src\Illuminate\Http\Middleware\HandleCors.php(61): Illuminate\Pipeline\Pipeline->Illuminate\Pipeline\{closure}(Object(Illuminate\Http\Request))
#48 C:\Users\cesar\Downloads\No.1\control-volumetrico\vendor\laravel\framework\src\Illuminate\Pipeline\Pipeline.php(219): Illuminate\Http\Middleware\HandleCors->handle(Object(Illuminate\Http\Request), Object(Closure))
#49 C:\Users\cesar\Downloads\No.1\control-volumetrico\vendor\laravel\framework\src\Illuminate\Http\Middleware\TrustProxies.php(58): Illuminate\Pipeline\Pipeline->Illuminate\Pipeline\{closure}(Object(Illuminate\Http\Request))
#50 C:\Users\cesar\Downloads\No.1\control-volumetrico\vendor\laravel\framework\src\Illuminate\Pipeline\Pipeline.php(219): Illuminate\Http\Middleware\TrustProxies->handle(Object(Illuminate\Http\Request), Object(Closure))
#51 C:\Users\cesar\Downloads\No.1\control-volumetrico\vendor\laravel\framework\src\Illuminate\Foundation\Http\Middleware\InvokeDeferredCallbacks.php(22): Illuminate\Pipeline\Pipeline->Illuminate\Pipeline\{closure}(Object(Illuminate\Http\Request))
#52 C:\Users\cesar\Downloads\No.1\control-volumetrico\vendor\laravel\framework\src\Illuminate\Pipeline\Pipeline.php(219): Illuminate\Foundation\Http\Middleware\InvokeDeferredCallbacks->handle(Object(Illuminate\Http\Request), Object(Closure))
#53 C:\Users\cesar\Downloads\No.1\control-volumetrico\vendor\laravel\framework\src\Illuminate\Http\Middleware\ValidatePathEncoding.php(26): Illuminate\Pipeline\Pipeline->Illuminate\Pipeline\{closure}(Object(Illuminate\Http\Request))
#54 C:\Users\cesar\Downloads\No.1\control-volumetrico\vendor\laravel\framework\src\Illuminate\Pipeline\Pipeline.php(219): Illuminate\Http\Middleware\ValidatePathEncoding->handle(Object(Illuminate\Http\Request), Object(Closure))
#55 C:\Users\cesar\Downloads\No.1\control-volumetrico\vendor\laravel\framework\src\Illuminate\Pipeline\Pipeline.php(137): Illuminate\Pipeline\Pipeline->Illuminate\Pipeline\{closure}(Object(Illuminate\Http\Request))
#56 C:\Users\cesar\Downloads\No.1\control-volumetrico\vendor\laravel\framework\src\Illuminate\Foundation\Http\Kernel.php(175): Illuminate\Pipeline\Pipeline->then(Object(Closure))
#57 C:\Users\cesar\Downloads\No.1\control-volumetrico\vendor\laravel\framework\src\Illuminate\Foundation\Http\Kernel.php(144): Illuminate\Foundation\Http\Kernel->sendRequestThroughRouter(Object(Illuminate\Http\Request))
#58 C:\Users\cesar\Downloads\No.1\control-volumetrico\vendor\laravel\framework\src\Illuminate\Foundation\Testing\Concerns\MakesHttpRequests.php(607): Illuminate\Foundation\Http\Kernel->handle(Object(Illuminate\Http\Request))
#59 C:\Users\cesar\Downloads\No.1\control-volumetrico\vendor\laravel\framework\src\Illuminate\Foundation\Testing\Concerns\MakesHttpRequests.php(368): Illuminate\Foundation\Testing\TestCase->call('GET', '/alarmas/export...', Array, Array, Array, Array)
#60 C:\Users\cesar\Downloads\No.1\control-volumetrico\tests\Feature\AlarmaTest.php(273): Illuminate\Foundation\Testing\TestCase->get('/alarmas/export...')
#61 C:\Users\cesar\Downloads\No.1\control-volumetrico\vendor\phpunit\phpunit\src\Framework\TestCase.php(1667): Tests\Feature\AlarmaTest->test_exportar_downloads_file()
#62 C:\Users\cesar\Downloads\No.1\control-volumetrico\vendor\phpunit\phpunit\src\Framework\TestCase.php(519): PHPUnit\Framework\TestCase->runTest()
#63 C:\Users\cesar\Downloads\No.1\control-volumetrico\vendor\phpunit\phpunit\src\Framework\TestRunner\TestRunner.php(87): PHPUnit\Framework\TestCase->runBare()
#64 C:\Users\cesar\Downloads\No.1\control-volumetrico\vendor\phpunit\phpunit\src\Framework\TestCase.php(365): PHPUnit\Framework\TestRunner->run(Object(Tests\Feature\AlarmaTest))
#65 C:\Users\cesar\Downloads\No.1\control-volumetrico\vendor\phpunit\phpunit\src\Framework\TestSuite.php(369): PHPUnit\Framework\TestCase->run()
#66 C:\Users\cesar\Downloads\No.1\control-volumetrico\vendor\phpunit\phpunit\src\Framework\TestSuite.php(369): PHPUnit\Framework\TestSuite->run()
#67 C:\Users\cesar\Downloads\No.1\control-volumetrico\vendor\phpunit\phpunit\src\Framework\TestSuite.php(369): PHPUnit\Framework\TestSuite->run()
#68 C:\Users\cesar\Downloads\No.1\control-volumetrico\vendor\phpunit\phpunit\src\TextUI\TestRunner.php(64): PHPUnit\Framework\TestSuite->run()
#69 C:\Users\cesar\Downloads\No.1\control-volumetrico\vendor\phpunit\phpunit\src\TextUI\Application.php(211): PHPUnit\TextUI\TestRunner->run(Object(PHPUnit\TextUI\Configuration\Configuration), Object(PHPUnit\Runner\ResultCache\DefaultResultCache), Object(PHPUnit\Framework\TestSuite))
#70 C:\Users\cesar\Downloads\No.1\control-volumetrico\vendor\phpunit\phpunit\phpunit(104): PHPUnit\TextUI\Application->run(Array)
#71 {main}

Next Illuminate\View\ViewException: Undefined array key "estado_atencion" (View: C:\Users\cesar\Downloads\No.1\control-volumetrico\resources\views\alarmas\show.blade.php) in C:\Users\cesar\Downloads\No.1\control-volumetrico\storage\framework\views\8aac5fb6b37dd3303a918e4f06731329.php:7
Stack trace:
#0 C:\Users\cesar\Downloads\No.1\control-volumetrico\vendor\laravel\framework\src\Illuminate\View\Engines\PhpEngine.php(59): Illuminate\View\Engines\CompilerEngine->handleViewException(Object(ErrorException), 1)
#1 C:\Users\cesar\Downloads\No.1\control-volumetrico\vendor\laravel\framework\src\Illuminate\View\Engines\CompilerEngine.php(76): Illuminate\View\Engines\PhpEngine->evaluatePath('C:\\Users\\cesar\\...', Array)
#2 C:\Users\cesar\Downloads\No.1\control-volumetrico\vendor\laravel\framework\src\Illuminate\View\View.php(208): Illuminate\View\Engines\CompilerEngine->get('C:\\Users\\cesar\\...', Array)
#3 C:\Users\cesar\Downloads\No.1\control-volumetrico\vendor\laravel\framework\src\Illuminate\View\View.php(191): Illuminate\View\View->getContents()
#4 C:\Users\cesar\Downloads\No.1\control-volumetrico\vendor\laravel\framework\src\Illuminate\View\View.php(160): Illuminate\View\View->renderContents()
#5 C:\Users\cesar\Downloads\No.1\control-volumetrico\vendor\laravel\framework\src\Illuminate\Http\Response.php(78): Illuminate\View\View->render()
#6 C:\Users\cesar\Downloads\No.1\control-volumetrico\vendor\laravel\framework\src\Illuminate\Http\Response.php(34): Illuminate\Http\Response->setContent(Object(Illuminate\View\View))
#7 C:\Users\cesar\Downloads\No.1\control-volumetrico\vendor\laravel\framework\src\Illuminate\Routing\Router.php(939): Illuminate\Http\Response->__construct(Object(Illuminate\View\View), 200, Array)
#8 C:\Users\cesar\Downloads\No.1\control-volumetrico\vendor\laravel\framework\src\Illuminate\Routing\Router.php(906): Illuminate\Routing\Router::toResponse(Object(Illuminate\Http\Request), Object(Illuminate\View\View))
#9 C:\Users\cesar\Downloads\No.1\control-volumetrico\vendor\laravel\framework\src\Illuminate\Routing\Router.php(821): Illuminate\Routing\Router->prepareResponse(Object(Illuminate\Http\Request), Object(Illuminate\View\View))
#10 C:\Users\cesar\Downloads\No.1\control-volumetrico\vendor\laravel\framework\src\Illuminate\Pipeline\Pipeline.php(180): Illuminate\Routing\Router->Illuminate\Routing\{closure}(Object(Illuminate\Http\Request))
#11 C:\Users\cesar\Downloads\No.1\control-volumetrico\app\Http\Middleware\ApiAuthenticated.php(18): Illuminate\Pipeline\Pipeline->Illuminate\Pipeline\{closure}(Object(Illuminate\Http\Request))
#12 C:\Users\cesar\Downloads\No.1\control-volumetrico\vendor\laravel\framework\src\Illuminate\Pipeline\Pipeline.php(219): App\Http\Middleware\ApiAuthenticated->handle(Object(Illuminate\Http\Request), Object(Closure))
#13 C:\Users\cesar\Downloads\No.1\control-volumetrico\vendor\laravel\framework\src\Illuminate\Routing\Middleware\SubstituteBindings.php(50): Illuminate\Pipeline\Pipeline->Illuminate\Pipeline\{closure}(Object(Illuminate\Http\Request))
#14 C:\Users\cesar\Downloads\No.1\control-volumetrico\vendor\laravel\framework\src\Illuminate\Pipeline\Pipeline.php(219): Illuminate\Routing\Middleware\SubstituteBindings->handle(Object(Illuminate\Http\Request), Object(Closure))
#15 C:\Users\cesar\Downloads\No.1\control-volumetrico\vendor\laravel\framework\src\Illuminate\Foundation\Http\Middleware\VerifyCsrfToken.php(87): Illuminate\Pipeline\Pipeline->Illuminate\Pipeline\{closure}(Object(Illuminate\Http\Request))
#16 C:\Users\cesar\Downloads\No.1\control-volumetrico\vendor\laravel\framework\src\Illuminate\Pipeline\Pipeline.php(219): Illuminate\Foundation\Http\Middleware\VerifyCsrfToken->handle(Object(Illuminate\Http\Request), Object(Closure))
#17 C:\Users\cesar\Downloads\No.1\control-volumetrico\vendor\laravel\framework\src\Illuminate\View\Middleware\ShareErrorsFromSession.php(48): Illuminate\Pipeline\Pipeline->Illuminate\Pipeline\{closure}(Object(Illuminate\Http\Request))
#18 C:\Users\cesar\Downloads\No.1\control-volumetrico\vendor\laravel\framework\src\Illuminate\Pipeline\Pipeline.php(219): Illuminate\View\Middleware\ShareErrorsFromSession->handle(Object(Illuminate\Http\Request), Object(Closure))
#19 C:\Users\cesar\Downloads\No.1\control-volumetrico\vendor\laravel\framework\src\Illuminate\Session\Middleware\StartSession.php(120): Illuminate\Pipeline\Pipeline->Illuminate\Pipeline\{closure}(Object(Illuminate\Http\Request))
#20 C:\Users\cesar\Downloads\No.1\control-volumetrico\vendor\laravel\framework\src\Illuminate\Session\Middleware\StartSession.php(63): Illuminate\Session\Middleware\StartSession->handleStatefulRequest(Object(Illuminate\Http\Request), Object(Illuminate\Session\Store), Object(Closure))
#21 C:\Users\cesar\Downloads\No.1\control-volumetrico\vendor\laravel\framework\src\Illuminate\Pipeline\Pipeline.php(219): Illuminate\Session\Middleware\StartSession->handle(Object(Illuminate\Http\Request), Object(Closure))
#22 C:\Users\cesar\Downloads\No.1\control-volumetrico\vendor\laravel\framework\src\Illuminate\Cookie\Middleware\AddQueuedCookiesToResponse.php(36): Illuminate\Pipeline\Pipeline->Illuminate\Pipeline\{closure}(Object(Illuminate\Http\Request))
#23 C:\Users\cesar\Downloads\No.1\control-volumetrico\vendor\laravel\framework\src\Illuminate\Pipeline\Pipeline.php(219): Illuminate\Cookie\Middleware\AddQueuedCookiesToResponse->handle(Object(Illuminate\Http\Request), Object(Closure))
#24 C:\Users\cesar\Downloads\No.1\control-volumetrico\vendor\laravel\framework\src\Illuminate\Cookie\Middleware\EncryptCookies.php(74): Illuminate\Pipeline\Pipeline->Illuminate\Pipeline\{closure}(Object(Illuminate\Http\Request))
#25 C:\Users\cesar\Downloads\No.1\control-volumetrico\vendor\laravel\framework\src\Illuminate\Pipeline\Pipeline.php(219): Illuminate\Cookie\Middleware\EncryptCookies->handle(Object(Illuminate\Http\Request), Object(Closure))
#26 C:\Users\cesar\Downloads\No.1\control-volumetrico\vendor\laravel\framework\src\Illuminate\Pipeline\Pipeline.php(137): Illuminate\Pipeline\Pipeline->Illuminate\Pipeline\{closure}(Object(Illuminate\Http\Request))
#27 C:\Users\cesar\Downloads\No.1\control-volumetrico\vendor\laravel\framework\src\Illuminate\Routing\Router.php(821): Illuminate\Pipeline\Pipeline->then(Object(Closure))
#28 C:\Users\cesar\Downloads\No.1\control-volumetrico\vendor\laravel\framework\src\Illuminate\Routing\Router.php(800): Illuminate\Routing\Router->runRouteWithinStack(Object(Illuminate\Routing\Route), Object(Illuminate\Http\Request))
#29 C:\Users\cesar\Downloads\No.1\control-volumetrico\vendor\laravel\framework\src\Illuminate\Routing\Router.php(764): Illuminate\Routing\Router->runRoute(Object(Illuminate\Http\Request), Object(Illuminate\Routing\Route))
#30 C:\Users\cesar\Downloads\No.1\control-volumetrico\vendor\laravel\framework\src\Illuminate\Routing\Router.php(753): Illuminate\Routing\Router->dispatchToRoute(Object(Illuminate\Http\Request))
#31 C:\Users\cesar\Downloads\No.1\control-volumetrico\vendor\laravel\framework\src\Illuminate\Foundation\Http\Kernel.php(200): Illuminate\Routing\Router->dispatch(Object(Illuminate\Http\Request))
#32 C:\Users\cesar\Downloads\No.1\control-volumetrico\vendor\laravel\framework\src\Illuminate\Pipeline\Pipeline.php(180): Illuminate\Foundation\Http\Kernel->Illuminate\Foundation\Http\{closure}(Object(Illuminate\Http\Request))
#33 C:\Users\cesar\Downloads\No.1\control-volumetrico\vendor\laravel\framework\src\Illuminate\Foundation\Http\Middleware\TransformsRequest.php(21): Illuminate\Pipeline\Pipeline->Illuminate\Pipeline\{closure}(Object(Illuminate\Http\Request))
#34 C:\Users\cesar\Downloads\No.1\control-volumetrico\vendor\laravel\framework\src\Illuminate\Foundation\Http\Middleware\ConvertEmptyStringsToNull.php(31): Illuminate\Foundation\Http\Middleware\TransformsRequest->handle(Object(Illuminate\Http\Request), Object(Closure))
#35 C:\Users\cesar\Downloads\No.1\control-volumetrico\vendor\laravel\framework\src\Illuminate\Pipeline\Pipeline.php(219): Illuminate\Foundation\Http\Middleware\ConvertEmptyStringsToNull->handle(Object(Illuminate\Http\Request), Object(Closure))
#36 C:\Users\cesar\Downloads\No.1\control-volumetrico\vendor\laravel\framework\src\Illuminate\Foundation\Http\Middleware\TransformsRequest.php(21): Illuminate\Pipeline\Pipeline->Illuminate\Pipeline\{closure}(Object(Illuminate\Http\Request))
#37 C:\Users\cesar\Downloads\No.1\control-volumetrico\vendor\laravel\framework\src\Illuminate\Foundation\Http\Middleware\TrimStrings.php(51): Illuminate\Foundation\Http\Middleware\TransformsRequest->handle(Object(Illuminate\Http\Request), Object(Closure))
#38 C:\Users\cesar\Downloads\No.1\control-volumetrico\vendor\laravel\framework\src\Illuminate\Pipeline\Pipeline.php(219): Illuminate\Foundation\Http\Middleware\TrimStrings->handle(Object(Illuminate\Http\Request), Object(Closure))
#39 C:\Users\cesar\Downloads\No.1\control-volumetrico\vendor\laravel\framework\src\Illuminate\Http\Middleware\ValidatePostSize.php(27): Illuminate\Pipeline\Pipeline->Illuminate\Pipeline\{closure}(Object(Illuminate\Http\Request))
#40 C:\Users\cesar\Downloads\No.1\control-volumetrico\vendor\laravel\framework\src\Illuminate\Pipeline\Pipeline.php(219): Illuminate\Http\Middleware\ValidatePostSize->handle(Object(Illuminate\Http\Request), Object(Closure))
#41 C:\Users\cesar\Downloads\No.1\control-volumetrico\vendor\laravel\framework\src\Illuminate\Foundation\Http\Middleware\PreventRequestsDuringMaintenance.php(109): Illuminate\Pipeline\Pipeline->Illuminate\Pipeline\{closure}(Object(Illuminate\Http\Request))
#42 C:\Users\cesar\Downloads\No.1\control-volumetrico\vendor\laravel\framework\src\Illuminate\Pipeline\Pipeline.php(219): Illuminate\Foundation\Http\Middleware\PreventRequestsDuringMaintenance->handle(Object(Illuminate\Http\Request), Object(Closure))
#43 C:\Users\cesar\Downloads\No.1\control-volumetrico\vendor\laravel\framework\src\Illuminate\Http\Middleware\HandleCors.php(61): Illuminate\Pipeline\Pipeline->Illuminate\Pipeline\{closure}(Object(Illuminate\Http\Request))
#44 C:\Users\cesar\Downloads\No.1\control-volumetrico\vendor\laravel\framework\src\Illuminate\Pipeline\Pipeline.php(219): Illuminate\Http\Middleware\HandleCors->handle(Object(Illuminate\Http\Request), Object(Closure))
#45 C:\Users\cesar\Downloads\No.1\control-volumetrico\vendor\laravel\framework\src\Illuminate\Http\Middleware\TrustProxies.php(58): Illuminate\Pipeline\Pipeline->Illuminate\Pipeline\{closure}(Object(Illuminate\Http\Request))
#46 C:\Users\cesar\Downloads\No.1\control-volumetrico\vendor\laravel\framework\src\Illuminate\Pipeline\Pipeline.php(219): Illuminate\Http\Middleware\TrustProxies->handle(Object(Illuminate\Http\Request), Object(Closure))
#47 C:\Users\cesar\Downloads\No.1\control-volumetrico\vendor\laravel\framework\src\Illuminate\Foundation\Http\Middleware\InvokeDeferredCallbacks.php(22): Illuminate\Pipeline\Pipeline->Illuminate\Pipeline\{closure}(Object(Illuminate\Http\Request))
#48 C:\Users\cesar\Downloads\No.1\control-volumetrico\vendor\laravel\framework\src\Illuminate\Pipeline\Pipeline.php(219): Illuminate\Foundation\Http\Middleware\InvokeDeferredCallbacks->handle(Object(Illuminate\Http\Request), Object(Closure))
#49 C:\Users\cesar\Downloads\No.1\control-volumetrico\vendor\laravel\framework\src\Illuminate\Http\Middleware\ValidatePathEncoding.php(26): Illuminate\Pipeline\Pipeline->Illuminate\Pipeline\{closure}(Object(Illuminate\Http\Request))
#50 C:\Users\cesar\Downloads\No.1\control-volumetrico\vendor\laravel\framework\src\Illuminate\Pipeline\Pipeline.php(219): Illuminate\Http\Middleware\ValidatePathEncoding->handle(Object(Illuminate\Http\Request), Object(Closure))
#51 C:\Users\cesar\Downloads\No.1\control-volumetrico\vendor\laravel\framework\src\Illuminate\Pipeline\Pipeline.php(137): Illuminate\Pipeline\Pipeline->Illuminate\Pipeline\{closure}(Object(Illuminate\Http\Request))
#52 C:\Users\cesar\Downloads\No.1\control-volumetrico\vendor\laravel\framework\src\Illuminate\Foundation\Http\Kernel.php(175): Illuminate\Pipeline\Pipeline->then(Object(Closure))
#53 C:\Users\cesar\Downloads\No.1\control-volumetrico\vendor\laravel\framework\src\Illuminate\Foundation\Http\Kernel.php(144): Illuminate\Foundation\Http\Kernel->sendRequestThroughRouter(Object(Illuminate\Http\Request))
#54 C:\Users\cesar\Downloads\No.1\control-volumetrico\vendor\laravel\framework\src\Illuminate\Foundation\Testing\Concerns\MakesHttpRequests.php(607): Illuminate\Foundation\Http\Kernel->handle(Object(Illuminate\Http\Request))
#55 C:\Users\cesar\Downloads\No.1\control-volumetrico\vendor\laravel\framework\src\Illuminate\Foundation\Testing\Concerns\MakesHttpRequests.php(368): Illuminate\Foundation\Testing\TestCase->call('GET', '/alarmas/export...', Array, Array, Array, Array)
#56 C:\Users\cesar\Downloads\No.1\control-volumetrico\tests\Feature\AlarmaTest.php(273): Illuminate\Foundation\Testing\TestCase->get('/alarmas/export...')
#57 C:\Users\cesar\Downloads\No.1\control-volumetrico\vendor\phpunit\phpunit\src\Framework\TestCase.php(1667): Tests\Feature\AlarmaTest->test_exportar_downloads_file()
#58 C:\Users\cesar\Downloads\No.1\control-volumetrico\vendor\phpunit\phpunit\src\Framework\TestCase.php(519): PHPUnit\Framework\TestCase->runTest()
#59 C:\Users\cesar\Downloads\No.1\control-volumetrico\vendor\phpunit\phpunit\src\Framework\TestRunner\TestRunner.php(87): PHPUnit\Framework\TestCase->runBare()
#60 C:\Users\cesar\Downloads\No.1\control-volumetrico\vendor\phpunit\phpunit\src\Framework\TestCase.php(365): PHPUnit\Framework\TestRunner->run(Object(Tests\Feature\AlarmaTest))
#61 C:\Users\cesar\Downloads\No.1\control-volumetrico\vendor\phpunit\phpunit\src\Framework\TestSuite.php(369): PHPUnit\Framework\TestCase->run()
#62 C:\Users\cesar\Downloads\No.1\control-volumetrico\vendor\phpunit\phpunit\src\Framework\TestSuite.php(369): PHPUnit\Framework\TestSuite->run()
#63 C:\Users\cesar\Downloads\No.1\control-volumetrico\vendor\phpunit\phpunit\src\Framework\TestSuite.php(369): PHPUnit\Framework\TestSuite->run()
#64 C:\Users\cesar\Downloads\No.1\control-volumetrico\vendor\phpunit\phpunit\src\TextUI\TestRunner.php(64): PHPUnit\Framework\TestSuite->run()
#65 C:\Users\cesar\Downloads\No.1\control-volumetrico\vendor\phpunit\phpunit\src\TextUI\Application.php(211): PHPUnit\TextUI\TestRunner->run(Object(PHPUnit\TextUI\Configuration\Configuration), Object(PHPUnit\Runner\ResultCache\DefaultResultCache), Object(PHPUnit\Framework\TestSuite))
#66 C:\Users\cesar\Downloads\No.1\control-volumetrico\vendor\phpunit\phpunit\phpunit(104): PHPUnit\TextUI\Application->run(Array)
#67 {main}

----------------------------------------------------------------------------------

Undefined array key "estado_atencion" (View: C:\Users\cesar\Downloads\No.1\control-volumetrico\resources\views\alarmas\show.blade.php)[39;22m

  at [32mtests\Feature\AlarmaTest.php[39m:[32m275[39m
    271▕         ]);
    272▕ 
    273▕         $response = $this->get('/alarmas/exportar');
    274▕ 
  ➜ 275▕         $response->assertStatus(200);
    276▕         $response->assertHeader('Content-Type', 'text/csv');
    277▕         $response->assertHeader('Content-Disposition', 'attachment; filename="alarmas.csv"');
    278▕     }
    279▕ }

  [31m────────────────────────────────────────────────────────────────────────────────────────────────────────────────────[39m  
  [41;1m FAILED [49;22m [1mTests\Feature\AuthTest[22m [90m>[39m login fails with invalid credentials                                                
[39;1m  Failed asserting that null matches expected 'Credenciales incorrectas'.[39;22m

  at [32mtests\Feature\AuthTest.php[39m:[32m63[39m
     59▕ 
     60▕         $response = $this->post('/login', $loginData);
     61▕ 
     62▕         $response->assertRedirect();
  ➜  63▕         $response->assertSessionHas('error', 'Credenciales incorrectas');
     64▕         $this->assertNull(Session::get('api_token'));
     65▕     }
     66▕ 
     67▕     /** @test */

  [31m────────────────────────────────────────────────────────────────────────────────────────────────────────────────────[39m  
  [41;1m FAILED [49;22m [1mTests\Feature\AuthTest[22m [90m>[39m password change fails with wrong current password                                   
[39;1m  Failed asserting that null matches expected 'La contraseña actual es incorrecta'.[39;22m

  at [32mtests\Feature\AuthTest.php[39m:[32m177[39m
    173▕ 
    174▕         $response = $this->post('/auth/change-password', $passwordData);
    175▕ 
    176▕         $response->assertRedirect();
  ➜ 177▕         $response->assertSessionHas('error', 'La contraseña actual es incorrecta');
    178▕     }
    179▕ 
    180▕     /** @test */
    181▕     public function test_user_profile_is_displayed()

  [31m────────────────────────────────────────────────────────────────────────────────────────────────────────────────────[39m  
  [41;1m FAILED [49;22m [1mTests\Feature\AuthTest[22m [90m>[39m user profile is displayed                                                           
[39;1m  Expected response status code [200] but received 500.
Failed asserting that 500 is identical to 200.

The following exception occurred during the last request:

ErrorException: Undefined array key "nombres" in C:\Users\cesar\Downloads\No.1\control-volumetrico\storage\framework\views\b2c752b4b343f2f407f43e4815119ca8.php:14
Stack trace:
#0 C:\Users\cesar\Downloads\No.1\control-volumetrico\vendor\laravel\framework\src\Illuminate\Foundation\Bootstrap\HandleExceptions.php(258): Illuminate\Foundation\Bootstrap\HandleExceptions->handleError(2, 'Undefined array...', 'C:\\Users\\cesar\\...', 14)
#1 C:\Users\cesar\Downloads\No.1\control-volumetrico\storage\framework\views\b2c752b4b343f2f407f43e4815119ca8.php(14): Illuminate\Foundation\Bootstrap\HandleExceptions->Illuminate\Foundation\Bootstrap\{closure}(2, 'Undefined array...', 'C:\\Users\\cesar\\...', 14)
#2 C:\Users\cesar\Downloads\No.1\control-volumetrico\vendor\laravel\framework\src\Illuminate\Filesystem\Filesystem.php(123): require('C:\\Users\\cesar\\...')
#3 C:\Users\cesar\Downloads\No.1\control-volumetrico\vendor\laravel\framework\src\Illuminate\Filesystem\Filesystem.php(124): Illuminate\Filesystem\Filesystem::Illuminate\Filesystem\{closure}()
#4 C:\Users\cesar\Downloads\No.1\control-volumetrico\vendor\laravel\framework\src\Illuminate\View\Engines\PhpEngine.php(57): Illuminate\Filesystem\Filesystem->getRequire('C:\\Users\\cesar\\...', Array)
#5 C:\Users\cesar\Downloads\No.1\control-volumetrico\vendor\laravel\framework\src\Illuminate\View\Engines\CompilerEngine.php(76): Illuminate\View\Engines\PhpEngine->evaluatePath('C:\\Users\\cesar\\...', Array)
#6 C:\Users\cesar\Downloads\No.1\control-volumetrico\vendor\laravel\framework\src\Illuminate\View\View.php(208): Illuminate\View\Engines\CompilerEngine->get('C:\\Users\\cesar\\...', Array)
#7 C:\Users\cesar\Downloads\No.1\control-volumetrico\vendor\laravel\framework\src\Illuminate\View\View.php(191): Illuminate\View\View->getContents()
#8 C:\Users\cesar\Downloads\No.1\control-volumetrico\vendor\laravel\framework\src\Illuminate\View\View.php(160): Illuminate\View\View->renderContents()
#9 C:\Users\cesar\Downloads\No.1\control-volumetrico\vendor\laravel\framework\src\Illuminate\Http\Response.php(78): Illuminate\View\View->render()
#10 C:\Users\cesar\Downloads\No.1\control-volumetrico\vendor\laravel\framework\src\Illuminate\Http\Response.php(34): Illuminate\Http\Response->setContent(Object(Illuminate\View\View))
#11 C:\Users\cesar\Downloads\No.1\control-volumetrico\vendor\laravel\framework\src\Illuminate\Routing\Router.php(939): Illuminate\Http\Response->__construct(Object(Illuminate\View\View), 200, Array)
#12 C:\Users\cesar\Downloads\No.1\control-volumetrico\vendor\laravel\framework\src\Illuminate\Routing\Router.php(906): Illuminate\Routing\Router::toResponse(Object(Illuminate\Http\Request), Object(Illuminate\View\View))
#13 C:\Users\cesar\Downloads\No.1\control-volumetrico\vendor\laravel\framework\src\Illuminate\Routing\Router.php(821): Illuminate\Routing\Router->prepareResponse(Object(Illuminate\Http\Request), Object(Illuminate\View\View))
#14 C:\Users\cesar\Downloads\No.1\control-volumetrico\vendor\laravel\framework\src\Illuminate\Pipeline\Pipeline.php(180): Illuminate\Routing\Router->Illuminate\Routing\{closure}(Object(Illuminate\Http\Request))
#15 C:\Users\cesar\Downloads\No.1\control-volumetrico\app\Http\Middleware\ApiAuthenticated.php(18): Illuminate\Pipeline\Pipeline->Illuminate\Pipeline\{closure}(Object(Illuminate\Http\Request))
#16 C:\Users\cesar\Downloads\No.1\control-volumetrico\vendor\laravel\framework\src\Illuminate\Pipeline\Pipeline.php(219): App\Http\Middleware\ApiAuthenticated->handle(Object(Illuminate\Http\Request), Object(Closure))
#17 C:\Users\cesar\Downloads\No.1\control-volumetrico\vendor\laravel\framework\src\Illuminate\Routing\Middleware\SubstituteBindings.php(50): Illuminate\Pipeline\Pipeline->Illuminate\Pipeline\{closure}(Object(Illuminate\Http\Request))
#18 C:\Users\cesar\Downloads\No.1\control-volumetrico\vendor\laravel\framework\src\Illuminate\Pipeline\Pipeline.php(219): Illuminate\Routing\Middleware\SubstituteBindings->handle(Object(Illuminate\Http\Request), Object(Closure))
#19 C:\Users\cesar\Downloads\No.1\control-volumetrico\vendor\laravel\framework\src\Illuminate\Foundation\Http\Middleware\VerifyCsrfToken.php(87): Illuminate\Pipeline\Pipeline->Illuminate\Pipeline\{closure}(Object(Illuminate\Http\Request))
#20 C:\Users\cesar\Downloads\No.1\control-volumetrico\vendor\laravel\framework\src\Illuminate\Pipeline\Pipeline.php(219): Illuminate\Foundation\Http\Middleware\VerifyCsrfToken->handle(Object(Illuminate\Http\Request), Object(Closure))
#21 C:\Users\cesar\Downloads\No.1\control-volumetrico\vendor\laravel\framework\src\Illuminate\View\Middleware\ShareErrorsFromSession.php(48): Illuminate\Pipeline\Pipeline->Illuminate\Pipeline\{closure}(Object(Illuminate\Http\Request))
#22 C:\Users\cesar\Downloads\No.1\control-volumetrico\vendor\laravel\framework\src\Illuminate\Pipeline\Pipeline.php(219): Illuminate\View\Middleware\ShareErrorsFromSession->handle(Object(Illuminate\Http\Request), Object(Closure))
#23 C:\Users\cesar\Downloads\No.1\control-volumetrico\vendor\laravel\framework\src\Illuminate\Session\Middleware\StartSession.php(120): Illuminate\Pipeline\Pipeline->Illuminate\Pipeline\{closure}(Object(Illuminate\Http\Request))
#24 C:\Users\cesar\Downloads\No.1\control-volumetrico\vendor\laravel\framework\src\Illuminate\Session\Middleware\StartSession.php(63): Illuminate\Session\Middleware\StartSession->handleStatefulRequest(Object(Illuminate\Http\Request), Object(Illuminate\Session\Store), Object(Closure))
#25 C:\Users\cesar\Downloads\No.1\control-volumetrico\vendor\laravel\framework\src\Illuminate\Pipeline\Pipeline.php(219): Illuminate\Session\Middleware\StartSession->handle(Object(Illuminate\Http\Request), Object(Closure))
#26 C:\Users\cesar\Downloads\No.1\control-volumetrico\vendor\laravel\framework\src\Illuminate\Cookie\Middleware\AddQueuedCookiesToResponse.php(36): Illuminate\Pipeline\Pipeline->Illuminate\Pipeline\{closure}(Object(Illuminate\Http\Request))
#27 C:\Users\cesar\Downloads\No.1\control-volumetrico\vendor\laravel\framework\src\Illuminate\Pipeline\Pipeline.php(219): Illuminate\Cookie\Middleware\AddQueuedCookiesToResponse->handle(Object(Illuminate\Http\Request), Object(Closure))
#28 C:\Users\cesar\Downloads\No.1\control-volumetrico\vendor\laravel\framework\src\Illuminate\Cookie\Middleware\EncryptCookies.php(74): Illuminate\Pipeline\Pipeline->Illuminate\Pipeline\{closure}(Object(Illuminate\Http\Request))
#29 C:\Users\cesar\Downloads\No.1\control-volumetrico\vendor\laravel\framework\src\Illuminate\Pipeline\Pipeline.php(219): Illuminate\Cookie\Middleware\EncryptCookies->handle(Object(Illuminate\Http\Request), Object(Closure))
#30 C:\Users\cesar\Downloads\No.1\control-volumetrico\vendor\laravel\framework\src\Illuminate\Pipeline\Pipeline.php(137): Illuminate\Pipeline\Pipeline->Illuminate\Pipeline\{closure}(Object(Illuminate\Http\Request))
#31 C:\Users\cesar\Downloads\No.1\control-volumetrico\vendor\laravel\framework\src\Illuminate\Routing\Router.php(821): Illuminate\Pipeline\Pipeline->then(Object(Closure))
#32 C:\Users\cesar\Downloads\No.1\control-volumetrico\vendor\laravel\framework\src\Illuminate\Routing\Router.php(800): Illuminate\Routing\Router->runRouteWithinStack(Object(Illuminate\Routing\Route), Object(Illuminate\Http\Request))
#33 C:\Users\cesar\Downloads\No.1\control-volumetrico\vendor\laravel\framework\src\Illuminate\Routing\Router.php(764): Illuminate\Routing\Router->runRoute(Object(Illuminate\Http\Request), Object(Illuminate\Routing\Route))
#34 C:\Users\cesar\Downloads\No.1\control-volumetrico\vendor\laravel\framework\src\Illuminate\Routing\Router.php(753): Illuminate\Routing\Router->dispatchToRoute(Object(Illuminate\Http\Request))
#35 C:\Users\cesar\Downloads\No.1\control-volumetrico\vendor\laravel\framework\src\Illuminate\Foundation\Http\Kernel.php(200): Illuminate\Routing\Router->dispatch(Object(Illuminate\Http\Request))
#36 C:\Users\cesar\Downloads\No.1\control-volumetrico\vendor\laravel\framework\src\Illuminate\Pipeline\Pipeline.php(180): Illuminate\Foundation\Http\Kernel->Illuminate\Foundation\Http\{closure}(Object(Illuminate\Http\Request))
#37 C:\Users\cesar\Downloads\No.1\control-volumetrico\vendor\laravel\framework\src\Illuminate\Foundation\Http\Middleware\TransformsRequest.php(21): Illuminate\Pipeline\Pipeline->Illuminate\Pipeline\{closure}(Object(Illuminate\Http\Request))
#38 C:\Users\cesar\Downloads\No.1\control-volumetrico\vendor\laravel\framework\src\Illuminate\Foundation\Http\Middleware\ConvertEmptyStringsToNull.php(31): Illuminate\Foundation\Http\Middleware\TransformsRequest->handle(Object(Illuminate\Http\Request), Object(Closure))
#39 C:\Users\cesar\Downloads\No.1\control-volumetrico\vendor\laravel\framework\src\Illuminate\Pipeline\Pipeline.php(219): Illuminate\Foundation\Http\Middleware\ConvertEmptyStringsToNull->handle(Object(Illuminate\Http\Request), Object(Closure))
#40 C:\Users\cesar\Downloads\No.1\control-volumetrico\vendor\laravel\framework\src\Illuminate\Foundation\Http\Middleware\TransformsRequest.php(21): Illuminate\Pipeline\Pipeline->Illuminate\Pipeline\{closure}(Object(Illuminate\Http\Request))
#41 C:\Users\cesar\Downloads\No.1\control-volumetrico\vendor\laravel\framework\src\Illuminate\Foundation\Http\Middleware\TrimStrings.php(51): Illuminate\Foundation\Http\Middleware\TransformsRequest->handle(Object(Illuminate\Http\Request), Object(Closure))
#42 C:\Users\cesar\Downloads\No.1\control-volumetrico\vendor\laravel\framework\src\Illuminate\Pipeline\Pipeline.php(219): Illuminate\Foundation\Http\Middleware\TrimStrings->handle(Object(Illuminate\Http\Request), Object(Closure))
#43 C:\Users\cesar\Downloads\No.1\control-volumetrico\vendor\laravel\framework\src\Illuminate\Http\Middleware\ValidatePostSize.php(27): Illuminate\Pipeline\Pipeline->Illuminate\Pipeline\{closure}(Object(Illuminate\Http\Request))
#44 C:\Users\cesar\Downloads\No.1\control-volumetrico\vendor\laravel\framework\src\Illuminate\Pipeline\Pipeline.php(219): Illuminate\Http\Middleware\ValidatePostSize->handle(Object(Illuminate\Http\Request), Object(Closure))
#45 C:\Users\cesar\Downloads\No.1\control-volumetrico\vendor\laravel\framework\src\Illuminate\Foundation\Http\Middleware\PreventRequestsDuringMaintenance.php(109): Illuminate\Pipeline\Pipeline->Illuminate\Pipeline\{closure}(Object(Illuminate\Http\Request))
#46 C:\Users\cesar\Downloads\No.1\control-volumetrico\vendor\laravel\framework\src\Illuminate\Pipeline\Pipeline.php(219): Illuminate\Foundation\Http\Middleware\PreventRequestsDuringMaintenance->handle(Object(Illuminate\Http\Request), Object(Closure))
#47 C:\Users\cesar\Downloads\No.1\control-volumetrico\vendor\laravel\framework\src\Illuminate\Http\Middleware\HandleCors.php(61): Illuminate\Pipeline\Pipeline->Illuminate\Pipeline\{closure}(Object(Illuminate\Http\Request))
#48 C:\Users\cesar\Downloads\No.1\control-volumetrico\vendor\laravel\framework\src\Illuminate\Pipeline\Pipeline.php(219): Illuminate\Http\Middleware\HandleCors->handle(Object(Illuminate\Http\Request), Object(Closure))
#49 C:\Users\cesar\Downloads\No.1\control-volumetrico\vendor\laravel\framework\src\Illuminate\Http\Middleware\TrustProxies.php(58): Illuminate\Pipeline\Pipeline->Illuminate\Pipeline\{closure}(Object(Illuminate\Http\Request))
#50 C:\Users\cesar\Downloads\No.1\control-volumetrico\vendor\laravel\framework\src\Illuminate\Pipeline\Pipeline.php(219): Illuminate\Http\Middleware\TrustProxies->handle(Object(Illuminate\Http\Request), Object(Closure))
#51 C:\Users\cesar\Downloads\No.1\control-volumetrico\vendor\laravel\framework\src\Illuminate\Foundation\Http\Middleware\InvokeDeferredCallbacks.php(22): Illuminate\Pipeline\Pipeline->Illuminate\Pipeline\{closure}(Object(Illuminate\Http\Request))
#52 C:\Users\cesar\Downloads\No.1\control-volumetrico\vendor\laravel\framework\src\Illuminate\Pipeline\Pipeline.php(219): Illuminate\Foundation\Http\Middleware\InvokeDeferredCallbacks->handle(Object(Illuminate\Http\Request), Object(Closure))
#53 C:\Users\cesar\Downloads\No.1\control-volumetrico\vendor\laravel\framework\src\Illuminate\Http\Middleware\ValidatePathEncoding.php(26): Illuminate\Pipeline\Pipeline->Illuminate\Pipeline\{closure}(Object(Illuminate\Http\Request))
#54 C:\Users\cesar\Downloads\No.1\control-volumetrico\vendor\laravel\framework\src\Illuminate\Pipeline\Pipeline.php(219): Illuminate\Http\Middleware\ValidatePathEncoding->handle(Object(Illuminate\Http\Request), Object(Closure))
#55 C:\Users\cesar\Downloads\No.1\control-volumetrico\vendor\laravel\framework\src\Illuminate\Pipeline\Pipeline.php(137): Illuminate\Pipeline\Pipeline->Illuminate\Pipeline\{closure}(Object(Illuminate\Http\Request))
#56 C:\Users\cesar\Downloads\No.1\control-volumetrico\vendor\laravel\framework\src\Illuminate\Foundation\Http\Kernel.php(175): Illuminate\Pipeline\Pipeline->then(Object(Closure))
#57 C:\Users\cesar\Downloads\No.1\control-volumetrico\vendor\laravel\framework\src\Illuminate\Foundation\Http\Kernel.php(144): Illuminate\Foundation\Http\Kernel->sendRequestThroughRouter(Object(Illuminate\Http\Request))
#58 C:\Users\cesar\Downloads\No.1\control-volumetrico\vendor\laravel\framework\src\Illuminate\Foundation\Testing\Concerns\MakesHttpRequests.php(607): Illuminate\Foundation\Http\Kernel->handle(Object(Illuminate\Http\Request))
#59 C:\Users\cesar\Downloads\No.1\control-volumetrico\vendor\laravel\framework\src\Illuminate\Foundation\Testing\Concerns\MakesHttpRequests.php(368): Illuminate\Foundation\Testing\TestCase->call('GET', '/auth/user', Array, Array, Array, Array)
#60 C:\Users\cesar\Downloads\No.1\control-volumetrico\tests\Feature\AuthTest.php(185): Illuminate\Foundation\Testing\TestCase->get('/auth/user')
#61 C:\Users\cesar\Downloads\No.1\control-volumetrico\vendor\phpunit\phpunit\src\Framework\TestCase.php(1667): Tests\Feature\AuthTest->test_user_profile_is_displayed()
#62 C:\Users\cesar\Downloads\No.1\control-volumetrico\vendor\phpunit\phpunit\src\Framework\TestCase.php(519): PHPUnit\Framework\TestCase->runTest()
#63 C:\Users\cesar\Downloads\No.1\control-volumetrico\vendor\phpunit\phpunit\src\Framework\TestRunner\TestRunner.php(87): PHPUnit\Framework\TestCase->runBare()
#64 C:\Users\cesar\Downloads\No.1\control-volumetrico\vendor\phpunit\phpunit\src\Framework\TestCase.php(365): PHPUnit\Framework\TestRunner->run(Object(Tests\Feature\AuthTest))
#65 C:\Users\cesar\Downloads\No.1\control-volumetrico\vendor\phpunit\phpunit\src\Framework\TestSuite.php(369): PHPUnit\Framework\TestCase->run()
#66 C:\Users\cesar\Downloads\No.1\control-volumetrico\vendor\phpunit\phpunit\src\Framework\TestSuite.php(369): PHPUnit\Framework\TestSuite->run()
#67 C:\Users\cesar\Downloads\No.1\control-volumetrico\vendor\phpunit\phpunit\src\Framework\TestSuite.php(369): PHPUnit\Framework\TestSuite->run()
#68 C:\Users\cesar\Downloads\No.1\control-volumetrico\vendor\phpunit\phpunit\src\TextUI\TestRunner.php(64): PHPUnit\Framework\TestSuite->run()
#69 C:\Users\cesar\Downloads\No.1\control-volumetrico\vendor\phpunit\phpunit\src\TextUI\Application.php(211): PHPUnit\TextUI\TestRunner->run(Object(PHPUnit\TextUI\Configuration\Configuration), Object(PHPUnit\Runner\ResultCache\DefaultResultCache), Object(PHPUnit\Framework\TestSuite))
#70 C:\Users\cesar\Downloads\No.1\control-volumetrico\vendor\phpunit\phpunit\phpunit(104): PHPUnit\TextUI\Application->run(Array)
#71 {main}

Next Illuminate\View\ViewException: Undefined array key "nombres" (View: C:\Users\cesar\Downloads\No.1\control-volumetrico\resources\views\auth\profile.blade.php) in C:\Users\cesar\Downloads\No.1\control-volumetrico\storage\framework\views\b2c752b4b343f2f407f43e4815119ca8.php:14
Stack trace:
#0 C:\Users\cesar\Downloads\No.1\control-volumetrico\vendor\laravel\framework\src\Illuminate\View\Engines\PhpEngine.php(59): Illuminate\View\Engines\CompilerEngine->handleViewException(Object(ErrorException), 1)
#1 C:\Users\cesar\Downloads\No.1\control-volumetrico\vendor\laravel\framework\src\Illuminate\View\Engines\CompilerEngine.php(76): Illuminate\View\Engines\PhpEngine->evaluatePath('C:\\Users\\cesar\\...', Array)
#2 C:\Users\cesar\Downloads\No.1\control-volumetrico\vendor\laravel\framework\src\Illuminate\View\View.php(208): Illuminate\View\Engines\CompilerEngine->get('C:\\Users\\cesar\\...', Array)
#3 C:\Users\cesar\Downloads\No.1\control-volumetrico\vendor\laravel\framework\src\Illuminate\View\View.php(191): Illuminate\View\View->getContents()
#4 C:\Users\cesar\Downloads\No.1\control-volumetrico\vendor\laravel\framework\src\Illuminate\View\View.php(160): Illuminate\View\View->renderContents()
#5 C:\Users\cesar\Downloads\No.1\control-volumetrico\vendor\laravel\framework\src\Illuminate\Http\Response.php(78): Illuminate\View\View->render()
#6 C:\Users\cesar\Downloads\No.1\control-volumetrico\vendor\laravel\framework\src\Illuminate\Http\Response.php(34): Illuminate\Http\Response->setContent(Object(Illuminate\View\View))
#7 C:\Users\cesar\Downloads\No.1\control-volumetrico\vendor\laravel\framework\src\Illuminate\Routing\Router.php(939): Illuminate\Http\Response->__construct(Object(Illuminate\View\View), 200, Array)
#8 C:\Users\cesar\Downloads\No.1\control-volumetrico\vendor\laravel\framework\src\Illuminate\Routing\Router.php(906): Illuminate\Routing\Router::toResponse(Object(Illuminate\Http\Request), Object(Illuminate\View\View))
#9 C:\Users\cesar\Downloads\No.1\control-volumetrico\vendor\laravel\framework\src\Illuminate\Routing\Router.php(821): Illuminate\Routing\Router->prepareResponse(Object(Illuminate\Http\Request), Object(Illuminate\View\View))
#10 C:\Users\cesar\Downloads\No.1\control-volumetrico\vendor\laravel\framework\src\Illuminate\Pipeline\Pipeline.php(180): Illuminate\Routing\Router->Illuminate\Routing\{closure}(Object(Illuminate\Http\Request))
#11 C:\Users\cesar\Downloads\No.1\control-volumetrico\app\Http\Middleware\ApiAuthenticated.php(18): Illuminate\Pipeline\Pipeline->Illuminate\Pipeline\{closure}(Object(Illuminate\Http\Request))
#12 C:\Users\cesar\Downloads\No.1\control-volumetrico\vendor\laravel\framework\src\Illuminate\Pipeline\Pipeline.php(219): App\Http\Middleware\ApiAuthenticated->handle(Object(Illuminate\Http\Request), Object(Closure))
#13 C:\Users\cesar\Downloads\No.1\control-volumetrico\vendor\laravel\framework\src\Illuminate\Routing\Middleware\SubstituteBindings.php(50): Illuminate\Pipeline\Pipeline->Illuminate\Pipeline\{closure}(Object(Illuminate\Http\Request))
#14 C:\Users\cesar\Downloads\No.1\control-volumetrico\vendor\laravel\framework\src\Illuminate\Pipeline\Pipeline.php(219): Illuminate\Routing\Middleware\SubstituteBindings->handle(Object(Illuminate\Http\Request), Object(Closure))
#15 C:\Users\cesar\Downloads\No.1\control-volumetrico\vendor\laravel\framework\src\Illuminate\Foundation\Http\Middleware\VerifyCsrfToken.php(87): Illuminate\Pipeline\Pipeline->Illuminate\Pipeline\{closure}(Object(Illuminate\Http\Request))
#16 C:\Users\cesar\Downloads\No.1\control-volumetrico\vendor\laravel\framework\src\Illuminate\Pipeline\Pipeline.php(219): Illuminate\Foundation\Http\Middleware\VerifyCsrfToken->handle(Object(Illuminate\Http\Request), Object(Closure))
#17 C:\Users\cesar\Downloads\No.1\control-volumetrico\vendor\laravel\framework\src\Illuminate\View\Middleware\ShareErrorsFromSession.php(48): Illuminate\Pipeline\Pipeline->Illuminate\Pipeline\{closure}(Object(Illuminate\Http\Request))
#18 C:\Users\cesar\Downloads\No.1\control-volumetrico\vendor\laravel\framework\src\Illuminate\Pipeline\Pipeline.php(219): Illuminate\View\Middleware\ShareErrorsFromSession->handle(Object(Illuminate\Http\Request), Object(Closure))
#19 C:\Users\cesar\Downloads\No.1\control-volumetrico\vendor\laravel\framework\src\Illuminate\Session\Middleware\StartSession.php(120): Illuminate\Pipeline\Pipeline->Illuminate\Pipeline\{closure}(Object(Illuminate\Http\Request))
#20 C:\Users\cesar\Downloads\No.1\control-volumetrico\vendor\laravel\framework\src\Illuminate\Session\Middleware\StartSession.php(63): Illuminate\Session\Middleware\StartSession->handleStatefulRequest(Object(Illuminate\Http\Request), Object(Illuminate\Session\Store), Object(Closure))
#21 C:\Users\cesar\Downloads\No.1\control-volumetrico\vendor\laravel\framework\src\Illuminate\Pipeline\Pipeline.php(219): Illuminate\Session\Middleware\StartSession->handle(Object(Illuminate\Http\Request), Object(Closure))
#22 C:\Users\cesar\Downloads\No.1\control-volumetrico\vendor\laravel\framework\src\Illuminate\Cookie\Middleware\AddQueuedCookiesToResponse.php(36): Illuminate\Pipeline\Pipeline->Illuminate\Pipeline\{closure}(Object(Illuminate\Http\Request))
#23 C:\Users\cesar\Downloads\No.1\control-volumetrico\vendor\laravel\framework\src\Illuminate\Pipeline\Pipeline.php(219): Illuminate\Cookie\Middleware\AddQueuedCookiesToResponse->handle(Object(Illuminate\Http\Request), Object(Closure))
#24 C:\Users\cesar\Downloads\No.1\control-volumetrico\vendor\laravel\framework\src\Illuminate\Cookie\Middleware\EncryptCookies.php(74): Illuminate\Pipeline\Pipeline->Illuminate\Pipeline\{closure}(Object(Illuminate\Http\Request))
#25 C:\Users\cesar\Downloads\No.1\control-volumetrico\vendor\laravel\framework\src\Illuminate\Pipeline\Pipeline.php(219): Illuminate\Cookie\Middleware\EncryptCookies->handle(Object(Illuminate\Http\Request), Object(Closure))
#26 C:\Users\cesar\Downloads\No.1\control-volumetrico\vendor\laravel\framework\src\Illuminate\Pipeline\Pipeline.php(137): Illuminate\Pipeline\Pipeline->Illuminate\Pipeline\{closure}(Object(Illuminate\Http\Request))
#27 C:\Users\cesar\Downloads\No.1\control-volumetrico\vendor\laravel\framework\src\Illuminate\Routing\Router.php(821): Illuminate\Pipeline\Pipeline->then(Object(Closure))
#28 C:\Users\cesar\Downloads\No.1\control-volumetrico\vendor\laravel\framework\src\Illuminate\Routing\Router.php(800): Illuminate\Routing\Router->runRouteWithinStack(Object(Illuminate\Routing\Route), Object(Illuminate\Http\Request))
#29 C:\Users\cesar\Downloads\No.1\control-volumetrico\vendor\laravel\framework\src\Illuminate\Routing\Router.php(764): Illuminate\Routing\Router->runRoute(Object(Illuminate\Http\Request), Object(Illuminate\Routing\Route))
#30 C:\Users\cesar\Downloads\No.1\control-volumetrico\vendor\laravel\framework\src\Illuminate\Routing\Router.php(753): Illuminate\Routing\Router->dispatchToRoute(Object(Illuminate\Http\Request))
#31 C:\Users\cesar\Downloads\No.1\control-volumetrico\vendor\laravel\framework\src\Illuminate\Foundation\Http\Kernel.php(200): Illuminate\Routing\Router->dispatch(Object(Illuminate\Http\Request))
#32 C:\Users\cesar\Downloads\No.1\control-volumetrico\vendor\laravel\framework\src\Illuminate\Pipeline\Pipeline.php(180): Illuminate\Foundation\Http\Kernel->Illuminate\Foundation\Http\{closure}(Object(Illuminate\Http\Request))
#33 C:\Users\cesar\Downloads\No.1\control-volumetrico\vendor\laravel\framework\src\Illuminate\Foundation\Http\Middleware\TransformsRequest.php(21): Illuminate\Pipeline\Pipeline->Illuminate\Pipeline\{closure}(Object(Illuminate\Http\Request))
#34 C:\Users\cesar\Downloads\No.1\control-volumetrico\vendor\laravel\framework\src\Illuminate\Foundation\Http\Middleware\ConvertEmptyStringsToNull.php(31): Illuminate\Foundation\Http\Middleware\TransformsRequest->handle(Object(Illuminate\Http\Request), Object(Closure))
#35 C:\Users\cesar\Downloads\No.1\control-volumetrico\vendor\laravel\framework\src\Illuminate\Pipeline\Pipeline.php(219): Illuminate\Foundation\Http\Middleware\ConvertEmptyStringsToNull->handle(Object(Illuminate\Http\Request), Object(Closure))
#36 C:\Users\cesar\Downloads\No.1\control-volumetrico\vendor\laravel\framework\src\Illuminate\Foundation\Http\Middleware\TransformsRequest.php(21): Illuminate\Pipeline\Pipeline->Illuminate\Pipeline\{closure}(Object(Illuminate\Http\Request))
#37 C:\Users\cesar\Downloads\No.1\control-volumetrico\vendor\laravel\framework\src\Illuminate\Foundation\Http\Middleware\TrimStrings.php(51): Illuminate\Foundation\Http\Middleware\TransformsRequest->handle(Object(Illuminate\Http\Request), Object(Closure))
#38 C:\Users\cesar\Downloads\No.1\control-volumetrico\vendor\laravel\framework\src\Illuminate\Pipeline\Pipeline.php(219): Illuminate\Foundation\Http\Middleware\TrimStrings->handle(Object(Illuminate\Http\Request), Object(Closure))
#39 C:\Users\cesar\Downloads\No.1\control-volumetrico\vendor\laravel\framework\src\Illuminate\Http\Middleware\ValidatePostSize.php(27): Illuminate\Pipeline\Pipeline->Illuminate\Pipeline\{closure}(Object(Illuminate\Http\Request))
#40 C:\Users\cesar\Downloads\No.1\control-volumetrico\vendor\laravel\framework\src\Illuminate\Pipeline\Pipeline.php(219): Illuminate\Http\Middleware\ValidatePostSize->handle(Object(Illuminate\Http\Request), Object(Closure))
#41 C:\Users\cesar\Downloads\No.1\control-volumetrico\vendor\laravel\framework\src\Illuminate\Foundation\Http\Middleware\PreventRequestsDuringMaintenance.php(109): Illuminate\Pipeline\Pipeline->Illuminate\Pipeline\{closure}(Object(Illuminate\Http\Request))
#42 C:\Users\cesar\Downloads\No.1\control-volumetrico\vendor\laravel\framework\src\Illuminate\Pipeline\Pipeline.php(219): Illuminate\Foundation\Http\Middleware\PreventRequestsDuringMaintenance->handle(Object(Illuminate\Http\Request), Object(Closure))
#43 C:\Users\cesar\Downloads\No.1\control-volumetrico\vendor\laravel\framework\src\Illuminate\Http\Middleware\HandleCors.php(61): Illuminate\Pipeline\Pipeline->Illuminate\Pipeline\{closure}(Object(Illuminate\Http\Request))
#44 C:\Users\cesar\Downloads\No.1\control-volumetrico\vendor\laravel\framework\src\Illuminate\Pipeline\Pipeline.php(219): Illuminate\Http\Middleware\HandleCors->handle(Object(Illuminate\Http\Request), Object(Closure))
#45 C:\Users\cesar\Downloads\No.1\control-volumetrico\vendor\laravel\framework\src\Illuminate\Http\Middleware\TrustProxies.php(58): Illuminate\Pipeline\Pipeline->Illuminate\Pipeline\{closure}(Object(Illuminate\Http\Request))
#46 C:\Users\cesar\Downloads\No.1\control-volumetrico\vendor\laravel\framework\src\Illuminate\Pipeline\Pipeline.php(219): Illuminate\Http\Middleware\TrustProxies->handle(Object(Illuminate\Http\Request), Object(Closure))
#47 C:\Users\cesar\Downloads\No.1\control-volumetrico\vendor\laravel\framework\src\Illuminate\Foundation\Http\Middleware\InvokeDeferredCallbacks.php(22): Illuminate\Pipeline\Pipeline->Illuminate\Pipeline\{closure}(Object(Illuminate\Http\Request))
#48 C:\Users\cesar\Downloads\No.1\control-volumetrico\vendor\laravel\framework\src\Illuminate\Pipeline\Pipeline.php(219): Illuminate\Foundation\Http\Middleware\InvokeDeferredCallbacks->handle(Object(Illuminate\Http\Request), Object(Closure))
#49 C:\Users\cesar\Downloads\No.1\control-volumetrico\vendor\laravel\framework\src\Illuminate\Http\Middleware\ValidatePathEncoding.php(26): Illuminate\Pipeline\Pipeline->Illuminate\Pipeline\{closure}(Object(Illuminate\Http\Request))
#50 C:\Users\cesar\Downloads\No.1\control-volumetrico\vendor\laravel\framework\src\Illuminate\Pipeline\Pipeline.php(219): Illuminate\Http\Middleware\ValidatePathEncoding->handle(Object(Illuminate\Http\Request), Object(Closure))
#51 C:\Users\cesar\Downloads\No.1\control-volumetrico\vendor\laravel\framework\src\Illuminate\Pipeline\Pipeline.php(137): Illuminate\Pipeline\Pipeline->Illuminate\Pipeline\{closure}(Object(Illuminate\Http\Request))
#52 C:\Users\cesar\Downloads\No.1\control-volumetrico\vendor\laravel\framework\src\Illuminate\Foundation\Http\Kernel.php(175): Illuminate\Pipeline\Pipeline->then(Object(Closure))
#53 C:\Users\cesar\Downloads\No.1\control-volumetrico\vendor\laravel\framework\src\Illuminate\Foundation\Http\Kernel.php(144): Illuminate\Foundation\Http\Kernel->sendRequestThroughRouter(Object(Illuminate\Http\Request))
#54 C:\Users\cesar\Downloads\No.1\control-volumetrico\vendor\laravel\framework\src\Illuminate\Foundation\Testing\Concerns\MakesHttpRequests.php(607): Illuminate\Foundation\Http\Kernel->handle(Object(Illuminate\Http\Request))
#55 C:\Users\cesar\Downloads\No.1\control-volumetrico\vendor\laravel\framework\src\Illuminate\Foundation\Testing\Concerns\MakesHttpRequests.php(368): Illuminate\Foundation\Testing\TestCase->call('GET', '/auth/user', Array, Array, Array, Array)
#56 C:\Users\cesar\Downloads\No.1\control-volumetrico\tests\Feature\AuthTest.php(185): Illuminate\Foundation\Testing\TestCase->get('/auth/user')
#57 C:\Users\cesar\Downloads\No.1\control-volumetrico\vendor\phpunit\phpunit\src\Framework\TestCase.php(1667): Tests\Feature\AuthTest->test_user_profile_is_displayed()
#58 C:\Users\cesar\Downloads\No.1\control-volumetrico\vendor\phpunit\phpunit\src\Framework\TestCase.php(519): PHPUnit\Framework\TestCase->runTest()
#59 C:\Users\cesar\Downloads\No.1\control-volumetrico\vendor\phpunit\phpunit\src\Framework\TestRunner\TestRunner.php(87): PHPUnit\Framework\TestCase->runBare()
#60 C:\Users\cesar\Downloads\No.1\control-volumetrico\vendor\phpunit\phpunit\src\Framework\TestCase.php(365): PHPUnit\Framework\TestRunner->run(Object(Tests\Feature\AuthTest))
#61 C:\Users\cesar\Downloads\No.1\control-volumetrico\vendor\phpunit\phpunit\src\Framework\TestSuite.php(369): PHPUnit\Framework\TestCase->run()
#62 C:\Users\cesar\Downloads\No.1\control-volumetrico\vendor\phpunit\phpunit\src\Framework\TestSuite.php(369): PHPUnit\Framework\TestSuite->run()
#63 C:\Users\cesar\Downloads\No.1\control-volumetrico\vendor\phpunit\phpunit\src\Framework\TestSuite.php(369): PHPUnit\Framework\TestSuite->run()
#64 C:\Users\cesar\Downloads\No.1\control-volumetrico\vendor\phpunit\phpunit\src\TextUI\TestRunner.php(64): PHPUnit\Framework\TestSuite->run()
#65 C:\Users\cesar\Downloads\No.1\control-volumetrico\vendor\phpunit\phpunit\src\TextUI\Application.php(211): PHPUnit\TextUI\TestRunner->run(Object(PHPUnit\TextUI\Configuration\Configuration), Object(PHPUnit\Runner\ResultCache\DefaultResultCache), Object(PHPUnit\Framework\TestSuite))
#66 C:\Users\cesar\Downloads\No.1\control-volumetrico\vendor\phpunit\phpunit\phpunit(104): PHPUnit\TextUI\Application->run(Array)
#67 {main}

----------------------------------------------------------------------------------

Undefined array key "nombres" (View: C:\Users\cesar\Downloads\No.1\control-volumetrico\resources\views\auth\profile.blade.php)[39;22m

  at [32mtests\Feature\AuthTest.php[39m:[32m187[39m
    183▕         $this->authenticateUser();
    184▕ 
    185▕         $response = $this->get('/auth/user');
    186▕ 
  ➜ 187▕         $response->assertStatus(200);
    188▕         $response->assertViewIs('auth.profile');
    189▕         $response->assertViewHas('user');
    190▕     }
    191▕

  [31m────────────────────────────────────────────────────────────────────────────────────────────────────────────────────[39m  
  [41;1m FAILED [49;22m [1mTests\Unit\BaseControllerTest[22m [90m>[39m get catalog returns data successfully                                        
[39;1m  Failed asserting that two arrays are equal.
--- Expected
+++ Actual
@@ @@
 Array (
-    0 => [...]
-    1 => [...]
 )[39;22m

  at [32mtests\Feature\BaseControllerTest.php[39m:[32m141[39m
    137▕         $this->mockSuccessfulResponse('/api/test-catalog', $catalogData);
    138▕ 
    139▕         $result = $this->controller->testGetCatalog('/api/test-catalog');
    140▕ 
  ➜ 141▕         $this->assertEquals($catalogData, $result);
    142▕     }
    143▕ 
    144▕     /** @test */
    145▕     public function test_get_catalog_returns_empty_array_on_error()

  [33m1   [39m[39;1mtests\Feature\BaseControllerTest.php[39;22m:[39;1m141[39;22m

  [31m────────────────────────────────────────────────────────────────────────────────────────────────────────────────────[39m  
  [41;1m FAILED [49;22m [1mTests\Feature\BitacoraTest[22m [90m>[39m index displays bitacora entries                                                 
[39;1m  Failed asserting that [eventos] matches the expected value.
Failed asserting that two arrays are equal.
--- Expected
+++ Actual
@@ @@
 Array (
-    0 => [...]
-    1 => [...]
 )[39;22m

  at [32mtests\Feature\BitacoraTest.php[39m:[32m54[39m
     50▕         $response = $this->get('/bitacora');
     51▕ 
     52▕         $response->assertStatus(200);
     53▕         $response->assertViewIs('bitacora.index');
  ➜  54▕         $response->assertViewHas('eventos', $eventos);
     55▕         $response->assertViewHas('meta');
     56▕         $response->assertViewHas('links');
     57▕     }
     58▕

  [31m────────────────────────────────────────────────────────────────────────────────────────────────────────────────────[39m  
  [41;1m FAILED [49;22m [1mTests\Feature\BitacoraTest[22m [90m>[39m show returns bitacora entry json                                                
[39;1m  Failed asserting that null is identical to 1.[39;22m

  at [32mtests\Feature\BitacoraTest.php[39m:[32m84[39m
     80▕         $response = $this->getJson('/bitacora/1');
     81▕ 
     82▕         $response->assertStatus(200);
     83▕         $response->assertJson(['success' => true]);
  ➜  84▕         $response->assertJsonPath('data.id', 1);
     85▕         $response->assertJsonPath('data.tipo_evento', 'LOGIN');
     86▕     }
     87▕ 
     88▕     /** @test */

  [31m────────────────────────────────────────────────────────────────────────────────────────────────────────────────────[39m  
  [41;1m FAILED [49;22m [1mTests\Feature\BitacoraTest[22m [90m>[39m resumen actividad returns activity summary                                      
[39;1m  Failed asserting that null is identical to 150.[39;22m

  at [32mtests\Feature\BitacoraTest.php[39m:[32m121[39m
    117▕         $response = $this->getJson('/bitacora/resumen-actividad?' . http_build_query($filters));
    118▕ 
    119▕         $response->assertStatus(200);
    120▕         $response->assertJson(['success' => true]);
  ➜ 121▕         $response->assertJsonPath('data.total_eventos', 150);
    122▕     }
    123▕ 
    124▕     /** @test */
    125▕     public function test_actividad_usuario_returns_user_activity()

  [31m────────────────────────────────────────────────────────────────────────────────────────────────────────────────────[39m  
  [41;1m FAILED [49;22m [1mTests\Feature\BitacoraTest[22m [90m>[39m actividad usuario returns user activity                                         
[39;1m  Failed asserting that null is identical to 1.[39;22m

  at [32mtests\Feature\BitacoraTest.php[39m:[32m155[39m
    151▕         $response = $this->getJson("/bitacora/actividad-usuario/{$usuarioId}?" . http_build_query($filters));
    152▕ 
    153▕         $response->assertStatus(200);
    154▕         $response->assertJson(['success' => true]);
  ➜ 155▕         $response->assertJsonPath('data.usuario.id', $usuarioId);
    156▕         $response->assertJsonPath('data.total_actividades', 45);
    157▕     }
    158▕ 
    159▕     /** @test */

  [31m────────────────────────────────────────────────────────────────────────────────────────────────────────────────────[39m  
  [41;1m FAILED [49;22m [1mTests\Feature\BitacoraTest[22m [90m>[39m actividad modulo returns module activity                                        
[39;1m  Failed asserting that null is identical to 'Alarmas'.[39;22m

  at [32mtests\Feature\BitacoraTest.php[39m:[32m192[39m
    188▕         $response = $this->getJson("/bitacora/actividad-modulo/{$modulo}?" . http_build_query($filters));
    189▕ 
    190▕         $response->assertStatus(200);
    191▕         $response->assertJson(['success' => true]);
  ➜ 192▕         $response->assertJsonPath('data.modulo', 'Alarmas');
    193▕         $response->assertJsonPath('data.total_actividades', 30);
    194▕     }
    195▕ 
    196▕     /** @test */

  [31m────────────────────────────────────────────────────────────────────────────────────────────────────────────────────[39m  
  [41;1m FAILED [49;22m [1mTests\Feature\BitacoraTest[22m [90m>[39m actividad tabla returns table activity                                          
[39;1m  Failed asserting that null is identical to 'contribuyentes'.[39;22m

  at [32mtests\Feature\BitacoraTest.php[39m:[32m228[39m
    224▕         $response = $this->getJson("/bitacora/actividad-tabla/{$tabla}/{$registroId}?" . http_build_query($filters));
    225▕ 
    226▕         $response->assertStatus(200);
    227▕         $response->assertJson(['success' => true]);
  ➜ 228▕         $response->assertJsonPath('data.tabla', 'contribuyentes');
    229▕         $response->assertJsonPath('data.registro_id', 1);
    230▕     }
    231▕ 
    232▕     /** @test */

  [31m────────────────────────────────────────────────────────────────────────────────────────────────────────────────────[39m  
  [41;1m FAILED [49;22m [1mTests\Feature\BitacoraTest[22m [90m>[39m actividad tabla returns all records activity                                    
[39;1m  Failed asserting that null is identical to 'contribuyentes'.[39;22m

  at [32mtests\Feature\BitacoraTest.php[39m:[32m266[39m
    262▕         $response = $this->getJson("/bitacora/actividad-tabla/{$tabla}?" . http_build_query($filters));
    263▕ 
    264▕         $response->assertStatus(200);
    265▕         $response->assertJson(['success' => true]);
  ➜ 266▕         $response->assertJsonPath('data.tabla', 'contribuyentes');
    267▕         $response->assertJsonPath('data.total_registros_afectados', 3);
    268▕     }
    269▕ 
    270▕     /** @test */

  [31m────────────────────────────────────────────────────────────────────────────────────────────────────────────────────[39m  
  [41;1m FAILED [49;22m [1mTests\Feature\BitacoraTest[22m [90m>[39m exportar returns csv file                                                       
[39;1m  Header [Content-Type] was found, but value [application/json] does not match [text/csv].
Failed asserting that two strings are equal.
--- Expected
+++ Actual
@@ @@
-'text/csv'
+'application/json'[39;22m

  at [32mtests\Feature\BitacoraTest.php[39m:[32m293[39m
    289▕ 
    290▕         $response = $this->get('/bitacora/exportar?' . http_build_query($filters));
    291▕ 
    292▕         $response->assertStatus(200);
  ➜ 293▕         $response->assertHeader('Content-Type', 'text/csv');
    294▕         $response->assertHeader('Content-Disposition', 'attachment; filename="bitacora.csv"');
    295▕     }
    296▕ 
    297▕     /** @test */

  [31m────────────────────────────────────────────────────────────────────────────────────────────────────────────────────[39m  
  [41;1m FAILED [49;22m [1mTests\Feature\BitacoraTest[22m [90m>[39m exportar returns pdf file                                                       
[39;1m  Header [Content-Type] was found, but value [application/json] does not match [application/pdf].
Failed asserting that two strings are equal.
--- Expected
+++ Actual
@@ @@
-'application/pdf'
+'application/json'[39;22m

  at [32mtests\Feature\BitacoraTest.php[39m:[32m320[39m
    316▕ 
    317▕         $response = $this->get('/bitacora/exportar?' . http_build_query($filters));
    318▕ 
    319▕         $response->assertStatus(200);
  ➜ 320▕         $response->assertHeader('Content-Type', 'application/pdf');
    321▕         $response->assertHeader('Content-Disposition', 'attachment; filename="bitacora.pdf"');
    322▕     }
    323▕ 
    324▕     /** @test */

  [31m────────────────────────────────────────────────────────────────────────────────────────────────────────────────────[39m  
  [41;1m FAILED [49;22m [1mTests\Feature\BitacoraTest[22m [90m>[39m exportar validation errors                                                      
[39;1m  Expected response status code [422] but received 200.
Failed asserting that 200 is identical to 422.[39;22m

  at [32mtests\Feature\BitacoraTest.php[39m:[32m329[39m
    325▕     public function test_exportar_validation_errors()
    326▕     {
    327▕         $response = $this->get('/bitacora/exportar');
    328▕ 
  ➜ 329▕         $response->assertStatus(422);
    330▕         $response->assertJson(['success' => false]);
    331▕         $response->assertJsonStructure(['errors' => ['formato', 'fecha_inicio', 'fecha_fin']]);
    332▕     }
    333▕

  [31m────────────────────────────────────────────────────────────────────────────────────────────────────────────────────[39m  
  [41;1m FAILED [49;22m [1mTests\Feature\BitacoraTest[22m [90m>[39m filter bitacora by tipo evento                                                  
[39;1m  Failed asserting that actual size 0 matches expected size 1.[39;22m

  at [32mtests\Feature\BitacoraTest.php[39m:[32m357[39m
    353▕         $response->assertStatus(200);
    354▕         $response->assertViewHas('eventos');
    355▕         
    356▕         $eventos = $response->viewData('eventos');
  ➜ 357▕         $this->assertCount(1, $eventos);
    358▕         $this->assertEquals('LOGIN', $eventos[0]['tipo_evento']);
    359▕     }
    360▕ 
    361▕     /** @test */

  [33m1   [39m[39;1mtests\Feature\BitacoraTest.php[39;22m:[39;1m357[39;22m

  [31m────────────────────────────────────────────────────────────────────────────────────────────────────────────────────[39m  
  [41;1m FAILED [49;22m [1mTests\Feature\CfdiTest[22m [90m>[39m resumen fiscal displays fiscal summary                                              
[39;1m  Expected response status code [200] but received 302.
Failed asserting that 302 is identical to 200.[39;22m

  at [32mtests\Feature\CfdiTest.php[39m:[32m61[39m
     57▕         $this->mockSuccessfulResponse('/api/cfdi/resumen-fiscal', $resumen);
     58▕ 
     59▕         $response = $this->get('/cfdi/resumen/fiscal?' . http_build_query($filters));
     60▕ 
  ➜  61▕         $response->assertStatus(200);
     62▕         $response->assertViewIs('cfdi.resumen-fiscal');
     63▕         $response->assertViewHas('resumen', $resumen);
     64▕     }
     65▕

  [31m────────────────────────────────────────────────────────────────────────────────────────────────────────────────────[39m  
  [41;1m FAILED [49;22m [1mTests\Feature\CfdiTest[22m [90m>[39m exportar downloads cfdi file                                                        
[39;1m  Expected response status code [200] but received 500.
Failed asserting that 500 is identical to 200.

The following exception occurred during the last request:

ErrorException: Undefined array key "estado" in C:\Users\cesar\Downloads\No.1\control-volumetrico\storage\framework\views\0d8e2952dcb2576b792f52cc54d58b78.php:7
Stack trace:
#0 C:\Users\cesar\Downloads\No.1\control-volumetrico\vendor\laravel\framework\src\Illuminate\Foundation\Bootstrap\HandleExceptions.php(258): Illuminate\Foundation\Bootstrap\HandleExceptions->handleError(2, 'Undefined array...', 'C:\\Users\\cesar\\...', 7)
#1 C:\Users\cesar\Downloads\No.1\control-volumetrico\storage\framework\views\0d8e2952dcb2576b792f52cc54d58b78.php(7): Illuminate\Foundation\Bootstrap\HandleExceptions->Illuminate\Foundation\Bootstrap\{closure}(2, 'Undefined array...', 'C:\\Users\\cesar\\...', 7)
#2 C:\Users\cesar\Downloads\No.1\control-volumetrico\vendor\laravel\framework\src\Illuminate\Filesystem\Filesystem.php(123): require('C:\\Users\\cesar\\...')
#3 C:\Users\cesar\Downloads\No.1\control-volumetrico\vendor\laravel\framework\src\Illuminate\Filesystem\Filesystem.php(124): Illuminate\Filesystem\Filesystem::Illuminate\Filesystem\{closure}()
#4 C:\Users\cesar\Downloads\No.1\control-volumetrico\vendor\laravel\framework\src\Illuminate\View\Engines\PhpEngine.php(57): Illuminate\Filesystem\Filesystem->getRequire('C:\\Users\\cesar\\...', Array)
#5 C:\Users\cesar\Downloads\No.1\control-volumetrico\vendor\laravel\framework\src\Illuminate\View\Engines\CompilerEngine.php(76): Illuminate\View\Engines\PhpEngine->evaluatePath('C:\\Users\\cesar\\...', Array)
#6 C:\Users\cesar\Downloads\No.1\control-volumetrico\vendor\laravel\framework\src\Illuminate\View\View.php(208): Illuminate\View\Engines\CompilerEngine->get('C:\\Users\\cesar\\...', Array)
#7 C:\Users\cesar\Downloads\No.1\control-volumetrico\vendor\laravel\framework\src\Illuminate\View\View.php(191): Illuminate\View\View->getContents()
#8 C:\Users\cesar\Downloads\No.1\control-volumetrico\vendor\laravel\framework\src\Illuminate\View\View.php(160): Illuminate\View\View->renderContents()
#9 C:\Users\cesar\Downloads\No.1\control-volumetrico\vendor\laravel\framework\src\Illuminate\Http\Response.php(78): Illuminate\View\View->render()
#10 C:\Users\cesar\Downloads\No.1\control-volumetrico\vendor\laravel\framework\src\Illuminate\Http\Response.php(34): Illuminate\Http\Response->setContent(Object(Illuminate\View\View))
#11 C:\Users\cesar\Downloads\No.1\control-volumetrico\vendor\laravel\framework\src\Illuminate\Routing\Router.php(939): Illuminate\Http\Response->__construct(Object(Illuminate\View\View), 200, Array)
#12 C:\Users\cesar\Downloads\No.1\control-volumetrico\vendor\laravel\framework\src\Illuminate\Routing\Router.php(906): Illuminate\Routing\Router::toResponse(Object(Illuminate\Http\Request), Object(Illuminate\View\View))
#13 C:\Users\cesar\Downloads\No.1\control-volumetrico\vendor\laravel\framework\src\Illuminate\Routing\Router.php(821): Illuminate\Routing\Router->prepareResponse(Object(Illuminate\Http\Request), Object(Illuminate\View\View))
#14 C:\Users\cesar\Downloads\No.1\control-volumetrico\vendor\laravel\framework\src\Illuminate\Pipeline\Pipeline.php(180): Illuminate\Routing\Router->Illuminate\Routing\{closure}(Object(Illuminate\Http\Request))
#15 C:\Users\cesar\Downloads\No.1\control-volumetrico\app\Http\Middleware\ApiAuthenticated.php(18): Illuminate\Pipeline\Pipeline->Illuminate\Pipeline\{closure}(Object(Illuminate\Http\Request))
#16 C:\Users\cesar\Downloads\No.1\control-volumetrico\vendor\laravel\framework\src\Illuminate\Pipeline\Pipeline.php(219): App\Http\Middleware\ApiAuthenticated->handle(Object(Illuminate\Http\Request), Object(Closure))
#17 C:\Users\cesar\Downloads\No.1\control-volumetrico\vendor\laravel\framework\src\Illuminate\Routing\Middleware\SubstituteBindings.php(50): Illuminate\Pipeline\Pipeline->Illuminate\Pipeline\{closure}(Object(Illuminate\Http\Request))
#18 C:\Users\cesar\Downloads\No.1\control-volumetrico\vendor\laravel\framework\src\Illuminate\Pipeline\Pipeline.php(219): Illuminate\Routing\Middleware\SubstituteBindings->handle(Object(Illuminate\Http\Request), Object(Closure))
#19 C:\Users\cesar\Downloads\No.1\control-volumetrico\vendor\laravel\framework\src\Illuminate\Foundation\Http\Middleware\VerifyCsrfToken.php(87): Illuminate\Pipeline\Pipeline->Illuminate\Pipeline\{closure}(Object(Illuminate\Http\Request))
#20 C:\Users\cesar\Downloads\No.1\control-volumetrico\vendor\laravel\framework\src\Illuminate\Pipeline\Pipeline.php(219): Illuminate\Foundation\Http\Middleware\VerifyCsrfToken->handle(Object(Illuminate\Http\Request), Object(Closure))
#21 C:\Users\cesar\Downloads\No.1\control-volumetrico\vendor\laravel\framework\src\Illuminate\View\Middleware\ShareErrorsFromSession.php(48): Illuminate\Pipeline\Pipeline->Illuminate\Pipeline\{closure}(Object(Illuminate\Http\Request))
#22 C:\Users\cesar\Downloads\No.1\control-volumetrico\vendor\laravel\framework\src\Illuminate\Pipeline\Pipeline.php(219): Illuminate\View\Middleware\ShareErrorsFromSession->handle(Object(Illuminate\Http\Request), Object(Closure))
#23 C:\Users\cesar\Downloads\No.1\control-volumetrico\vendor\laravel\framework\src\Illuminate\Session\Middleware\StartSession.php(120): Illuminate\Pipeline\Pipeline->Illuminate\Pipeline\{closure}(Object(Illuminate\Http\Request))
#24 C:\Users\cesar\Downloads\No.1\control-volumetrico\vendor\laravel\framework\src\Illuminate\Session\Middleware\StartSession.php(63): Illuminate\Session\Middleware\StartSession->handleStatefulRequest(Object(Illuminate\Http\Request), Object(Illuminate\Session\Store), Object(Closure))
#25 C:\Users\cesar\Downloads\No.1\control-volumetrico\vendor\laravel\framework\src\Illuminate\Pipeline\Pipeline.php(219): Illuminate\Session\Middleware\StartSession->handle(Object(Illuminate\Http\Request), Object(Closure))
#26 C:\Users\cesar\Downloads\No.1\control-volumetrico\vendor\laravel\framework\src\Illuminate\Cookie\Middleware\AddQueuedCookiesToResponse.php(36): Illuminate\Pipeline\Pipeline->Illuminate\Pipeline\{closure}(Object(Illuminate\Http\Request))
#27 C:\Users\cesar\Downloads\No.1\control-volumetrico\vendor\laravel\framework\src\Illuminate\Pipeline\Pipeline.php(219): Illuminate\Cookie\Middleware\AddQueuedCookiesToResponse->handle(Object(Illuminate\Http\Request), Object(Closure))
#28 C:\Users\cesar\Downloads\No.1\control-volumetrico\vendor\laravel\framework\src\Illuminate\Cookie\Middleware\EncryptCookies.php(74): Illuminate\Pipeline\Pipeline->Illuminate\Pipeline\{closure}(Object(Illuminate\Http\Request))
#29 C:\Users\cesar\Downloads\No.1\control-volumetrico\vendor\laravel\framework\src\Illuminate\Pipeline\Pipeline.php(219): Illuminate\Cookie\Middleware\EncryptCookies->handle(Object(Illuminate\Http\Request), Object(Closure))
#30 C:\Users\cesar\Downloads\No.1\control-volumetrico\vendor\laravel\framework\src\Illuminate\Pipeline\Pipeline.php(137): Illuminate\Pipeline\Pipeline->Illuminate\Pipeline\{closure}(Object(Illuminate\Http\Request))
#31 C:\Users\cesar\Downloads\No.1\control-volumetrico\vendor\laravel\framework\src\Illuminate\Routing\Router.php(821): Illuminate\Pipeline\Pipeline->then(Object(Closure))
#32 C:\Users\cesar\Downloads\No.1\control-volumetrico\vendor\laravel\framework\src\Illuminate\Routing\Router.php(800): Illuminate\Routing\Router->runRouteWithinStack(Object(Illuminate\Routing\Route), Object(Illuminate\Http\Request))
#33 C:\Users\cesar\Downloads\No.1\control-volumetrico\vendor\laravel\framework\src\Illuminate\Routing\Router.php(764): Illuminate\Routing\Router->runRoute(Object(Illuminate\Http\Request), Object(Illuminate\Routing\Route))
#34 C:\Users\cesar\Downloads\No.1\control-volumetrico\vendor\laravel\framework\src\Illuminate\Routing\Router.php(753): Illuminate\Routing\Router->dispatchToRoute(Object(Illuminate\Http\Request))
#35 C:\Users\cesar\Downloads\No.1\control-volumetrico\vendor\laravel\framework\src\Illuminate\Foundation\Http\Kernel.php(200): Illuminate\Routing\Router->dispatch(Object(Illuminate\Http\Request))
#36 C:\Users\cesar\Downloads\No.1\control-volumetrico\vendor\laravel\framework\src\Illuminate\Pipeline\Pipeline.php(180): Illuminate\Foundation\Http\Kernel->Illuminate\Foundation\Http\{closure}(Object(Illuminate\Http\Request))
#37 C:\Users\cesar\Downloads\No.1\control-volumetrico\vendor\laravel\framework\src\Illuminate\Foundation\Http\Middleware\TransformsRequest.php(21): Illuminate\Pipeline\Pipeline->Illuminate\Pipeline\{closure}(Object(Illuminate\Http\Request))
#38 C:\Users\cesar\Downloads\No.1\control-volumetrico\vendor\laravel\framework\src\Illuminate\Foundation\Http\Middleware\ConvertEmptyStringsToNull.php(31): Illuminate\Foundation\Http\Middleware\TransformsRequest->handle(Object(Illuminate\Http\Request), Object(Closure))
#39 C:\Users\cesar\Downloads\No.1\control-volumetrico\vendor\laravel\framework\src\Illuminate\Pipeline\Pipeline.php(219): Illuminate\Foundation\Http\Middleware\ConvertEmptyStringsToNull->handle(Object(Illuminate\Http\Request), Object(Closure))
#40 C:\Users\cesar\Downloads\No.1\control-volumetrico\vendor\laravel\framework\src\Illuminate\Foundation\Http\Middleware\TransformsRequest.php(21): Illuminate\Pipeline\Pipeline->Illuminate\Pipeline\{closure}(Object(Illuminate\Http\Request))
#41 C:\Users\cesar\Downloads\No.1\control-volumetrico\vendor\laravel\framework\src\Illuminate\Foundation\Http\Middleware\TrimStrings.php(51): Illuminate\Foundation\Http\Middleware\TransformsRequest->handle(Object(Illuminate\Http\Request), Object(Closure))
#42 C:\Users\cesar\Downloads\No.1\control-volumetrico\vendor\laravel\framework\src\Illuminate\Pipeline\Pipeline.php(219): Illuminate\Foundation\Http\Middleware\TrimStrings->handle(Object(Illuminate\Http\Request), Object(Closure))
#43 C:\Users\cesar\Downloads\No.1\control-volumetrico\vendor\laravel\framework\src\Illuminate\Http\Middleware\ValidatePostSize.php(27): Illuminate\Pipeline\Pipeline->Illuminate\Pipeline\{closure}(Object(Illuminate\Http\Request))
#44 C:\Users\cesar\Downloads\No.1\control-volumetrico\vendor\laravel\framework\src\Illuminate\Pipeline\Pipeline.php(219): Illuminate\Http\Middleware\ValidatePostSize->handle(Object(Illuminate\Http\Request), Object(Closure))
#45 C:\Users\cesar\Downloads\No.1\control-volumetrico\vendor\laravel\framework\src\Illuminate\Foundation\Http\Middleware\PreventRequestsDuringMaintenance.php(109): Illuminate\Pipeline\Pipeline->Illuminate\Pipeline\{closure}(Object(Illuminate\Http\Request))
#46 C:\Users\cesar\Downloads\No.1\control-volumetrico\vendor\laravel\framework\src\Illuminate\Pipeline\Pipeline.php(219): Illuminate\Foundation\Http\Middleware\PreventRequestsDuringMaintenance->handle(Object(Illuminate\Http\Request), Object(Closure))
#47 C:\Users\cesar\Downloads\No.1\control-volumetrico\vendor\laravel\framework\src\Illuminate\Http\Middleware\HandleCors.php(61): Illuminate\Pipeline\Pipeline->Illuminate\Pipeline\{closure}(Object(Illuminate\Http\Request))
#48 C:\Users\cesar\Downloads\No.1\control-volumetrico\vendor\laravel\framework\src\Illuminate\Pipeline\Pipeline.php(219): Illuminate\Http\Middleware\HandleCors->handle(Object(Illuminate\Http\Request), Object(Closure))
#49 C:\Users\cesar\Downloads\No.1\control-volumetrico\vendor\laravel\framework\src\Illuminate\Http\Middleware\TrustProxies.php(58): Illuminate\Pipeline\Pipeline->Illuminate\Pipeline\{closure}(Object(Illuminate\Http\Request))
#50 C:\Users\cesar\Downloads\No.1\control-volumetrico\vendor\laravel\framework\src\Illuminate\Pipeline\Pipeline.php(219): Illuminate\Http\Middleware\TrustProxies->handle(Object(Illuminate\Http\Request), Object(Closure))
#51 C:\Users\cesar\Downloads\No.1\control-volumetrico\vendor\laravel\framework\src\Illuminate\Foundation\Http\Middleware\InvokeDeferredCallbacks.php(22): Illuminate\Pipeline\Pipeline->Illuminate\Pipeline\{closure}(Object(Illuminate\Http\Request))
#52 C:\Users\cesar\Downloads\No.1\control-volumetrico\vendor\laravel\framework\src\Illuminate\Pipeline\Pipeline.php(219): Illuminate\Foundation\Http\Middleware\InvokeDeferredCallbacks->handle(Object(Illuminate\Http\Request), Object(Closure))
#53 C:\Users\cesar\Downloads\No.1\control-volumetrico\vendor\laravel\framework\src\Illuminate\Http\Middleware\ValidatePathEncoding.php(26): Illuminate\Pipeline\Pipeline->Illuminate\Pipeline\{closure}(Object(Illuminate\Http\Request))
#54 C:\Users\cesar\Downloads\No.1\control-volumetrico\vendor\laravel\framework\src\Illuminate\Pipeline\Pipeline.php(219): Illuminate\Http\Middleware\ValidatePathEncoding->handle(Object(Illuminate\Http\Request), Object(Closure))
#55 C:\Users\cesar\Downloads\No.1\control-volumetrico\vendor\laravel\framework\src\Illuminate\Pipeline\Pipeline.php(137): Illuminate\Pipeline\Pipeline->Illuminate\Pipeline\{closure}(Object(Illuminate\Http\Request))
#56 C:\Users\cesar\Downloads\No.1\control-volumetrico\vendor\laravel\framework\src\Illuminate\Foundation\Http\Kernel.php(175): Illuminate\Pipeline\Pipeline->then(Object(Closure))
#57 C:\Users\cesar\Downloads\No.1\control-volumetrico\vendor\laravel\framework\src\Illuminate\Foundation\Http\Kernel.php(144): Illuminate\Foundation\Http\Kernel->sendRequestThroughRouter(Object(Illuminate\Http\Request))
#58 C:\Users\cesar\Downloads\No.1\control-volumetrico\vendor\laravel\framework\src\Illuminate\Foundation\Testing\Concerns\MakesHttpRequests.php(607): Illuminate\Foundation\Http\Kernel->handle(Object(Illuminate\Http\Request))
#59 C:\Users\cesar\Downloads\No.1\control-volumetrico\vendor\laravel\framework\src\Illuminate\Foundation\Testing\Concerns\MakesHttpRequests.php(368): Illuminate\Foundation\Testing\TestCase->call('GET', '/cfdi/exportar?...', Array, Array, Array, Array)
#60 C:\Users\cesar\Downloads\No.1\control-volumetrico\tests\Feature\CfdiTest.php(85): Illuminate\Foundation\Testing\TestCase->get('/cfdi/exportar?...')
#61 C:\Users\cesar\Downloads\No.1\control-volumetrico\vendor\phpunit\phpunit\src\Framework\TestCase.php(1667): Tests\Feature\CfdiTest->test_exportar_downloads_cfdi_file()
#62 C:\Users\cesar\Downloads\No.1\control-volumetrico\vendor\phpunit\phpunit\src\Framework\TestCase.php(519): PHPUnit\Framework\TestCase->runTest()
#63 C:\Users\cesar\Downloads\No.1\control-volumetrico\vendor\phpunit\phpunit\src\Framework\TestRunner\TestRunner.php(87): PHPUnit\Framework\TestCase->runBare()
#64 C:\Users\cesar\Downloads\No.1\control-volumetrico\vendor\phpunit\phpunit\src\Framework\TestCase.php(365): PHPUnit\Framework\TestRunner->run(Object(Tests\Feature\CfdiTest))
#65 C:\Users\cesar\Downloads\No.1\control-volumetrico\vendor\phpunit\phpunit\src\Framework\TestSuite.php(369): PHPUnit\Framework\TestCase->run()
#66 C:\Users\cesar\Downloads\No.1\control-volumetrico\vendor\phpunit\phpunit\src\Framework\TestSuite.php(369): PHPUnit\Framework\TestSuite->run()
#67 C:\Users\cesar\Downloads\No.1\control-volumetrico\vendor\phpunit\phpunit\src\Framework\TestSuite.php(369): PHPUnit\Framework\TestSuite->run()
#68 C:\Users\cesar\Downloads\No.1\control-volumetrico\vendor\phpunit\phpunit\src\TextUI\TestRunner.php(64): PHPUnit\Framework\TestSuite->run()
#69 C:\Users\cesar\Downloads\No.1\control-volumetrico\vendor\phpunit\phpunit\src\TextUI\Application.php(211): PHPUnit\TextUI\TestRunner->run(Object(PHPUnit\TextUI\Configuration\Configuration), Object(PHPUnit\Runner\ResultCache\DefaultResultCache), Object(PHPUnit\Framework\TestSuite))
#70 C:\Users\cesar\Downloads\No.1\control-volumetrico\vendor\phpunit\phpunit\phpunit(104): PHPUnit\TextUI\Application->run(Array)
#71 {main}

Next Illuminate\View\ViewException: Undefined array key "estado" (View: C:\Users\cesar\Downloads\No.1\control-volumetrico\resources\views\cfdi\show.blade.php) in C:\Users\cesar\Downloads\No.1\control-volumetrico\storage\framework\views\0d8e2952dcb2576b792f52cc54d58b78.php:7
Stack trace:
#0 C:\Users\cesar\Downloads\No.1\control-volumetrico\vendor\laravel\framework\src\Illuminate\View\Engines\PhpEngine.php(59): Illuminate\View\Engines\CompilerEngine->handleViewException(Object(ErrorException), 1)
#1 C:\Users\cesar\Downloads\No.1\control-volumetrico\vendor\laravel\framework\src\Illuminate\View\Engines\CompilerEngine.php(76): Illuminate\View\Engines\PhpEngine->evaluatePath('C:\\Users\\cesar\\...', Array)
#2 C:\Users\cesar\Downloads\No.1\control-volumetrico\vendor\laravel\framework\src\Illuminate\View\View.php(208): Illuminate\View\Engines\CompilerEngine->get('C:\\Users\\cesar\\...', Array)
#3 C:\Users\cesar\Downloads\No.1\control-volumetrico\vendor\laravel\framework\src\Illuminate\View\View.php(191): Illuminate\View\View->getContents()
#4 C:\Users\cesar\Downloads\No.1\control-volumetrico\vendor\laravel\framework\src\Illuminate\View\View.php(160): Illuminate\View\View->renderContents()
#5 C:\Users\cesar\Downloads\No.1\control-volumetrico\vendor\laravel\framework\src\Illuminate\Http\Response.php(78): Illuminate\View\View->render()
#6 C:\Users\cesar\Downloads\No.1\control-volumetrico\vendor\laravel\framework\src\Illuminate\Http\Response.php(34): Illuminate\Http\Response->setContent(Object(Illuminate\View\View))
#7 C:\Users\cesar\Downloads\No.1\control-volumetrico\vendor\laravel\framework\src\Illuminate\Routing\Router.php(939): Illuminate\Http\Response->__construct(Object(Illuminate\View\View), 200, Array)
#8 C:\Users\cesar\Downloads\No.1\control-volumetrico\vendor\laravel\framework\src\Illuminate\Routing\Router.php(906): Illuminate\Routing\Router::toResponse(Object(Illuminate\Http\Request), Object(Illuminate\View\View))
#9 C:\Users\cesar\Downloads\No.1\control-volumetrico\vendor\laravel\framework\src\Illuminate\Routing\Router.php(821): Illuminate\Routing\Router->prepareResponse(Object(Illuminate\Http\Request), Object(Illuminate\View\View))
#10 C:\Users\cesar\Downloads\No.1\control-volumetrico\vendor\laravel\framework\src\Illuminate\Pipeline\Pipeline.php(180): Illuminate\Routing\Router->Illuminate\Routing\{closure}(Object(Illuminate\Http\Request))
#11 C:\Users\cesar\Downloads\No.1\control-volumetrico\app\Http\Middleware\ApiAuthenticated.php(18): Illuminate\Pipeline\Pipeline->Illuminate\Pipeline\{closure}(Object(Illuminate\Http\Request))
#12 C:\Users\cesar\Downloads\No.1\control-volumetrico\vendor\laravel\framework\src\Illuminate\Pipeline\Pipeline.php(219): App\Http\Middleware\ApiAuthenticated->handle(Object(Illuminate\Http\Request), Object(Closure))
#13 C:\Users\cesar\Downloads\No.1\control-volumetrico\vendor\laravel\framework\src\Illuminate\Routing\Middleware\SubstituteBindings.php(50): Illuminate\Pipeline\Pipeline->Illuminate\Pipeline\{closure}(Object(Illuminate\Http\Request))
#14 C:\Users\cesar\Downloads\No.1\control-volumetrico\vendor\laravel\framework\src\Illuminate\Pipeline\Pipeline.php(219): Illuminate\Routing\Middleware\SubstituteBindings->handle(Object(Illuminate\Http\Request), Object(Closure))
#15 C:\Users\cesar\Downloads\No.1\control-volumetrico\vendor\laravel\framework\src\Illuminate\Foundation\Http\Middleware\VerifyCsrfToken.php(87): Illuminate\Pipeline\Pipeline->Illuminate\Pipeline\{closure}(Object(Illuminate\Http\Request))
#16 C:\Users\cesar\Downloads\No.1\control-volumetrico\vendor\laravel\framework\src\Illuminate\Pipeline\Pipeline.php(219): Illuminate\Foundation\Http\Middleware\VerifyCsrfToken->handle(Object(Illuminate\Http\Request), Object(Closure))
#17 C:\Users\cesar\Downloads\No.1\control-volumetrico\vendor\laravel\framework\src\Illuminate\View\Middleware\ShareErrorsFromSession.php(48): Illuminate\Pipeline\Pipeline->Illuminate\Pipeline\{closure}(Object(Illuminate\Http\Request))
#18 C:\Users\cesar\Downloads\No.1\control-volumetrico\vendor\laravel\framework\src\Illuminate\Pipeline\Pipeline.php(219): Illuminate\View\Middleware\ShareErrorsFromSession->handle(Object(Illuminate\Http\Request), Object(Closure))
#19 C:\Users\cesar\Downloads\No.1\control-volumetrico\vendor\laravel\framework\src\Illuminate\Session\Middleware\StartSession.php(120): Illuminate\Pipeline\Pipeline->Illuminate\Pipeline\{closure}(Object(Illuminate\Http\Request))
#20 C:\Users\cesar\Downloads\No.1\control-volumetrico\vendor\laravel\framework\src\Illuminate\Session\Middleware\StartSession.php(63): Illuminate\Session\Middleware\StartSession->handleStatefulRequest(Object(Illuminate\Http\Request), Object(Illuminate\Session\Store), Object(Closure))
#21 C:\Users\cesar\Downloads\No.1\control-volumetrico\vendor\laravel\framework\src\Illuminate\Pipeline\Pipeline.php(219): Illuminate\Session\Middleware\StartSession->handle(Object(Illuminate\Http\Request), Object(Closure))
#22 C:\Users\cesar\Downloads\No.1\control-volumetrico\vendor\laravel\framework\src\Illuminate\Cookie\Middleware\AddQueuedCookiesToResponse.php(36): Illuminate\Pipeline\Pipeline->Illuminate\Pipeline\{closure}(Object(Illuminate\Http\Request))
#23 C:\Users\cesar\Downloads\No.1\control-volumetrico\vendor\laravel\framework\src\Illuminate\Pipeline\Pipeline.php(219): Illuminate\Cookie\Middleware\AddQueuedCookiesToResponse->handle(Object(Illuminate\Http\Request), Object(Closure))
#24 C:\Users\cesar\Downloads\No.1\control-volumetrico\vendor\laravel\framework\src\Illuminate\Cookie\Middleware\EncryptCookies.php(74): Illuminate\Pipeline\Pipeline->Illuminate\Pipeline\{closure}(Object(Illuminate\Http\Request))
#25 C:\Users\cesar\Downloads\No.1\control-volumetrico\vendor\laravel\framework\src\Illuminate\Pipeline\Pipeline.php(219): Illuminate\Cookie\Middleware\EncryptCookies->handle(Object(Illuminate\Http\Request), Object(Closure))
#26 C:\Users\cesar\Downloads\No.1\control-volumetrico\vendor\laravel\framework\src\Illuminate\Pipeline\Pipeline.php(137): Illuminate\Pipeline\Pipeline->Illuminate\Pipeline\{closure}(Object(Illuminate\Http\Request))
#27 C:\Users\cesar\Downloads\No.1\control-volumetrico\vendor\laravel\framework\src\Illuminate\Routing\Router.php(821): Illuminate\Pipeline\Pipeline->then(Object(Closure))
#28 C:\Users\cesar\Downloads\No.1\control-volumetrico\vendor\laravel\framework\src\Illuminate\Routing\Router.php(800): Illuminate\Routing\Router->runRouteWithinStack(Object(Illuminate\Routing\Route), Object(Illuminate\Http\Request))
#29 C:\Users\cesar\Downloads\No.1\control-volumetrico\vendor\laravel\framework\src\Illuminate\Routing\Router.php(764): Illuminate\Routing\Router->runRoute(Object(Illuminate\Http\Request), Object(Illuminate\Routing\Route))
#30 C:\Users\cesar\Downloads\No.1\control-volumetrico\vendor\laravel\framework\src\Illuminate\Routing\Router.php(753): Illuminate\Routing\Router->dispatchToRoute(Object(Illuminate\Http\Request))
#31 C:\Users\cesar\Downloads\No.1\control-volumetrico\vendor\laravel\framework\src\Illuminate\Foundation\Http\Kernel.php(200): Illuminate\Routing\Router->dispatch(Object(Illuminate\Http\Request))
#32 C:\Users\cesar\Downloads\No.1\control-volumetrico\vendor\laravel\framework\src\Illuminate\Pipeline\Pipeline.php(180): Illuminate\Foundation\Http\Kernel->Illuminate\Foundation\Http\{closure}(Object(Illuminate\Http\Request))
#33 C:\Users\cesar\Downloads\No.1\control-volumetrico\vendor\laravel\framework\src\Illuminate\Foundation\Http\Middleware\TransformsRequest.php(21): Illuminate\Pipeline\Pipeline->Illuminate\Pipeline\{closure}(Object(Illuminate\Http\Request))
#34 C:\Users\cesar\Downloads\No.1\control-volumetrico\vendor\laravel\framework\src\Illuminate\Foundation\Http\Middleware\ConvertEmptyStringsToNull.php(31): Illuminate\Foundation\Http\Middleware\TransformsRequest->handle(Object(Illuminate\Http\Request), Object(Closure))
#35 C:\Users\cesar\Downloads\No.1\control-volumetrico\vendor\laravel\framework\src\Illuminate\Pipeline\Pipeline.php(219): Illuminate\Foundation\Http\Middleware\ConvertEmptyStringsToNull->handle(Object(Illuminate\Http\Request), Object(Closure))
#36 C:\Users\cesar\Downloads\No.1\control-volumetrico\vendor\laravel\framework\src\Illuminate\Foundation\Http\Middleware\TransformsRequest.php(21): Illuminate\Pipeline\Pipeline->Illuminate\Pipeline\{closure}(Object(Illuminate\Http\Request))
#37 C:\Users\cesar\Downloads\No.1\control-volumetrico\vendor\laravel\framework\src\Illuminate\Foundation\Http\Middleware\TrimStrings.php(51): Illuminate\Foundation\Http\Middleware\TransformsRequest->handle(Object(Illuminate\Http\Request), Object(Closure))
#38 C:\Users\cesar\Downloads\No.1\control-volumetrico\vendor\laravel\framework\src\Illuminate\Pipeline\Pipeline.php(219): Illuminate\Foundation\Http\Middleware\TrimStrings->handle(Object(Illuminate\Http\Request), Object(Closure))
#39 C:\Users\cesar\Downloads\No.1\control-volumetrico\vendor\laravel\framework\src\Illuminate\Http\Middleware\ValidatePostSize.php(27): Illuminate\Pipeline\Pipeline->Illuminate\Pipeline\{closure}(Object(Illuminate\Http\Request))
#40 C:\Users\cesar\Downloads\No.1\control-volumetrico\vendor\laravel\framework\src\Illuminate\Pipeline\Pipeline.php(219): Illuminate\Http\Middleware\ValidatePostSize->handle(Object(Illuminate\Http\Request), Object(Closure))
#41 C:\Users\cesar\Downloads\No.1\control-volumetrico\vendor\laravel\framework\src\Illuminate\Foundation\Http\Middleware\PreventRequestsDuringMaintenance.php(109): Illuminate\Pipeline\Pipeline->Illuminate\Pipeline\{closure}(Object(Illuminate\Http\Request))
#42 C:\Users\cesar\Downloads\No.1\control-volumetrico\vendor\laravel\framework\src\Illuminate\Pipeline\Pipeline.php(219): Illuminate\Foundation\Http\Middleware\PreventRequestsDuringMaintenance->handle(Object(Illuminate\Http\Request), Object(Closure))
#43 C:\Users\cesar\Downloads\No.1\control-volumetrico\vendor\laravel\framework\src\Illuminate\Http\Middleware\HandleCors.php(61): Illuminate\Pipeline\Pipeline->Illuminate\Pipeline\{closure}(Object(Illuminate\Http\Request))
#44 C:\Users\cesar\Downloads\No.1\control-volumetrico\vendor\laravel\framework\src\Illuminate\Pipeline\Pipeline.php(219): Illuminate\Http\Middleware\HandleCors->handle(Object(Illuminate\Http\Request), Object(Closure))
#45 C:\Users\cesar\Downloads\No.1\control-volumetrico\vendor\laravel\framework\src\Illuminate\Http\Middleware\TrustProxies.php(58): Illuminate\Pipeline\Pipeline->Illuminate\Pipeline\{closure}(Object(Illuminate\Http\Request))
#46 C:\Users\cesar\Downloads\No.1\control-volumetrico\vendor\laravel\framework\src\Illuminate\Pipeline\Pipeline.php(219): Illuminate\Http\Middleware\TrustProxies->handle(Object(Illuminate\Http\Request), Object(Closure))
#47 C:\Users\cesar\Downloads\No.1\control-volumetrico\vendor\laravel\framework\src\Illuminate\Foundation\Http\Middleware\InvokeDeferredCallbacks.php(22): Illuminate\Pipeline\Pipeline->Illuminate\Pipeline\{closure}(Object(Illuminate\Http\Request))
#48 C:\Users\cesar\Downloads\No.1\control-volumetrico\vendor\laravel\framework\src\Illuminate\Pipeline\Pipeline.php(219): Illuminate\Foundation\Http\Middleware\InvokeDeferredCallbacks->handle(Object(Illuminate\Http\Request), Object(Closure))
#49 C:\Users\cesar\Downloads\No.1\control-volumetrico\vendor\laravel\framework\src\Illuminate\Http\Middleware\ValidatePathEncoding.php(26): Illuminate\Pipeline\Pipeline->Illuminate\Pipeline\{closure}(Object(Illuminate\Http\Request))
#50 C:\Users\cesar\Downloads\No.1\control-volumetrico\vendor\laravel\framework\src\Illuminate\Pipeline\Pipeline.php(219): Illuminate\Http\Middleware\ValidatePathEncoding->handle(Object(Illuminate\Http\Request), Object(Closure))
#51 C:\Users\cesar\Downloads\No.1\control-volumetrico\vendor\laravel\framework\src\Illuminate\Pipeline\Pipeline.php(137): Illuminate\Pipeline\Pipeline->Illuminate\Pipeline\{closure}(Object(Illuminate\Http\Request))
#52 C:\Users\cesar\Downloads\No.1\control-volumetrico\vendor\laravel\framework\src\Illuminate\Foundation\Http\Kernel.php(175): Illuminate\Pipeline\Pipeline->then(Object(Closure))
#53 C:\Users\cesar\Downloads\No.1\control-volumetrico\vendor\laravel\framework\src\Illuminate\Foundation\Http\Kernel.php(144): Illuminate\Foundation\Http\Kernel->sendRequestThroughRouter(Object(Illuminate\Http\Request))
#54 C:\Users\cesar\Downloads\No.1\control-volumetrico\vendor\laravel\framework\src\Illuminate\Foundation\Testing\Concerns\MakesHttpRequests.php(607): Illuminate\Foundation\Http\Kernel->handle(Object(Illuminate\Http\Request))
#55 C:\Users\cesar\Downloads\No.1\control-volumetrico\vendor\laravel\framework\src\Illuminate\Foundation\Testing\Concerns\MakesHttpRequests.php(368): Illuminate\Foundation\Testing\TestCase->call('GET', '/cfdi/exportar?...', Array, Array, Array, Array)
#56 C:\Users\cesar\Downloads\No.1\control-volumetrico\tests\Feature\CfdiTest.php(85): Illuminate\Foundation\Testing\TestCase->get('/cfdi/exportar?...')
#57 C:\Users\cesar\Downloads\No.1\control-volumetrico\vendor\phpunit\phpunit\src\Framework\TestCase.php(1667): Tests\Feature\CfdiTest->test_exportar_downloads_cfdi_file()
#58 C:\Users\cesar\Downloads\No.1\control-volumetrico\vendor\phpunit\phpunit\src\Framework\TestCase.php(519): PHPUnit\Framework\TestCase->runTest()
#59 C:\Users\cesar\Downloads\No.1\control-volumetrico\vendor\phpunit\phpunit\src\Framework\TestRunner\TestRunner.php(87): PHPUnit\Framework\TestCase->runBare()
#60 C:\Users\cesar\Downloads\No.1\control-volumetrico\vendor\phpunit\phpunit\src\Framework\TestCase.php(365): PHPUnit\Framework\TestRunner->run(Object(Tests\Feature\CfdiTest))
#61 C:\Users\cesar\Downloads\No.1\control-volumetrico\vendor\phpunit\phpunit\src\Framework\TestSuite.php(369): PHPUnit\Framework\TestCase->run()
#62 C:\Users\cesar\Downloads\No.1\control-volumetrico\vendor\phpunit\phpunit\src\Framework\TestSuite.php(369): PHPUnit\Framework\TestSuite->run()
#63 C:\Users\cesar\Downloads\No.1\control-volumetrico\vendor\phpunit\phpunit\src\Framework\TestSuite.php(369): PHPUnit\Framework\TestSuite->run()
#64 C:\Users\cesar\Downloads\No.1\control-volumetrico\vendor\phpunit\phpunit\src\TextUI\TestRunner.php(64): PHPUnit\Framework\TestSuite->run()
#65 C:\Users\cesar\Downloads\No.1\control-volumetrico\vendor\phpunit\phpunit\src\TextUI\Application.php(211): PHPUnit\TextUI\TestRunner->run(Object(PHPUnit\TextUI\Configuration\Configuration), Object(PHPUnit\Runner\ResultCache\DefaultResultCache), Object(PHPUnit\Framework\TestSuite))
#66 C:\Users\cesar\Downloads\No.1\control-volumetrico\vendor\phpunit\phpunit\phpunit(104): PHPUnit\TextUI\Application->run(Array)
#67 {main}

----------------------------------------------------------------------------------

Undefined array key "estado" (View: C:\Users\cesar\Downloads\No.1\control-volumetrico\resources\views\cfdi\show.blade.php)[39;22m

  at [32mtests\Feature\CfdiTest.php[39m:[32m87[39m
     83▕         ]);
     84▕ 
     85▕         $response = $this->get('/cfdi/exportar?' . http_build_query($filters));
     86▕ 
  ➜  87▕         $response->assertStatus(200);
     88▕         $response->assertHeader('Content-Type', 'text/csv');
     89▕         $response->assertHeader('Content-Disposition', 'attachment; filename="cfdi.csv"');
     90▕     }
     91▕

  [31m────────────────────────────────────────────────────────────────────────────────────────────────────────────────────[39m  
  [41;1m FAILED [49;22m [1mTests\Feature\CfdiTest[22m [90m>[39m filter cfdi by estado                                                               
[39;1m  Failed asserting that actual size 0 matches expected size 1.[39;22m

  at [32mtests\Feature\CfdiTest.php[39m:[32m107[39m
    103▕         $response->assertStatus(200);
    104▕         $response->assertViewHas('cfdis');
    105▕         
    106▕         $cfdis = $response->viewData('cfdis');
  ➜ 107▕         $this->assertCount(1, $cfdis);
    108▕         $this->assertEquals('VIGENTE', $cfdis[0]['estado']);
    109▕     }
    110▕ 
    111▕     /** @test */

  [33m1   [39m[39;1mtests\Feature\CfdiTest.php[39;22m:[39;1m107[39;22m

  [31m────────────────────────────────────────────────────────────────────────────────────────────────────────────────────[39m  
  [41;1m FAILED [49;22m [1mTests\Feature\ConfiguracionTest[22m [90m>[39m index displays configuration                                               
[39;1m  Expected response status code [200] but received 404.
Failed asserting that 404 is identical to 200.[39;22m

  at [32mtests\Feature\ConfiguracionTest.php[39m:[32m40[39m
     36▕         $this->mockSuccessfulResponse('/api/configuracion', $configuracion);
     37▕ 
     38▕         $response = $this->get('/configuracion');
     39▕ 
  ➜  40▕         $response->assertStatus(200);
     41▕         $response->assertViewIs('configuracion.index');
     42▕         $response->assertViewHas('configuracion', $configuracion);
     43▕     }
     44▕

  [31m────────────────────────────────────────────────────────────────────────────────────────────────────────────────────[39m  
  [41;1m FAILED [49;22m [1mTests\Feature\ConfiguracionTest[22m [90m>[39m update modifies configuration successfully                                 
[39;1m  Expected response status code [201, 301, 302, 303, 307, 308] but received 404.
Failed asserting that false is true.[39;22m

  at [32mtests\Feature\ConfiguracionTest.php[39m:[32m66[39m
     62▕         $this->mockSuccessfulResponse('/api/configuracion', [], 'Configuración actualizada exitosamente');
     63▕ 
     64▕         $response = $this->put('/configuracion', $updateData);
     65▕ 
  ➜  66▕         $response->assertRedirect('/configuracion');
     67▕         $response->assertSessionHas('success', 'Configuración actualizada exitosamente');
     68▕     }
     69▕ 
     70▕     /** @test */

  [31m────────────────────────────────────────────────────────────────────────────────────────────────────────────────────[39m  
  [41;1m FAILED [49;22m [1mTests\Feature\ConfiguracionTest[22m [90m>[39m update validation errors                                                   
[39;1m  Expected response status code [201, 301, 302, 303, 307, 308] but received 404.
Failed asserting that false is true.[39;22m

  at [32mtests\Feature\ConfiguracionTest.php[39m:[32m87[39m
     83▕         ]);
     84▕ 
     85▕         $response = $this->put('/configuracion', $invalidData);
     86▕ 
  ➜  87▕         $response->assertRedirect();
     88▕         $response->assertSessionHasErrors(['maximo_registros', 'tiempo_sesion', 'smtp_port']);
     89▕     }
     90▕ 
     91▕     /** @test */

  [31m────────────────────────────────────────────────────────────────────────────────────────────────────────────────────[39m  
  [41;1m FAILED [49;22m [1mTests\Feature\ConfiguracionTest[22m [90m>[39m backup manual triggers backup                                              
[39;1m  Expected response status code [201, 301, 302, 303, 307, 308] but received 404.
Failed asserting that false is true.[39;22m

  at [32mtests\Feature\ConfiguracionTest.php[39m:[32m102[39m
     98▕         ], 'Backup manual realizado exitosamente');
     99▕ 
    100▕         $response = $this->post('/configuracion/backup-manual');
    101▕ 
  ➜ 102▕         $response->assertRedirect('/configuracion');
    103▕         $response->assertSessionHas('success', 'Backup manual realizado exitosamente');
    104▕     }
    105▕ 
    106▕     /** @test */

  [31m────────────────────────────────────────────────────────────────────────────────────────────────────────────────────[39m  
  [41;1m FAILED [49;22m [1mTests\Feature\ConfiguracionTest[22m [90m>[39m limpiar cache clears cache                                                 
[39;1m  Expected response status code [201, 301, 302, 303, 307, 308] but received 404.
Failed asserting that false is true.[39;22m

  at [32mtests\Feature\ConfiguracionTest.php[39m:[32m113[39m
    109▕         $this->mockSuccessfulResponse('/api/configuracion/limpiar-cache', [], 'Cache limpiada exitosamente');
    110▕ 
    111▕         $response = $this->post('/configuracion/limpiar-cache');
    112▕ 
  ➜ 113▕         $response->assertRedirect('/configuracion');
    114▕         $response->assertSessionHas('success', 'Cache limpiada exitosamente');
    115▕     }
    116▕ 
    117▕     /** @test */

  [31m────────────────────────────────────────────────────────────────────────────────────────────────────────────────────[39m  
  [41;1m FAILED [49;22m [1mTests\Feature\ConfiguracionTest[22m [90m>[39m logs displays system logs                                                  
[39;1m  Expected response status code [200] but received 404.
Failed asserting that 404 is identical to 200.[39;22m

  at [32mtests\Feature\ConfiguracionTest.php[39m:[32m139[39m
    135▕         $this->mockSuccessfulResponse('/api/configuracion/logs', $logs);
    136▕ 
    137▕         $response = $this->get('/configuracion/logs');
    138▕ 
  ➜ 139▕         $response->assertStatus(200);
    140▕         $response->assertViewIs('configuracion.logs');
    141▕         $response->assertViewHas('logs', $logs);
    142▕     }
    143▕

  [31m────────────────────────────────────────────────────────────────────────────────────────────────────────────────────[39m  
  [41;1m FAILED [49;22m [1mTests\Feature\ConfiguracionTest[22m [90m>[39m exportar downloads configuration file                                      
[39;1m  Expected response status code [200] but received 404.
Failed asserting that 404 is identical to 200.[39;22m

  at [32mtests\Feature\ConfiguracionTest.php[39m:[32m164[39m
    160▕         ]);
    161▕ 
    162▕         $response = $this->get('/configuracion/exportar');
    163▕ 
  ➜ 164▕         $response->assertStatus(200);
    165▕         $response->assertHeader('Content-Type', 'application/json');
    166▕         $response->assertHeader('Content-Disposition', 'attachment; filename="configuracion-2024-01-20.json"');
    167▕     }
    168▕

  [31m────────────────────────────────────────────────────────────────────────────────────────────────────────────────────[39m  
  [41;1m FAILED [49;22m [1mTests\Feature\ConfiguracionTest[22m [90m>[39m importar uploads configuration file                                        
[39;1m  Expected response status code [201, 301, 302, 303, 307, 308] but received 404.
Failed asserting that false is true.[39;22m

  at [32mtests\Feature\ConfiguracionTest.php[39m:[32m189[39m
    185▕         $response = $this->post('/configuracion/importar', [
    186▕             'config_file' => $configFile
    187▕         ]);
    188▕ 
  ➜ 189▕         $response->assertRedirect('/configuracion');
    190▕         $response->assertSessionHas('success', 'Configuración importada exitosamente');
    191▕     }
    192▕ 
    193▕     /** @test */

  [31m────────────────────────────────────────────────────────────────────────────────────────────────────────────────────[39m  
  [41;1m FAILED [49;22m [1mTests\Feature\ConfiguracionTest[22m [90m>[39m importar validation error for invalid file                                 
[39;1m  Session is missing expected key [errors].
Failed asserting that false is true.[39;22m

  at [32mtests\Feature\ConfiguracionTest.php[39m:[32m202[39m
    198▕         $response = $this->post('/configuracion/importar', [
    199▕             'config_file' => $invalidFile
    200▕         ]);
    201▕ 
  ➜ 202▕         $response->assertSessionHasErrors(['config_file']);
    203▕     }
    204▕ 
    205▕     /** @test */
    206▕     public function test_importar_validation_error_for_invalid_json()

  [31m────────────────────────────────────────────────────────────────────────────────────────────────────────────────────[39m  
  [41;1m FAILED [49;22m [1mTests\Feature\ConfiguracionTest[22m [90m>[39m importar validation error for invalid json                                 
[39;1m  Expected response status code [201, 301, 302, 303, 307, 308] but received 404.
Failed asserting that false is true.[39;22m

  at [32mtests\Feature\ConfiguracionTest.php[39m:[32m219[39m
    215▕         $response = $this->post('/configuracion/importar', [
    216▕             'config_file' => $invalidJsonFile
    217▕         ]);
    218▕ 
  ➜ 219▕         $response->assertRedirect();
    220▕         $response->assertSessionHas('error', 'Archivo JSON inválido');
    221▕     }
    222▕ 
    223▕     /** @test */

  [31m────────────────────────────────────────────────────────────────────────────────────────────────────────────────────[39m  
  [41;1m FAILED [49;22m [1mTests\Feature\ConfiguracionTest[22m [90m>[39m configuration has sensitive fields encrypted       [41;1m AssertionFailedError [49;22m  
[39;1m  The response is not a view.[39;22m

  at [32mtests\Feature\ConfiguracionTest.php[39m:[32m238[39m
    234▕         $this->mockSuccessfulResponse('/api/configuracion', $configuracion);
    235▕ 
    236▕         $response = $this->get('/configuracion');
    237▕         
  ➜ 238▕         $config = $response->viewData('configuracion');
    239▕         $this->assertStringContainsString('********', $config['smtp_pass']);
    240▕         $this->assertNotEquals('password_real', $config['smtp_pass']);
    241▕     }
    242▕ }

  [31m────────────────────────────────────────────────────────────────────────────────────────────────────────────────────[39m  
  [41;1m FAILED [49;22m [1mTests\Feature\ContribuyenteTest[22m [90m>[39m store validation errors for duplicate rfc                                  
[39;1m  Session is missing expected key [errors].
Failed asserting that false is true.[39;22m

  at [32mtests\Feature\ContribuyenteTest.php[39m:[32m84[39m
     80▕ 
     81▕         $response = $this->post('/contribuyentes', $contribuyenteData);
     82▕ 
     83▕         $response->assertRedirect();
  ➜  84▕         $response->assertSessionHasErrors(['rfc']);
     85▕     }
     86▕ 
     87▕     /** @test */
     88▕     public function test_show_displays_contribuyente_details()

  [31m────────────────────────────────────────────────────────────────────────────────────────────────────────────────────[39m  
  [41;1m FAILED [49;22m [1mTests\Feature\ContribuyenteTest[22m [90m>[39m show displays contribuyente details                                        
[39;1m  Expected response status code [200] but received 500.
Failed asserting that 500 is identical to 200.

The following exception occurred during the last request:

ErrorException: Undefined array key "id" in C:\Users\cesar\Downloads\No.1\control-volumetrico\storage\framework\views\59e3f1e6c59d0203f4027f80ddfdb650.php:7
Stack trace:
#0 C:\Users\cesar\Downloads\No.1\control-volumetrico\vendor\laravel\framework\src\Illuminate\Foundation\Bootstrap\HandleExceptions.php(258): Illuminate\Foundation\Bootstrap\HandleExceptions->handleError(2, 'Undefined array...', 'C:\\Users\\cesar\\...', 7)
#1 C:\Users\cesar\Downloads\No.1\control-volumetrico\storage\framework\views\59e3f1e6c59d0203f4027f80ddfdb650.php(7): Illuminate\Foundation\Bootstrap\HandleExceptions->Illuminate\Foundation\Bootstrap\{closure}(2, 'Undefined array...', 'C:\\Users\\cesar\\...', 7)
#2 C:\Users\cesar\Downloads\No.1\control-volumetrico\vendor\laravel\framework\src\Illuminate\Filesystem\Filesystem.php(123): require('C:\\Users\\cesar\\...')
#3 C:\Users\cesar\Downloads\No.1\control-volumetrico\vendor\laravel\framework\src\Illuminate\Filesystem\Filesystem.php(124): Illuminate\Filesystem\Filesystem::Illuminate\Filesystem\{closure}()
#4 C:\Users\cesar\Downloads\No.1\control-volumetrico\vendor\laravel\framework\src\Illuminate\View\Engines\PhpEngine.php(57): Illuminate\Filesystem\Filesystem->getRequire('C:\\Users\\cesar\\...', Array)
#5 C:\Users\cesar\Downloads\No.1\control-volumetrico\vendor\laravel\framework\src\Illuminate\View\Engines\CompilerEngine.php(76): Illuminate\View\Engines\PhpEngine->evaluatePath('C:\\Users\\cesar\\...', Array)
#6 C:\Users\cesar\Downloads\No.1\control-volumetrico\vendor\laravel\framework\src\Illuminate\View\View.php(208): Illuminate\View\Engines\CompilerEngine->get('C:\\Users\\cesar\\...', Array)
#7 C:\Users\cesar\Downloads\No.1\control-volumetrico\vendor\laravel\framework\src\Illuminate\View\View.php(191): Illuminate\View\View->getContents()
#8 C:\Users\cesar\Downloads\No.1\control-volumetrico\vendor\laravel\framework\src\Illuminate\View\View.php(160): Illuminate\View\View->renderContents()
#9 C:\Users\cesar\Downloads\No.1\control-volumetrico\vendor\laravel\framework\src\Illuminate\Http\Response.php(78): Illuminate\View\View->render()
#10 C:\Users\cesar\Downloads\No.1\control-volumetrico\vendor\laravel\framework\src\Illuminate\Http\Response.php(34): Illuminate\Http\Response->setContent(Object(Illuminate\View\View))
#11 C:\Users\cesar\Downloads\No.1\control-volumetrico\vendor\laravel\framework\src\Illuminate\Routing\Router.php(939): Illuminate\Http\Response->__construct(Object(Illuminate\View\View), 200, Array)
#12 C:\Users\cesar\Downloads\No.1\control-volumetrico\vendor\laravel\framework\src\Illuminate\Routing\Router.php(906): Illuminate\Routing\Router::toResponse(Object(Illuminate\Http\Request), Object(Illuminate\View\View))
#13 C:\Users\cesar\Downloads\No.1\control-volumetrico\vendor\laravel\framework\src\Illuminate\Routing\Router.php(821): Illuminate\Routing\Router->prepareResponse(Object(Illuminate\Http\Request), Object(Illuminate\View\View))
#14 C:\Users\cesar\Downloads\No.1\control-volumetrico\vendor\laravel\framework\src\Illuminate\Pipeline\Pipeline.php(180): Illuminate\Routing\Router->Illuminate\Routing\{closure}(Object(Illuminate\Http\Request))
#15 C:\Users\cesar\Downloads\No.1\control-volumetrico\app\Http\Middleware\ApiAuthenticated.php(18): Illuminate\Pipeline\Pipeline->Illuminate\Pipeline\{closure}(Object(Illuminate\Http\Request))
#16 C:\Users\cesar\Downloads\No.1\control-volumetrico\vendor\laravel\framework\src\Illuminate\Pipeline\Pipeline.php(219): App\Http\Middleware\ApiAuthenticated->handle(Object(Illuminate\Http\Request), Object(Closure))
#17 C:\Users\cesar\Downloads\No.1\control-volumetrico\vendor\laravel\framework\src\Illuminate\Routing\Middleware\SubstituteBindings.php(50): Illuminate\Pipeline\Pipeline->Illuminate\Pipeline\{closure}(Object(Illuminate\Http\Request))
#18 C:\Users\cesar\Downloads\No.1\control-volumetrico\vendor\laravel\framework\src\Illuminate\Pipeline\Pipeline.php(219): Illuminate\Routing\Middleware\SubstituteBindings->handle(Object(Illuminate\Http\Request), Object(Closure))
#19 C:\Users\cesar\Downloads\No.1\control-volumetrico\vendor\laravel\framework\src\Illuminate\Foundation\Http\Middleware\VerifyCsrfToken.php(87): Illuminate\Pipeline\Pipeline->Illuminate\Pipeline\{closure}(Object(Illuminate\Http\Request))
#20 C:\Users\cesar\Downloads\No.1\control-volumetrico\vendor\laravel\framework\src\Illuminate\Pipeline\Pipeline.php(219): Illuminate\Foundation\Http\Middleware\VerifyCsrfToken->handle(Object(Illuminate\Http\Request), Object(Closure))
#21 C:\Users\cesar\Downloads\No.1\control-volumetrico\vendor\laravel\framework\src\Illuminate\View\Middleware\ShareErrorsFromSession.php(48): Illuminate\Pipeline\Pipeline->Illuminate\Pipeline\{closure}(Object(Illuminate\Http\Request))
#22 C:\Users\cesar\Downloads\No.1\control-volumetrico\vendor\laravel\framework\src\Illuminate\Pipeline\Pipeline.php(219): Illuminate\View\Middleware\ShareErrorsFromSession->handle(Object(Illuminate\Http\Request), Object(Closure))
#23 C:\Users\cesar\Downloads\No.1\control-volumetrico\vendor\laravel\framework\src\Illuminate\Session\Middleware\StartSession.php(120): Illuminate\Pipeline\Pipeline->Illuminate\Pipeline\{closure}(Object(Illuminate\Http\Request))
#24 C:\Users\cesar\Downloads\No.1\control-volumetrico\vendor\laravel\framework\src\Illuminate\Session\Middleware\StartSession.php(63): Illuminate\Session\Middleware\StartSession->handleStatefulRequest(Object(Illuminate\Http\Request), Object(Illuminate\Session\Store), Object(Closure))
#25 C:\Users\cesar\Downloads\No.1\control-volumetrico\vendor\laravel\framework\src\Illuminate\Pipeline\Pipeline.php(219): Illuminate\Session\Middleware\StartSession->handle(Object(Illuminate\Http\Request), Object(Closure))
#26 C:\Users\cesar\Downloads\No.1\control-volumetrico\vendor\laravel\framework\src\Illuminate\Cookie\Middleware\AddQueuedCookiesToResponse.php(36): Illuminate\Pipeline\Pipeline->Illuminate\Pipeline\{closure}(Object(Illuminate\Http\Request))
#27 C:\Users\cesar\Downloads\No.1\control-volumetrico\vendor\laravel\framework\src\Illuminate\Pipeline\Pipeline.php(219): Illuminate\Cookie\Middleware\AddQueuedCookiesToResponse->handle(Object(Illuminate\Http\Request), Object(Closure))
#28 C:\Users\cesar\Downloads\No.1\control-volumetrico\vendor\laravel\framework\src\Illuminate\Cookie\Middleware\EncryptCookies.php(74): Illuminate\Pipeline\Pipeline->Illuminate\Pipeline\{closure}(Object(Illuminate\Http\Request))
#29 C:\Users\cesar\Downloads\No.1\control-volumetrico\vendor\laravel\framework\src\Illuminate\Pipeline\Pipeline.php(219): Illuminate\Cookie\Middleware\EncryptCookies->handle(Object(Illuminate\Http\Request), Object(Closure))
#30 C:\Users\cesar\Downloads\No.1\control-volumetrico\vendor\laravel\framework\src\Illuminate\Pipeline\Pipeline.php(137): Illuminate\Pipeline\Pipeline->Illuminate\Pipeline\{closure}(Object(Illuminate\Http\Request))
#31 C:\Users\cesar\Downloads\No.1\control-volumetrico\vendor\laravel\framework\src\Illuminate\Routing\Router.php(821): Illuminate\Pipeline\Pipeline->then(Object(Closure))
#32 C:\Users\cesar\Downloads\No.1\control-volumetrico\vendor\laravel\framework\src\Illuminate\Routing\Router.php(800): Illuminate\Routing\Router->runRouteWithinStack(Object(Illuminate\Routing\Route), Object(Illuminate\Http\Request))
#33 C:\Users\cesar\Downloads\No.1\control-volumetrico\vendor\laravel\framework\src\Illuminate\Routing\Router.php(764): Illuminate\Routing\Router->runRoute(Object(Illuminate\Http\Request), Object(Illuminate\Routing\Route))
#34 C:\Users\cesar\Downloads\No.1\control-volumetrico\vendor\laravel\framework\src\Illuminate\Routing\Router.php(753): Illuminate\Routing\Router->dispatchToRoute(Object(Illuminate\Http\Request))
#35 C:\Users\cesar\Downloads\No.1\control-volumetrico\vendor\laravel\framework\src\Illuminate\Foundation\Http\Kernel.php(200): Illuminate\Routing\Router->dispatch(Object(Illuminate\Http\Request))
#36 C:\Users\cesar\Downloads\No.1\control-volumetrico\vendor\laravel\framework\src\Illuminate\Pipeline\Pipeline.php(180): Illuminate\Foundation\Http\Kernel->Illuminate\Foundation\Http\{closure}(Object(Illuminate\Http\Request))
#37 C:\Users\cesar\Downloads\No.1\control-volumetrico\vendor\laravel\framework\src\Illuminate\Foundation\Http\Middleware\TransformsRequest.php(21): Illuminate\Pipeline\Pipeline->Illuminate\Pipeline\{closure}(Object(Illuminate\Http\Request))
#38 C:\Users\cesar\Downloads\No.1\control-volumetrico\vendor\laravel\framework\src\Illuminate\Foundation\Http\Middleware\ConvertEmptyStringsToNull.php(31): Illuminate\Foundation\Http\Middleware\TransformsRequest->handle(Object(Illuminate\Http\Request), Object(Closure))
#39 C:\Users\cesar\Downloads\No.1\control-volumetrico\vendor\laravel\framework\src\Illuminate\Pipeline\Pipeline.php(219): Illuminate\Foundation\Http\Middleware\ConvertEmptyStringsToNull->handle(Object(Illuminate\Http\Request), Object(Closure))
#40 C:\Users\cesar\Downloads\No.1\control-volumetrico\vendor\laravel\framework\src\Illuminate\Foundation\Http\Middleware\TransformsRequest.php(21): Illuminate\Pipeline\Pipeline->Illuminate\Pipeline\{closure}(Object(Illuminate\Http\Request))
#41 C:\Users\cesar\Downloads\No.1\control-volumetrico\vendor\laravel\framework\src\Illuminate\Foundation\Http\Middleware\TrimStrings.php(51): Illuminate\Foundation\Http\Middleware\TransformsRequest->handle(Object(Illuminate\Http\Request), Object(Closure))
#42 C:\Users\cesar\Downloads\No.1\control-volumetrico\vendor\laravel\framework\src\Illuminate\Pipeline\Pipeline.php(219): Illuminate\Foundation\Http\Middleware\TrimStrings->handle(Object(Illuminate\Http\Request), Object(Closure))
#43 C:\Users\cesar\Downloads\No.1\control-volumetrico\vendor\laravel\framework\src\Illuminate\Http\Middleware\ValidatePostSize.php(27): Illuminate\Pipeline\Pipeline->Illuminate\Pipeline\{closure}(Object(Illuminate\Http\Request))
#44 C:\Users\cesar\Downloads\No.1\control-volumetrico\vendor\laravel\framework\src\Illuminate\Pipeline\Pipeline.php(219): Illuminate\Http\Middleware\ValidatePostSize->handle(Object(Illuminate\Http\Request), Object(Closure))
#45 C:\Users\cesar\Downloads\No.1\control-volumetrico\vendor\laravel\framework\src\Illuminate\Foundation\Http\Middleware\PreventRequestsDuringMaintenance.php(109): Illuminate\Pipeline\Pipeline->Illuminate\Pipeline\{closure}(Object(Illuminate\Http\Request))
#46 C:\Users\cesar\Downloads\No.1\control-volumetrico\vendor\laravel\framework\src\Illuminate\Pipeline\Pipeline.php(219): Illuminate\Foundation\Http\Middleware\PreventRequestsDuringMaintenance->handle(Object(Illuminate\Http\Request), Object(Closure))
#47 C:\Users\cesar\Downloads\No.1\control-volumetrico\vendor\laravel\framework\src\Illuminate\Http\Middleware\HandleCors.php(61): Illuminate\Pipeline\Pipeline->Illuminate\Pipeline\{closure}(Object(Illuminate\Http\Request))
#48 C:\Users\cesar\Downloads\No.1\control-volumetrico\vendor\laravel\framework\src\Illuminate\Pipeline\Pipeline.php(219): Illuminate\Http\Middleware\HandleCors->handle(Object(Illuminate\Http\Request), Object(Closure))
#49 C:\Users\cesar\Downloads\No.1\control-volumetrico\vendor\laravel\framework\src\Illuminate\Http\Middleware\TrustProxies.php(58): Illuminate\Pipeline\Pipeline->Illuminate\Pipeline\{closure}(Object(Illuminate\Http\Request))
#50 C:\Users\cesar\Downloads\No.1\control-volumetrico\vendor\laravel\framework\src\Illuminate\Pipeline\Pipeline.php(219): Illuminate\Http\Middleware\TrustProxies->handle(Object(Illuminate\Http\Request), Object(Closure))
#51 C:\Users\cesar\Downloads\No.1\control-volumetrico\vendor\laravel\framework\src\Illuminate\Foundation\Http\Middleware\InvokeDeferredCallbacks.php(22): Illuminate\Pipeline\Pipeline->Illuminate\Pipeline\{closure}(Object(Illuminate\Http\Request))
#52 C:\Users\cesar\Downloads\No.1\control-volumetrico\vendor\laravel\framework\src\Illuminate\Pipeline\Pipeline.php(219): Illuminate\Foundation\Http\Middleware\InvokeDeferredCallbacks->handle(Object(Illuminate\Http\Request), Object(Closure))
#53 C:\Users\cesar\Downloads\No.1\control-volumetrico\vendor\laravel\framework\src\Illuminate\Http\Middleware\ValidatePathEncoding.php(26): Illuminate\Pipeline\Pipeline->Illuminate\Pipeline\{closure}(Object(Illuminate\Http\Request))
#54 C:\Users\cesar\Downloads\No.1\control-volumetrico\vendor\laravel\framework\src\Illuminate\Pipeline\Pipeline.php(219): Illuminate\Http\Middleware\ValidatePathEncoding->handle(Object(Illuminate\Http\Request), Object(Closure))
#55 C:\Users\cesar\Downloads\No.1\control-volumetrico\vendor\laravel\framework\src\Illuminate\Pipeline\Pipeline.php(137): Illuminate\Pipeline\Pipeline->Illuminate\Pipeline\{closure}(Object(Illuminate\Http\Request))
#56 C:\Users\cesar\Downloads\No.1\control-volumetrico\vendor\laravel\framework\src\Illuminate\Foundation\Http\Kernel.php(175): Illuminate\Pipeline\Pipeline->then(Object(Closure))
#57 C:\Users\cesar\Downloads\No.1\control-volumetrico\vendor\laravel\framework\src\Illuminate\Foundation\Http\Kernel.php(144): Illuminate\Foundation\Http\Kernel->sendRequestThroughRouter(Object(Illuminate\Http\Request))
#58 C:\Users\cesar\Downloads\No.1\control-volumetrico\vendor\laravel\framework\src\Illuminate\Foundation\Testing\Concerns\MakesHttpRequests.php(607): Illuminate\Foundation\Http\Kernel->handle(Object(Illuminate\Http\Request))
#59 C:\Users\cesar\Downloads\No.1\control-volumetrico\vendor\laravel\framework\src\Illuminate\Foundation\Testing\Concerns\MakesHttpRequests.php(368): Illuminate\Foundation\Testing\TestCase->call('GET', '/contribuyentes...', Array, Array, Array, Array)
#60 C:\Users\cesar\Downloads\No.1\control-volumetrico\tests\Feature\ContribuyenteTest.php(94): Illuminate\Foundation\Testing\TestCase->get('/contribuyentes...')
#61 C:\Users\cesar\Downloads\No.1\control-volumetrico\vendor\phpunit\phpunit\src\Framework\TestCase.php(1667): Tests\Feature\ContribuyenteTest->test_show_displays_contribuyente_details()
#62 C:\Users\cesar\Downloads\No.1\control-volumetrico\vendor\phpunit\phpunit\src\Framework\TestCase.php(519): PHPUnit\Framework\TestCase->runTest()
#63 C:\Users\cesar\Downloads\No.1\control-volumetrico\vendor\phpunit\phpunit\src\Framework\TestRunner\TestRunner.php(87): PHPUnit\Framework\TestCase->runBare()
#64 C:\Users\cesar\Downloads\No.1\control-volumetrico\vendor\phpunit\phpunit\src\Framework\TestCase.php(365): PHPUnit\Framework\TestRunner->run(Object(Tests\Feature\ContribuyenteTest))
#65 C:\Users\cesar\Downloads\No.1\control-volumetrico\vendor\phpunit\phpunit\src\Framework\TestSuite.php(369): PHPUnit\Framework\TestCase->run()
#66 C:\Users\cesar\Downloads\No.1\control-volumetrico\vendor\phpunit\phpunit\src\Framework\TestSuite.php(369): PHPUnit\Framework\TestSuite->run()
#67 C:\Users\cesar\Downloads\No.1\control-volumetrico\vendor\phpunit\phpunit\src\Framework\TestSuite.php(369): PHPUnit\Framework\TestSuite->run()
#68 C:\Users\cesar\Downloads\No.1\control-volumetrico\vendor\phpunit\phpunit\src\TextUI\TestRunner.php(64): PHPUnit\Framework\TestSuite->run()
#69 C:\Users\cesar\Downloads\No.1\control-volumetrico\vendor\phpunit\phpunit\src\TextUI\Application.php(211): PHPUnit\TextUI\TestRunner->run(Object(PHPUnit\TextUI\Configuration\Configuration), Object(PHPUnit\Runner\ResultCache\DefaultResultCache), Object(PHPUnit\Framework\TestSuite))
#70 C:\Users\cesar\Downloads\No.1\control-volumetrico\vendor\phpunit\phpunit\phpunit(104): PHPUnit\TextUI\Application->run(Array)
#71 {main}

Next Illuminate\View\ViewException: Undefined array key "id" (View: C:\Users\cesar\Downloads\No.1\control-volumetrico\resources\views\contribuyentes\show.blade.php) in C:\Users\cesar\Downloads\No.1\control-volumetrico\storage\framework\views\59e3f1e6c59d0203f4027f80ddfdb650.php:7
Stack trace:
#0 C:\Users\cesar\Downloads\No.1\control-volumetrico\vendor\laravel\framework\src\Illuminate\View\Engines\PhpEngine.php(59): Illuminate\View\Engines\CompilerEngine->handleViewException(Object(ErrorException), 1)
#1 C:\Users\cesar\Downloads\No.1\control-volumetrico\vendor\laravel\framework\src\Illuminate\View\Engines\CompilerEngine.php(76): Illuminate\View\Engines\PhpEngine->evaluatePath('C:\\Users\\cesar\\...', Array)
#2 C:\Users\cesar\Downloads\No.1\control-volumetrico\vendor\laravel\framework\src\Illuminate\View\View.php(208): Illuminate\View\Engines\CompilerEngine->get('C:\\Users\\cesar\\...', Array)
#3 C:\Users\cesar\Downloads\No.1\control-volumetrico\vendor\laravel\framework\src\Illuminate\View\View.php(191): Illuminate\View\View->getContents()
#4 C:\Users\cesar\Downloads\No.1\control-volumetrico\vendor\laravel\framework\src\Illuminate\View\View.php(160): Illuminate\View\View->renderContents()
#5 C:\Users\cesar\Downloads\No.1\control-volumetrico\vendor\laravel\framework\src\Illuminate\Http\Response.php(78): Illuminate\View\View->render()
#6 C:\Users\cesar\Downloads\No.1\control-volumetrico\vendor\laravel\framework\src\Illuminate\Http\Response.php(34): Illuminate\Http\Response->setContent(Object(Illuminate\View\View))
#7 C:\Users\cesar\Downloads\No.1\control-volumetrico\vendor\laravel\framework\src\Illuminate\Routing\Router.php(939): Illuminate\Http\Response->__construct(Object(Illuminate\View\View), 200, Array)
#8 C:\Users\cesar\Downloads\No.1\control-volumetrico\vendor\laravel\framework\src\Illuminate\Routing\Router.php(906): Illuminate\Routing\Router::toResponse(Object(Illuminate\Http\Request), Object(Illuminate\View\View))
#9 C:\Users\cesar\Downloads\No.1\control-volumetrico\vendor\laravel\framework\src\Illuminate\Routing\Router.php(821): Illuminate\Routing\Router->prepareResponse(Object(Illuminate\Http\Request), Object(Illuminate\View\View))
#10 C:\Users\cesar\Downloads\No.1\control-volumetrico\vendor\laravel\framework\src\Illuminate\Pipeline\Pipeline.php(180): Illuminate\Routing\Router->Illuminate\Routing\{closure}(Object(Illuminate\Http\Request))
#11 C:\Users\cesar\Downloads\No.1\control-volumetrico\app\Http\Middleware\ApiAuthenticated.php(18): Illuminate\Pipeline\Pipeline->Illuminate\Pipeline\{closure}(Object(Illuminate\Http\Request))
#12 C:\Users\cesar\Downloads\No.1\control-volumetrico\vendor\laravel\framework\src\Illuminate\Pipeline\Pipeline.php(219): App\Http\Middleware\ApiAuthenticated->handle(Object(Illuminate\Http\Request), Object(Closure))
#13 C:\Users\cesar\Downloads\No.1\control-volumetrico\vendor\laravel\framework\src\Illuminate\Routing\Middleware\SubstituteBindings.php(50): Illuminate\Pipeline\Pipeline->Illuminate\Pipeline\{closure}(Object(Illuminate\Http\Request))
#14 C:\Users\cesar\Downloads\No.1\control-volumetrico\vendor\laravel\framework\src\Illuminate\Pipeline\Pipeline.php(219): Illuminate\Routing\Middleware\SubstituteBindings->handle(Object(Illuminate\Http\Request), Object(Closure))
#15 C:\Users\cesar\Downloads\No.1\control-volumetrico\vendor\laravel\framework\src\Illuminate\Foundation\Http\Middleware\VerifyCsrfToken.php(87): Illuminate\Pipeline\Pipeline->Illuminate\Pipeline\{closure}(Object(Illuminate\Http\Request))
#16 C:\Users\cesar\Downloads\No.1\control-volumetrico\vendor\laravel\framework\src\Illuminate\Pipeline\Pipeline.php(219): Illuminate\Foundation\Http\Middleware\VerifyCsrfToken->handle(Object(Illuminate\Http\Request), Object(Closure))
#17 C:\Users\cesar\Downloads\No.1\control-volumetrico\vendor\laravel\framework\src\Illuminate\View\Middleware\ShareErrorsFromSession.php(48): Illuminate\Pipeline\Pipeline->Illuminate\Pipeline\{closure}(Object(Illuminate\Http\Request))
#18 C:\Users\cesar\Downloads\No.1\control-volumetrico\vendor\laravel\framework\src\Illuminate\Pipeline\Pipeline.php(219): Illuminate\View\Middleware\ShareErrorsFromSession->handle(Object(Illuminate\Http\Request), Object(Closure))
#19 C:\Users\cesar\Downloads\No.1\control-volumetrico\vendor\laravel\framework\src\Illuminate\Session\Middleware\StartSession.php(120): Illuminate\Pipeline\Pipeline->Illuminate\Pipeline\{closure}(Object(Illuminate\Http\Request))
#20 C:\Users\cesar\Downloads\No.1\control-volumetrico\vendor\laravel\framework\src\Illuminate\Session\Middleware\StartSession.php(63): Illuminate\Session\Middleware\StartSession->handleStatefulRequest(Object(Illuminate\Http\Request), Object(Illuminate\Session\Store), Object(Closure))
#21 C:\Users\cesar\Downloads\No.1\control-volumetrico\vendor\laravel\framework\src\Illuminate\Pipeline\Pipeline.php(219): Illuminate\Session\Middleware\StartSession->handle(Object(Illuminate\Http\Request), Object(Closure))
#22 C:\Users\cesar\Downloads\No.1\control-volumetrico\vendor\laravel\framework\src\Illuminate\Cookie\Middleware\AddQueuedCookiesToResponse.php(36): Illuminate\Pipeline\Pipeline->Illuminate\Pipeline\{closure}(Object(Illuminate\Http\Request))
#23 C:\Users\cesar\Downloads\No.1\control-volumetrico\vendor\laravel\framework\src\Illuminate\Pipeline\Pipeline.php(219): Illuminate\Cookie\Middleware\AddQueuedCookiesToResponse->handle(Object(Illuminate\Http\Request), Object(Closure))
#24 C:\Users\cesar\Downloads\No.1\control-volumetrico\vendor\laravel\framework\src\Illuminate\Cookie\Middleware\EncryptCookies.php(74): Illuminate\Pipeline\Pipeline->Illuminate\Pipeline\{closure}(Object(Illuminate\Http\Request))
#25 C:\Users\cesar\Downloads\No.1\control-volumetrico\vendor\laravel\framework\src\Illuminate\Pipeline\Pipeline.php(219): Illuminate\Cookie\Middleware\EncryptCookies->handle(Object(Illuminate\Http\Request), Object(Closure))
#26 C:\Users\cesar\Downloads\No.1\control-volumetrico\vendor\laravel\framework\src\Illuminate\Pipeline\Pipeline.php(137): Illuminate\Pipeline\Pipeline->Illuminate\Pipeline\{closure}(Object(Illuminate\Http\Request))
#27 C:\Users\cesar\Downloads\No.1\control-volumetrico\vendor\laravel\framework\src\Illuminate\Routing\Router.php(821): Illuminate\Pipeline\Pipeline->then(Object(Closure))
#28 C:\Users\cesar\Downloads\No.1\control-volumetrico\vendor\laravel\framework\src\Illuminate\Routing\Router.php(800): Illuminate\Routing\Router->runRouteWithinStack(Object(Illuminate\Routing\Route), Object(Illuminate\Http\Request))
#29 C:\Users\cesar\Downloads\No.1\control-volumetrico\vendor\laravel\framework\src\Illuminate\Routing\Router.php(764): Illuminate\Routing\Router->runRoute(Object(Illuminate\Http\Request), Object(Illuminate\Routing\Route))
#30 C:\Users\cesar\Downloads\No.1\control-volumetrico\vendor\laravel\framework\src\Illuminate\Routing\Router.php(753): Illuminate\Routing\Router->dispatchToRoute(Object(Illuminate\Http\Request))
#31 C:\Users\cesar\Downloads\No.1\control-volumetrico\vendor\laravel\framework\src\Illuminate\Foundation\Http\Kernel.php(200): Illuminate\Routing\Router->dispatch(Object(Illuminate\Http\Request))
#32 C:\Users\cesar\Downloads\No.1\control-volumetrico\vendor\laravel\framework\src\Illuminate\Pipeline\Pipeline.php(180): Illuminate\Foundation\Http\Kernel->Illuminate\Foundation\Http\{closure}(Object(Illuminate\Http\Request))
#33 C:\Users\cesar\Downloads\No.1\control-volumetrico\vendor\laravel\framework\src\Illuminate\Foundation\Http\Middleware\TransformsRequest.php(21): Illuminate\Pipeline\Pipeline->Illuminate\Pipeline\{closure}(Object(Illuminate\Http\Request))
#34 C:\Users\cesar\Downloads\No.1\control-volumetrico\vendor\laravel\framework\src\Illuminate\Foundation\Http\Middleware\ConvertEmptyStringsToNull.php(31): Illuminate\Foundation\Http\Middleware\TransformsRequest->handle(Object(Illuminate\Http\Request), Object(Closure))
#35 C:\Users\cesar\Downloads\No.1\control-volumetrico\vendor\laravel\framework\src\Illuminate\Pipeline\Pipeline.php(219): Illuminate\Foundation\Http\Middleware\ConvertEmptyStringsToNull->handle(Object(Illuminate\Http\Request), Object(Closure))
#36 C:\Users\cesar\Downloads\No.1\control-volumetrico\vendor\laravel\framework\src\Illuminate\Foundation\Http\Middleware\TransformsRequest.php(21): Illuminate\Pipeline\Pipeline->Illuminate\Pipeline\{closure}(Object(Illuminate\Http\Request))
#37 C:\Users\cesar\Downloads\No.1\control-volumetrico\vendor\laravel\framework\src\Illuminate\Foundation\Http\Middleware\TrimStrings.php(51): Illuminate\Foundation\Http\Middleware\TransformsRequest->handle(Object(Illuminate\Http\Request), Object(Closure))
#38 C:\Users\cesar\Downloads\No.1\control-volumetrico\vendor\laravel\framework\src\Illuminate\Pipeline\Pipeline.php(219): Illuminate\Foundation\Http\Middleware\TrimStrings->handle(Object(Illuminate\Http\Request), Object(Closure))
#39 C:\Users\cesar\Downloads\No.1\control-volumetrico\vendor\laravel\framework\src\Illuminate\Http\Middleware\ValidatePostSize.php(27): Illuminate\Pipeline\Pipeline->Illuminate\Pipeline\{closure}(Object(Illuminate\Http\Request))
#40 C:\Users\cesar\Downloads\No.1\control-volumetrico\vendor\laravel\framework\src\Illuminate\Pipeline\Pipeline.php(219): Illuminate\Http\Middleware\ValidatePostSize->handle(Object(Illuminate\Http\Request), Object(Closure))
#41 C:\Users\cesar\Downloads\No.1\control-volumetrico\vendor\laravel\framework\src\Illuminate\Foundation\Http\Middleware\PreventRequestsDuringMaintenance.php(109): Illuminate\Pipeline\Pipeline->Illuminate\Pipeline\{closure}(Object(Illuminate\Http\Request))
#42 C:\Users\cesar\Downloads\No.1\control-volumetrico\vendor\laravel\framework\src\Illuminate\Pipeline\Pipeline.php(219): Illuminate\Foundation\Http\Middleware\PreventRequestsDuringMaintenance->handle(Object(Illuminate\Http\Request), Object(Closure))
#43 C:\Users\cesar\Downloads\No.1\control-volumetrico\vendor\laravel\framework\src\Illuminate\Http\Middleware\HandleCors.php(61): Illuminate\Pipeline\Pipeline->Illuminate\Pipeline\{closure}(Object(Illuminate\Http\Request))
#44 C:\Users\cesar\Downloads\No.1\control-volumetrico\vendor\laravel\framework\src\Illuminate\Pipeline\Pipeline.php(219): Illuminate\Http\Middleware\HandleCors->handle(Object(Illuminate\Http\Request), Object(Closure))
#45 C:\Users\cesar\Downloads\No.1\control-volumetrico\vendor\laravel\framework\src\Illuminate\Http\Middleware\TrustProxies.php(58): Illuminate\Pipeline\Pipeline->Illuminate\Pipeline\{closure}(Object(Illuminate\Http\Request))
#46 C:\Users\cesar\Downloads\No.1\control-volumetrico\vendor\laravel\framework\src\Illuminate\Pipeline\Pipeline.php(219): Illuminate\Http\Middleware\TrustProxies->handle(Object(Illuminate\Http\Request), Object(Closure))
#47 C:\Users\cesar\Downloads\No.1\control-volumetrico\vendor\laravel\framework\src\Illuminate\Foundation\Http\Middleware\InvokeDeferredCallbacks.php(22): Illuminate\Pipeline\Pipeline->Illuminate\Pipeline\{closure}(Object(Illuminate\Http\Request))
#48 C:\Users\cesar\Downloads\No.1\control-volumetrico\vendor\laravel\framework\src\Illuminate\Pipeline\Pipeline.php(219): Illuminate\Foundation\Http\Middleware\InvokeDeferredCallbacks->handle(Object(Illuminate\Http\Request), Object(Closure))
#49 C:\Users\cesar\Downloads\No.1\control-volumetrico\vendor\laravel\framework\src\Illuminate\Http\Middleware\ValidatePathEncoding.php(26): Illuminate\Pipeline\Pipeline->Illuminate\Pipeline\{closure}(Object(Illuminate\Http\Request))
#50 C:\Users\cesar\Downloads\No.1\control-volumetrico\vendor\laravel\framework\src\Illuminate\Pipeline\Pipeline.php(219): Illuminate\Http\Middleware\ValidatePathEncoding->handle(Object(Illuminate\Http\Request), Object(Closure))
#51 C:\Users\cesar\Downloads\No.1\control-volumetrico\vendor\laravel\framework\src\Illuminate\Pipeline\Pipeline.php(137): Illuminate\Pipeline\Pipeline->Illuminate\Pipeline\{closure}(Object(Illuminate\Http\Request))
#52 C:\Users\cesar\Downloads\No.1\control-volumetrico\vendor\laravel\framework\src\Illuminate\Foundation\Http\Kernel.php(175): Illuminate\Pipeline\Pipeline->then(Object(Closure))
#53 C:\Users\cesar\Downloads\No.1\control-volumetrico\vendor\laravel\framework\src\Illuminate\Foundation\Http\Kernel.php(144): Illuminate\Foundation\Http\Kernel->sendRequestThroughRouter(Object(Illuminate\Http\Request))
#54 C:\Users\cesar\Downloads\No.1\control-volumetrico\vendor\laravel\framework\src\Illuminate\Foundation\Testing\Concerns\MakesHttpRequests.php(607): Illuminate\Foundation\Http\Kernel->handle(Object(Illuminate\Http\Request))
#55 C:\Users\cesar\Downloads\No.1\control-volumetrico\vendor\laravel\framework\src\Illuminate\Foundation\Testing\Concerns\MakesHttpRequests.php(368): Illuminate\Foundation\Testing\TestCase->call('GET', '/contribuyentes...', Array, Array, Array, Array)
#56 C:\Users\cesar\Downloads\No.1\control-volumetrico\tests\Feature\ContribuyenteTest.php(94): Illuminate\Foundation\Testing\TestCase->get('/contribuyentes...')
#57 C:\Users\cesar\Downloads\No.1\control-volumetrico\vendor\phpunit\phpunit\src\Framework\TestCase.php(1667): Tests\Feature\ContribuyenteTest->test_show_displays_contribuyente_details()
#58 C:\Users\cesar\Downloads\No.1\control-volumetrico\vendor\phpunit\phpunit\src\Framework\TestCase.php(519): PHPUnit\Framework\TestCase->runTest()
#59 C:\Users\cesar\Downloads\No.1\control-volumetrico\vendor\phpunit\phpunit\src\Framework\TestRunner\TestRunner.php(87): PHPUnit\Framework\TestCase->runBare()
#60 C:\Users\cesar\Downloads\No.1\control-volumetrico\vendor\phpunit\phpunit\src\Framework\TestCase.php(365): PHPUnit\Framework\TestRunner->run(Object(Tests\Feature\ContribuyenteTest))
#61 C:\Users\cesar\Downloads\No.1\control-volumetrico\vendor\phpunit\phpunit\src\Framework\TestSuite.php(369): PHPUnit\Framework\TestCase->run()
#62 C:\Users\cesar\Downloads\No.1\control-volumetrico\vendor\phpunit\phpunit\src\Framework\TestSuite.php(369): PHPUnit\Framework\TestSuite->run()
#63 C:\Users\cesar\Downloads\No.1\control-volumetrico\vendor\phpunit\phpunit\src\Framework\TestSuite.php(369): PHPUnit\Framework\TestSuite->run()
#64 C:\Users\cesar\Downloads\No.1\control-volumetrico\vendor\phpunit\phpunit\src\TextUI\TestRunner.php(64): PHPUnit\Framework\TestSuite->run()
#65 C:\Users\cesar\Downloads\No.1\control-volumetrico\vendor\phpunit\phpunit\src\TextUI\Application.php(211): PHPUnit\TextUI\TestRunner->run(Object(PHPUnit\TextUI\Configuration\Configuration), Object(PHPUnit\Runner\ResultCache\DefaultResultCache), Object(PHPUnit\Framework\TestSuite))
#66 C:\Users\cesar\Downloads\No.1\control-volumetrico\vendor\phpunit\phpunit\phpunit(104): PHPUnit\TextUI\Application->run(Array)
#67 {main}

----------------------------------------------------------------------------------

Undefined array key "id" (View: C:\Users\cesar\Downloads\No.1\control-volumetrico\resources\views\contribuyentes\show.blade.php)[39;22m

  at [32mtests\Feature\ContribuyenteTest.php[39m:[32m96[39m
     92▕         $this->mockSuccessfulResponse('/api/contribuyentes/1', $contribuyente);
     93▕ 
     94▕         $response = $this->get('/contribuyentes/1');
     95▕ 
  ➜  96▕         $response->assertStatus(200);
     97▕         $response->assertViewIs('contribuyentes.show');
     98▕         $response->assertViewHas('contribuyente', $contribuyente);
     99▕     }
    100▕

  [31m────────────────────────────────────────────────────────────────────────────────────────────────────────────────────[39m  
  [41;1m FAILED [49;22m [1mTests\Feature\ContribuyenteTest[22m [90m>[39m edit form displays correctly                                               
[39;1m  Expected response status code [200] but received 302.
Failed asserting that 302 is identical to 200.[39;22m

  at [32mtests\Feature\ContribuyenteTest.php[39m:[32m110[39m
    106▕         $this->mockSuccessfulResponse('/api/contribuyentes/1', $contribuyente);
    107▕ 
    108▕         $response = $this->get('/contribuyentes/1/edit');
    109▕ 
  ➜ 110▕         $response->assertStatus(200);
    111▕         $response->assertViewIs('contribuyentes.edit');
    112▕         $response->assertViewHas('contribuyente', $contribuyente);
    113▕     }
    114▕

  [31m────────────────────────────────────────────────────────────────────────────────────────────────────────────────────[39m  
  [41;1m FAILED [49;22m [1mTests\Feature\ContribuyenteTest[22m [90m>[39m cumplimiento displays compliance summary                                   
[39;1m  Expected response status code [200] but received 500.
Failed asserting that 500 is identical to 200.

The following exception occurred during the last request:

ErrorException: Undefined variable $contribuyente_id in C:\Users\cesar\Downloads\No.1\control-volumetrico\storage\framework\views\3c226c541ef77046d469dcd160622110.php:7
Stack trace:
#0 C:\Users\cesar\Downloads\No.1\control-volumetrico\vendor\laravel\framework\src\Illuminate\Foundation\Bootstrap\HandleExceptions.php(258): Illuminate\Foundation\Bootstrap\HandleExceptions->handleError(2, 'Undefined varia...', 'C:\\Users\\cesar\\...', 7)
#1 C:\Users\cesar\Downloads\No.1\control-volumetrico\storage\framework\views\3c226c541ef77046d469dcd160622110.php(7): Illuminate\Foundation\Bootstrap\HandleExceptions->Illuminate\Foundation\Bootstrap\{closure}(2, 'Undefined varia...', 'C:\\Users\\cesar\\...', 7)
#2 C:\Users\cesar\Downloads\No.1\control-volumetrico\vendor\laravel\framework\src\Illuminate\Filesystem\Filesystem.php(123): require('C:\\Users\\cesar\\...')
#3 C:\Users\cesar\Downloads\No.1\control-volumetrico\vendor\laravel\framework\src\Illuminate\Filesystem\Filesystem.php(124): Illuminate\Filesystem\Filesystem::Illuminate\Filesystem\{closure}()
#4 C:\Users\cesar\Downloads\No.1\control-volumetrico\vendor\laravel\framework\src\Illuminate\View\Engines\PhpEngine.php(57): Illuminate\Filesystem\Filesystem->getRequire('C:\\Users\\cesar\\...', Array)
#5 C:\Users\cesar\Downloads\No.1\control-volumetrico\vendor\laravel\framework\src\Illuminate\View\Engines\CompilerEngine.php(76): Illuminate\View\Engines\PhpEngine->evaluatePath('C:\\Users\\cesar\\...', Array)
#6 C:\Users\cesar\Downloads\No.1\control-volumetrico\vendor\laravel\framework\src\Illuminate\View\View.php(208): Illuminate\View\Engines\CompilerEngine->get('C:\\Users\\cesar\\...', Array)
#7 C:\Users\cesar\Downloads\No.1\control-volumetrico\vendor\laravel\framework\src\Illuminate\View\View.php(191): Illuminate\View\View->getContents()
#8 C:\Users\cesar\Downloads\No.1\control-volumetrico\vendor\laravel\framework\src\Illuminate\View\View.php(160): Illuminate\View\View->renderContents()
#9 C:\Users\cesar\Downloads\No.1\control-volumetrico\vendor\laravel\framework\src\Illuminate\Http\Response.php(78): Illuminate\View\View->render()
#10 C:\Users\cesar\Downloads\No.1\control-volumetrico\vendor\laravel\framework\src\Illuminate\Http\Response.php(34): Illuminate\Http\Response->setContent(Object(Illuminate\View\View))
#11 C:\Users\cesar\Downloads\No.1\control-volumetrico\vendor\laravel\framework\src\Illuminate\Routing\Router.php(939): Illuminate\Http\Response->__construct(Object(Illuminate\View\View), 200, Array)
#12 C:\Users\cesar\Downloads\No.1\control-volumetrico\vendor\laravel\framework\src\Illuminate\Routing\Router.php(906): Illuminate\Routing\Router::toResponse(Object(Illuminate\Http\Request), Object(Illuminate\View\View))
#13 C:\Users\cesar\Downloads\No.1\control-volumetrico\vendor\laravel\framework\src\Illuminate\Routing\Router.php(821): Illuminate\Routing\Router->prepareResponse(Object(Illuminate\Http\Request), Object(Illuminate\View\View))
#14 C:\Users\cesar\Downloads\No.1\control-volumetrico\vendor\laravel\framework\src\Illuminate\Pipeline\Pipeline.php(180): Illuminate\Routing\Router->Illuminate\Routing\{closure}(Object(Illuminate\Http\Request))
#15 C:\Users\cesar\Downloads\No.1\control-volumetrico\app\Http\Middleware\ApiAuthenticated.php(18): Illuminate\Pipeline\Pipeline->Illuminate\Pipeline\{closure}(Object(Illuminate\Http\Request))
#16 C:\Users\cesar\Downloads\No.1\control-volumetrico\vendor\laravel\framework\src\Illuminate\Pipeline\Pipeline.php(219): App\Http\Middleware\ApiAuthenticated->handle(Object(Illuminate\Http\Request), Object(Closure))
#17 C:\Users\cesar\Downloads\No.1\control-volumetrico\vendor\laravel\framework\src\Illuminate\Routing\Middleware\SubstituteBindings.php(50): Illuminate\Pipeline\Pipeline->Illuminate\Pipeline\{closure}(Object(Illuminate\Http\Request))
#18 C:\Users\cesar\Downloads\No.1\control-volumetrico\vendor\laravel\framework\src\Illuminate\Pipeline\Pipeline.php(219): Illuminate\Routing\Middleware\SubstituteBindings->handle(Object(Illuminate\Http\Request), Object(Closure))
#19 C:\Users\cesar\Downloads\No.1\control-volumetrico\vendor\laravel\framework\src\Illuminate\Foundation\Http\Middleware\VerifyCsrfToken.php(87): Illuminate\Pipeline\Pipeline->Illuminate\Pipeline\{closure}(Object(Illuminate\Http\Request))
#20 C:\Users\cesar\Downloads\No.1\control-volumetrico\vendor\laravel\framework\src\Illuminate\Pipeline\Pipeline.php(219): Illuminate\Foundation\Http\Middleware\VerifyCsrfToken->handle(Object(Illuminate\Http\Request), Object(Closure))
#21 C:\Users\cesar\Downloads\No.1\control-volumetrico\vendor\laravel\framework\src\Illuminate\View\Middleware\ShareErrorsFromSession.php(48): Illuminate\Pipeline\Pipeline->Illuminate\Pipeline\{closure}(Object(Illuminate\Http\Request))
#22 C:\Users\cesar\Downloads\No.1\control-volumetrico\vendor\laravel\framework\src\Illuminate\Pipeline\Pipeline.php(219): Illuminate\View\Middleware\ShareErrorsFromSession->handle(Object(Illuminate\Http\Request), Object(Closure))
#23 C:\Users\cesar\Downloads\No.1\control-volumetrico\vendor\laravel\framework\src\Illuminate\Session\Middleware\StartSession.php(120): Illuminate\Pipeline\Pipeline->Illuminate\Pipeline\{closure}(Object(Illuminate\Http\Request))
#24 C:\Users\cesar\Downloads\No.1\control-volumetrico\vendor\laravel\framework\src\Illuminate\Session\Middleware\StartSession.php(63): Illuminate\Session\Middleware\StartSession->handleStatefulRequest(Object(Illuminate\Http\Request), Object(Illuminate\Session\Store), Object(Closure))
#25 C:\Users\cesar\Downloads\No.1\control-volumetrico\vendor\laravel\framework\src\Illuminate\Pipeline\Pipeline.php(219): Illuminate\Session\Middleware\StartSession->handle(Object(Illuminate\Http\Request), Object(Closure))
#26 C:\Users\cesar\Downloads\No.1\control-volumetrico\vendor\laravel\framework\src\Illuminate\Cookie\Middleware\AddQueuedCookiesToResponse.php(36): Illuminate\Pipeline\Pipeline->Illuminate\Pipeline\{closure}(Object(Illuminate\Http\Request))
#27 C:\Users\cesar\Downloads\No.1\control-volumetrico\vendor\laravel\framework\src\Illuminate\Pipeline\Pipeline.php(219): Illuminate\Cookie\Middleware\AddQueuedCookiesToResponse->handle(Object(Illuminate\Http\Request), Object(Closure))
#28 C:\Users\cesar\Downloads\No.1\control-volumetrico\vendor\laravel\framework\src\Illuminate\Cookie\Middleware\EncryptCookies.php(74): Illuminate\Pipeline\Pipeline->Illuminate\Pipeline\{closure}(Object(Illuminate\Http\Request))
#29 C:\Users\cesar\Downloads\No.1\control-volumetrico\vendor\laravel\framework\src\Illuminate\Pipeline\Pipeline.php(219): Illuminate\Cookie\Middleware\EncryptCookies->handle(Object(Illuminate\Http\Request), Object(Closure))
#30 C:\Users\cesar\Downloads\No.1\control-volumetrico\vendor\laravel\framework\src\Illuminate\Pipeline\Pipeline.php(137): Illuminate\Pipeline\Pipeline->Illuminate\Pipeline\{closure}(Object(Illuminate\Http\Request))
#31 C:\Users\cesar\Downloads\No.1\control-volumetrico\vendor\laravel\framework\src\Illuminate\Routing\Router.php(821): Illuminate\Pipeline\Pipeline->then(Object(Closure))
#32 C:\Users\cesar\Downloads\No.1\control-volumetrico\vendor\laravel\framework\src\Illuminate\Routing\Router.php(800): Illuminate\Routing\Router->runRouteWithinStack(Object(Illuminate\Routing\Route), Object(Illuminate\Http\Request))
#33 C:\Users\cesar\Downloads\No.1\control-volumetrico\vendor\laravel\framework\src\Illuminate\Routing\Router.php(764): Illuminate\Routing\Router->runRoute(Object(Illuminate\Http\Request), Object(Illuminate\Routing\Route))
#34 C:\Users\cesar\Downloads\No.1\control-volumetrico\vendor\laravel\framework\src\Illuminate\Routing\Router.php(753): Illuminate\Routing\Router->dispatchToRoute(Object(Illuminate\Http\Request))
#35 C:\Users\cesar\Downloads\No.1\control-volumetrico\vendor\laravel\framework\src\Illuminate\Foundation\Http\Kernel.php(200): Illuminate\Routing\Router->dispatch(Object(Illuminate\Http\Request))
#36 C:\Users\cesar\Downloads\No.1\control-volumetrico\vendor\laravel\framework\src\Illuminate\Pipeline\Pipeline.php(180): Illuminate\Foundation\Http\Kernel->Illuminate\Foundation\Http\{closure}(Object(Illuminate\Http\Request))
#37 C:\Users\cesar\Downloads\No.1\control-volumetrico\vendor\laravel\framework\src\Illuminate\Foundation\Http\Middleware\TransformsRequest.php(21): Illuminate\Pipeline\Pipeline->Illuminate\Pipeline\{closure}(Object(Illuminate\Http\Request))
#38 C:\Users\cesar\Downloads\No.1\control-volumetrico\vendor\laravel\framework\src\Illuminate\Foundation\Http\Middleware\ConvertEmptyStringsToNull.php(31): Illuminate\Foundation\Http\Middleware\TransformsRequest->handle(Object(Illuminate\Http\Request), Object(Closure))
#39 C:\Users\cesar\Downloads\No.1\control-volumetrico\vendor\laravel\framework\src\Illuminate\Pipeline\Pipeline.php(219): Illuminate\Foundation\Http\Middleware\ConvertEmptyStringsToNull->handle(Object(Illuminate\Http\Request), Object(Closure))
#40 C:\Users\cesar\Downloads\No.1\control-volumetrico\vendor\laravel\framework\src\Illuminate\Foundation\Http\Middleware\TransformsRequest.php(21): Illuminate\Pipeline\Pipeline->Illuminate\Pipeline\{closure}(Object(Illuminate\Http\Request))
#41 C:\Users\cesar\Downloads\No.1\control-volumetrico\vendor\laravel\framework\src\Illuminate\Foundation\Http\Middleware\TrimStrings.php(51): Illuminate\Foundation\Http\Middleware\TransformsRequest->handle(Object(Illuminate\Http\Request), Object(Closure))
#42 C:\Users\cesar\Downloads\No.1\control-volumetrico\vendor\laravel\framework\src\Illuminate\Pipeline\Pipeline.php(219): Illuminate\Foundation\Http\Middleware\TrimStrings->handle(Object(Illuminate\Http\Request), Object(Closure))
#43 C:\Users\cesar\Downloads\No.1\control-volumetrico\vendor\laravel\framework\src\Illuminate\Http\Middleware\ValidatePostSize.php(27): Illuminate\Pipeline\Pipeline->Illuminate\Pipeline\{closure}(Object(Illuminate\Http\Request))
#44 C:\Users\cesar\Downloads\No.1\control-volumetrico\vendor\laravel\framework\src\Illuminate\Pipeline\Pipeline.php(219): Illuminate\Http\Middleware\ValidatePostSize->handle(Object(Illuminate\Http\Request), Object(Closure))
#45 C:\Users\cesar\Downloads\No.1\control-volumetrico\vendor\laravel\framework\src\Illuminate\Foundation\Http\Middleware\PreventRequestsDuringMaintenance.php(109): Illuminate\Pipeline\Pipeline->Illuminate\Pipeline\{closure}(Object(Illuminate\Http\Request))
#46 C:\Users\cesar\Downloads\No.1\control-volumetrico\vendor\laravel\framework\src\Illuminate\Pipeline\Pipeline.php(219): Illuminate\Foundation\Http\Middleware\PreventRequestsDuringMaintenance->handle(Object(Illuminate\Http\Request), Object(Closure))
#47 C:\Users\cesar\Downloads\No.1\control-volumetrico\vendor\laravel\framework\src\Illuminate\Http\Middleware\HandleCors.php(61): Illuminate\Pipeline\Pipeline->Illuminate\Pipeline\{closure}(Object(Illuminate\Http\Request))
#48 C:\Users\cesar\Downloads\No.1\control-volumetrico\vendor\laravel\framework\src\Illuminate\Pipeline\Pipeline.php(219): Illuminate\Http\Middleware\HandleCors->handle(Object(Illuminate\Http\Request), Object(Closure))
#49 C:\Users\cesar\Downloads\No.1\control-volumetrico\vendor\laravel\framework\src\Illuminate\Http\Middleware\TrustProxies.php(58): Illuminate\Pipeline\Pipeline->Illuminate\Pipeline\{closure}(Object(Illuminate\Http\Request))
#50 C:\Users\cesar\Downloads\No.1\control-volumetrico\vendor\laravel\framework\src\Illuminate\Pipeline\Pipeline.php(219): Illuminate\Http\Middleware\TrustProxies->handle(Object(Illuminate\Http\Request), Object(Closure))
#51 C:\Users\cesar\Downloads\No.1\control-volumetrico\vendor\laravel\framework\src\Illuminate\Foundation\Http\Middleware\InvokeDeferredCallbacks.php(22): Illuminate\Pipeline\Pipeline->Illuminate\Pipeline\{closure}(Object(Illuminate\Http\Request))
#52 C:\Users\cesar\Downloads\No.1\control-volumetrico\vendor\laravel\framework\src\Illuminate\Pipeline\Pipeline.php(219): Illuminate\Foundation\Http\Middleware\InvokeDeferredCallbacks->handle(Object(Illuminate\Http\Request), Object(Closure))
#53 C:\Users\cesar\Downloads\No.1\control-volumetrico\vendor\laravel\framework\src\Illuminate\Http\Middleware\ValidatePathEncoding.php(26): Illuminate\Pipeline\Pipeline->Illuminate\Pipeline\{closure}(Object(Illuminate\Http\Request))
#54 C:\Users\cesar\Downloads\No.1\control-volumetrico\vendor\laravel\framework\src\Illuminate\Pipeline\Pipeline.php(219): Illuminate\Http\Middleware\ValidatePathEncoding->handle(Object(Illuminate\Http\Request), Object(Closure))
#55 C:\Users\cesar\Downloads\No.1\control-volumetrico\vendor\laravel\framework\src\Illuminate\Pipeline\Pipeline.php(137): Illuminate\Pipeline\Pipeline->Illuminate\Pipeline\{closure}(Object(Illuminate\Http\Request))
#56 C:\Users\cesar\Downloads\No.1\control-volumetrico\vendor\laravel\framework\src\Illuminate\Foundation\Http\Kernel.php(175): Illuminate\Pipeline\Pipeline->then(Object(Closure))
#57 C:\Users\cesar\Downloads\No.1\control-volumetrico\vendor\laravel\framework\src\Illuminate\Foundation\Http\Kernel.php(144): Illuminate\Foundation\Http\Kernel->sendRequestThroughRouter(Object(Illuminate\Http\Request))
#58 C:\Users\cesar\Downloads\No.1\control-volumetrico\vendor\laravel\framework\src\Illuminate\Foundation\Testing\Concerns\MakesHttpRequests.php(607): Illuminate\Foundation\Http\Kernel->handle(Object(Illuminate\Http\Request))
#59 C:\Users\cesar\Downloads\No.1\control-volumetrico\vendor\laravel\framework\src\Illuminate\Foundation\Testing\Concerns\MakesHttpRequests.php(368): Illuminate\Foundation\Testing\TestCase->call('GET', '/contribuyentes...', Array, Array, Array, Array)
#60 C:\Users\cesar\Downloads\No.1\control-volumetrico\tests\Feature\ContribuyenteTest.php(163): Illuminate\Foundation\Testing\TestCase->get('/contribuyentes...')
#61 C:\Users\cesar\Downloads\No.1\control-volumetrico\vendor\phpunit\phpunit\src\Framework\TestCase.php(1667): Tests\Feature\ContribuyenteTest->test_cumplimiento_displays_compliance_summary()
#62 C:\Users\cesar\Downloads\No.1\control-volumetrico\vendor\phpunit\phpunit\src\Framework\TestCase.php(519): PHPUnit\Framework\TestCase->runTest()
#63 C:\Users\cesar\Downloads\No.1\control-volumetrico\vendor\phpunit\phpunit\src\Framework\TestRunner\TestRunner.php(87): PHPUnit\Framework\TestCase->runBare()
#64 C:\Users\cesar\Downloads\No.1\control-volumetrico\vendor\phpunit\phpunit\src\Framework\TestCase.php(365): PHPUnit\Framework\TestRunner->run(Object(Tests\Feature\ContribuyenteTest))
#65 C:\Users\cesar\Downloads\No.1\control-volumetrico\vendor\phpunit\phpunit\src\Framework\TestSuite.php(369): PHPUnit\Framework\TestCase->run()
#66 C:\Users\cesar\Downloads\No.1\control-volumetrico\vendor\phpunit\phpunit\src\Framework\TestSuite.php(369): PHPUnit\Framework\TestSuite->run()
#67 C:\Users\cesar\Downloads\No.1\control-volumetrico\vendor\phpunit\phpunit\src\Framework\TestSuite.php(369): PHPUnit\Framework\TestSuite->run()
#68 C:\Users\cesar\Downloads\No.1\control-volumetrico\vendor\phpunit\phpunit\src\TextUI\TestRunner.php(64): PHPUnit\Framework\TestSuite->run()
#69 C:\Users\cesar\Downloads\No.1\control-volumetrico\vendor\phpunit\phpunit\src\TextUI\Application.php(211): PHPUnit\TextUI\TestRunner->run(Object(PHPUnit\TextUI\Configuration\Configuration), Object(PHPUnit\Runner\ResultCache\DefaultResultCache), Object(PHPUnit\Framework\TestSuite))
#70 C:\Users\cesar\Downloads\No.1\control-volumetrico\vendor\phpunit\phpunit\phpunit(104): PHPUnit\TextUI\Application->run(Array)
#71 {main}

Next Illuminate\View\ViewException: Undefined variable $contribuyente_id (View: C:\Users\cesar\Downloads\No.1\control-volumetrico\resources\views\contribuyentes\cumplimiento.blade.php) in C:\Users\cesar\Downloads\No.1\control-volumetrico\storage\framework\views\3c226c541ef77046d469dcd160622110.php:7
Stack trace:
#0 C:\Users\cesar\Downloads\No.1\control-volumetrico\vendor\laravel\framework\src\Illuminate\View\Engines\PhpEngine.php(59): Illuminate\View\Engines\CompilerEngine->handleViewException(Object(ErrorException), 1)
#1 C:\Users\cesar\Downloads\No.1\control-volumetrico\vendor\laravel\framework\src\Illuminate\View\Engines\CompilerEngine.php(76): Illuminate\View\Engines\PhpEngine->evaluatePath('C:\\Users\\cesar\\...', Array)
#2 C:\Users\cesar\Downloads\No.1\control-volumetrico\vendor\laravel\framework\src\Illuminate\View\View.php(208): Illuminate\View\Engines\CompilerEngine->get('C:\\Users\\cesar\\...', Array)
#3 C:\Users\cesar\Downloads\No.1\control-volumetrico\vendor\laravel\framework\src\Illuminate\View\View.php(191): Illuminate\View\View->getContents()
#4 C:\Users\cesar\Downloads\No.1\control-volumetrico\vendor\laravel\framework\src\Illuminate\View\View.php(160): Illuminate\View\View->renderContents()
#5 C:\Users\cesar\Downloads\No.1\control-volumetrico\vendor\laravel\framework\src\Illuminate\Http\Response.php(78): Illuminate\View\View->render()
#6 C:\Users\cesar\Downloads\No.1\control-volumetrico\vendor\laravel\framework\src\Illuminate\Http\Response.php(34): Illuminate\Http\Response->setContent(Object(Illuminate\View\View))
#7 C:\Users\cesar\Downloads\No.1\control-volumetrico\vendor\laravel\framework\src\Illuminate\Routing\Router.php(939): Illuminate\Http\Response->__construct(Object(Illuminate\View\View), 200, Array)
#8 C:\Users\cesar\Downloads\No.1\control-volumetrico\vendor\laravel\framework\src\Illuminate\Routing\Router.php(906): Illuminate\Routing\Router::toResponse(Object(Illuminate\Http\Request), Object(Illuminate\View\View))
#9 C:\Users\cesar\Downloads\No.1\control-volumetrico\vendor\laravel\framework\src\Illuminate\Routing\Router.php(821): Illuminate\Routing\Router->prepareResponse(Object(Illuminate\Http\Request), Object(Illuminate\View\View))
#10 C:\Users\cesar\Downloads\No.1\control-volumetrico\vendor\laravel\framework\src\Illuminate\Pipeline\Pipeline.php(180): Illuminate\Routing\Router->Illuminate\Routing\{closure}(Object(Illuminate\Http\Request))
#11 C:\Users\cesar\Downloads\No.1\control-volumetrico\app\Http\Middleware\ApiAuthenticated.php(18): Illuminate\Pipeline\Pipeline->Illuminate\Pipeline\{closure}(Object(Illuminate\Http\Request))
#12 C:\Users\cesar\Downloads\No.1\control-volumetrico\vendor\laravel\framework\src\Illuminate\Pipeline\Pipeline.php(219): App\Http\Middleware\ApiAuthenticated->handle(Object(Illuminate\Http\Request), Object(Closure))
#13 C:\Users\cesar\Downloads\No.1\control-volumetrico\vendor\laravel\framework\src\Illuminate\Routing\Middleware\SubstituteBindings.php(50): Illuminate\Pipeline\Pipeline->Illuminate\Pipeline\{closure}(Object(Illuminate\Http\Request))
#14 C:\Users\cesar\Downloads\No.1\control-volumetrico\vendor\laravel\framework\src\Illuminate\Pipeline\Pipeline.php(219): Illuminate\Routing\Middleware\SubstituteBindings->handle(Object(Illuminate\Http\Request), Object(Closure))
#15 C:\Users\cesar\Downloads\No.1\control-volumetrico\vendor\laravel\framework\src\Illuminate\Foundation\Http\Middleware\VerifyCsrfToken.php(87): Illuminate\Pipeline\Pipeline->Illuminate\Pipeline\{closure}(Object(Illuminate\Http\Request))
#16 C:\Users\cesar\Downloads\No.1\control-volumetrico\vendor\laravel\framework\src\Illuminate\Pipeline\Pipeline.php(219): Illuminate\Foundation\Http\Middleware\VerifyCsrfToken->handle(Object(Illuminate\Http\Request), Object(Closure))
#17 C:\Users\cesar\Downloads\No.1\control-volumetrico\vendor\laravel\framework\src\Illuminate\View\Middleware\ShareErrorsFromSession.php(48): Illuminate\Pipeline\Pipeline->Illuminate\Pipeline\{closure}(Object(Illuminate\Http\Request))
#18 C:\Users\cesar\Downloads\No.1\control-volumetrico\vendor\laravel\framework\src\Illuminate\Pipeline\Pipeline.php(219): Illuminate\View\Middleware\ShareErrorsFromSession->handle(Object(Illuminate\Http\Request), Object(Closure))
#19 C:\Users\cesar\Downloads\No.1\control-volumetrico\vendor\laravel\framework\src\Illuminate\Session\Middleware\StartSession.php(120): Illuminate\Pipeline\Pipeline->Illuminate\Pipeline\{closure}(Object(Illuminate\Http\Request))
#20 C:\Users\cesar\Downloads\No.1\control-volumetrico\vendor\laravel\framework\src\Illuminate\Session\Middleware\StartSession.php(63): Illuminate\Session\Middleware\StartSession->handleStatefulRequest(Object(Illuminate\Http\Request), Object(Illuminate\Session\Store), Object(Closure))
#21 C:\Users\cesar\Downloads\No.1\control-volumetrico\vendor\laravel\framework\src\Illuminate\Pipeline\Pipeline.php(219): Illuminate\Session\Middleware\StartSession->handle(Object(Illuminate\Http\Request), Object(Closure))
#22 C:\Users\cesar\Downloads\No.1\control-volumetrico\vendor\laravel\framework\src\Illuminate\Cookie\Middleware\AddQueuedCookiesToResponse.php(36): Illuminate\Pipeline\Pipeline->Illuminate\Pipeline\{closure}(Object(Illuminate\Http\Request))
#23 C:\Users\cesar\Downloads\No.1\control-volumetrico\vendor\laravel\framework\src\Illuminate\Pipeline\Pipeline.php(219): Illuminate\Cookie\Middleware\AddQueuedCookiesToResponse->handle(Object(Illuminate\Http\Request), Object(Closure))
#24 C:\Users\cesar\Downloads\No.1\control-volumetrico\vendor\laravel\framework\src\Illuminate\Cookie\Middleware\EncryptCookies.php(74): Illuminate\Pipeline\Pipeline->Illuminate\Pipeline\{closure}(Object(Illuminate\Http\Request))
#25 C:\Users\cesar\Downloads\No.1\control-volumetrico\vendor\laravel\framework\src\Illuminate\Pipeline\Pipeline.php(219): Illuminate\Cookie\Middleware\EncryptCookies->handle(Object(Illuminate\Http\Request), Object(Closure))
#26 C:\Users\cesar\Downloads\No.1\control-volumetrico\vendor\laravel\framework\src\Illuminate\Pipeline\Pipeline.php(137): Illuminate\Pipeline\Pipeline->Illuminate\Pipeline\{closure}(Object(Illuminate\Http\Request))
#27 C:\Users\cesar\Downloads\No.1\control-volumetrico\vendor\laravel\framework\src\Illuminate\Routing\Router.php(821): Illuminate\Pipeline\Pipeline->then(Object(Closure))
#28 C:\Users\cesar\Downloads\No.1\control-volumetrico\vendor\laravel\framework\src\Illuminate\Routing\Router.php(800): Illuminate\Routing\Router->runRouteWithinStack(Object(Illuminate\Routing\Route), Object(Illuminate\Http\Request))
#29 C:\Users\cesar\Downloads\No.1\control-volumetrico\vendor\laravel\framework\src\Illuminate\Routing\Router.php(764): Illuminate\Routing\Router->runRoute(Object(Illuminate\Http\Request), Object(Illuminate\Routing\Route))
#30 C:\Users\cesar\Downloads\No.1\control-volumetrico\vendor\laravel\framework\src\Illuminate\Routing\Router.php(753): Illuminate\Routing\Router->dispatchToRoute(Object(Illuminate\Http\Request))
#31 C:\Users\cesar\Downloads\No.1\control-volumetrico\vendor\laravel\framework\src\Illuminate\Foundation\Http\Kernel.php(200): Illuminate\Routing\Router->dispatch(Object(Illuminate\Http\Request))
#32 C:\Users\cesar\Downloads\No.1\control-volumetrico\vendor\laravel\framework\src\Illuminate\Pipeline\Pipeline.php(180): Illuminate\Foundation\Http\Kernel->Illuminate\Foundation\Http\{closure}(Object(Illuminate\Http\Request))
#33 C:\Users\cesar\Downloads\No.1\control-volumetrico\vendor\laravel\framework\src\Illuminate\Foundation\Http\Middleware\TransformsRequest.php(21): Illuminate\Pipeline\Pipeline->Illuminate\Pipeline\{closure}(Object(Illuminate\Http\Request))
#34 C:\Users\cesar\Downloads\No.1\control-volumetrico\vendor\laravel\framework\src\Illuminate\Foundation\Http\Middleware\ConvertEmptyStringsToNull.php(31): Illuminate\Foundation\Http\Middleware\TransformsRequest->handle(Object(Illuminate\Http\Request), Object(Closure))
#35 C:\Users\cesar\Downloads\No.1\control-volumetrico\vendor\laravel\framework\src\Illuminate\Pipeline\Pipeline.php(219): Illuminate\Foundation\Http\Middleware\ConvertEmptyStringsToNull->handle(Object(Illuminate\Http\Request), Object(Closure))
#36 C:\Users\cesar\Downloads\No.1\control-volumetrico\vendor\laravel\framework\src\Illuminate\Foundation\Http\Middleware\TransformsRequest.php(21): Illuminate\Pipeline\Pipeline->Illuminate\Pipeline\{closure}(Object(Illuminate\Http\Request))
#37 C:\Users\cesar\Downloads\No.1\control-volumetrico\vendor\laravel\framework\src\Illuminate\Foundation\Http\Middleware\TrimStrings.php(51): Illuminate\Foundation\Http\Middleware\TransformsRequest->handle(Object(Illuminate\Http\Request), Object(Closure))
#38 C:\Users\cesar\Downloads\No.1\control-volumetrico\vendor\laravel\framework\src\Illuminate\Pipeline\Pipeline.php(219): Illuminate\Foundation\Http\Middleware\TrimStrings->handle(Object(Illuminate\Http\Request), Object(Closure))
#39 C:\Users\cesar\Downloads\No.1\control-volumetrico\vendor\laravel\framework\src\Illuminate\Http\Middleware\ValidatePostSize.php(27): Illuminate\Pipeline\Pipeline->Illuminate\Pipeline\{closure}(Object(Illuminate\Http\Request))
#40 C:\Users\cesar\Downloads\No.1\control-volumetrico\vendor\laravel\framework\src\Illuminate\Pipeline\Pipeline.php(219): Illuminate\Http\Middleware\ValidatePostSize->handle(Object(Illuminate\Http\Request), Object(Closure))
#41 C:\Users\cesar\Downloads\No.1\control-volumetrico\vendor\laravel\framework\src\Illuminate\Foundation\Http\Middleware\PreventRequestsDuringMaintenance.php(109): Illuminate\Pipeline\Pipeline->Illuminate\Pipeline\{closure}(Object(Illuminate\Http\Request))
#42 C:\Users\cesar\Downloads\No.1\control-volumetrico\vendor\laravel\framework\src\Illuminate\Pipeline\Pipeline.php(219): Illuminate\Foundation\Http\Middleware\PreventRequestsDuringMaintenance->handle(Object(Illuminate\Http\Request), Object(Closure))
#43 C:\Users\cesar\Downloads\No.1\control-volumetrico\vendor\laravel\framework\src\Illuminate\Http\Middleware\HandleCors.php(61): Illuminate\Pipeline\Pipeline->Illuminate\Pipeline\{closure}(Object(Illuminate\Http\Request))
#44 C:\Users\cesar\Downloads\No.1\control-volumetrico\vendor\laravel\framework\src\Illuminate\Pipeline\Pipeline.php(219): Illuminate\Http\Middleware\HandleCors->handle(Object(Illuminate\Http\Request), Object(Closure))
#45 C:\Users\cesar\Downloads\No.1\control-volumetrico\vendor\laravel\framework\src\Illuminate\Http\Middleware\TrustProxies.php(58): Illuminate\Pipeline\Pipeline->Illuminate\Pipeline\{closure}(Object(Illuminate\Http\Request))
#46 C:\Users\cesar\Downloads\No.1\control-volumetrico\vendor\laravel\framework\src\Illuminate\Pipeline\Pipeline.php(219): Illuminate\Http\Middleware\TrustProxies->handle(Object(Illuminate\Http\Request), Object(Closure))
#47 C:\Users\cesar\Downloads\No.1\control-volumetrico\vendor\laravel\framework\src\Illuminate\Foundation\Http\Middleware\InvokeDeferredCallbacks.php(22): Illuminate\Pipeline\Pipeline->Illuminate\Pipeline\{closure}(Object(Illuminate\Http\Request))
#48 C:\Users\cesar\Downloads\No.1\control-volumetrico\vendor\laravel\framework\src\Illuminate\Pipeline\Pipeline.php(219): Illuminate\Foundation\Http\Middleware\InvokeDeferredCallbacks->handle(Object(Illuminate\Http\Request), Object(Closure))
#49 C:\Users\cesar\Downloads\No.1\control-volumetrico\vendor\laravel\framework\src\Illuminate\Http\Middleware\ValidatePathEncoding.php(26): Illuminate\Pipeline\Pipeline->Illuminate\Pipeline\{closure}(Object(Illuminate\Http\Request))
#50 C:\Users\cesar\Downloads\No.1\control-volumetrico\vendor\laravel\framework\src\Illuminate\Pipeline\Pipeline.php(219): Illuminate\Http\Middleware\ValidatePathEncoding->handle(Object(Illuminate\Http\Request), Object(Closure))
#51 C:\Users\cesar\Downloads\No.1\control-volumetrico\vendor\laravel\framework\src\Illuminate\Pipeline\Pipeline.php(137): Illuminate\Pipeline\Pipeline->Illuminate\Pipeline\{closure}(Object(Illuminate\Http\Request))
#52 C:\Users\cesar\Downloads\No.1\control-volumetrico\vendor\laravel\framework\src\Illuminate\Foundation\Http\Kernel.php(175): Illuminate\Pipeline\Pipeline->then(Object(Closure))
#53 C:\Users\cesar\Downloads\No.1\control-volumetrico\vendor\laravel\framework\src\Illuminate\Foundation\Http\Kernel.php(144): Illuminate\Foundation\Http\Kernel->sendRequestThroughRouter(Object(Illuminate\Http\Request))
#54 C:\Users\cesar\Downloads\No.1\control-volumetrico\vendor\laravel\framework\src\Illuminate\Foundation\Testing\Concerns\MakesHttpRequests.php(607): Illuminate\Foundation\Http\Kernel->handle(Object(Illuminate\Http\Request))
#55 C:\Users\cesar\Downloads\No.1\control-volumetrico\vendor\laravel\framework\src\Illuminate\Foundation\Testing\Concerns\MakesHttpRequests.php(368): Illuminate\Foundation\Testing\TestCase->call('GET', '/contribuyentes...', Array, Array, Array, Array)
#56 C:\Users\cesar\Downloads\No.1\control-volumetrico\tests\Feature\ContribuyenteTest.php(163): Illuminate\Foundation\Testing\TestCase->get('/contribuyentes...')
#57 C:\Users\cesar\Downloads\No.1\control-volumetrico\vendor\phpunit\phpunit\src\Framework\TestCase.php(1667): Tests\Feature\ContribuyenteTest->test_cumplimiento_displays_compliance_summary()
#58 C:\Users\cesar\Downloads\No.1\control-volumetrico\vendor\phpunit\phpunit\src\Framework\TestCase.php(519): PHPUnit\Framework\TestCase->runTest()
#59 C:\Users\cesar\Downloads\No.1\control-volumetrico\vendor\phpunit\phpunit\src\Framework\TestRunner\TestRunner.php(87): PHPUnit\Framework\TestCase->runBare()
#60 C:\Users\cesar\Downloads\No.1\control-volumetrico\vendor\phpunit\phpunit\src\Framework\TestCase.php(365): PHPUnit\Framework\TestRunner->run(Object(Tests\Feature\ContribuyenteTest))
#61 C:\Users\cesar\Downloads\No.1\control-volumetrico\vendor\phpunit\phpunit\src\Framework\TestSuite.php(369): PHPUnit\Framework\TestCase->run()
#62 C:\Users\cesar\Downloads\No.1\control-volumetrico\vendor\phpunit\phpunit\src\Framework\TestSuite.php(369): PHPUnit\Framework\TestSuite->run()
#63 C:\Users\cesar\Downloads\No.1\control-volumetrico\vendor\phpunit\phpunit\src\Framework\TestSuite.php(369): PHPUnit\Framework\TestSuite->run()
#64 C:\Users\cesar\Downloads\No.1\control-volumetrico\vendor\phpunit\phpunit\src\TextUI\TestRunner.php(64): PHPUnit\Framework\TestSuite->run()
#65 C:\Users\cesar\Downloads\No.1\control-volumetrico\vendor\phpunit\phpunit\src\TextUI\Application.php(211): PHPUnit\TextUI\TestRunner->run(Object(PHPUnit\TextUI\Configuration\Configuration), Object(PHPUnit\Runner\ResultCache\DefaultResultCache), Object(PHPUnit\Framework\TestSuite))
#66 C:\Users\cesar\Downloads\No.1\control-volumetrico\vendor\phpunit\phpunit\phpunit(104): PHPUnit\TextUI\Application->run(Array)
#67 {main}

----------------------------------------------------------------------------------

Undefined variable $contribuyente_id (View: C:\Users\cesar\Downloads\No.1\control-volumetrico\resources\views\contribuyentes\cumplimiento.blade.php)[39;22m

  at [32mtests\Feature\ContribuyenteTest.php[39m:[32m165[39m
    161▕         $this->mockSuccessfulResponse('/api/contribuyentes/1/cumplimiento', $cumplimiento);
    162▕ 
    163▕         $response = $this->get('/contribuyentes/1/cumplimiento');
    164▕ 
  ➜ 165▕         $response->assertStatus(200);
    166▕         $response->assertViewIs('contribuyentes.cumplimiento');
    167▕         $response->assertViewHas('cumplimiento', $cumplimiento);
    168▕     }
    169▕

  [31m────────────────────────────────────────────────────────────────────────────────────────────────────────────────────[39m  
  [41;1m FAILED [49;22m [1mTests\Feature\ContribuyenteTest[22m [90m>[39m destroy fails if contribuyente has related records                         
[39;1m  Failed asserting that null matches expected 'No se puede eliminar el contribuyente'.[39;22m

  at [32mtests\Feature\ContribuyenteTest.php[39m:[32m189[39m
    185▕ 
    186▕         $response = $this->delete('/contribuyentes/1');
    187▕ 
    188▕         $response->assertRedirect();
  ➜ 189▕         $response->assertSessionHas('error', 'No se puede eliminar el contribuyente');
    190▕     }
    191▕ 
    192▕     /** @test */
    193▕     public function test_catalogo_returns_json_for_dropdowns()

  [31m────────────────────────────────────────────────────────────────────────────────────────────────────────────────────[39m  
  [41;1m FAILED [49;22m [1mTests\Feature\ContribuyenteTest[22m [90m>[39m catalogo returns json for dropdowns                                        
[39;1m  Failed to assert that the response count matched the expected 2
Failed asserting that actual size 0 matches expected size 2.[39;22m

  at [32mtests\Feature\ContribuyenteTest.php[39m:[32m206[39m
    202▕         $response = $this->get('/contribuyentes/catalogo/list');
    203▕ 
    204▕         $response->assertStatus(200);
    205▕         $response->assertJson(['success' => true]);
  ➜ 206▕         $response->assertJsonCount(2, 'data');
    207▕     }
    208▕ 
    209▕     /** @test */
    210▕     public function test_exportar_downloads_contribuyentes_file()

  [31m────────────────────────────────────────────────────────────────────────────────────────────────────────────────────[39m  
  [41;1m FAILED [49;22m [1mTests\Feature\ContribuyenteTest[22m [90m>[39m exportar downloads contribuyentes file                                     
[39;1m  Expected response status code [200] but received 500.
Failed asserting that 500 is identical to 200.

The following exception occurred during the last request:

ErrorException: Undefined array key "id" in C:\Users\cesar\Downloads\No.1\control-volumetrico\storage\framework\views\59e3f1e6c59d0203f4027f80ddfdb650.php:7
Stack trace:
#0 C:\Users\cesar\Downloads\No.1\control-volumetrico\vendor\laravel\framework\src\Illuminate\Foundation\Bootstrap\HandleExceptions.php(258): Illuminate\Foundation\Bootstrap\HandleExceptions->handleError(2, 'Undefined array...', 'C:\\Users\\cesar\\...', 7)
#1 C:\Users\cesar\Downloads\No.1\control-volumetrico\storage\framework\views\59e3f1e6c59d0203f4027f80ddfdb650.php(7): Illuminate\Foundation\Bootstrap\HandleExceptions->Illuminate\Foundation\Bootstrap\{closure}(2, 'Undefined array...', 'C:\\Users\\cesar\\...', 7)
#2 C:\Users\cesar\Downloads\No.1\control-volumetrico\vendor\laravel\framework\src\Illuminate\Filesystem\Filesystem.php(123): require('C:\\Users\\cesar\\...')
#3 C:\Users\cesar\Downloads\No.1\control-volumetrico\vendor\laravel\framework\src\Illuminate\Filesystem\Filesystem.php(124): Illuminate\Filesystem\Filesystem::Illuminate\Filesystem\{closure}()
#4 C:\Users\cesar\Downloads\No.1\control-volumetrico\vendor\laravel\framework\src\Illuminate\View\Engines\PhpEngine.php(57): Illuminate\Filesystem\Filesystem->getRequire('C:\\Users\\cesar\\...', Array)
#5 C:\Users\cesar\Downloads\No.1\control-volumetrico\vendor\laravel\framework\src\Illuminate\View\Engines\CompilerEngine.php(76): Illuminate\View\Engines\PhpEngine->evaluatePath('C:\\Users\\cesar\\...', Array)
#6 C:\Users\cesar\Downloads\No.1\control-volumetrico\vendor\laravel\framework\src\Illuminate\View\View.php(208): Illuminate\View\Engines\CompilerEngine->get('C:\\Users\\cesar\\...', Array)
#7 C:\Users\cesar\Downloads\No.1\control-volumetrico\vendor\laravel\framework\src\Illuminate\View\View.php(191): Illuminate\View\View->getContents()
#8 C:\Users\cesar\Downloads\No.1\control-volumetrico\vendor\laravel\framework\src\Illuminate\View\View.php(160): Illuminate\View\View->renderContents()
#9 C:\Users\cesar\Downloads\No.1\control-volumetrico\vendor\laravel\framework\src\Illuminate\Http\Response.php(78): Illuminate\View\View->render()
#10 C:\Users\cesar\Downloads\No.1\control-volumetrico\vendor\laravel\framework\src\Illuminate\Http\Response.php(34): Illuminate\Http\Response->setContent(Object(Illuminate\View\View))
#11 C:\Users\cesar\Downloads\No.1\control-volumetrico\vendor\laravel\framework\src\Illuminate\Routing\Router.php(939): Illuminate\Http\Response->__construct(Object(Illuminate\View\View), 200, Array)
#12 C:\Users\cesar\Downloads\No.1\control-volumetrico\vendor\laravel\framework\src\Illuminate\Routing\Router.php(906): Illuminate\Routing\Router::toResponse(Object(Illuminate\Http\Request), Object(Illuminate\View\View))
#13 C:\Users\cesar\Downloads\No.1\control-volumetrico\vendor\laravel\framework\src\Illuminate\Routing\Router.php(821): Illuminate\Routing\Router->prepareResponse(Object(Illuminate\Http\Request), Object(Illuminate\View\View))
#14 C:\Users\cesar\Downloads\No.1\control-volumetrico\vendor\laravel\framework\src\Illuminate\Pipeline\Pipeline.php(180): Illuminate\Routing\Router->Illuminate\Routing\{closure}(Object(Illuminate\Http\Request))
#15 C:\Users\cesar\Downloads\No.1\control-volumetrico\app\Http\Middleware\ApiAuthenticated.php(18): Illuminate\Pipeline\Pipeline->Illuminate\Pipeline\{closure}(Object(Illuminate\Http\Request))
#16 C:\Users\cesar\Downloads\No.1\control-volumetrico\vendor\laravel\framework\src\Illuminate\Pipeline\Pipeline.php(219): App\Http\Middleware\ApiAuthenticated->handle(Object(Illuminate\Http\Request), Object(Closure))
#17 C:\Users\cesar\Downloads\No.1\control-volumetrico\vendor\laravel\framework\src\Illuminate\Routing\Middleware\SubstituteBindings.php(50): Illuminate\Pipeline\Pipeline->Illuminate\Pipeline\{closure}(Object(Illuminate\Http\Request))
#18 C:\Users\cesar\Downloads\No.1\control-volumetrico\vendor\laravel\framework\src\Illuminate\Pipeline\Pipeline.php(219): Illuminate\Routing\Middleware\SubstituteBindings->handle(Object(Illuminate\Http\Request), Object(Closure))
#19 C:\Users\cesar\Downloads\No.1\control-volumetrico\vendor\laravel\framework\src\Illuminate\Foundation\Http\Middleware\VerifyCsrfToken.php(87): Illuminate\Pipeline\Pipeline->Illuminate\Pipeline\{closure}(Object(Illuminate\Http\Request))
#20 C:\Users\cesar\Downloads\No.1\control-volumetrico\vendor\laravel\framework\src\Illuminate\Pipeline\Pipeline.php(219): Illuminate\Foundation\Http\Middleware\VerifyCsrfToken->handle(Object(Illuminate\Http\Request), Object(Closure))
#21 C:\Users\cesar\Downloads\No.1\control-volumetrico\vendor\laravel\framework\src\Illuminate\View\Middleware\ShareErrorsFromSession.php(48): Illuminate\Pipeline\Pipeline->Illuminate\Pipeline\{closure}(Object(Illuminate\Http\Request))
#22 C:\Users\cesar\Downloads\No.1\control-volumetrico\vendor\laravel\framework\src\Illuminate\Pipeline\Pipeline.php(219): Illuminate\View\Middleware\ShareErrorsFromSession->handle(Object(Illuminate\Http\Request), Object(Closure))
#23 C:\Users\cesar\Downloads\No.1\control-volumetrico\vendor\laravel\framework\src\Illuminate\Session\Middleware\StartSession.php(120): Illuminate\Pipeline\Pipeline->Illuminate\Pipeline\{closure}(Object(Illuminate\Http\Request))
#24 C:\Users\cesar\Downloads\No.1\control-volumetrico\vendor\laravel\framework\src\Illuminate\Session\Middleware\StartSession.php(63): Illuminate\Session\Middleware\StartSession->handleStatefulRequest(Object(Illuminate\Http\Request), Object(Illuminate\Session\Store), Object(Closure))
#25 C:\Users\cesar\Downloads\No.1\control-volumetrico\vendor\laravel\framework\src\Illuminate\Pipeline\Pipeline.php(219): Illuminate\Session\Middleware\StartSession->handle(Object(Illuminate\Http\Request), Object(Closure))
#26 C:\Users\cesar\Downloads\No.1\control-volumetrico\vendor\laravel\framework\src\Illuminate\Cookie\Middleware\AddQueuedCookiesToResponse.php(36): Illuminate\Pipeline\Pipeline->Illuminate\Pipeline\{closure}(Object(Illuminate\Http\Request))
#27 C:\Users\cesar\Downloads\No.1\control-volumetrico\vendor\laravel\framework\src\Illuminate\Pipeline\Pipeline.php(219): Illuminate\Cookie\Middleware\AddQueuedCookiesToResponse->handle(Object(Illuminate\Http\Request), Object(Closure))
#28 C:\Users\cesar\Downloads\No.1\control-volumetrico\vendor\laravel\framework\src\Illuminate\Cookie\Middleware\EncryptCookies.php(74): Illuminate\Pipeline\Pipeline->Illuminate\Pipeline\{closure}(Object(Illuminate\Http\Request))
#29 C:\Users\cesar\Downloads\No.1\control-volumetrico\vendor\laravel\framework\src\Illuminate\Pipeline\Pipeline.php(219): Illuminate\Cookie\Middleware\EncryptCookies->handle(Object(Illuminate\Http\Request), Object(Closure))
#30 C:\Users\cesar\Downloads\No.1\control-volumetrico\vendor\laravel\framework\src\Illuminate\Pipeline\Pipeline.php(137): Illuminate\Pipeline\Pipeline->Illuminate\Pipeline\{closure}(Object(Illuminate\Http\Request))
#31 C:\Users\cesar\Downloads\No.1\control-volumetrico\vendor\laravel\framework\src\Illuminate\Routing\Router.php(821): Illuminate\Pipeline\Pipeline->then(Object(Closure))
#32 C:\Users\cesar\Downloads\No.1\control-volumetrico\vendor\laravel\framework\src\Illuminate\Routing\Router.php(800): Illuminate\Routing\Router->runRouteWithinStack(Object(Illuminate\Routing\Route), Object(Illuminate\Http\Request))
#33 C:\Users\cesar\Downloads\No.1\control-volumetrico\vendor\laravel\framework\src\Illuminate\Routing\Router.php(764): Illuminate\Routing\Router->runRoute(Object(Illuminate\Http\Request), Object(Illuminate\Routing\Route))
#34 C:\Users\cesar\Downloads\No.1\control-volumetrico\vendor\laravel\framework\src\Illuminate\Routing\Router.php(753): Illuminate\Routing\Router->dispatchToRoute(Object(Illuminate\Http\Request))
#35 C:\Users\cesar\Downloads\No.1\control-volumetrico\vendor\laravel\framework\src\Illuminate\Foundation\Http\Kernel.php(200): Illuminate\Routing\Router->dispatch(Object(Illuminate\Http\Request))
#36 C:\Users\cesar\Downloads\No.1\control-volumetrico\vendor\laravel\framework\src\Illuminate\Pipeline\Pipeline.php(180): Illuminate\Foundation\Http\Kernel->Illuminate\Foundation\Http\{closure}(Object(Illuminate\Http\Request))
#37 C:\Users\cesar\Downloads\No.1\control-volumetrico\vendor\laravel\framework\src\Illuminate\Foundation\Http\Middleware\TransformsRequest.php(21): Illuminate\Pipeline\Pipeline->Illuminate\Pipeline\{closure}(Object(Illuminate\Http\Request))
#38 C:\Users\cesar\Downloads\No.1\control-volumetrico\vendor\laravel\framework\src\Illuminate\Foundation\Http\Middleware\ConvertEmptyStringsToNull.php(31): Illuminate\Foundation\Http\Middleware\TransformsRequest->handle(Object(Illuminate\Http\Request), Object(Closure))
#39 C:\Users\cesar\Downloads\No.1\control-volumetrico\vendor\laravel\framework\src\Illuminate\Pipeline\Pipeline.php(219): Illuminate\Foundation\Http\Middleware\ConvertEmptyStringsToNull->handle(Object(Illuminate\Http\Request), Object(Closure))
#40 C:\Users\cesar\Downloads\No.1\control-volumetrico\vendor\laravel\framework\src\Illuminate\Foundation\Http\Middleware\TransformsRequest.php(21): Illuminate\Pipeline\Pipeline->Illuminate\Pipeline\{closure}(Object(Illuminate\Http\Request))
#41 C:\Users\cesar\Downloads\No.1\control-volumetrico\vendor\laravel\framework\src\Illuminate\Foundation\Http\Middleware\TrimStrings.php(51): Illuminate\Foundation\Http\Middleware\TransformsRequest->handle(Object(Illuminate\Http\Request), Object(Closure))
#42 C:\Users\cesar\Downloads\No.1\control-volumetrico\vendor\laravel\framework\src\Illuminate\Pipeline\Pipeline.php(219): Illuminate\Foundation\Http\Middleware\TrimStrings->handle(Object(Illuminate\Http\Request), Object(Closure))
#43 C:\Users\cesar\Downloads\No.1\control-volumetrico\vendor\laravel\framework\src\Illuminate\Http\Middleware\ValidatePostSize.php(27): Illuminate\Pipeline\Pipeline->Illuminate\Pipeline\{closure}(Object(Illuminate\Http\Request))
#44 C:\Users\cesar\Downloads\No.1\control-volumetrico\vendor\laravel\framework\src\Illuminate\Pipeline\Pipeline.php(219): Illuminate\Http\Middleware\ValidatePostSize->handle(Object(Illuminate\Http\Request), Object(Closure))
#45 C:\Users\cesar\Downloads\No.1\control-volumetrico\vendor\laravel\framework\src\Illuminate\Foundation\Http\Middleware\PreventRequestsDuringMaintenance.php(109): Illuminate\Pipeline\Pipeline->Illuminate\Pipeline\{closure}(Object(Illuminate\Http\Request))
#46 C:\Users\cesar\Downloads\No.1\control-volumetrico\vendor\laravel\framework\src\Illuminate\Pipeline\Pipeline.php(219): Illuminate\Foundation\Http\Middleware\PreventRequestsDuringMaintenance->handle(Object(Illuminate\Http\Request), Object(Closure))
#47 C:\Users\cesar\Downloads\No.1\control-volumetrico\vendor\laravel\framework\src\Illuminate\Http\Middleware\HandleCors.php(61): Illuminate\Pipeline\Pipeline->Illuminate\Pipeline\{closure}(Object(Illuminate\Http\Request))
#48 C:\Users\cesar\Downloads\No.1\control-volumetrico\vendor\laravel\framework\src\Illuminate\Pipeline\Pipeline.php(219): Illuminate\Http\Middleware\HandleCors->handle(Object(Illuminate\Http\Request), Object(Closure))
#49 C:\Users\cesar\Downloads\No.1\control-volumetrico\vendor\laravel\framework\src\Illuminate\Http\Middleware\TrustProxies.php(58): Illuminate\Pipeline\Pipeline->Illuminate\Pipeline\{closure}(Object(Illuminate\Http\Request))
#50 C:\Users\cesar\Downloads\No.1\control-volumetrico\vendor\laravel\framework\src\Illuminate\Pipeline\Pipeline.php(219): Illuminate\Http\Middleware\TrustProxies->handle(Object(Illuminate\Http\Request), Object(Closure))
#51 C:\Users\cesar\Downloads\No.1\control-volumetrico\vendor\laravel\framework\src\Illuminate\Foundation\Http\Middleware\InvokeDeferredCallbacks.php(22): Illuminate\Pipeline\Pipeline->Illuminate\Pipeline\{closure}(Object(Illuminate\Http\Request))
#52 C:\Users\cesar\Downloads\No.1\control-volumetrico\vendor\laravel\framework\src\Illuminate\Pipeline\Pipeline.php(219): Illuminate\Foundation\Http\Middleware\InvokeDeferredCallbacks->handle(Object(Illuminate\Http\Request), Object(Closure))
#53 C:\Users\cesar\Downloads\No.1\control-volumetrico\vendor\laravel\framework\src\Illuminate\Http\Middleware\ValidatePathEncoding.php(26): Illuminate\Pipeline\Pipeline->Illuminate\Pipeline\{closure}(Object(Illuminate\Http\Request))
#54 C:\Users\cesar\Downloads\No.1\control-volumetrico\vendor\laravel\framework\src\Illuminate\Pipeline\Pipeline.php(219): Illuminate\Http\Middleware\ValidatePathEncoding->handle(Object(Illuminate\Http\Request), Object(Closure))
#55 C:\Users\cesar\Downloads\No.1\control-volumetrico\vendor\laravel\framework\src\Illuminate\Pipeline\Pipeline.php(137): Illuminate\Pipeline\Pipeline->Illuminate\Pipeline\{closure}(Object(Illuminate\Http\Request))
#56 C:\Users\cesar\Downloads\No.1\control-volumetrico\vendor\laravel\framework\src\Illuminate\Foundation\Http\Kernel.php(175): Illuminate\Pipeline\Pipeline->then(Object(Closure))
#57 C:\Users\cesar\Downloads\No.1\control-volumetrico\vendor\laravel\framework\src\Illuminate\Foundation\Http\Kernel.php(144): Illuminate\Foundation\Http\Kernel->sendRequestThroughRouter(Object(Illuminate\Http\Request))
#58 C:\Users\cesar\Downloads\No.1\control-volumetrico\vendor\laravel\framework\src\Illuminate\Foundation\Testing\Concerns\MakesHttpRequests.php(607): Illuminate\Foundation\Http\Kernel->handle(Object(Illuminate\Http\Request))
#59 C:\Users\cesar\Downloads\No.1\control-volumetrico\vendor\laravel\framework\src\Illuminate\Foundation\Testing\Concerns\MakesHttpRequests.php(368): Illuminate\Foundation\Testing\TestCase->call('GET', '/contribuyentes...', Array, Array, Array, Array)
#60 C:\Users\cesar\Downloads\No.1\control-volumetrico\tests\Feature\ContribuyenteTest.php(223): Illuminate\Foundation\Testing\TestCase->get('/contribuyentes...')
#61 C:\Users\cesar\Downloads\No.1\control-volumetrico\vendor\phpunit\phpunit\src\Framework\TestCase.php(1667): Tests\Feature\ContribuyenteTest->test_exportar_downloads_contribuyentes_file()
#62 C:\Users\cesar\Downloads\No.1\control-volumetrico\vendor\phpunit\phpunit\src\Framework\TestCase.php(519): PHPUnit\Framework\TestCase->runTest()
#63 C:\Users\cesar\Downloads\No.1\control-volumetrico\vendor\phpunit\phpunit\src\Framework\TestRunner\TestRunner.php(87): PHPUnit\Framework\TestCase->runBare()
#64 C:\Users\cesar\Downloads\No.1\control-volumetrico\vendor\phpunit\phpunit\src\Framework\TestCase.php(365): PHPUnit\Framework\TestRunner->run(Object(Tests\Feature\ContribuyenteTest))
#65 C:\Users\cesar\Downloads\No.1\control-volumetrico\vendor\phpunit\phpunit\src\Framework\TestSuite.php(369): PHPUnit\Framework\TestCase->run()
#66 C:\Users\cesar\Downloads\No.1\control-volumetrico\vendor\phpunit\phpunit\src\Framework\TestSuite.php(369): PHPUnit\Framework\TestSuite->run()
#67 C:\Users\cesar\Downloads\No.1\control-volumetrico\vendor\phpunit\phpunit\src\Framework\TestSuite.php(369): PHPUnit\Framework\TestSuite->run()
#68 C:\Users\cesar\Downloads\No.1\control-volumetrico\vendor\phpunit\phpunit\src\TextUI\TestRunner.php(64): PHPUnit\Framework\TestSuite->run()
#69 C:\Users\cesar\Downloads\No.1\control-volumetrico\vendor\phpunit\phpunit\src\TextUI\Application.php(211): PHPUnit\TextUI\TestRunner->run(Object(PHPUnit\TextUI\Configuration\Configuration), Object(PHPUnit\Runner\ResultCache\DefaultResultCache), Object(PHPUnit\Framework\TestSuite))
#70 C:\Users\cesar\Downloads\No.1\control-volumetrico\vendor\phpunit\phpunit\phpunit(104): PHPUnit\TextUI\Application->run(Array)
#71 {main}

Next Illuminate\View\ViewException: Undefined array key "id" (View: C:\Users\cesar\Downloads\No.1\control-volumetrico\resources\views\contribuyentes\show.blade.php) in C:\Users\cesar\Downloads\No.1\control-volumetrico\storage\framework\views\59e3f1e6c59d0203f4027f80ddfdb650.php:7
Stack trace:
#0 C:\Users\cesar\Downloads\No.1\control-volumetrico\vendor\laravel\framework\src\Illuminate\View\Engines\PhpEngine.php(59): Illuminate\View\Engines\CompilerEngine->handleViewException(Object(ErrorException), 1)
#1 C:\Users\cesar\Downloads\No.1\control-volumetrico\vendor\laravel\framework\src\Illuminate\View\Engines\CompilerEngine.php(76): Illuminate\View\Engines\PhpEngine->evaluatePath('C:\\Users\\cesar\\...', Array)
#2 C:\Users\cesar\Downloads\No.1\control-volumetrico\vendor\laravel\framework\src\Illuminate\View\View.php(208): Illuminate\View\Engines\CompilerEngine->get('C:\\Users\\cesar\\...', Array)
#3 C:\Users\cesar\Downloads\No.1\control-volumetrico\vendor\laravel\framework\src\Illuminate\View\View.php(191): Illuminate\View\View->getContents()
#4 C:\Users\cesar\Downloads\No.1\control-volumetrico\vendor\laravel\framework\src\Illuminate\View\View.php(160): Illuminate\View\View->renderContents()
#5 C:\Users\cesar\Downloads\No.1\control-volumetrico\vendor\laravel\framework\src\Illuminate\Http\Response.php(78): Illuminate\View\View->render()
#6 C:\Users\cesar\Downloads\No.1\control-volumetrico\vendor\laravel\framework\src\Illuminate\Http\Response.php(34): Illuminate\Http\Response->setContent(Object(Illuminate\View\View))
#7 C:\Users\cesar\Downloads\No.1\control-volumetrico\vendor\laravel\framework\src\Illuminate\Routing\Router.php(939): Illuminate\Http\Response->__construct(Object(Illuminate\View\View), 200, Array)
#8 C:\Users\cesar\Downloads\No.1\control-volumetrico\vendor\laravel\framework\src\Illuminate\Routing\Router.php(906): Illuminate\Routing\Router::toResponse(Object(Illuminate\Http\Request), Object(Illuminate\View\View))
#9 C:\Users\cesar\Downloads\No.1\control-volumetrico\vendor\laravel\framework\src\Illuminate\Routing\Router.php(821): Illuminate\Routing\Router->prepareResponse(Object(Illuminate\Http\Request), Object(Illuminate\View\View))
#10 C:\Users\cesar\Downloads\No.1\control-volumetrico\vendor\laravel\framework\src\Illuminate\Pipeline\Pipeline.php(180): Illuminate\Routing\Router->Illuminate\Routing\{closure}(Object(Illuminate\Http\Request))
#11 C:\Users\cesar\Downloads\No.1\control-volumetrico\app\Http\Middleware\ApiAuthenticated.php(18): Illuminate\Pipeline\Pipeline->Illuminate\Pipeline\{closure}(Object(Illuminate\Http\Request))
#12 C:\Users\cesar\Downloads\No.1\control-volumetrico\vendor\laravel\framework\src\Illuminate\Pipeline\Pipeline.php(219): App\Http\Middleware\ApiAuthenticated->handle(Object(Illuminate\Http\Request), Object(Closure))
#13 C:\Users\cesar\Downloads\No.1\control-volumetrico\vendor\laravel\framework\src\Illuminate\Routing\Middleware\SubstituteBindings.php(50): Illuminate\Pipeline\Pipeline->Illuminate\Pipeline\{closure}(Object(Illuminate\Http\Request))
#14 C:\Users\cesar\Downloads\No.1\control-volumetrico\vendor\laravel\framework\src\Illuminate\Pipeline\Pipeline.php(219): Illuminate\Routing\Middleware\SubstituteBindings->handle(Object(Illuminate\Http\Request), Object(Closure))
#15 C:\Users\cesar\Downloads\No.1\control-volumetrico\vendor\laravel\framework\src\Illuminate\Foundation\Http\Middleware\VerifyCsrfToken.php(87): Illuminate\Pipeline\Pipeline->Illuminate\Pipeline\{closure}(Object(Illuminate\Http\Request))
#16 C:\Users\cesar\Downloads\No.1\control-volumetrico\vendor\laravel\framework\src\Illuminate\Pipeline\Pipeline.php(219): Illuminate\Foundation\Http\Middleware\VerifyCsrfToken->handle(Object(Illuminate\Http\Request), Object(Closure))
#17 C:\Users\cesar\Downloads\No.1\control-volumetrico\vendor\laravel\framework\src\Illuminate\View\Middleware\ShareErrorsFromSession.php(48): Illuminate\Pipeline\Pipeline->Illuminate\Pipeline\{closure}(Object(Illuminate\Http\Request))
#18 C:\Users\cesar\Downloads\No.1\control-volumetrico\vendor\laravel\framework\src\Illuminate\Pipeline\Pipeline.php(219): Illuminate\View\Middleware\ShareErrorsFromSession->handle(Object(Illuminate\Http\Request), Object(Closure))
#19 C:\Users\cesar\Downloads\No.1\control-volumetrico\vendor\laravel\framework\src\Illuminate\Session\Middleware\StartSession.php(120): Illuminate\Pipeline\Pipeline->Illuminate\Pipeline\{closure}(Object(Illuminate\Http\Request))
#20 C:\Users\cesar\Downloads\No.1\control-volumetrico\vendor\laravel\framework\src\Illuminate\Session\Middleware\StartSession.php(63): Illuminate\Session\Middleware\StartSession->handleStatefulRequest(Object(Illuminate\Http\Request), Object(Illuminate\Session\Store), Object(Closure))
#21 C:\Users\cesar\Downloads\No.1\control-volumetrico\vendor\laravel\framework\src\Illuminate\Pipeline\Pipeline.php(219): Illuminate\Session\Middleware\StartSession->handle(Object(Illuminate\Http\Request), Object(Closure))
#22 C:\Users\cesar\Downloads\No.1\control-volumetrico\vendor\laravel\framework\src\Illuminate\Cookie\Middleware\AddQueuedCookiesToResponse.php(36): Illuminate\Pipeline\Pipeline->Illuminate\Pipeline\{closure}(Object(Illuminate\Http\Request))
#23 C:\Users\cesar\Downloads\No.1\control-volumetrico\vendor\laravel\framework\src\Illuminate\Pipeline\Pipeline.php(219): Illuminate\Cookie\Middleware\AddQueuedCookiesToResponse->handle(Object(Illuminate\Http\Request), Object(Closure))
#24 C:\Users\cesar\Downloads\No.1\control-volumetrico\vendor\laravel\framework\src\Illuminate\Cookie\Middleware\EncryptCookies.php(74): Illuminate\Pipeline\Pipeline->Illuminate\Pipeline\{closure}(Object(Illuminate\Http\Request))
#25 C:\Users\cesar\Downloads\No.1\control-volumetrico\vendor\laravel\framework\src\Illuminate\Pipeline\Pipeline.php(219): Illuminate\Cookie\Middleware\EncryptCookies->handle(Object(Illuminate\Http\Request), Object(Closure))
#26 C:\Users\cesar\Downloads\No.1\control-volumetrico\vendor\laravel\framework\src\Illuminate\Pipeline\Pipeline.php(137): Illuminate\Pipeline\Pipeline->Illuminate\Pipeline\{closure}(Object(Illuminate\Http\Request))
#27 C:\Users\cesar\Downloads\No.1\control-volumetrico\vendor\laravel\framework\src\Illuminate\Routing\Router.php(821): Illuminate\Pipeline\Pipeline->then(Object(Closure))
#28 C:\Users\cesar\Downloads\No.1\control-volumetrico\vendor\laravel\framework\src\Illuminate\Routing\Router.php(800): Illuminate\Routing\Router->runRouteWithinStack(Object(Illuminate\Routing\Route), Object(Illuminate\Http\Request))
#29 C:\Users\cesar\Downloads\No.1\control-volumetrico\vendor\laravel\framework\src\Illuminate\Routing\Router.php(764): Illuminate\Routing\Router->runRoute(Object(Illuminate\Http\Request), Object(Illuminate\Routing\Route))
#30 C:\Users\cesar\Downloads\No.1\control-volumetrico\vendor\laravel\framework\src\Illuminate\Routing\Router.php(753): Illuminate\Routing\Router->dispatchToRoute(Object(Illuminate\Http\Request))
#31 C:\Users\cesar\Downloads\No.1\control-volumetrico\vendor\laravel\framework\src\Illuminate\Foundation\Http\Kernel.php(200): Illuminate\Routing\Router->dispatch(Object(Illuminate\Http\Request))
#32 C:\Users\cesar\Downloads\No.1\control-volumetrico\vendor\laravel\framework\src\Illuminate\Pipeline\Pipeline.php(180): Illuminate\Foundation\Http\Kernel->Illuminate\Foundation\Http\{closure}(Object(Illuminate\Http\Request))
#33 C:\Users\cesar\Downloads\No.1\control-volumetrico\vendor\laravel\framework\src\Illuminate\Foundation\Http\Middleware\TransformsRequest.php(21): Illuminate\Pipeline\Pipeline->Illuminate\Pipeline\{closure}(Object(Illuminate\Http\Request))
#34 C:\Users\cesar\Downloads\No.1\control-volumetrico\vendor\laravel\framework\src\Illuminate\Foundation\Http\Middleware\ConvertEmptyStringsToNull.php(31): Illuminate\Foundation\Http\Middleware\TransformsRequest->handle(Object(Illuminate\Http\Request), Object(Closure))
#35 C:\Users\cesar\Downloads\No.1\control-volumetrico\vendor\laravel\framework\src\Illuminate\Pipeline\Pipeline.php(219): Illuminate\Foundation\Http\Middleware\ConvertEmptyStringsToNull->handle(Object(Illuminate\Http\Request), Object(Closure))
#36 C:\Users\cesar\Downloads\No.1\control-volumetrico\vendor\laravel\framework\src\Illuminate\Foundation\Http\Middleware\TransformsRequest.php(21): Illuminate\Pipeline\Pipeline->Illuminate\Pipeline\{closure}(Object(Illuminate\Http\Request))
#37 C:\Users\cesar\Downloads\No.1\control-volumetrico\vendor\laravel\framework\src\Illuminate\Foundation\Http\Middleware\TrimStrings.php(51): Illuminate\Foundation\Http\Middleware\TransformsRequest->handle(Object(Illuminate\Http\Request), Object(Closure))
#38 C:\Users\cesar\Downloads\No.1\control-volumetrico\vendor\laravel\framework\src\Illuminate\Pipeline\Pipeline.php(219): Illuminate\Foundation\Http\Middleware\TrimStrings->handle(Object(Illuminate\Http\Request), Object(Closure))
#39 C:\Users\cesar\Downloads\No.1\control-volumetrico\vendor\laravel\framework\src\Illuminate\Http\Middleware\ValidatePostSize.php(27): Illuminate\Pipeline\Pipeline->Illuminate\Pipeline\{closure}(Object(Illuminate\Http\Request))
#40 C:\Users\cesar\Downloads\No.1\control-volumetrico\vendor\laravel\framework\src\Illuminate\Pipeline\Pipeline.php(219): Illuminate\Http\Middleware\ValidatePostSize->handle(Object(Illuminate\Http\Request), Object(Closure))
#41 C:\Users\cesar\Downloads\No.1\control-volumetrico\vendor\laravel\framework\src\Illuminate\Foundation\Http\Middleware\PreventRequestsDuringMaintenance.php(109): Illuminate\Pipeline\Pipeline->Illuminate\Pipeline\{closure}(Object(Illuminate\Http\Request))
#42 C:\Users\cesar\Downloads\No.1\control-volumetrico\vendor\laravel\framework\src\Illuminate\Pipeline\Pipeline.php(219): Illuminate\Foundation\Http\Middleware\PreventRequestsDuringMaintenance->handle(Object(Illuminate\Http\Request), Object(Closure))
#43 C:\Users\cesar\Downloads\No.1\control-volumetrico\vendor\laravel\framework\src\Illuminate\Http\Middleware\HandleCors.php(61): Illuminate\Pipeline\Pipeline->Illuminate\Pipeline\{closure}(Object(Illuminate\Http\Request))
#44 C:\Users\cesar\Downloads\No.1\control-volumetrico\vendor\laravel\framework\src\Illuminate\Pipeline\Pipeline.php(219): Illuminate\Http\Middleware\HandleCors->handle(Object(Illuminate\Http\Request), Object(Closure))
#45 C:\Users\cesar\Downloads\No.1\control-volumetrico\vendor\laravel\framework\src\Illuminate\Http\Middleware\TrustProxies.php(58): Illuminate\Pipeline\Pipeline->Illuminate\Pipeline\{closure}(Object(Illuminate\Http\Request))
#46 C:\Users\cesar\Downloads\No.1\control-volumetrico\vendor\laravel\framework\src\Illuminate\Pipeline\Pipeline.php(219): Illuminate\Http\Middleware\TrustProxies->handle(Object(Illuminate\Http\Request), Object(Closure))
#47 C:\Users\cesar\Downloads\No.1\control-volumetrico\vendor\laravel\framework\src\Illuminate\Foundation\Http\Middleware\InvokeDeferredCallbacks.php(22): Illuminate\Pipeline\Pipeline->Illuminate\Pipeline\{closure}(Object(Illuminate\Http\Request))
#48 C:\Users\cesar\Downloads\No.1\control-volumetrico\vendor\laravel\framework\src\Illuminate\Pipeline\Pipeline.php(219): Illuminate\Foundation\Http\Middleware\InvokeDeferredCallbacks->handle(Object(Illuminate\Http\Request), Object(Closure))
#49 C:\Users\cesar\Downloads\No.1\control-volumetrico\vendor\laravel\framework\src\Illuminate\Http\Middleware\ValidatePathEncoding.php(26): Illuminate\Pipeline\Pipeline->Illuminate\Pipeline\{closure}(Object(Illuminate\Http\Request))
#50 C:\Users\cesar\Downloads\No.1\control-volumetrico\vendor\laravel\framework\src\Illuminate\Pipeline\Pipeline.php(219): Illuminate\Http\Middleware\ValidatePathEncoding->handle(Object(Illuminate\Http\Request), Object(Closure))
#51 C:\Users\cesar\Downloads\No.1\control-volumetrico\vendor\laravel\framework\src\Illuminate\Pipeline\Pipeline.php(137): Illuminate\Pipeline\Pipeline->Illuminate\Pipeline\{closure}(Object(Illuminate\Http\Request))
#52 C:\Users\cesar\Downloads\No.1\control-volumetrico\vendor\laravel\framework\src\Illuminate\Foundation\Http\Kernel.php(175): Illuminate\Pipeline\Pipeline->then(Object(Closure))
#53 C:\Users\cesar\Downloads\No.1\control-volumetrico\vendor\laravel\framework\src\Illuminate\Foundation\Http\Kernel.php(144): Illuminate\Foundation\Http\Kernel->sendRequestThroughRouter(Object(Illuminate\Http\Request))
#54 C:\Users\cesar\Downloads\No.1\control-volumetrico\vendor\laravel\framework\src\Illuminate\Foundation\Testing\Concerns\MakesHttpRequests.php(607): Illuminate\Foundation\Http\Kernel->handle(Object(Illuminate\Http\Request))
#55 C:\Users\cesar\Downloads\No.1\control-volumetrico\vendor\laravel\framework\src\Illuminate\Foundation\Testing\Concerns\MakesHttpRequests.php(368): Illuminate\Foundation\Testing\TestCase->call('GET', '/contribuyentes...', Array, Array, Array, Array)
#56 C:\Users\cesar\Downloads\No.1\control-volumetrico\tests\Feature\ContribuyenteTest.php(223): Illuminate\Foundation\Testing\TestCase->get('/contribuyentes...')
#57 C:\Users\cesar\Downloads\No.1\control-volumetrico\vendor\phpunit\phpunit\src\Framework\TestCase.php(1667): Tests\Feature\ContribuyenteTest->test_exportar_downloads_contribuyentes_file()
#58 C:\Users\cesar\Downloads\No.1\control-volumetrico\vendor\phpunit\phpunit\src\Framework\TestCase.php(519): PHPUnit\Framework\TestCase->runTest()
#59 C:\Users\cesar\Downloads\No.1\control-volumetrico\vendor\phpunit\phpunit\src\Framework\TestRunner\TestRunner.php(87): PHPUnit\Framework\TestCase->runBare()
#60 C:\Users\cesar\Downloads\No.1\control-volumetrico\vendor\phpunit\phpunit\src\Framework\TestCase.php(365): PHPUnit\Framework\TestRunner->run(Object(Tests\Feature\ContribuyenteTest))
#61 C:\Users\cesar\Downloads\No.1\control-volumetrico\vendor\phpunit\phpunit\src\Framework\TestSuite.php(369): PHPUnit\Framework\TestCase->run()
#62 C:\Users\cesar\Downloads\No.1\control-volumetrico\vendor\phpunit\phpunit\src\Framework\TestSuite.php(369): PHPUnit\Framework\TestSuite->run()
#63 C:\Users\cesar\Downloads\No.1\control-volumetrico\vendor\phpunit\phpunit\src\Framework\TestSuite.php(369): PHPUnit\Framework\TestSuite->run()
#64 C:\Users\cesar\Downloads\No.1\control-volumetrico\vendor\phpunit\phpunit\src\TextUI\TestRunner.php(64): PHPUnit\Framework\TestSuite->run()
#65 C:\Users\cesar\Downloads\No.1\control-volumetrico\vendor\phpunit\phpunit\src\TextUI\Application.php(211): PHPUnit\TextUI\TestRunner->run(Object(PHPUnit\TextUI\Configuration\Configuration), Object(PHPUnit\Runner\ResultCache\DefaultResultCache), Object(PHPUnit\Framework\TestSuite))
#66 C:\Users\cesar\Downloads\No.1\control-volumetrico\vendor\phpunit\phpunit\phpunit(104): PHPUnit\TextUI\Application->run(Array)
#67 {main}

----------------------------------------------------------------------------------

Undefined array key "id" (View: C:\Users\cesar\Downloads\No.1\control-volumetrico\resources\views\contribuyentes\show.blade.php)[39;22m

  at [32mtests\Feature\ContribuyenteTest.php[39m:[32m225[39m
    221▕         ]);
    222▕ 
    223▕         $response = $this->get('/contribuyentes/exportar');
    224▕ 
  ➜ 225▕         $response->assertStatus(200);
    226▕         $response->assertHeader('Content-Type', 'text/csv');
    227▕         $response->assertHeader('Content-Disposition', 'attachment; filename="contribuyentes.csv"');
    228▕     }
    229▕

  [31m────────────────────────────────────────────────────────────────────────────────────────────────────────────────────[39m  
  [41;1m FAILED [49;22m [1mTests\Feature\ContribuyenteTest[22m [90m>[39m search contribuyentes by rfc                                               
[39;1m  Failed asserting that actual size 0 matches expected size 1.[39;22m

  at [32mtests\Feature\ContribuyenteTest.php[39m:[32m243[39m
    239▕         $response->assertStatus(200);
    240▕         $response->assertViewHas('contribuyentes');
    241▕         
    242▕         $contribuyentes = $response->viewData('contribuyentes');
  ➜ 243▕         $this->assertCount(1, $contribuyentes);
    244▕         $this->assertEquals('XAXX010101XXX', $contribuyentes[0]['rfc']);
    245▕     }
    246▕ }

  [33m1   [39m[39;1mtests\Feature\ContribuyenteTest.php[39;22m:[39;1m243[39;22m

  [31m────────────────────────────────────────────────────────────────────────────────────────────────────────────────────[39m  
  [41;1m FAILED [49;22m [1mTests\Feature\DashboardTest[22m [90m>[39m index displays dashboard with data                                             
[39;1m  Failed asserting that [resumen] matches the expected value.
Failed asserting that two arrays are equal.
--- Expected
+++ Actual
@@ @@
 Array (
-    'contribuyentes_activos' => 25
-    'instalaciones_activas' => 12
-    'alarmas_activas' => 3
-    'volumen_total' => 150000
-    'ultimos_movimientos' => [...]
+    'alarmas_activas' => 0
 )[39;22m

  at [32mtests\Feature\DashboardTest.php[39m:[32m55[39m
     51▕         $response = $this->get('/dashboard');
     52▕ 
     53▕         $response->assertStatus(200);
     54▕         $response->assertViewIs('dashboard.index');
  ➜  55▕         $response->assertViewHas('resumen', $resumen);
     56▕         $response->assertViewHas('tiempoReal', $tiempoReal);
     57▕     }
     58▕ 
     59▕     /** @test */

  [31m────────────────────────────────────────────────────────────────────────────────────────────────────────────────────[39m  
  [41;1m FAILED [49;22m [1mTests\Feature\DashboardTest[22m [90m>[39m index handles api errors gracefully                          [41;1m ErrorException [49;22m  
[39;1m  Undefined array key "contribuyentes_activos"[39;22m

  at [32mtests\Feature\DashboardTest.php[39m:[32m71[39m
     67▕         $response->assertStatus(200);
     68▕         $response->assertViewIs('dashboard.index');
     69▕         
     70▕         $resumen = $response->viewData('resumen');
  ➜  71▕         $this->assertEquals(0, $resumen['contribuyentes_activos']);
     72▕         $this->assertEquals(0, $resumen['instalaciones_activas']);
     73▕         $this->assertEquals(0, $resumen['alarmas_activas']);
     74▕         
     75▕         $tiempoReal = $response->viewData('tiempoReal');

  [31m────────────────────────────────────────────────────────────────────────────────────────────────────────────────────[39m  
  [41;1m FAILED [49;22m [1mTests\Feature\DashboardTest[22m [90m>[39m grafica movimientos returns chart data                                         
[39;1m  Unable to find JSON: 

[{
    "labels": [
        "2024-01-14",
        "2024-01-15",
        "2024-01-16",
        "2024-01-17",
        "2024-01-18",
        "2024-01-19",
        "2024-01-20"
    ],
    "entradas": [
        5000,
        4500,
        6000,
        5500,
        4800,
        5200,
        5800
    ],
    "salidas": [
        3000,
        2800,
        3500,
        3200,
        3100,
        3400,
        3600
    ]
}]

within response JSON:

[[]].


Failed asserting that an array has the subset Array &0 [
    'labels' => Array &1 [
        0 => '2024-01-14',
        1 => '2024-01-15',
        2 => '2024-01-16',
        3 => '2024-01-17',
        4 => '2024-01-18',
        5 => '2024-01-19',
        6 => '2024-01-20',
    ],
    'entradas' => Array &2 [
        0 => 5000,
        1 => 4500,
        2 => 6000,
        3 => 5500,
        4 => 4800,
        5 => 5200,
        6 => 5800,
    ],
    'salidas' => Array &3 [
        0 => 3000,
        1 => 2800,
        2 => 3500,
        3 => 3200,
        4 => 3100,
        5 => 3400,
        6 => 3600,
    ],
].
--- Expected
+++ Actual
@@ @@
 array (
-  'labels' => 
-  array (
-    0 => '2024-01-14',
-    1 => '2024-01-15',
-    2 => '2024-01-16',
-    3 => '2024-01-17',
-    4 => '2024-01-18',
-    5 => '2024-01-19',
-    6 => '2024-01-20',
-  ),
-  'entradas' => 
-  array (
-    0 => 5000,
-    1 => 4500,
-    2 => 6000,
-    3 => 5500,
-    4 => 4800,
-    5 => 5200,
-    6 => 5800,
-  ),
-  'salidas' => 
-  array (
-    0 => 3000,
-    1 => 2800,
-    2 => 3500,
-    3 => 3200,
-    4 => 3100,
-    5 => 3400,
-    6 => 3600,
-  ),
 )[39;22m

  at [32mtests\Feature\DashboardTest.php[39m:[32m95[39m
     91▕ 
     92▕         $response = $this->getJson('/api/dashboard/grafica-movimientos?dias=' . $dias);
     93▕ 
     94▕         $response->assertStatus(200);
  ➜  95▕         $response->assertJson($graficaData);
     96▕         $response->assertJsonCount(7, 'labels');
     97▕         $response->assertJsonCount(7, 'entradas');
     98▕         $response->assertJsonCount(7, 'salidas');
     99▕     }

  [31m────────────────────────────────────────────────────────────────────────────────────────────────────────────────────[39m  
  [41;1m FAILED [49;22m [1mTests\Feature\DashboardTest[22m [90m>[39m grafica movimientos returns empty data on error                                
[39;1m  Unable to find JSON: 

[{
    "labels": [],
    "entradas": [],
    "salidas": []
}]

within response JSON:

[[]].


Failed asserting that an array has the subset Array &0 [
    'labels' => Array &1 [],
    'entradas' => Array &2 [],
    'salidas' => Array &3 [],
].
--- Expected
+++ Actual
@@ @@
 array (
-  'labels' => 
-  array (
-  ),
-  'entradas' => 
-  array (
-  ),
-  'salidas' => 
-  array (
-  ),
 )[39;22m

  at [32mtests\Feature\DashboardTest.php[39m:[32m109[39m
    105▕ 
    106▕         $response = $this->getJson('/api/dashboard/grafica-movimientos');
    107▕ 
    108▕         $response->assertStatus(200);
  ➜ 109▕         $response->assertJson([
    110▕             'labels' => [],
    111▕             'entradas' => [],
    112▕             'salidas' => []
    113▕         ]);

  [31m────────────────────────────────────────────────────────────────────────────────────────────────────────────────────[39m  
  [41;1m FAILED [49;22m [1mTests\Feature\DashboardTest[22m [90m>[39m grafica productos returns product distribution                                 
[39;1m  Unable to find JSON: 

[{
    "labels": [
        "Gasolina",
        "Diesel",
        "Turbosina",
        "Gas LP"
    ],
    "valores": [
        45,
        30,
        15,
        10
    ]
}]

within response JSON:

[{
    "labels": [],
    "valores": []
}].


Failed asserting that an array has the subset Array &0 [
    'labels' => Array &1 [
        0 => 'Gasolina',
        1 => 'Diesel',
        2 => 'Turbosina',
        3 => 'Gas LP',
    ],
    'valores' => Array &2 [
        0 => 45,
        1 => 30,
        2 => 15,
        3 => 10,
    ],
].
--- Expected
+++ Actual
@@ @@
 array (
   'labels' => 
   array (
-    0 => 'Gasolina',
-    1 => 'Diesel',
-    2 => 'Turbosina',
-    3 => 'Gas LP',
   ),
   'valores' => 
   array (
-    0 => 45,
-    1 => 30,
-    2 => 15,
-    3 => 10,
   ),
 )[39;22m

  at [32mtests\Feature\DashboardTest.php[39m:[32m129[39m
    125▕ 
    126▕         $response = $this->getJson('/api/dashboard/grafica-productos');
    127▕ 
    128▕         $response->assertStatus(200);
  ➜ 129▕         $response->assertJson($graficaData);
    130▕         $response->assertJsonCount(4, 'labels');
    131▕         $response->assertJsonCount(4, 'valores');
    132▕     }
    133▕

  [31m────────────────────────────────────────────────────────────────────────────────────────────────────────────────────[39m  
  [41;1m FAILED [49;22m [1mTests\Feature\DashboardTest[22m [90m>[39m notificaciones returns notifications                                           
[39;1m  Unable to find JSON: 

[[
    {
        "id": 1,
        "tipo": "ALARMA",
        "titulo": "Alarma de nivel alto",
        "mensaje": "El tanque TAN-001 ha alcanzado nivel crítico",
        "leida": false,
        "fecha": "2024-01-20 10:30:00"
    },
    {
        "id": 2,
        "tipo": "MANTENIMIENTO",
        "titulo": "Calibración próxima",
        "mensaje": "El medidor MED-001 requiere calibración en 5 días",
        "leida": true,
        "fecha": "2024-01-19 15:00:00"
    }
]]

within response JSON:

[[]].


Failed asserting that an array has the subset Array &0 [
    0 => Array &1 [
        'id' => 1,
        'tipo' => 'ALARMA',
        'titulo' => 'Alarma de nivel alto',
        'mensaje' => 'El tanque TAN-001 ha alcanzado nivel crítico',
        'leida' => false,
        'fecha' => '2024-01-20 10:30:00',
    ],
    1 => Array &2 [
        'id' => 2,
        'tipo' => 'MANTENIMIENTO',
        'titulo' => 'Calibración próxima',
        'mensaje' => 'El medidor MED-001 requiere calibración en 5 días',
        'leida' => true,
        'fecha' => '2024-01-19 15:00:00',
    ],
].
--- Expected
+++ Actual
@@ @@
 array (
-  0 => 
-  array (
-    'id' => 1,
-    'tipo' => 'ALARMA',
-    'titulo' => 'Alarma de nivel alto',
-    'mensaje' => 'El tanque TAN-001 ha alcanzado nivel crítico',
-    'leida' => false,
-    'fecha' => '2024-01-20 10:30:00',
-  ),
-  1 => 
-  array (
-    'id' => 2,
-    'tipo' => 'MANTENIMIENTO',
-    'titulo' => 'Calibración próxima',
-    'mensaje' => 'El medidor MED-001 requiere calibración en 5 días',
-    'leida' => true,
-    'fecha' => '2024-01-19 15:00:00',
-  ),
 )[39;22m

  at [32mtests\Feature\DashboardTest.php[39m:[32m161[39m
    157▕ 
    158▕         $response = $this->getJson('/api/notificaciones');
    159▕ 
    160▕         $response->assertStatus(200);
  ➜ 161▕         $response->assertJson($notificaciones);
    162▕         $response->assertJsonCount(2);
    163▕     }
    164▕ 
    165▕     /** @test */

  [31m────────────────────────────────────────────────────────────────────────────────────────────────────────────────────[39m  
  [41;1m FAILED [49;22m [1mTests\Feature\DashboardTest[22m [90m>[39m exportar downloads dashboard report                                            
[39;1m  Expected response status code [200] but received 302.
Failed asserting that 302 is identical to 200.[39;22m

  at [32mtests\Feature\DashboardTest.php[39m:[32m187[39m
    183▕         ]);
    184▕ 
    185▕         $response = $this->get('/dashboard/exportar?' . http_build_query($filters));
    186▕ 
  ➜ 187▕         $response->assertStatus(200);
    188▕         $response->assertHeader('Content-Type', 'text/csv');
    189▕         $response->assertHeader('Content-Disposition', 'attachment; filename="dashboard_report.csv"');
    190▕     }
    191▕

  [31m────────────────────────────────────────────────────────────────────────────────────────────────────────────────────[39m  
  [41;1m FAILED [49;22m [1mTests\Feature\DashboardTest[22m [90m>[39m dashboard refreshes data periodically                        [41;1m ErrorException [49;22m  
[39;1m  Undefined array key "tiempoReal"[39;22m

  at [32mtests\Feature\DashboardTest.php[39m:[32m204[39m
    200▕             'presion' => 1.2
    201▕         ]);
    202▕ 
    203▕         $response1 = $this->get('/dashboard');
  ➜ 204▕         $tiempoReal1 = $response1->viewData('tiempoReal');
    205▕         $this->assertEquals(12500, $tiempoReal1['volumen_actual']);
    206▕ 
    207▕         // Cambiar datos para simular actualización
    208▕         $this->mockSuccessfulResponse('/api/dashboard/tiempo-real', [

  [31m────────────────────────────────────────────────────────────────────────────────────────────────────────────────────[39m  
  [41;1m FAILED [49;22m [1mTests\Feature\DashboardTest[22m [90m>[39m dashboard shows alerts when thresholds exceeded                                
[39;1m  Failed asserting that an array has the key 'alertas'.[39;22m

  at [32mtests\Feature\DashboardTest.php[39m:[32m241[39m
    237▕ 
    238▕         $response = $this->get('/dashboard');
    239▕         
    240▕         $resumenData = $response->viewData('resumen');
  ➜ 241▕         $this->assertArrayHasKey('alertas', $resumenData);
    242▕         $this->assertEquals(5, $resumenData['alarmas_activas']);
    243▕         $this->assertEquals(2, $resumenData['alertas']['alarmas_criticas']);
    244▕     }
    245▕ }

  [33m1   [39m[39;1mtests\Feature\DashboardTest.php[39;22m:[39;1m241[39;22m

  [31m────────────────────────────────────────────────────────────────────────────────────────────────────────────────────[39m  
  [41;1m FAILED [49;22m [1mTests\Feature\DictamenTest[22m [90m>[39m create form displays correctly with catalogs                                    
[39;1m  Failed asserting that [contribuyentes] matches the expected value.
Failed asserting that two arrays are equal.
--- Expected
+++ Actual
@@ @@
 Array (
-    0 => [...]
-    1 => [...]
 )[39;22m

  at [32mtests\Feature\DictamenTest.php[39m:[32m76[39m
     72▕         $response = $this->get('/dictamenes/create');
     73▕ 
     74▕         $response->assertStatus(200);
     75▕         $response->assertViewIs('dictamenes.create');
  ➜  76▕         $response->assertViewHas('contribuyentes', $contribuyentes);
     77▕         $response->assertViewHas('instalaciones', $instalaciones);
     78▕         $response->assertViewHas('productos', $productos);
     79▕     }
     80▕

  [31m────────────────────────────────────────────────────────────────────────────────────────────────────────────────────[39m  
  [41;1m FAILED [49;22m [1mTests\Feature\DictamenTest[22m [90m>[39m store creates dictamen successfully                                             
[39;1m  Failed asserting that two strings are equal.

The following errors occurred during the last request:

The laboratorio rfc field must be 13 characters.

--- Expected
+++ Actual
@@ @@
-'http://localhost:8001/dictamenes/1'
+'http://localhost:8001'[39;22m

  at [32mtests\Feature\DictamenTest.php[39m:[32m109[39m
    105▕         $this->mockSuccessfulResponse('/api/dictamenes', $createdDictamen, 'Dictamen creado exitosamente', 201);
    106▕ 
    107▕         $response = $this->post('/dictamenes', $dictamenData);
    108▕ 
  ➜ 109▕         $response->assertRedirect('/dictamenes/1');
    110▕         $response->assertSessionHas('success', 'Dictamen creado exitosamente');
    111▕     }
    112▕ 
    113▕     /** @test */

  [31m────────────────────────────────────────────────────────────────────────────────────────────────────────────────────[39m  
  [41;1m FAILED [49;22m [1mTests\Feature\DictamenTest[22m [90m>[39m show displays dictamen details                                                  
[39;1m  Expected response status code [200] but received 500.
Failed asserting that 500 is identical to 200.

The following exception occurred during the last request:

ErrorException: Undefined array key "estado" in C:\Users\cesar\Downloads\No.1\control-volumetrico\storage\framework\views\0b13aa9748b0e3b46fe64dd569ce021c.php:7
Stack trace:
#0 C:\Users\cesar\Downloads\No.1\control-volumetrico\vendor\laravel\framework\src\Illuminate\Foundation\Bootstrap\HandleExceptions.php(258): Illuminate\Foundation\Bootstrap\HandleExceptions->handleError(2, 'Undefined array...', 'C:\\Users\\cesar\\...', 7)
#1 C:\Users\cesar\Downloads\No.1\control-volumetrico\storage\framework\views\0b13aa9748b0e3b46fe64dd569ce021c.php(7): Illuminate\Foundation\Bootstrap\HandleExceptions->Illuminate\Foundation\Bootstrap\{closure}(2, 'Undefined array...', 'C:\\Users\\cesar\\...', 7)
#2 C:\Users\cesar\Downloads\No.1\control-volumetrico\vendor\laravel\framework\src\Illuminate\Filesystem\Filesystem.php(123): require('C:\\Users\\cesar\\...')
#3 C:\Users\cesar\Downloads\No.1\control-volumetrico\vendor\laravel\framework\src\Illuminate\Filesystem\Filesystem.php(124): Illuminate\Filesystem\Filesystem::Illuminate\Filesystem\{closure}()
#4 C:\Users\cesar\Downloads\No.1\control-volumetrico\vendor\laravel\framework\src\Illuminate\View\Engines\PhpEngine.php(57): Illuminate\Filesystem\Filesystem->getRequire('C:\\Users\\cesar\\...', Array)
#5 C:\Users\cesar\Downloads\No.1\control-volumetrico\vendor\laravel\framework\src\Illuminate\View\Engines\CompilerEngine.php(76): Illuminate\View\Engines\PhpEngine->evaluatePath('C:\\Users\\cesar\\...', Array)
#6 C:\Users\cesar\Downloads\No.1\control-volumetrico\vendor\laravel\framework\src\Illuminate\View\View.php(208): Illuminate\View\Engines\CompilerEngine->get('C:\\Users\\cesar\\...', Array)
#7 C:\Users\cesar\Downloads\No.1\control-volumetrico\vendor\laravel\framework\src\Illuminate\View\View.php(191): Illuminate\View\View->getContents()
#8 C:\Users\cesar\Downloads\No.1\control-volumetrico\vendor\laravel\framework\src\Illuminate\View\View.php(160): Illuminate\View\View->renderContents()
#9 C:\Users\cesar\Downloads\No.1\control-volumetrico\vendor\laravel\framework\src\Illuminate\Http\Response.php(78): Illuminate\View\View->render()
#10 C:\Users\cesar\Downloads\No.1\control-volumetrico\vendor\laravel\framework\src\Illuminate\Http\Response.php(34): Illuminate\Http\Response->setContent(Object(Illuminate\View\View))
#11 C:\Users\cesar\Downloads\No.1\control-volumetrico\vendor\laravel\framework\src\Illuminate\Routing\Router.php(939): Illuminate\Http\Response->__construct(Object(Illuminate\View\View), 200, Array)
#12 C:\Users\cesar\Downloads\No.1\control-volumetrico\vendor\laravel\framework\src\Illuminate\Routing\Router.php(906): Illuminate\Routing\Router::toResponse(Object(Illuminate\Http\Request), Object(Illuminate\View\View))
#13 C:\Users\cesar\Downloads\No.1\control-volumetrico\vendor\laravel\framework\src\Illuminate\Routing\Router.php(821): Illuminate\Routing\Router->prepareResponse(Object(Illuminate\Http\Request), Object(Illuminate\View\View))
#14 C:\Users\cesar\Downloads\No.1\control-volumetrico\vendor\laravel\framework\src\Illuminate\Pipeline\Pipeline.php(180): Illuminate\Routing\Router->Illuminate\Routing\{closure}(Object(Illuminate\Http\Request))
#15 C:\Users\cesar\Downloads\No.1\control-volumetrico\app\Http\Middleware\ApiAuthenticated.php(18): Illuminate\Pipeline\Pipeline->Illuminate\Pipeline\{closure}(Object(Illuminate\Http\Request))
#16 C:\Users\cesar\Downloads\No.1\control-volumetrico\vendor\laravel\framework\src\Illuminate\Pipeline\Pipeline.php(219): App\Http\Middleware\ApiAuthenticated->handle(Object(Illuminate\Http\Request), Object(Closure))
#17 C:\Users\cesar\Downloads\No.1\control-volumetrico\vendor\laravel\framework\src\Illuminate\Routing\Middleware\SubstituteBindings.php(50): Illuminate\Pipeline\Pipeline->Illuminate\Pipeline\{closure}(Object(Illuminate\Http\Request))
#18 C:\Users\cesar\Downloads\No.1\control-volumetrico\vendor\laravel\framework\src\Illuminate\Pipeline\Pipeline.php(219): Illuminate\Routing\Middleware\SubstituteBindings->handle(Object(Illuminate\Http\Request), Object(Closure))
#19 C:\Users\cesar\Downloads\No.1\control-volumetrico\vendor\laravel\framework\src\Illuminate\Foundation\Http\Middleware\VerifyCsrfToken.php(87): Illuminate\Pipeline\Pipeline->Illuminate\Pipeline\{closure}(Object(Illuminate\Http\Request))
#20 C:\Users\cesar\Downloads\No.1\control-volumetrico\vendor\laravel\framework\src\Illuminate\Pipeline\Pipeline.php(219): Illuminate\Foundation\Http\Middleware\VerifyCsrfToken->handle(Object(Illuminate\Http\Request), Object(Closure))
#21 C:\Users\cesar\Downloads\No.1\control-volumetrico\vendor\laravel\framework\src\Illuminate\View\Middleware\ShareErrorsFromSession.php(48): Illuminate\Pipeline\Pipeline->Illuminate\Pipeline\{closure}(Object(Illuminate\Http\Request))
#22 C:\Users\cesar\Downloads\No.1\control-volumetrico\vendor\laravel\framework\src\Illuminate\Pipeline\Pipeline.php(219): Illuminate\View\Middleware\ShareErrorsFromSession->handle(Object(Illuminate\Http\Request), Object(Closure))
#23 C:\Users\cesar\Downloads\No.1\control-volumetrico\vendor\laravel\framework\src\Illuminate\Session\Middleware\StartSession.php(120): Illuminate\Pipeline\Pipeline->Illuminate\Pipeline\{closure}(Object(Illuminate\Http\Request))
#24 C:\Users\cesar\Downloads\No.1\control-volumetrico\vendor\laravel\framework\src\Illuminate\Session\Middleware\StartSession.php(63): Illuminate\Session\Middleware\StartSession->handleStatefulRequest(Object(Illuminate\Http\Request), Object(Illuminate\Session\Store), Object(Closure))
#25 C:\Users\cesar\Downloads\No.1\control-volumetrico\vendor\laravel\framework\src\Illuminate\Pipeline\Pipeline.php(219): Illuminate\Session\Middleware\StartSession->handle(Object(Illuminate\Http\Request), Object(Closure))
#26 C:\Users\cesar\Downloads\No.1\control-volumetrico\vendor\laravel\framework\src\Illuminate\Cookie\Middleware\AddQueuedCookiesToResponse.php(36): Illuminate\Pipeline\Pipeline->Illuminate\Pipeline\{closure}(Object(Illuminate\Http\Request))
#27 C:\Users\cesar\Downloads\No.1\control-volumetrico\vendor\laravel\framework\src\Illuminate\Pipeline\Pipeline.php(219): Illuminate\Cookie\Middleware\AddQueuedCookiesToResponse->handle(Object(Illuminate\Http\Request), Object(Closure))
#28 C:\Users\cesar\Downloads\No.1\control-volumetrico\vendor\laravel\framework\src\Illuminate\Cookie\Middleware\EncryptCookies.php(74): Illuminate\Pipeline\Pipeline->Illuminate\Pipeline\{closure}(Object(Illuminate\Http\Request))
#29 C:\Users\cesar\Downloads\No.1\control-volumetrico\vendor\laravel\framework\src\Illuminate\Pipeline\Pipeline.php(219): Illuminate\Cookie\Middleware\EncryptCookies->handle(Object(Illuminate\Http\Request), Object(Closure))
#30 C:\Users\cesar\Downloads\No.1\control-volumetrico\vendor\laravel\framework\src\Illuminate\Pipeline\Pipeline.php(137): Illuminate\Pipeline\Pipeline->Illuminate\Pipeline\{closure}(Object(Illuminate\Http\Request))
#31 C:\Users\cesar\Downloads\No.1\control-volumetrico\vendor\laravel\framework\src\Illuminate\Routing\Router.php(821): Illuminate\Pipeline\Pipeline->then(Object(Closure))
#32 C:\Users\cesar\Downloads\No.1\control-volumetrico\vendor\laravel\framework\src\Illuminate\Routing\Router.php(800): Illuminate\Routing\Router->runRouteWithinStack(Object(Illuminate\Routing\Route), Object(Illuminate\Http\Request))
#33 C:\Users\cesar\Downloads\No.1\control-volumetrico\vendor\laravel\framework\src\Illuminate\Routing\Router.php(764): Illuminate\Routing\Router->runRoute(Object(Illuminate\Http\Request), Object(Illuminate\Routing\Route))
#34 C:\Users\cesar\Downloads\No.1\control-volumetrico\vendor\laravel\framework\src\Illuminate\Routing\Router.php(753): Illuminate\Routing\Router->dispatchToRoute(Object(Illuminate\Http\Request))
#35 C:\Users\cesar\Downloads\No.1\control-volumetrico\vendor\laravel\framework\src\Illuminate\Foundation\Http\Kernel.php(200): Illuminate\Routing\Router->dispatch(Object(Illuminate\Http\Request))
#36 C:\Users\cesar\Downloads\No.1\control-volumetrico\vendor\laravel\framework\src\Illuminate\Pipeline\Pipeline.php(180): Illuminate\Foundation\Http\Kernel->Illuminate\Foundation\Http\{closure}(Object(Illuminate\Http\Request))
#37 C:\Users\cesar\Downloads\No.1\control-volumetrico\vendor\laravel\framework\src\Illuminate\Foundation\Http\Middleware\TransformsRequest.php(21): Illuminate\Pipeline\Pipeline->Illuminate\Pipeline\{closure}(Object(Illuminate\Http\Request))
#38 C:\Users\cesar\Downloads\No.1\control-volumetrico\vendor\laravel\framework\src\Illuminate\Foundation\Http\Middleware\ConvertEmptyStringsToNull.php(31): Illuminate\Foundation\Http\Middleware\TransformsRequest->handle(Object(Illuminate\Http\Request), Object(Closure))
#39 C:\Users\cesar\Downloads\No.1\control-volumetrico\vendor\laravel\framework\src\Illuminate\Pipeline\Pipeline.php(219): Illuminate\Foundation\Http\Middleware\ConvertEmptyStringsToNull->handle(Object(Illuminate\Http\Request), Object(Closure))
#40 C:\Users\cesar\Downloads\No.1\control-volumetrico\vendor\laravel\framework\src\Illuminate\Foundation\Http\Middleware\TransformsRequest.php(21): Illuminate\Pipeline\Pipeline->Illuminate\Pipeline\{closure}(Object(Illuminate\Http\Request))
#41 C:\Users\cesar\Downloads\No.1\control-volumetrico\vendor\laravel\framework\src\Illuminate\Foundation\Http\Middleware\TrimStrings.php(51): Illuminate\Foundation\Http\Middleware\TransformsRequest->handle(Object(Illuminate\Http\Request), Object(Closure))
#42 C:\Users\cesar\Downloads\No.1\control-volumetrico\vendor\laravel\framework\src\Illuminate\Pipeline\Pipeline.php(219): Illuminate\Foundation\Http\Middleware\TrimStrings->handle(Object(Illuminate\Http\Request), Object(Closure))
#43 C:\Users\cesar\Downloads\No.1\control-volumetrico\vendor\laravel\framework\src\Illuminate\Http\Middleware\ValidatePostSize.php(27): Illuminate\Pipeline\Pipeline->Illuminate\Pipeline\{closure}(Object(Illuminate\Http\Request))
#44 C:\Users\cesar\Downloads\No.1\control-volumetrico\vendor\laravel\framework\src\Illuminate\Pipeline\Pipeline.php(219): Illuminate\Http\Middleware\ValidatePostSize->handle(Object(Illuminate\Http\Request), Object(Closure))
#45 C:\Users\cesar\Downloads\No.1\control-volumetrico\vendor\laravel\framework\src\Illuminate\Foundation\Http\Middleware\PreventRequestsDuringMaintenance.php(109): Illuminate\Pipeline\Pipeline->Illuminate\Pipeline\{closure}(Object(Illuminate\Http\Request))
#46 C:\Users\cesar\Downloads\No.1\control-volumetrico\vendor\laravel\framework\src\Illuminate\Pipeline\Pipeline.php(219): Illuminate\Foundation\Http\Middleware\PreventRequestsDuringMaintenance->handle(Object(Illuminate\Http\Request), Object(Closure))
#47 C:\Users\cesar\Downloads\No.1\control-volumetrico\vendor\laravel\framework\src\Illuminate\Http\Middleware\HandleCors.php(61): Illuminate\Pipeline\Pipeline->Illuminate\Pipeline\{closure}(Object(Illuminate\Http\Request))
#48 C:\Users\cesar\Downloads\No.1\control-volumetrico\vendor\laravel\framework\src\Illuminate\Pipeline\Pipeline.php(219): Illuminate\Http\Middleware\HandleCors->handle(Object(Illuminate\Http\Request), Object(Closure))
#49 C:\Users\cesar\Downloads\No.1\control-volumetrico\vendor\laravel\framework\src\Illuminate\Http\Middleware\TrustProxies.php(58): Illuminate\Pipeline\Pipeline->Illuminate\Pipeline\{closure}(Object(Illuminate\Http\Request))
#50 C:\Users\cesar\Downloads\No.1\control-volumetrico\vendor\laravel\framework\src\Illuminate\Pipeline\Pipeline.php(219): Illuminate\Http\Middleware\TrustProxies->handle(Object(Illuminate\Http\Request), Object(Closure))
#51 C:\Users\cesar\Downloads\No.1\control-volumetrico\vendor\laravel\framework\src\Illuminate\Foundation\Http\Middleware\InvokeDeferredCallbacks.php(22): Illuminate\Pipeline\Pipeline->Illuminate\Pipeline\{closure}(Object(Illuminate\Http\Request))
#52 C:\Users\cesar\Downloads\No.1\control-volumetrico\vendor\laravel\framework\src\Illuminate\Pipeline\Pipeline.php(219): Illuminate\Foundation\Http\Middleware\InvokeDeferredCallbacks->handle(Object(Illuminate\Http\Request), Object(Closure))
#53 C:\Users\cesar\Downloads\No.1\control-volumetrico\vendor\laravel\framework\src\Illuminate\Http\Middleware\ValidatePathEncoding.php(26): Illuminate\Pipeline\Pipeline->Illuminate\Pipeline\{closure}(Object(Illuminate\Http\Request))
#54 C:\Users\cesar\Downloads\No.1\control-volumetrico\vendor\laravel\framework\src\Illuminate\Pipeline\Pipeline.php(219): Illuminate\Http\Middleware\ValidatePathEncoding->handle(Object(Illuminate\Http\Request), Object(Closure))
#55 C:\Users\cesar\Downloads\No.1\control-volumetrico\vendor\laravel\framework\src\Illuminate\Pipeline\Pipeline.php(137): Illuminate\Pipeline\Pipeline->Illuminate\Pipeline\{closure}(Object(Illuminate\Http\Request))
#56 C:\Users\cesar\Downloads\No.1\control-volumetrico\vendor\laravel\framework\src\Illuminate\Foundation\Http\Kernel.php(175): Illuminate\Pipeline\Pipeline->then(Object(Closure))
#57 C:\Users\cesar\Downloads\No.1\control-volumetrico\vendor\laravel\framework\src\Illuminate\Foundation\Http\Kernel.php(144): Illuminate\Foundation\Http\Kernel->sendRequestThroughRouter(Object(Illuminate\Http\Request))
#58 C:\Users\cesar\Downloads\No.1\control-volumetrico\vendor\laravel\framework\src\Illuminate\Foundation\Testing\Concerns\MakesHttpRequests.php(607): Illuminate\Foundation\Http\Kernel->handle(Object(Illuminate\Http\Request))
#59 C:\Users\cesar\Downloads\No.1\control-volumetrico\vendor\laravel\framework\src\Illuminate\Foundation\Testing\Concerns\MakesHttpRequests.php(368): Illuminate\Foundation\Testing\TestCase->call('GET', '/dictamenes/1', Array, Array, Array, Array)
#60 C:\Users\cesar\Downloads\No.1\control-volumetrico\tests\Feature\DictamenTest.php(166): Illuminate\Foundation\Testing\TestCase->get('/dictamenes/1')
#61 C:\Users\cesar\Downloads\No.1\control-volumetrico\vendor\phpunit\phpunit\src\Framework\TestCase.php(1667): Tests\Feature\DictamenTest->test_show_displays_dictamen_details()
#62 C:\Users\cesar\Downloads\No.1\control-volumetrico\vendor\phpunit\phpunit\src\Framework\TestCase.php(519): PHPUnit\Framework\TestCase->runTest()
#63 C:\Users\cesar\Downloads\No.1\control-volumetrico\vendor\phpunit\phpunit\src\Framework\TestRunner\TestRunner.php(87): PHPUnit\Framework\TestCase->runBare()
#64 C:\Users\cesar\Downloads\No.1\control-volumetrico\vendor\phpunit\phpunit\src\Framework\TestCase.php(365): PHPUnit\Framework\TestRunner->run(Object(Tests\Feature\DictamenTest))
#65 C:\Users\cesar\Downloads\No.1\control-volumetrico\vendor\phpunit\phpunit\src\Framework\TestSuite.php(369): PHPUnit\Framework\TestCase->run()
#66 C:\Users\cesar\Downloads\No.1\control-volumetrico\vendor\phpunit\phpunit\src\Framework\TestSuite.php(369): PHPUnit\Framework\TestSuite->run()
#67 C:\Users\cesar\Downloads\No.1\control-volumetrico\vendor\phpunit\phpunit\src\Framework\TestSuite.php(369): PHPUnit\Framework\TestSuite->run()
#68 C:\Users\cesar\Downloads\No.1\control-volumetrico\vendor\phpunit\phpunit\src\TextUI\TestRunner.php(64): PHPUnit\Framework\TestSuite->run()
#69 C:\Users\cesar\Downloads\No.1\control-volumetrico\vendor\phpunit\phpunit\src\TextUI\Application.php(211): PHPUnit\TextUI\TestRunner->run(Object(PHPUnit\TextUI\Configuration\Configuration), Object(PHPUnit\Runner\ResultCache\DefaultResultCache), Object(PHPUnit\Framework\TestSuite))
#70 C:\Users\cesar\Downloads\No.1\control-volumetrico\vendor\phpunit\phpunit\phpunit(104): PHPUnit\TextUI\Application->run(Array)
#71 {main}

Next Illuminate\View\ViewException: Undefined array key "estado" (View: C:\Users\cesar\Downloads\No.1\control-volumetrico\resources\views\dictamenes\show.blade.php) in C:\Users\cesar\Downloads\No.1\control-volumetrico\storage\framework\views\0b13aa9748b0e3b46fe64dd569ce021c.php:7
Stack trace:
#0 C:\Users\cesar\Downloads\No.1\control-volumetrico\vendor\laravel\framework\src\Illuminate\View\Engines\PhpEngine.php(59): Illuminate\View\Engines\CompilerEngine->handleViewException(Object(ErrorException), 1)
#1 C:\Users\cesar\Downloads\No.1\control-volumetrico\vendor\laravel\framework\src\Illuminate\View\Engines\CompilerEngine.php(76): Illuminate\View\Engines\PhpEngine->evaluatePath('C:\\Users\\cesar\\...', Array)
#2 C:\Users\cesar\Downloads\No.1\control-volumetrico\vendor\laravel\framework\src\Illuminate\View\View.php(208): Illuminate\View\Engines\CompilerEngine->get('C:\\Users\\cesar\\...', Array)
#3 C:\Users\cesar\Downloads\No.1\control-volumetrico\vendor\laravel\framework\src\Illuminate\View\View.php(191): Illuminate\View\View->getContents()
#4 C:\Users\cesar\Downloads\No.1\control-volumetrico\vendor\laravel\framework\src\Illuminate\View\View.php(160): Illuminate\View\View->renderContents()
#5 C:\Users\cesar\Downloads\No.1\control-volumetrico\vendor\laravel\framework\src\Illuminate\Http\Response.php(78): Illuminate\View\View->render()
#6 C:\Users\cesar\Downloads\No.1\control-volumetrico\vendor\laravel\framework\src\Illuminate\Http\Response.php(34): Illuminate\Http\Response->setContent(Object(Illuminate\View\View))
#7 C:\Users\cesar\Downloads\No.1\control-volumetrico\vendor\laravel\framework\src\Illuminate\Routing\Router.php(939): Illuminate\Http\Response->__construct(Object(Illuminate\View\View), 200, Array)
#8 C:\Users\cesar\Downloads\No.1\control-volumetrico\vendor\laravel\framework\src\Illuminate\Routing\Router.php(906): Illuminate\Routing\Router::toResponse(Object(Illuminate\Http\Request), Object(Illuminate\View\View))
#9 C:\Users\cesar\Downloads\No.1\control-volumetrico\vendor\laravel\framework\src\Illuminate\Routing\Router.php(821): Illuminate\Routing\Router->prepareResponse(Object(Illuminate\Http\Request), Object(Illuminate\View\View))
#10 C:\Users\cesar\Downloads\No.1\control-volumetrico\vendor\laravel\framework\src\Illuminate\Pipeline\Pipeline.php(180): Illuminate\Routing\Router->Illuminate\Routing\{closure}(Object(Illuminate\Http\Request))
#11 C:\Users\cesar\Downloads\No.1\control-volumetrico\app\Http\Middleware\ApiAuthenticated.php(18): Illuminate\Pipeline\Pipeline->Illuminate\Pipeline\{closure}(Object(Illuminate\Http\Request))
#12 C:\Users\cesar\Downloads\No.1\control-volumetrico\vendor\laravel\framework\src\Illuminate\Pipeline\Pipeline.php(219): App\Http\Middleware\ApiAuthenticated->handle(Object(Illuminate\Http\Request), Object(Closure))
#13 C:\Users\cesar\Downloads\No.1\control-volumetrico\vendor\laravel\framework\src\Illuminate\Routing\Middleware\SubstituteBindings.php(50): Illuminate\Pipeline\Pipeline->Illuminate\Pipeline\{closure}(Object(Illuminate\Http\Request))
#14 C:\Users\cesar\Downloads\No.1\control-volumetrico\vendor\laravel\framework\src\Illuminate\Pipeline\Pipeline.php(219): Illuminate\Routing\Middleware\SubstituteBindings->handle(Object(Illuminate\Http\Request), Object(Closure))
#15 C:\Users\cesar\Downloads\No.1\control-volumetrico\vendor\laravel\framework\src\Illuminate\Foundation\Http\Middleware\VerifyCsrfToken.php(87): Illuminate\Pipeline\Pipeline->Illuminate\Pipeline\{closure}(Object(Illuminate\Http\Request))
#16 C:\Users\cesar\Downloads\No.1\control-volumetrico\vendor\laravel\framework\src\Illuminate\Pipeline\Pipeline.php(219): Illuminate\Foundation\Http\Middleware\VerifyCsrfToken->handle(Object(Illuminate\Http\Request), Object(Closure))
#17 C:\Users\cesar\Downloads\No.1\control-volumetrico\vendor\laravel\framework\src\Illuminate\View\Middleware\ShareErrorsFromSession.php(48): Illuminate\Pipeline\Pipeline->Illuminate\Pipeline\{closure}(Object(Illuminate\Http\Request))
#18 C:\Users\cesar\Downloads\No.1\control-volumetrico\vendor\laravel\framework\src\Illuminate\Pipeline\Pipeline.php(219): Illuminate\View\Middleware\ShareErrorsFromSession->handle(Object(Illuminate\Http\Request), Object(Closure))
#19 C:\Users\cesar\Downloads\No.1\control-volumetrico\vendor\laravel\framework\src\Illuminate\Session\Middleware\StartSession.php(120): Illuminate\Pipeline\Pipeline->Illuminate\Pipeline\{closure}(Object(Illuminate\Http\Request))
#20 C:\Users\cesar\Downloads\No.1\control-volumetrico\vendor\laravel\framework\src\Illuminate\Session\Middleware\StartSession.php(63): Illuminate\Session\Middleware\StartSession->handleStatefulRequest(Object(Illuminate\Http\Request), Object(Illuminate\Session\Store), Object(Closure))
#21 C:\Users\cesar\Downloads\No.1\control-volumetrico\vendor\laravel\framework\src\Illuminate\Pipeline\Pipeline.php(219): Illuminate\Session\Middleware\StartSession->handle(Object(Illuminate\Http\Request), Object(Closure))
#22 C:\Users\cesar\Downloads\No.1\control-volumetrico\vendor\laravel\framework\src\Illuminate\Cookie\Middleware\AddQueuedCookiesToResponse.php(36): Illuminate\Pipeline\Pipeline->Illuminate\Pipeline\{closure}(Object(Illuminate\Http\Request))
#23 C:\Users\cesar\Downloads\No.1\control-volumetrico\vendor\laravel\framework\src\Illuminate\Pipeline\Pipeline.php(219): Illuminate\Cookie\Middleware\AddQueuedCookiesToResponse->handle(Object(Illuminate\Http\Request), Object(Closure))
#24 C:\Users\cesar\Downloads\No.1\control-volumetrico\vendor\laravel\framework\src\Illuminate\Cookie\Middleware\EncryptCookies.php(74): Illuminate\Pipeline\Pipeline->Illuminate\Pipeline\{closure}(Object(Illuminate\Http\Request))
#25 C:\Users\cesar\Downloads\No.1\control-volumetrico\vendor\laravel\framework\src\Illuminate\Pipeline\Pipeline.php(219): Illuminate\Cookie\Middleware\EncryptCookies->handle(Object(Illuminate\Http\Request), Object(Closure))
#26 C:\Users\cesar\Downloads\No.1\control-volumetrico\vendor\laravel\framework\src\Illuminate\Pipeline\Pipeline.php(137): Illuminate\Pipeline\Pipeline->Illuminate\Pipeline\{closure}(Object(Illuminate\Http\Request))
#27 C:\Users\cesar\Downloads\No.1\control-volumetrico\vendor\laravel\framework\src\Illuminate\Routing\Router.php(821): Illuminate\Pipeline\Pipeline->then(Object(Closure))
#28 C:\Users\cesar\Downloads\No.1\control-volumetrico\vendor\laravel\framework\src\Illuminate\Routing\Router.php(800): Illuminate\Routing\Router->runRouteWithinStack(Object(Illuminate\Routing\Route), Object(Illuminate\Http\Request))
#29 C:\Users\cesar\Downloads\No.1\control-volumetrico\vendor\laravel\framework\src\Illuminate\Routing\Router.php(764): Illuminate\Routing\Router->runRoute(Object(Illuminate\Http\Request), Object(Illuminate\Routing\Route))
#30 C:\Users\cesar\Downloads\No.1\control-volumetrico\vendor\laravel\framework\src\Illuminate\Routing\Router.php(753): Illuminate\Routing\Router->dispatchToRoute(Object(Illuminate\Http\Request))
#31 C:\Users\cesar\Downloads\No.1\control-volumetrico\vendor\laravel\framework\src\Illuminate\Foundation\Http\Kernel.php(200): Illuminate\Routing\Router->dispatch(Object(Illuminate\Http\Request))
#32 C:\Users\cesar\Downloads\No.1\control-volumetrico\vendor\laravel\framework\src\Illuminate\Pipeline\Pipeline.php(180): Illuminate\Foundation\Http\Kernel->Illuminate\Foundation\Http\{closure}(Object(Illuminate\Http\Request))
#33 C:\Users\cesar\Downloads\No.1\control-volumetrico\vendor\laravel\framework\src\Illuminate\Foundation\Http\Middleware\TransformsRequest.php(21): Illuminate\Pipeline\Pipeline->Illuminate\Pipeline\{closure}(Object(Illuminate\Http\Request))
#34 C:\Users\cesar\Downloads\No.1\control-volumetrico\vendor\laravel\framework\src\Illuminate\Foundation\Http\Middleware\ConvertEmptyStringsToNull.php(31): Illuminate\Foundation\Http\Middleware\TransformsRequest->handle(Object(Illuminate\Http\Request), Object(Closure))
#35 C:\Users\cesar\Downloads\No.1\control-volumetrico\vendor\laravel\framework\src\Illuminate\Pipeline\Pipeline.php(219): Illuminate\Foundation\Http\Middleware\ConvertEmptyStringsToNull->handle(Object(Illuminate\Http\Request), Object(Closure))
#36 C:\Users\cesar\Downloads\No.1\control-volumetrico\vendor\laravel\framework\src\Illuminate\Foundation\Http\Middleware\TransformsRequest.php(21): Illuminate\Pipeline\Pipeline->Illuminate\Pipeline\{closure}(Object(Illuminate\Http\Request))
#37 C:\Users\cesar\Downloads\No.1\control-volumetrico\vendor\laravel\framework\src\Illuminate\Foundation\Http\Middleware\TrimStrings.php(51): Illuminate\Foundation\Http\Middleware\TransformsRequest->handle(Object(Illuminate\Http\Request), Object(Closure))
#38 C:\Users\cesar\Downloads\No.1\control-volumetrico\vendor\laravel\framework\src\Illuminate\Pipeline\Pipeline.php(219): Illuminate\Foundation\Http\Middleware\TrimStrings->handle(Object(Illuminate\Http\Request), Object(Closure))
#39 C:\Users\cesar\Downloads\No.1\control-volumetrico\vendor\laravel\framework\src\Illuminate\Http\Middleware\ValidatePostSize.php(27): Illuminate\Pipeline\Pipeline->Illuminate\Pipeline\{closure}(Object(Illuminate\Http\Request))
#40 C:\Users\cesar\Downloads\No.1\control-volumetrico\vendor\laravel\framework\src\Illuminate\Pipeline\Pipeline.php(219): Illuminate\Http\Middleware\ValidatePostSize->handle(Object(Illuminate\Http\Request), Object(Closure))
#41 C:\Users\cesar\Downloads\No.1\control-volumetrico\vendor\laravel\framework\src\Illuminate\Foundation\Http\Middleware\PreventRequestsDuringMaintenance.php(109): Illuminate\Pipeline\Pipeline->Illuminate\Pipeline\{closure}(Object(Illuminate\Http\Request))
#42 C:\Users\cesar\Downloads\No.1\control-volumetrico\vendor\laravel\framework\src\Illuminate\Pipeline\Pipeline.php(219): Illuminate\Foundation\Http\Middleware\PreventRequestsDuringMaintenance->handle(Object(Illuminate\Http\Request), Object(Closure))
#43 C:\Users\cesar\Downloads\No.1\control-volumetrico\vendor\laravel\framework\src\Illuminate\Http\Middleware\HandleCors.php(61): Illuminate\Pipeline\Pipeline->Illuminate\Pipeline\{closure}(Object(Illuminate\Http\Request))
#44 C:\Users\cesar\Downloads\No.1\control-volumetrico\vendor\laravel\framework\src\Illuminate\Pipeline\Pipeline.php(219): Illuminate\Http\Middleware\HandleCors->handle(Object(Illuminate\Http\Request), Object(Closure))
#45 C:\Users\cesar\Downloads\No.1\control-volumetrico\vendor\laravel\framework\src\Illuminate\Http\Middleware\TrustProxies.php(58): Illuminate\Pipeline\Pipeline->Illuminate\Pipeline\{closure}(Object(Illuminate\Http\Request))
#46 C:\Users\cesar\Downloads\No.1\control-volumetrico\vendor\laravel\framework\src\Illuminate\Pipeline\Pipeline.php(219): Illuminate\Http\Middleware\TrustProxies->handle(Object(Illuminate\Http\Request), Object(Closure))
#47 C:\Users\cesar\Downloads\No.1\control-volumetrico\vendor\laravel\framework\src\Illuminate\Foundation\Http\Middleware\InvokeDeferredCallbacks.php(22): Illuminate\Pipeline\Pipeline->Illuminate\Pipeline\{closure}(Object(Illuminate\Http\Request))
#48 C:\Users\cesar\Downloads\No.1\control-volumetrico\vendor\laravel\framework\src\Illuminate\Pipeline\Pipeline.php(219): Illuminate\Foundation\Http\Middleware\InvokeDeferredCallbacks->handle(Object(Illuminate\Http\Request), Object(Closure))
#49 C:\Users\cesar\Downloads\No.1\control-volumetrico\vendor\laravel\framework\src\Illuminate\Http\Middleware\ValidatePathEncoding.php(26): Illuminate\Pipeline\Pipeline->Illuminate\Pipeline\{closure}(Object(Illuminate\Http\Request))
#50 C:\Users\cesar\Downloads\No.1\control-volumetrico\vendor\laravel\framework\src\Illuminate\Pipeline\Pipeline.php(219): Illuminate\Http\Middleware\ValidatePathEncoding->handle(Object(Illuminate\Http\Request), Object(Closure))
#51 C:\Users\cesar\Downloads\No.1\control-volumetrico\vendor\laravel\framework\src\Illuminate\Pipeline\Pipeline.php(137): Illuminate\Pipeline\Pipeline->Illuminate\Pipeline\{closure}(Object(Illuminate\Http\Request))
#52 C:\Users\cesar\Downloads\No.1\control-volumetrico\vendor\laravel\framework\src\Illuminate\Foundation\Http\Kernel.php(175): Illuminate\Pipeline\Pipeline->then(Object(Closure))
#53 C:\Users\cesar\Downloads\No.1\control-volumetrico\vendor\laravel\framework\src\Illuminate\Foundation\Http\Kernel.php(144): Illuminate\Foundation\Http\Kernel->sendRequestThroughRouter(Object(Illuminate\Http\Request))
#54 C:\Users\cesar\Downloads\No.1\control-volumetrico\vendor\laravel\framework\src\Illuminate\Foundation\Testing\Concerns\MakesHttpRequests.php(607): Illuminate\Foundation\Http\Kernel->handle(Object(Illuminate\Http\Request))
#55 C:\Users\cesar\Downloads\No.1\control-volumetrico\vendor\laravel\framework\src\Illuminate\Foundation\Testing\Concerns\MakesHttpRequests.php(368): Illuminate\Foundation\Testing\TestCase->call('GET', '/dictamenes/1', Array, Array, Array, Array)
#56 C:\Users\cesar\Downloads\No.1\control-volumetrico\tests\Feature\DictamenTest.php(166): Illuminate\Foundation\Testing\TestCase->get('/dictamenes/1')
#57 C:\Users\cesar\Downloads\No.1\control-volumetrico\vendor\phpunit\phpunit\src\Framework\TestCase.php(1667): Tests\Feature\DictamenTest->test_show_displays_dictamen_details()
#58 C:\Users\cesar\Downloads\No.1\control-volumetrico\vendor\phpunit\phpunit\src\Framework\TestCase.php(519): PHPUnit\Framework\TestCase->runTest()
#59 C:\Users\cesar\Downloads\No.1\control-volumetrico\vendor\phpunit\phpunit\src\Framework\TestRunner\TestRunner.php(87): PHPUnit\Framework\TestCase->runBare()
#60 C:\Users\cesar\Downloads\No.1\control-volumetrico\vendor\phpunit\phpunit\src\Framework\TestCase.php(365): PHPUnit\Framework\TestRunner->run(Object(Tests\Feature\DictamenTest))
#61 C:\Users\cesar\Downloads\No.1\control-volumetrico\vendor\phpunit\phpunit\src\Framework\TestSuite.php(369): PHPUnit\Framework\TestCase->run()
#62 C:\Users\cesar\Downloads\No.1\control-volumetrico\vendor\phpunit\phpunit\src\Framework\TestSuite.php(369): PHPUnit\Framework\TestSuite->run()
#63 C:\Users\cesar\Downloads\No.1\control-volumetrico\vendor\phpunit\phpunit\src\Framework\TestSuite.php(369): PHPUnit\Framework\TestSuite->run()
#64 C:\Users\cesar\Downloads\No.1\control-volumetrico\vendor\phpunit\phpunit\src\TextUI\TestRunner.php(64): PHPUnit\Framework\TestSuite->run()
#65 C:\Users\cesar\Downloads\No.1\control-volumetrico\vendor\phpunit\phpunit\src\TextUI\Application.php(211): PHPUnit\TextUI\TestRunner->run(Object(PHPUnit\TextUI\Configuration\Configuration), Object(PHPUnit\Runner\ResultCache\DefaultResultCache), Object(PHPUnit\Framework\TestSuite))
#66 C:\Users\cesar\Downloads\No.1\control-volumetrico\vendor\phpunit\phpunit\phpunit(104): PHPUnit\TextUI\Application->run(Array)
#67 {main}

----------------------------------------------------------------------------------

Undefined array key "estado" (View: C:\Users\cesar\Downloads\No.1\control-volumetrico\resources\views\dictamenes\show.blade.php)[39;22m

  at [32mtests\Feature\DictamenTest.php[39m:[32m168[39m
    164▕         $this->mockSuccessfulResponse('/api/dictamenes/1', $dictamen);
    165▕ 
    166▕         $response = $this->get('/dictamenes/1');
    167▕ 
  ➜ 168▕         $response->assertStatus(200);
    169▕         $response->assertViewIs('dictamenes.show');
    170▕         $response->assertViewHas('dictamen', $dictamen);
    171▕     }
    172▕

  [31m────────────────────────────────────────────────────────────────────────────────────────────────────────────────────[39m  
  [41;1m FAILED [49;22m [1mTests\Feature\DictamenTest[22m [90m>[39m cancelar fails if dictamen already cancelled                                    
[39;1m  Failed asserting that null matches expected 'El dictamen ya está cancelado'.[39;22m

  at [32mtests\Feature\DictamenTest.php[39m:[32m200[39m
    196▕ 
    197▕         $response = $this->post('/dictamenes/1/cancelar', $cancelData);
    198▕ 
    199▕         $response->assertRedirect();
  ➜ 200▕         $response->assertSessionHas('error', 'El dictamen ya está cancelado');
    201▕     }
    202▕ 
    203▕     /** @test */
    204▕     public function test_verificar_vigencia_checks_dictamen_validity()

  [31m────────────────────────────────────────────────────────────────────────────────────────────────────────────────────[39m  
  [41;1m FAILED [49;22m [1mTests\Feature\DictamenTest[22m [90m>[39m verificar vigencia checks dictamen validity                                     
[39;1m  Expected response status code [200] but received 500.
Failed asserting that 500 is identical to 200.

The following exception occurred during the last request:

ErrorException: Undefined array key "dictamen_id" in C:\Users\cesar\Downloads\No.1\control-volumetrico\storage\framework\views\f6420a605c38fae5a58dc3612e7deca7.php:7
Stack trace:
#0 C:\Users\cesar\Downloads\No.1\control-volumetrico\vendor\laravel\framework\src\Illuminate\Foundation\Bootstrap\HandleExceptions.php(258): Illuminate\Foundation\Bootstrap\HandleExceptions->handleError(2, 'Undefined array...', 'C:\\Users\\cesar\\...', 7)
#1 C:\Users\cesar\Downloads\No.1\control-volumetrico\storage\framework\views\f6420a605c38fae5a58dc3612e7deca7.php(7): Illuminate\Foundation\Bootstrap\HandleExceptions->Illuminate\Foundation\Bootstrap\{closure}(2, 'Undefined array...', 'C:\\Users\\cesar\\...', 7)
#2 C:\Users\cesar\Downloads\No.1\control-volumetrico\vendor\laravel\framework\src\Illuminate\Filesystem\Filesystem.php(123): require('C:\\Users\\cesar\\...')
#3 C:\Users\cesar\Downloads\No.1\control-volumetrico\vendor\laravel\framework\src\Illuminate\Filesystem\Filesystem.php(124): Illuminate\Filesystem\Filesystem::Illuminate\Filesystem\{closure}()
#4 C:\Users\cesar\Downloads\No.1\control-volumetrico\vendor\laravel\framework\src\Illuminate\View\Engines\PhpEngine.php(57): Illuminate\Filesystem\Filesystem->getRequire('C:\\Users\\cesar\\...', Array)
#5 C:\Users\cesar\Downloads\No.1\control-volumetrico\vendor\laravel\framework\src\Illuminate\View\Engines\CompilerEngine.php(76): Illuminate\View\Engines\PhpEngine->evaluatePath('C:\\Users\\cesar\\...', Array)
#6 C:\Users\cesar\Downloads\No.1\control-volumetrico\vendor\laravel\framework\src\Illuminate\View\View.php(208): Illuminate\View\Engines\CompilerEngine->get('C:\\Users\\cesar\\...', Array)
#7 C:\Users\cesar\Downloads\No.1\control-volumetrico\vendor\laravel\framework\src\Illuminate\View\View.php(191): Illuminate\View\View->getContents()
#8 C:\Users\cesar\Downloads\No.1\control-volumetrico\vendor\laravel\framework\src\Illuminate\View\View.php(160): Illuminate\View\View->renderContents()
#9 C:\Users\cesar\Downloads\No.1\control-volumetrico\vendor\laravel\framework\src\Illuminate\Http\Response.php(78): Illuminate\View\View->render()
#10 C:\Users\cesar\Downloads\No.1\control-volumetrico\vendor\laravel\framework\src\Illuminate\Http\Response.php(34): Illuminate\Http\Response->setContent(Object(Illuminate\View\View))
#11 C:\Users\cesar\Downloads\No.1\control-volumetrico\vendor\laravel\framework\src\Illuminate\Routing\Router.php(939): Illuminate\Http\Response->__construct(Object(Illuminate\View\View), 200, Array)
#12 C:\Users\cesar\Downloads\No.1\control-volumetrico\vendor\laravel\framework\src\Illuminate\Routing\Router.php(906): Illuminate\Routing\Router::toResponse(Object(Illuminate\Http\Request), Object(Illuminate\View\View))
#13 C:\Users\cesar\Downloads\No.1\control-volumetrico\vendor\laravel\framework\src\Illuminate\Routing\Router.php(821): Illuminate\Routing\Router->prepareResponse(Object(Illuminate\Http\Request), Object(Illuminate\View\View))
#14 C:\Users\cesar\Downloads\No.1\control-volumetrico\vendor\laravel\framework\src\Illuminate\Pipeline\Pipeline.php(180): Illuminate\Routing\Router->Illuminate\Routing\{closure}(Object(Illuminate\Http\Request))
#15 C:\Users\cesar\Downloads\No.1\control-volumetrico\app\Http\Middleware\ApiAuthenticated.php(18): Illuminate\Pipeline\Pipeline->Illuminate\Pipeline\{closure}(Object(Illuminate\Http\Request))
#16 C:\Users\cesar\Downloads\No.1\control-volumetrico\vendor\laravel\framework\src\Illuminate\Pipeline\Pipeline.php(219): App\Http\Middleware\ApiAuthenticated->handle(Object(Illuminate\Http\Request), Object(Closure))
#17 C:\Users\cesar\Downloads\No.1\control-volumetrico\vendor\laravel\framework\src\Illuminate\Routing\Middleware\SubstituteBindings.php(50): Illuminate\Pipeline\Pipeline->Illuminate\Pipeline\{closure}(Object(Illuminate\Http\Request))
#18 C:\Users\cesar\Downloads\No.1\control-volumetrico\vendor\laravel\framework\src\Illuminate\Pipeline\Pipeline.php(219): Illuminate\Routing\Middleware\SubstituteBindings->handle(Object(Illuminate\Http\Request), Object(Closure))
#19 C:\Users\cesar\Downloads\No.1\control-volumetrico\vendor\laravel\framework\src\Illuminate\Foundation\Http\Middleware\VerifyCsrfToken.php(87): Illuminate\Pipeline\Pipeline->Illuminate\Pipeline\{closure}(Object(Illuminate\Http\Request))
#20 C:\Users\cesar\Downloads\No.1\control-volumetrico\vendor\laravel\framework\src\Illuminate\Pipeline\Pipeline.php(219): Illuminate\Foundation\Http\Middleware\VerifyCsrfToken->handle(Object(Illuminate\Http\Request), Object(Closure))
#21 C:\Users\cesar\Downloads\No.1\control-volumetrico\vendor\laravel\framework\src\Illuminate\View\Middleware\ShareErrorsFromSession.php(48): Illuminate\Pipeline\Pipeline->Illuminate\Pipeline\{closure}(Object(Illuminate\Http\Request))
#22 C:\Users\cesar\Downloads\No.1\control-volumetrico\vendor\laravel\framework\src\Illuminate\Pipeline\Pipeline.php(219): Illuminate\View\Middleware\ShareErrorsFromSession->handle(Object(Illuminate\Http\Request), Object(Closure))
#23 C:\Users\cesar\Downloads\No.1\control-volumetrico\vendor\laravel\framework\src\Illuminate\Session\Middleware\StartSession.php(120): Illuminate\Pipeline\Pipeline->Illuminate\Pipeline\{closure}(Object(Illuminate\Http\Request))
#24 C:\Users\cesar\Downloads\No.1\control-volumetrico\vendor\laravel\framework\src\Illuminate\Session\Middleware\StartSession.php(63): Illuminate\Session\Middleware\StartSession->handleStatefulRequest(Object(Illuminate\Http\Request), Object(Illuminate\Session\Store), Object(Closure))
#25 C:\Users\cesar\Downloads\No.1\control-volumetrico\vendor\laravel\framework\src\Illuminate\Pipeline\Pipeline.php(219): Illuminate\Session\Middleware\StartSession->handle(Object(Illuminate\Http\Request), Object(Closure))
#26 C:\Users\cesar\Downloads\No.1\control-volumetrico\vendor\laravel\framework\src\Illuminate\Cookie\Middleware\AddQueuedCookiesToResponse.php(36): Illuminate\Pipeline\Pipeline->Illuminate\Pipeline\{closure}(Object(Illuminate\Http\Request))
#27 C:\Users\cesar\Downloads\No.1\control-volumetrico\vendor\laravel\framework\src\Illuminate\Pipeline\Pipeline.php(219): Illuminate\Cookie\Middleware\AddQueuedCookiesToResponse->handle(Object(Illuminate\Http\Request), Object(Closure))
#28 C:\Users\cesar\Downloads\No.1\control-volumetrico\vendor\laravel\framework\src\Illuminate\Cookie\Middleware\EncryptCookies.php(74): Illuminate\Pipeline\Pipeline->Illuminate\Pipeline\{closure}(Object(Illuminate\Http\Request))
#29 C:\Users\cesar\Downloads\No.1\control-volumetrico\vendor\laravel\framework\src\Illuminate\Pipeline\Pipeline.php(219): Illuminate\Cookie\Middleware\EncryptCookies->handle(Object(Illuminate\Http\Request), Object(Closure))
#30 C:\Users\cesar\Downloads\No.1\control-volumetrico\vendor\laravel\framework\src\Illuminate\Pipeline\Pipeline.php(137): Illuminate\Pipeline\Pipeline->Illuminate\Pipeline\{closure}(Object(Illuminate\Http\Request))
#31 C:\Users\cesar\Downloads\No.1\control-volumetrico\vendor\laravel\framework\src\Illuminate\Routing\Router.php(821): Illuminate\Pipeline\Pipeline->then(Object(Closure))
#32 C:\Users\cesar\Downloads\No.1\control-volumetrico\vendor\laravel\framework\src\Illuminate\Routing\Router.php(800): Illuminate\Routing\Router->runRouteWithinStack(Object(Illuminate\Routing\Route), Object(Illuminate\Http\Request))
#33 C:\Users\cesar\Downloads\No.1\control-volumetrico\vendor\laravel\framework\src\Illuminate\Routing\Router.php(764): Illuminate\Routing\Router->runRoute(Object(Illuminate\Http\Request), Object(Illuminate\Routing\Route))
#34 C:\Users\cesar\Downloads\No.1\control-volumetrico\vendor\laravel\framework\src\Illuminate\Routing\Router.php(753): Illuminate\Routing\Router->dispatchToRoute(Object(Illuminate\Http\Request))
#35 C:\Users\cesar\Downloads\No.1\control-volumetrico\vendor\laravel\framework\src\Illuminate\Foundation\Http\Kernel.php(200): Illuminate\Routing\Router->dispatch(Object(Illuminate\Http\Request))
#36 C:\Users\cesar\Downloads\No.1\control-volumetrico\vendor\laravel\framework\src\Illuminate\Pipeline\Pipeline.php(180): Illuminate\Foundation\Http\Kernel->Illuminate\Foundation\Http\{closure}(Object(Illuminate\Http\Request))
#37 C:\Users\cesar\Downloads\No.1\control-volumetrico\vendor\laravel\framework\src\Illuminate\Foundation\Http\Middleware\TransformsRequest.php(21): Illuminate\Pipeline\Pipeline->Illuminate\Pipeline\{closure}(Object(Illuminate\Http\Request))
#38 C:\Users\cesar\Downloads\No.1\control-volumetrico\vendor\laravel\framework\src\Illuminate\Foundation\Http\Middleware\ConvertEmptyStringsToNull.php(31): Illuminate\Foundation\Http\Middleware\TransformsRequest->handle(Object(Illuminate\Http\Request), Object(Closure))
#39 C:\Users\cesar\Downloads\No.1\control-volumetrico\vendor\laravel\framework\src\Illuminate\Pipeline\Pipeline.php(219): Illuminate\Foundation\Http\Middleware\ConvertEmptyStringsToNull->handle(Object(Illuminate\Http\Request), Object(Closure))
#40 C:\Users\cesar\Downloads\No.1\control-volumetrico\vendor\laravel\framework\src\Illuminate\Foundation\Http\Middleware\TransformsRequest.php(21): Illuminate\Pipeline\Pipeline->Illuminate\Pipeline\{closure}(Object(Illuminate\Http\Request))
#41 C:\Users\cesar\Downloads\No.1\control-volumetrico\vendor\laravel\framework\src\Illuminate\Foundation\Http\Middleware\TrimStrings.php(51): Illuminate\Foundation\Http\Middleware\TransformsRequest->handle(Object(Illuminate\Http\Request), Object(Closure))
#42 C:\Users\cesar\Downloads\No.1\control-volumetrico\vendor\laravel\framework\src\Illuminate\Pipeline\Pipeline.php(219): Illuminate\Foundation\Http\Middleware\TrimStrings->handle(Object(Illuminate\Http\Request), Object(Closure))
#43 C:\Users\cesar\Downloads\No.1\control-volumetrico\vendor\laravel\framework\src\Illuminate\Http\Middleware\ValidatePostSize.php(27): Illuminate\Pipeline\Pipeline->Illuminate\Pipeline\{closure}(Object(Illuminate\Http\Request))
#44 C:\Users\cesar\Downloads\No.1\control-volumetrico\vendor\laravel\framework\src\Illuminate\Pipeline\Pipeline.php(219): Illuminate\Http\Middleware\ValidatePostSize->handle(Object(Illuminate\Http\Request), Object(Closure))
#45 C:\Users\cesar\Downloads\No.1\control-volumetrico\vendor\laravel\framework\src\Illuminate\Foundation\Http\Middleware\PreventRequestsDuringMaintenance.php(109): Illuminate\Pipeline\Pipeline->Illuminate\Pipeline\{closure}(Object(Illuminate\Http\Request))
#46 C:\Users\cesar\Downloads\No.1\control-volumetrico\vendor\laravel\framework\src\Illuminate\Pipeline\Pipeline.php(219): Illuminate\Foundation\Http\Middleware\PreventRequestsDuringMaintenance->handle(Object(Illuminate\Http\Request), Object(Closure))
#47 C:\Users\cesar\Downloads\No.1\control-volumetrico\vendor\laravel\framework\src\Illuminate\Http\Middleware\HandleCors.php(61): Illuminate\Pipeline\Pipeline->Illuminate\Pipeline\{closure}(Object(Illuminate\Http\Request))
#48 C:\Users\cesar\Downloads\No.1\control-volumetrico\vendor\laravel\framework\src\Illuminate\Pipeline\Pipeline.php(219): Illuminate\Http\Middleware\HandleCors->handle(Object(Illuminate\Http\Request), Object(Closure))
#49 C:\Users\cesar\Downloads\No.1\control-volumetrico\vendor\laravel\framework\src\Illuminate\Http\Middleware\TrustProxies.php(58): Illuminate\Pipeline\Pipeline->Illuminate\Pipeline\{closure}(Object(Illuminate\Http\Request))
#50 C:\Users\cesar\Downloads\No.1\control-volumetrico\vendor\laravel\framework\src\Illuminate\Pipeline\Pipeline.php(219): Illuminate\Http\Middleware\TrustProxies->handle(Object(Illuminate\Http\Request), Object(Closure))
#51 C:\Users\cesar\Downloads\No.1\control-volumetrico\vendor\laravel\framework\src\Illuminate\Foundation\Http\Middleware\InvokeDeferredCallbacks.php(22): Illuminate\Pipeline\Pipeline->Illuminate\Pipeline\{closure}(Object(Illuminate\Http\Request))
#52 C:\Users\cesar\Downloads\No.1\control-volumetrico\vendor\laravel\framework\src\Illuminate\Pipeline\Pipeline.php(219): Illuminate\Foundation\Http\Middleware\InvokeDeferredCallbacks->handle(Object(Illuminate\Http\Request), Object(Closure))
#53 C:\Users\cesar\Downloads\No.1\control-volumetrico\vendor\laravel\framework\src\Illuminate\Http\Middleware\ValidatePathEncoding.php(26): Illuminate\Pipeline\Pipeline->Illuminate\Pipeline\{closure}(Object(Illuminate\Http\Request))
#54 C:\Users\cesar\Downloads\No.1\control-volumetrico\vendor\laravel\framework\src\Illuminate\Pipeline\Pipeline.php(219): Illuminate\Http\Middleware\ValidatePathEncoding->handle(Object(Illuminate\Http\Request), Object(Closure))
#55 C:\Users\cesar\Downloads\No.1\control-volumetrico\vendor\laravel\framework\src\Illuminate\Pipeline\Pipeline.php(137): Illuminate\Pipeline\Pipeline->Illuminate\Pipeline\{closure}(Object(Illuminate\Http\Request))
#56 C:\Users\cesar\Downloads\No.1\control-volumetrico\vendor\laravel\framework\src\Illuminate\Foundation\Http\Kernel.php(175): Illuminate\Pipeline\Pipeline->then(Object(Closure))
#57 C:\Users\cesar\Downloads\No.1\control-volumetrico\vendor\laravel\framework\src\Illuminate\Foundation\Http\Kernel.php(144): Illuminate\Foundation\Http\Kernel->sendRequestThroughRouter(Object(Illuminate\Http\Request))
#58 C:\Users\cesar\Downloads\No.1\control-volumetrico\vendor\laravel\framework\src\Illuminate\Foundation\Testing\Concerns\MakesHttpRequests.php(607): Illuminate\Foundation\Http\Kernel->handle(Object(Illuminate\Http\Request))
#59 C:\Users\cesar\Downloads\No.1\control-volumetrico\vendor\laravel\framework\src\Illuminate\Foundation\Testing\Concerns\MakesHttpRequests.php(368): Illuminate\Foundation\Testing\TestCase->call('GET', '/dictamenes/1/v...', Array, Array, Array, Array)
#60 C:\Users\cesar\Downloads\No.1\control-volumetrico\tests\Feature\DictamenTest.php(218): Illuminate\Foundation\Testing\TestCase->get('/dictamenes/1/v...')
#61 C:\Users\cesar\Downloads\No.1\control-volumetrico\vendor\phpunit\phpunit\src\Framework\TestCase.php(1667): Tests\Feature\DictamenTest->test_verificar_vigencia_checks_dictamen_validity()
#62 C:\Users\cesar\Downloads\No.1\control-volumetrico\vendor\phpunit\phpunit\src\Framework\TestCase.php(519): PHPUnit\Framework\TestCase->runTest()
#63 C:\Users\cesar\Downloads\No.1\control-volumetrico\vendor\phpunit\phpunit\src\Framework\TestRunner\TestRunner.php(87): PHPUnit\Framework\TestCase->runBare()
#64 C:\Users\cesar\Downloads\No.1\control-volumetrico\vendor\phpunit\phpunit\src\Framework\TestCase.php(365): PHPUnit\Framework\TestRunner->run(Object(Tests\Feature\DictamenTest))
#65 C:\Users\cesar\Downloads\No.1\control-volumetrico\vendor\phpunit\phpunit\src\Framework\TestSuite.php(369): PHPUnit\Framework\TestCase->run()
#66 C:\Users\cesar\Downloads\No.1\control-volumetrico\vendor\phpunit\phpunit\src\Framework\TestSuite.php(369): PHPUnit\Framework\TestSuite->run()
#67 C:\Users\cesar\Downloads\No.1\control-volumetrico\vendor\phpunit\phpunit\src\Framework\TestSuite.php(369): PHPUnit\Framework\TestSuite->run()
#68 C:\Users\cesar\Downloads\No.1\control-volumetrico\vendor\phpunit\phpunit\src\TextUI\TestRunner.php(64): PHPUnit\Framework\TestSuite->run()
#69 C:\Users\cesar\Downloads\No.1\control-volumetrico\vendor\phpunit\phpunit\src\TextUI\Application.php(211): PHPUnit\TextUI\TestRunner->run(Object(PHPUnit\TextUI\Configuration\Configuration), Object(PHPUnit\Runner\ResultCache\DefaultResultCache), Object(PHPUnit\Framework\TestSuite))
#70 C:\Users\cesar\Downloads\No.1\control-volumetrico\vendor\phpunit\phpunit\phpunit(104): PHPUnit\TextUI\Application->run(Array)
#71 {main}

Next Illuminate\View\ViewException: Undefined array key "dictamen_id" (View: C:\Users\cesar\Downloads\No.1\control-volumetrico\resources\views\dictamenes\vigencia.blade.php) in C:\Users\cesar\Downloads\No.1\control-volumetrico\storage\framework\views\f6420a605c38fae5a58dc3612e7deca7.php:7
Stack trace:
#0 C:\Users\cesar\Downloads\No.1\control-volumetrico\vendor\laravel\framework\src\Illuminate\View\Engines\PhpEngine.php(59): Illuminate\View\Engines\CompilerEngine->handleViewException(Object(ErrorException), 1)
#1 C:\Users\cesar\Downloads\No.1\control-volumetrico\vendor\laravel\framework\src\Illuminate\View\Engines\CompilerEngine.php(76): Illuminate\View\Engines\PhpEngine->evaluatePath('C:\\Users\\cesar\\...', Array)
#2 C:\Users\cesar\Downloads\No.1\control-volumetrico\vendor\laravel\framework\src\Illuminate\View\View.php(208): Illuminate\View\Engines\CompilerEngine->get('C:\\Users\\cesar\\...', Array)
#3 C:\Users\cesar\Downloads\No.1\control-volumetrico\vendor\laravel\framework\src\Illuminate\View\View.php(191): Illuminate\View\View->getContents()
#4 C:\Users\cesar\Downloads\No.1\control-volumetrico\vendor\laravel\framework\src\Illuminate\View\View.php(160): Illuminate\View\View->renderContents()
#5 C:\Users\cesar\Downloads\No.1\control-volumetrico\vendor\laravel\framework\src\Illuminate\Http\Response.php(78): Illuminate\View\View->render()
#6 C:\Users\cesar\Downloads\No.1\control-volumetrico\vendor\laravel\framework\src\Illuminate\Http\Response.php(34): Illuminate\Http\Response->setContent(Object(Illuminate\View\View))
#7 C:\Users\cesar\Downloads\No.1\control-volumetrico\vendor\laravel\framework\src\Illuminate\Routing\Router.php(939): Illuminate\Http\Response->__construct(Object(Illuminate\View\View), 200, Array)
#8 C:\Users\cesar\Downloads\No.1\control-volumetrico\vendor\laravel\framework\src\Illuminate\Routing\Router.php(906): Illuminate\Routing\Router::toResponse(Object(Illuminate\Http\Request), Object(Illuminate\View\View))
#9 C:\Users\cesar\Downloads\No.1\control-volumetrico\vendor\laravel\framework\src\Illuminate\Routing\Router.php(821): Illuminate\Routing\Router->prepareResponse(Object(Illuminate\Http\Request), Object(Illuminate\View\View))
#10 C:\Users\cesar\Downloads\No.1\control-volumetrico\vendor\laravel\framework\src\Illuminate\Pipeline\Pipeline.php(180): Illuminate\Routing\Router->Illuminate\Routing\{closure}(Object(Illuminate\Http\Request))
#11 C:\Users\cesar\Downloads\No.1\control-volumetrico\app\Http\Middleware\ApiAuthenticated.php(18): Illuminate\Pipeline\Pipeline->Illuminate\Pipeline\{closure}(Object(Illuminate\Http\Request))
#12 C:\Users\cesar\Downloads\No.1\control-volumetrico\vendor\laravel\framework\src\Illuminate\Pipeline\Pipeline.php(219): App\Http\Middleware\ApiAuthenticated->handle(Object(Illuminate\Http\Request), Object(Closure))
#13 C:\Users\cesar\Downloads\No.1\control-volumetrico\vendor\laravel\framework\src\Illuminate\Routing\Middleware\SubstituteBindings.php(50): Illuminate\Pipeline\Pipeline->Illuminate\Pipeline\{closure}(Object(Illuminate\Http\Request))
#14 C:\Users\cesar\Downloads\No.1\control-volumetrico\vendor\laravel\framework\src\Illuminate\Pipeline\Pipeline.php(219): Illuminate\Routing\Middleware\SubstituteBindings->handle(Object(Illuminate\Http\Request), Object(Closure))
#15 C:\Users\cesar\Downloads\No.1\control-volumetrico\vendor\laravel\framework\src\Illuminate\Foundation\Http\Middleware\VerifyCsrfToken.php(87): Illuminate\Pipeline\Pipeline->Illuminate\Pipeline\{closure}(Object(Illuminate\Http\Request))
#16 C:\Users\cesar\Downloads\No.1\control-volumetrico\vendor\laravel\framework\src\Illuminate\Pipeline\Pipeline.php(219): Illuminate\Foundation\Http\Middleware\VerifyCsrfToken->handle(Object(Illuminate\Http\Request), Object(Closure))
#17 C:\Users\cesar\Downloads\No.1\control-volumetrico\vendor\laravel\framework\src\Illuminate\View\Middleware\ShareErrorsFromSession.php(48): Illuminate\Pipeline\Pipeline->Illuminate\Pipeline\{closure}(Object(Illuminate\Http\Request))
#18 C:\Users\cesar\Downloads\No.1\control-volumetrico\vendor\laravel\framework\src\Illuminate\Pipeline\Pipeline.php(219): Illuminate\View\Middleware\ShareErrorsFromSession->handle(Object(Illuminate\Http\Request), Object(Closure))
#19 C:\Users\cesar\Downloads\No.1\control-volumetrico\vendor\laravel\framework\src\Illuminate\Session\Middleware\StartSession.php(120): Illuminate\Pipeline\Pipeline->Illuminate\Pipeline\{closure}(Object(Illuminate\Http\Request))
#20 C:\Users\cesar\Downloads\No.1\control-volumetrico\vendor\laravel\framework\src\Illuminate\Session\Middleware\StartSession.php(63): Illuminate\Session\Middleware\StartSession->handleStatefulRequest(Object(Illuminate\Http\Request), Object(Illuminate\Session\Store), Object(Closure))
#21 C:\Users\cesar\Downloads\No.1\control-volumetrico\vendor\laravel\framework\src\Illuminate\Pipeline\Pipeline.php(219): Illuminate\Session\Middleware\StartSession->handle(Object(Illuminate\Http\Request), Object(Closure))
#22 C:\Users\cesar\Downloads\No.1\control-volumetrico\vendor\laravel\framework\src\Illuminate\Cookie\Middleware\AddQueuedCookiesToResponse.php(36): Illuminate\Pipeline\Pipeline->Illuminate\Pipeline\{closure}(Object(Illuminate\Http\Request))
#23 C:\Users\cesar\Downloads\No.1\control-volumetrico\vendor\laravel\framework\src\Illuminate\Pipeline\Pipeline.php(219): Illuminate\Cookie\Middleware\AddQueuedCookiesToResponse->handle(Object(Illuminate\Http\Request), Object(Closure))
#24 C:\Users\cesar\Downloads\No.1\control-volumetrico\vendor\laravel\framework\src\Illuminate\Cookie\Middleware\EncryptCookies.php(74): Illuminate\Pipeline\Pipeline->Illuminate\Pipeline\{closure}(Object(Illuminate\Http\Request))
#25 C:\Users\cesar\Downloads\No.1\control-volumetrico\vendor\laravel\framework\src\Illuminate\Pipeline\Pipeline.php(219): Illuminate\Cookie\Middleware\EncryptCookies->handle(Object(Illuminate\Http\Request), Object(Closure))
#26 C:\Users\cesar\Downloads\No.1\control-volumetrico\vendor\laravel\framework\src\Illuminate\Pipeline\Pipeline.php(137): Illuminate\Pipeline\Pipeline->Illuminate\Pipeline\{closure}(Object(Illuminate\Http\Request))
#27 C:\Users\cesar\Downloads\No.1\control-volumetrico\vendor\laravel\framework\src\Illuminate\Routing\Router.php(821): Illuminate\Pipeline\Pipeline->then(Object(Closure))
#28 C:\Users\cesar\Downloads\No.1\control-volumetrico\vendor\laravel\framework\src\Illuminate\Routing\Router.php(800): Illuminate\Routing\Router->runRouteWithinStack(Object(Illuminate\Routing\Route), Object(Illuminate\Http\Request))
#29 C:\Users\cesar\Downloads\No.1\control-volumetrico\vendor\laravel\framework\src\Illuminate\Routing\Router.php(764): Illuminate\Routing\Router->runRoute(Object(Illuminate\Http\Request), Object(Illuminate\Routing\Route))
#30 C:\Users\cesar\Downloads\No.1\control-volumetrico\vendor\laravel\framework\src\Illuminate\Routing\Router.php(753): Illuminate\Routing\Router->dispatchToRoute(Object(Illuminate\Http\Request))
#31 C:\Users\cesar\Downloads\No.1\control-volumetrico\vendor\laravel\framework\src\Illuminate\Foundation\Http\Kernel.php(200): Illuminate\Routing\Router->dispatch(Object(Illuminate\Http\Request))
#32 C:\Users\cesar\Downloads\No.1\control-volumetrico\vendor\laravel\framework\src\Illuminate\Pipeline\Pipeline.php(180): Illuminate\Foundation\Http\Kernel->Illuminate\Foundation\Http\{closure}(Object(Illuminate\Http\Request))
#33 C:\Users\cesar\Downloads\No.1\control-volumetrico\vendor\laravel\framework\src\Illuminate\Foundation\Http\Middleware\TransformsRequest.php(21): Illuminate\Pipeline\Pipeline->Illuminate\Pipeline\{closure}(Object(Illuminate\Http\Request))
#34 C:\Users\cesar\Downloads\No.1\control-volumetrico\vendor\laravel\framework\src\Illuminate\Foundation\Http\Middleware\ConvertEmptyStringsToNull.php(31): Illuminate\Foundation\Http\Middleware\TransformsRequest->handle(Object(Illuminate\Http\Request), Object(Closure))
#35 C:\Users\cesar\Downloads\No.1\control-volumetrico\vendor\laravel\framework\src\Illuminate\Pipeline\Pipeline.php(219): Illuminate\Foundation\Http\Middleware\ConvertEmptyStringsToNull->handle(Object(Illuminate\Http\Request), Object(Closure))
#36 C:\Users\cesar\Downloads\No.1\control-volumetrico\vendor\laravel\framework\src\Illuminate\Foundation\Http\Middleware\TransformsRequest.php(21): Illuminate\Pipeline\Pipeline->Illuminate\Pipeline\{closure}(Object(Illuminate\Http\Request))
#37 C:\Users\cesar\Downloads\No.1\control-volumetrico\vendor\laravel\framework\src\Illuminate\Foundation\Http\Middleware\TrimStrings.php(51): Illuminate\Foundation\Http\Middleware\TransformsRequest->handle(Object(Illuminate\Http\Request), Object(Closure))
#38 C:\Users\cesar\Downloads\No.1\control-volumetrico\vendor\laravel\framework\src\Illuminate\Pipeline\Pipeline.php(219): Illuminate\Foundation\Http\Middleware\TrimStrings->handle(Object(Illuminate\Http\Request), Object(Closure))
#39 C:\Users\cesar\Downloads\No.1\control-volumetrico\vendor\laravel\framework\src\Illuminate\Http\Middleware\ValidatePostSize.php(27): Illuminate\Pipeline\Pipeline->Illuminate\Pipeline\{closure}(Object(Illuminate\Http\Request))
#40 C:\Users\cesar\Downloads\No.1\control-volumetrico\vendor\laravel\framework\src\Illuminate\Pipeline\Pipeline.php(219): Illuminate\Http\Middleware\ValidatePostSize->handle(Object(Illuminate\Http\Request), Object(Closure))
#41 C:\Users\cesar\Downloads\No.1\control-volumetrico\vendor\laravel\framework\src\Illuminate\Foundation\Http\Middleware\PreventRequestsDuringMaintenance.php(109): Illuminate\Pipeline\Pipeline->Illuminate\Pipeline\{closure}(Object(Illuminate\Http\Request))
#42 C:\Users\cesar\Downloads\No.1\control-volumetrico\vendor\laravel\framework\src\Illuminate\Pipeline\Pipeline.php(219): Illuminate\Foundation\Http\Middleware\PreventRequestsDuringMaintenance->handle(Object(Illuminate\Http\Request), Object(Closure))
#43 C:\Users\cesar\Downloads\No.1\control-volumetrico\vendor\laravel\framework\src\Illuminate\Http\Middleware\HandleCors.php(61): Illuminate\Pipeline\Pipeline->Illuminate\Pipeline\{closure}(Object(Illuminate\Http\Request))
#44 C:\Users\cesar\Downloads\No.1\control-volumetrico\vendor\laravel\framework\src\Illuminate\Pipeline\Pipeline.php(219): Illuminate\Http\Middleware\HandleCors->handle(Object(Illuminate\Http\Request), Object(Closure))
#45 C:\Users\cesar\Downloads\No.1\control-volumetrico\vendor\laravel\framework\src\Illuminate\Http\Middleware\TrustProxies.php(58): Illuminate\Pipeline\Pipeline->Illuminate\Pipeline\{closure}(Object(Illuminate\Http\Request))
#46 C:\Users\cesar\Downloads\No.1\control-volumetrico\vendor\laravel\framework\src\Illuminate\Pipeline\Pipeline.php(219): Illuminate\Http\Middleware\TrustProxies->handle(Object(Illuminate\Http\Request), Object(Closure))
#47 C:\Users\cesar\Downloads\No.1\control-volumetrico\vendor\laravel\framework\src\Illuminate\Foundation\Http\Middleware\InvokeDeferredCallbacks.php(22): Illuminate\Pipeline\Pipeline->Illuminate\Pipeline\{closure}(Object(Illuminate\Http\Request))
#48 C:\Users\cesar\Downloads\No.1\control-volumetrico\vendor\laravel\framework\src\Illuminate\Pipeline\Pipeline.php(219): Illuminate\Foundation\Http\Middleware\InvokeDeferredCallbacks->handle(Object(Illuminate\Http\Request), Object(Closure))
#49 C:\Users\cesar\Downloads\No.1\control-volumetrico\vendor\laravel\framework\src\Illuminate\Http\Middleware\ValidatePathEncoding.php(26): Illuminate\Pipeline\Pipeline->Illuminate\Pipeline\{closure}(Object(Illuminate\Http\Request))
#50 C:\Users\cesar\Downloads\No.1\control-volumetrico\vendor\laravel\framework\src\Illuminate\Pipeline\Pipeline.php(219): Illuminate\Http\Middleware\ValidatePathEncoding->handle(Object(Illuminate\Http\Request), Object(Closure))
#51 C:\Users\cesar\Downloads\No.1\control-volumetrico\vendor\laravel\framework\src\Illuminate\Pipeline\Pipeline.php(137): Illuminate\Pipeline\Pipeline->Illuminate\Pipeline\{closure}(Object(Illuminate\Http\Request))
#52 C:\Users\cesar\Downloads\No.1\control-volumetrico\vendor\laravel\framework\src\Illuminate\Foundation\Http\Kernel.php(175): Illuminate\Pipeline\Pipeline->then(Object(Closure))
#53 C:\Users\cesar\Downloads\No.1\control-volumetrico\vendor\laravel\framework\src\Illuminate\Foundation\Http\Kernel.php(144): Illuminate\Foundation\Http\Kernel->sendRequestThroughRouter(Object(Illuminate\Http\Request))
#54 C:\Users\cesar\Downloads\No.1\control-volumetrico\vendor\laravel\framework\src\Illuminate\Foundation\Testing\Concerns\MakesHttpRequests.php(607): Illuminate\Foundation\Http\Kernel->handle(Object(Illuminate\Http\Request))
#55 C:\Users\cesar\Downloads\No.1\control-volumetrico\vendor\laravel\framework\src\Illuminate\Foundation\Testing\Concerns\MakesHttpRequests.php(368): Illuminate\Foundation\Testing\TestCase->call('GET', '/dictamenes/1/v...', Array, Array, Array, Array)
#56 C:\Users\cesar\Downloads\No.1\control-volumetrico\tests\Feature\DictamenTest.php(218): Illuminate\Foundation\Testing\TestCase->get('/dictamenes/1/v...')
#57 C:\Users\cesar\Downloads\No.1\control-volumetrico\vendor\phpunit\phpunit\src\Framework\TestCase.php(1667): Tests\Feature\DictamenTest->test_verificar_vigencia_checks_dictamen_validity()
#58 C:\Users\cesar\Downloads\No.1\control-volumetrico\vendor\phpunit\phpunit\src\Framework\TestCase.php(519): PHPUnit\Framework\TestCase->runTest()
#59 C:\Users\cesar\Downloads\No.1\control-volumetrico\vendor\phpunit\phpunit\src\Framework\TestRunner\TestRunner.php(87): PHPUnit\Framework\TestCase->runBare()
#60 C:\Users\cesar\Downloads\No.1\control-volumetrico\vendor\phpunit\phpunit\src\Framework\TestCase.php(365): PHPUnit\Framework\TestRunner->run(Object(Tests\Feature\DictamenTest))
#61 C:\Users\cesar\Downloads\No.1\control-volumetrico\vendor\phpunit\phpunit\src\Framework\TestSuite.php(369): PHPUnit\Framework\TestCase->run()
#62 C:\Users\cesar\Downloads\No.1\control-volumetrico\vendor\phpunit\phpunit\src\Framework\TestSuite.php(369): PHPUnit\Framework\TestSuite->run()
#63 C:\Users\cesar\Downloads\No.1\control-volumetrico\vendor\phpunit\phpunit\src\Framework\TestSuite.php(369): PHPUnit\Framework\TestSuite->run()
#64 C:\Users\cesar\Downloads\No.1\control-volumetrico\vendor\phpunit\phpunit\src\TextUI\TestRunner.php(64): PHPUnit\Framework\TestSuite->run()
#65 C:\Users\cesar\Downloads\No.1\control-volumetrico\vendor\phpunit\phpunit\src\TextUI\Application.php(211): PHPUnit\TextUI\TestRunner->run(Object(PHPUnit\TextUI\Configuration\Configuration), Object(PHPUnit\Runner\ResultCache\DefaultResultCache), Object(PHPUnit\Framework\TestSuite))
#66 C:\Users\cesar\Downloads\No.1\control-volumetrico\vendor\phpunit\phpunit\phpunit(104): PHPUnit\TextUI\Application->run(Array)
#67 {main}

----------------------------------------------------------------------------------

Undefined array key "dictamen_id" (View: C:\Users\cesar\Downloads\No.1\control-volumetrico\resources\views\dictamenes\vigencia.blade.php)[39;22m

  at [32mtests\Feature\DictamenTest.php[39m:[32m220[39m
    216▕         $this->mockSuccessfulResponse('/api/dictamenes/1/verificar-vigencia', $resultado);
    217▕ 
    218▕         $response = $this->get('/dictamenes/1/verificar-vigencia');
    219▕ 
  ➜ 220▕         $response->assertStatus(200);
    221▕         $response->assertViewIs('dictamenes.vigencia');
    222▕         $response->assertViewHas('resultado', $resultado);
    223▕     }
    224▕

  [31m────────────────────────────────────────────────────────────────────────────────────────────────────────────────────[39m  
  [41;1m FAILED [49;22m [1mTests\Feature\DictamenTest[22m [90m>[39m estadisticas displays dictamen statistics                                       
[39;1m  Expected response status code [200] but received 500.
Failed asserting that 500 is identical to 200.

The following exception occurred during the last request:

ErrorException: Undefined array key "estado" in C:\Users\cesar\Downloads\No.1\control-volumetrico\storage\framework\views\0b13aa9748b0e3b46fe64dd569ce021c.php:7
Stack trace:
#0 C:\Users\cesar\Downloads\No.1\control-volumetrico\vendor\laravel\framework\src\Illuminate\Foundation\Bootstrap\HandleExceptions.php(258): Illuminate\Foundation\Bootstrap\HandleExceptions->handleError(2, 'Undefined array...', 'C:\\Users\\cesar\\...', 7)
#1 C:\Users\cesar\Downloads\No.1\control-volumetrico\storage\framework\views\0b13aa9748b0e3b46fe64dd569ce021c.php(7): Illuminate\Foundation\Bootstrap\HandleExceptions->Illuminate\Foundation\Bootstrap\{closure}(2, 'Undefined array...', 'C:\\Users\\cesar\\...', 7)
#2 C:\Users\cesar\Downloads\No.1\control-volumetrico\vendor\laravel\framework\src\Illuminate\Filesystem\Filesystem.php(123): require('C:\\Users\\cesar\\...')
#3 C:\Users\cesar\Downloads\No.1\control-volumetrico\vendor\laravel\framework\src\Illuminate\Filesystem\Filesystem.php(124): Illuminate\Filesystem\Filesystem::Illuminate\Filesystem\{closure}()
#4 C:\Users\cesar\Downloads\No.1\control-volumetrico\vendor\laravel\framework\src\Illuminate\View\Engines\PhpEngine.php(57): Illuminate\Filesystem\Filesystem->getRequire('C:\\Users\\cesar\\...', Array)
#5 C:\Users\cesar\Downloads\No.1\control-volumetrico\vendor\laravel\framework\src\Illuminate\View\Engines\CompilerEngine.php(76): Illuminate\View\Engines\PhpEngine->evaluatePath('C:\\Users\\cesar\\...', Array)
#6 C:\Users\cesar\Downloads\No.1\control-volumetrico\vendor\laravel\framework\src\Illuminate\View\View.php(208): Illuminate\View\Engines\CompilerEngine->get('C:\\Users\\cesar\\...', Array)
#7 C:\Users\cesar\Downloads\No.1\control-volumetrico\vendor\laravel\framework\src\Illuminate\View\View.php(191): Illuminate\View\View->getContents()
#8 C:\Users\cesar\Downloads\No.1\control-volumetrico\vendor\laravel\framework\src\Illuminate\View\View.php(160): Illuminate\View\View->renderContents()
#9 C:\Users\cesar\Downloads\No.1\control-volumetrico\vendor\laravel\framework\src\Illuminate\Http\Response.php(78): Illuminate\View\View->render()
#10 C:\Users\cesar\Downloads\No.1\control-volumetrico\vendor\laravel\framework\src\Illuminate\Http\Response.php(34): Illuminate\Http\Response->setContent(Object(Illuminate\View\View))
#11 C:\Users\cesar\Downloads\No.1\control-volumetrico\vendor\laravel\framework\src\Illuminate\Routing\Router.php(939): Illuminate\Http\Response->__construct(Object(Illuminate\View\View), 200, Array)
#12 C:\Users\cesar\Downloads\No.1\control-volumetrico\vendor\laravel\framework\src\Illuminate\Routing\Router.php(906): Illuminate\Routing\Router::toResponse(Object(Illuminate\Http\Request), Object(Illuminate\View\View))
#13 C:\Users\cesar\Downloads\No.1\control-volumetrico\vendor\laravel\framework\src\Illuminate\Routing\Router.php(821): Illuminate\Routing\Router->prepareResponse(Object(Illuminate\Http\Request), Object(Illuminate\View\View))
#14 C:\Users\cesar\Downloads\No.1\control-volumetrico\vendor\laravel\framework\src\Illuminate\Pipeline\Pipeline.php(180): Illuminate\Routing\Router->Illuminate\Routing\{closure}(Object(Illuminate\Http\Request))
#15 C:\Users\cesar\Downloads\No.1\control-volumetrico\app\Http\Middleware\ApiAuthenticated.php(18): Illuminate\Pipeline\Pipeline->Illuminate\Pipeline\{closure}(Object(Illuminate\Http\Request))
#16 C:\Users\cesar\Downloads\No.1\control-volumetrico\vendor\laravel\framework\src\Illuminate\Pipeline\Pipeline.php(219): App\Http\Middleware\ApiAuthenticated->handle(Object(Illuminate\Http\Request), Object(Closure))
#17 C:\Users\cesar\Downloads\No.1\control-volumetrico\vendor\laravel\framework\src\Illuminate\Routing\Middleware\SubstituteBindings.php(50): Illuminate\Pipeline\Pipeline->Illuminate\Pipeline\{closure}(Object(Illuminate\Http\Request))
#18 C:\Users\cesar\Downloads\No.1\control-volumetrico\vendor\laravel\framework\src\Illuminate\Pipeline\Pipeline.php(219): Illuminate\Routing\Middleware\SubstituteBindings->handle(Object(Illuminate\Http\Request), Object(Closure))
#19 C:\Users\cesar\Downloads\No.1\control-volumetrico\vendor\laravel\framework\src\Illuminate\Foundation\Http\Middleware\VerifyCsrfToken.php(87): Illuminate\Pipeline\Pipeline->Illuminate\Pipeline\{closure}(Object(Illuminate\Http\Request))
#20 C:\Users\cesar\Downloads\No.1\control-volumetrico\vendor\laravel\framework\src\Illuminate\Pipeline\Pipeline.php(219): Illuminate\Foundation\Http\Middleware\VerifyCsrfToken->handle(Object(Illuminate\Http\Request), Object(Closure))
#21 C:\Users\cesar\Downloads\No.1\control-volumetrico\vendor\laravel\framework\src\Illuminate\View\Middleware\ShareErrorsFromSession.php(48): Illuminate\Pipeline\Pipeline->Illuminate\Pipeline\{closure}(Object(Illuminate\Http\Request))
#22 C:\Users\cesar\Downloads\No.1\control-volumetrico\vendor\laravel\framework\src\Illuminate\Pipeline\Pipeline.php(219): Illuminate\View\Middleware\ShareErrorsFromSession->handle(Object(Illuminate\Http\Request), Object(Closure))
#23 C:\Users\cesar\Downloads\No.1\control-volumetrico\vendor\laravel\framework\src\Illuminate\Session\Middleware\StartSession.php(120): Illuminate\Pipeline\Pipeline->Illuminate\Pipeline\{closure}(Object(Illuminate\Http\Request))
#24 C:\Users\cesar\Downloads\No.1\control-volumetrico\vendor\laravel\framework\src\Illuminate\Session\Middleware\StartSession.php(63): Illuminate\Session\Middleware\StartSession->handleStatefulRequest(Object(Illuminate\Http\Request), Object(Illuminate\Session\Store), Object(Closure))
#25 C:\Users\cesar\Downloads\No.1\control-volumetrico\vendor\laravel\framework\src\Illuminate\Pipeline\Pipeline.php(219): Illuminate\Session\Middleware\StartSession->handle(Object(Illuminate\Http\Request), Object(Closure))
#26 C:\Users\cesar\Downloads\No.1\control-volumetrico\vendor\laravel\framework\src\Illuminate\Cookie\Middleware\AddQueuedCookiesToResponse.php(36): Illuminate\Pipeline\Pipeline->Illuminate\Pipeline\{closure}(Object(Illuminate\Http\Request))
#27 C:\Users\cesar\Downloads\No.1\control-volumetrico\vendor\laravel\framework\src\Illuminate\Pipeline\Pipeline.php(219): Illuminate\Cookie\Middleware\AddQueuedCookiesToResponse->handle(Object(Illuminate\Http\Request), Object(Closure))
#28 C:\Users\cesar\Downloads\No.1\control-volumetrico\vendor\laravel\framework\src\Illuminate\Cookie\Middleware\EncryptCookies.php(74): Illuminate\Pipeline\Pipeline->Illuminate\Pipeline\{closure}(Object(Illuminate\Http\Request))
#29 C:\Users\cesar\Downloads\No.1\control-volumetrico\vendor\laravel\framework\src\Illuminate\Pipeline\Pipeline.php(219): Illuminate\Cookie\Middleware\EncryptCookies->handle(Object(Illuminate\Http\Request), Object(Closure))
#30 C:\Users\cesar\Downloads\No.1\control-volumetrico\vendor\laravel\framework\src\Illuminate\Pipeline\Pipeline.php(137): Illuminate\Pipeline\Pipeline->Illuminate\Pipeline\{closure}(Object(Illuminate\Http\Request))
#31 C:\Users\cesar\Downloads\No.1\control-volumetrico\vendor\laravel\framework\src\Illuminate\Routing\Router.php(821): Illuminate\Pipeline\Pipeline->then(Object(Closure))
#32 C:\Users\cesar\Downloads\No.1\control-volumetrico\vendor\laravel\framework\src\Illuminate\Routing\Router.php(800): Illuminate\Routing\Router->runRouteWithinStack(Object(Illuminate\Routing\Route), Object(Illuminate\Http\Request))
#33 C:\Users\cesar\Downloads\No.1\control-volumetrico\vendor\laravel\framework\src\Illuminate\Routing\Router.php(764): Illuminate\Routing\Router->runRoute(Object(Illuminate\Http\Request), Object(Illuminate\Routing\Route))
#34 C:\Users\cesar\Downloads\No.1\control-volumetrico\vendor\laravel\framework\src\Illuminate\Routing\Router.php(753): Illuminate\Routing\Router->dispatchToRoute(Object(Illuminate\Http\Request))
#35 C:\Users\cesar\Downloads\No.1\control-volumetrico\vendor\laravel\framework\src\Illuminate\Foundation\Http\Kernel.php(200): Illuminate\Routing\Router->dispatch(Object(Illuminate\Http\Request))
#36 C:\Users\cesar\Downloads\No.1\control-volumetrico\vendor\laravel\framework\src\Illuminate\Pipeline\Pipeline.php(180): Illuminate\Foundation\Http\Kernel->Illuminate\Foundation\Http\{closure}(Object(Illuminate\Http\Request))
#37 C:\Users\cesar\Downloads\No.1\control-volumetrico\vendor\laravel\framework\src\Illuminate\Foundation\Http\Middleware\TransformsRequest.php(21): Illuminate\Pipeline\Pipeline->Illuminate\Pipeline\{closure}(Object(Illuminate\Http\Request))
#38 C:\Users\cesar\Downloads\No.1\control-volumetrico\vendor\laravel\framework\src\Illuminate\Foundation\Http\Middleware\ConvertEmptyStringsToNull.php(31): Illuminate\Foundation\Http\Middleware\TransformsRequest->handle(Object(Illuminate\Http\Request), Object(Closure))
#39 C:\Users\cesar\Downloads\No.1\control-volumetrico\vendor\laravel\framework\src\Illuminate\Pipeline\Pipeline.php(219): Illuminate\Foundation\Http\Middleware\ConvertEmptyStringsToNull->handle(Object(Illuminate\Http\Request), Object(Closure))
#40 C:\Users\cesar\Downloads\No.1\control-volumetrico\vendor\laravel\framework\src\Illuminate\Foundation\Http\Middleware\TransformsRequest.php(21): Illuminate\Pipeline\Pipeline->Illuminate\Pipeline\{closure}(Object(Illuminate\Http\Request))
#41 C:\Users\cesar\Downloads\No.1\control-volumetrico\vendor\laravel\framework\src\Illuminate\Foundation\Http\Middleware\TrimStrings.php(51): Illuminate\Foundation\Http\Middleware\TransformsRequest->handle(Object(Illuminate\Http\Request), Object(Closure))
#42 C:\Users\cesar\Downloads\No.1\control-volumetrico\vendor\laravel\framework\src\Illuminate\Pipeline\Pipeline.php(219): Illuminate\Foundation\Http\Middleware\TrimStrings->handle(Object(Illuminate\Http\Request), Object(Closure))
#43 C:\Users\cesar\Downloads\No.1\control-volumetrico\vendor\laravel\framework\src\Illuminate\Http\Middleware\ValidatePostSize.php(27): Illuminate\Pipeline\Pipeline->Illuminate\Pipeline\{closure}(Object(Illuminate\Http\Request))
#44 C:\Users\cesar\Downloads\No.1\control-volumetrico\vendor\laravel\framework\src\Illuminate\Pipeline\Pipeline.php(219): Illuminate\Http\Middleware\ValidatePostSize->handle(Object(Illuminate\Http\Request), Object(Closure))
#45 C:\Users\cesar\Downloads\No.1\control-volumetrico\vendor\laravel\framework\src\Illuminate\Foundation\Http\Middleware\PreventRequestsDuringMaintenance.php(109): Illuminate\Pipeline\Pipeline->Illuminate\Pipeline\{closure}(Object(Illuminate\Http\Request))
#46 C:\Users\cesar\Downloads\No.1\control-volumetrico\vendor\laravel\framework\src\Illuminate\Pipeline\Pipeline.php(219): Illuminate\Foundation\Http\Middleware\PreventRequestsDuringMaintenance->handle(Object(Illuminate\Http\Request), Object(Closure))
#47 C:\Users\cesar\Downloads\No.1\control-volumetrico\vendor\laravel\framework\src\Illuminate\Http\Middleware\HandleCors.php(61): Illuminate\Pipeline\Pipeline->Illuminate\Pipeline\{closure}(Object(Illuminate\Http\Request))
#48 C:\Users\cesar\Downloads\No.1\control-volumetrico\vendor\laravel\framework\src\Illuminate\Pipeline\Pipeline.php(219): Illuminate\Http\Middleware\HandleCors->handle(Object(Illuminate\Http\Request), Object(Closure))
#49 C:\Users\cesar\Downloads\No.1\control-volumetrico\vendor\laravel\framework\src\Illuminate\Http\Middleware\TrustProxies.php(58): Illuminate\Pipeline\Pipeline->Illuminate\Pipeline\{closure}(Object(Illuminate\Http\Request))
#50 C:\Users\cesar\Downloads\No.1\control-volumetrico\vendor\laravel\framework\src\Illuminate\Pipeline\Pipeline.php(219): Illuminate\Http\Middleware\TrustProxies->handle(Object(Illuminate\Http\Request), Object(Closure))
#51 C:\Users\cesar\Downloads\No.1\control-volumetrico\vendor\laravel\framework\src\Illuminate\Foundation\Http\Middleware\InvokeDeferredCallbacks.php(22): Illuminate\Pipeline\Pipeline->Illuminate\Pipeline\{closure}(Object(Illuminate\Http\Request))
#52 C:\Users\cesar\Downloads\No.1\control-volumetrico\vendor\laravel\framework\src\Illuminate\Pipeline\Pipeline.php(219): Illuminate\Foundation\Http\Middleware\InvokeDeferredCallbacks->handle(Object(Illuminate\Http\Request), Object(Closure))
#53 C:\Users\cesar\Downloads\No.1\control-volumetrico\vendor\laravel\framework\src\Illuminate\Http\Middleware\ValidatePathEncoding.php(26): Illuminate\Pipeline\Pipeline->Illuminate\Pipeline\{closure}(Object(Illuminate\Http\Request))
#54 C:\Users\cesar\Downloads\No.1\control-volumetrico\vendor\laravel\framework\src\Illuminate\Pipeline\Pipeline.php(219): Illuminate\Http\Middleware\ValidatePathEncoding->handle(Object(Illuminate\Http\Request), Object(Closure))
#55 C:\Users\cesar\Downloads\No.1\control-volumetrico\vendor\laravel\framework\src\Illuminate\Pipeline\Pipeline.php(137): Illuminate\Pipeline\Pipeline->Illuminate\Pipeline\{closure}(Object(Illuminate\Http\Request))
#56 C:\Users\cesar\Downloads\No.1\control-volumetrico\vendor\laravel\framework\src\Illuminate\Foundation\Http\Kernel.php(175): Illuminate\Pipeline\Pipeline->then(Object(Closure))
#57 C:\Users\cesar\Downloads\No.1\control-volumetrico\vendor\laravel\framework\src\Illuminate\Foundation\Http\Kernel.php(144): Illuminate\Foundation\Http\Kernel->sendRequestThroughRouter(Object(Illuminate\Http\Request))
#58 C:\Users\cesar\Downloads\No.1\control-volumetrico\vendor\laravel\framework\src\Illuminate\Foundation\Testing\Concerns\MakesHttpRequests.php(607): Illuminate\Foundation\Http\Kernel->handle(Object(Illuminate\Http\Request))
#59 C:\Users\cesar\Downloads\No.1\control-volumetrico\vendor\laravel\framework\src\Illuminate\Foundation\Testing\Concerns\MakesHttpRequests.php(368): Illuminate\Foundation\Testing\TestCase->call('GET', '/dictamenes/est...', Array, Array, Array, Array)
#60 C:\Users\cesar\Downloads\No.1\control-volumetrico\tests\Feature\DictamenTest.php(255): Illuminate\Foundation\Testing\TestCase->get('/dictamenes/est...')
#61 C:\Users\cesar\Downloads\No.1\control-volumetrico\vendor\phpunit\phpunit\src\Framework\TestCase.php(1667): Tests\Feature\DictamenTest->test_estadisticas_displays_dictamen_statistics()
#62 C:\Users\cesar\Downloads\No.1\control-volumetrico\vendor\phpunit\phpunit\src\Framework\TestCase.php(519): PHPUnit\Framework\TestCase->runTest()
#63 C:\Users\cesar\Downloads\No.1\control-volumetrico\vendor\phpunit\phpunit\src\Framework\TestRunner\TestRunner.php(87): PHPUnit\Framework\TestCase->runBare()
#64 C:\Users\cesar\Downloads\No.1\control-volumetrico\vendor\phpunit\phpunit\src\Framework\TestCase.php(365): PHPUnit\Framework\TestRunner->run(Object(Tests\Feature\DictamenTest))
#65 C:\Users\cesar\Downloads\No.1\control-volumetrico\vendor\phpunit\phpunit\src\Framework\TestSuite.php(369): PHPUnit\Framework\TestCase->run()
#66 C:\Users\cesar\Downloads\No.1\control-volumetrico\vendor\phpunit\phpunit\src\Framework\TestSuite.php(369): PHPUnit\Framework\TestSuite->run()
#67 C:\Users\cesar\Downloads\No.1\control-volumetrico\vendor\phpunit\phpunit\src\Framework\TestSuite.php(369): PHPUnit\Framework\TestSuite->run()
#68 C:\Users\cesar\Downloads\No.1\control-volumetrico\vendor\phpunit\phpunit\src\TextUI\TestRunner.php(64): PHPUnit\Framework\TestSuite->run()
#69 C:\Users\cesar\Downloads\No.1\control-volumetrico\vendor\phpunit\phpunit\src\TextUI\Application.php(211): PHPUnit\TextUI\TestRunner->run(Object(PHPUnit\TextUI\Configuration\Configuration), Object(PHPUnit\Runner\ResultCache\DefaultResultCache), Object(PHPUnit\Framework\TestSuite))
#70 C:\Users\cesar\Downloads\No.1\control-volumetrico\vendor\phpunit\phpunit\phpunit(104): PHPUnit\TextUI\Application->run(Array)
#71 {main}

Next Illuminate\View\ViewException: Undefined array key "estado" (View: C:\Users\cesar\Downloads\No.1\control-volumetrico\resources\views\dictamenes\show.blade.php) in C:\Users\cesar\Downloads\No.1\control-volumetrico\storage\framework\views\0b13aa9748b0e3b46fe64dd569ce021c.php:7
Stack trace:
#0 C:\Users\cesar\Downloads\No.1\control-volumetrico\vendor\laravel\framework\src\Illuminate\View\Engines\PhpEngine.php(59): Illuminate\View\Engines\CompilerEngine->handleViewException(Object(ErrorException), 1)
#1 C:\Users\cesar\Downloads\No.1\control-volumetrico\vendor\laravel\framework\src\Illuminate\View\Engines\CompilerEngine.php(76): Illuminate\View\Engines\PhpEngine->evaluatePath('C:\\Users\\cesar\\...', Array)
#2 C:\Users\cesar\Downloads\No.1\control-volumetrico\vendor\laravel\framework\src\Illuminate\View\View.php(208): Illuminate\View\Engines\CompilerEngine->get('C:\\Users\\cesar\\...', Array)
#3 C:\Users\cesar\Downloads\No.1\control-volumetrico\vendor\laravel\framework\src\Illuminate\View\View.php(191): Illuminate\View\View->getContents()
#4 C:\Users\cesar\Downloads\No.1\control-volumetrico\vendor\laravel\framework\src\Illuminate\View\View.php(160): Illuminate\View\View->renderContents()
#5 C:\Users\cesar\Downloads\No.1\control-volumetrico\vendor\laravel\framework\src\Illuminate\Http\Response.php(78): Illuminate\View\View->render()
#6 C:\Users\cesar\Downloads\No.1\control-volumetrico\vendor\laravel\framework\src\Illuminate\Http\Response.php(34): Illuminate\Http\Response->setContent(Object(Illuminate\View\View))
#7 C:\Users\cesar\Downloads\No.1\control-volumetrico\vendor\laravel\framework\src\Illuminate\Routing\Router.php(939): Illuminate\Http\Response->__construct(Object(Illuminate\View\View), 200, Array)
#8 C:\Users\cesar\Downloads\No.1\control-volumetrico\vendor\laravel\framework\src\Illuminate\Routing\Router.php(906): Illuminate\Routing\Router::toResponse(Object(Illuminate\Http\Request), Object(Illuminate\View\View))
#9 C:\Users\cesar\Downloads\No.1\control-volumetrico\vendor\laravel\framework\src\Illuminate\Routing\Router.php(821): Illuminate\Routing\Router->prepareResponse(Object(Illuminate\Http\Request), Object(Illuminate\View\View))
#10 C:\Users\cesar\Downloads\No.1\control-volumetrico\vendor\laravel\framework\src\Illuminate\Pipeline\Pipeline.php(180): Illuminate\Routing\Router->Illuminate\Routing\{closure}(Object(Illuminate\Http\Request))
#11 C:\Users\cesar\Downloads\No.1\control-volumetrico\app\Http\Middleware\ApiAuthenticated.php(18): Illuminate\Pipeline\Pipeline->Illuminate\Pipeline\{closure}(Object(Illuminate\Http\Request))
#12 C:\Users\cesar\Downloads\No.1\control-volumetrico\vendor\laravel\framework\src\Illuminate\Pipeline\Pipeline.php(219): App\Http\Middleware\ApiAuthenticated->handle(Object(Illuminate\Http\Request), Object(Closure))
#13 C:\Users\cesar\Downloads\No.1\control-volumetrico\vendor\laravel\framework\src\Illuminate\Routing\Middleware\SubstituteBindings.php(50): Illuminate\Pipeline\Pipeline->Illuminate\Pipeline\{closure}(Object(Illuminate\Http\Request))
#14 C:\Users\cesar\Downloads\No.1\control-volumetrico\vendor\laravel\framework\src\Illuminate\Pipeline\Pipeline.php(219): Illuminate\Routing\Middleware\SubstituteBindings->handle(Object(Illuminate\Http\Request), Object(Closure))
#15 C:\Users\cesar\Downloads\No.1\control-volumetrico\vendor\laravel\framework\src\Illuminate\Foundation\Http\Middleware\VerifyCsrfToken.php(87): Illuminate\Pipeline\Pipeline->Illuminate\Pipeline\{closure}(Object(Illuminate\Http\Request))
#16 C:\Users\cesar\Downloads\No.1\control-volumetrico\vendor\laravel\framework\src\Illuminate\Pipeline\Pipeline.php(219): Illuminate\Foundation\Http\Middleware\VerifyCsrfToken->handle(Object(Illuminate\Http\Request), Object(Closure))
#17 C:\Users\cesar\Downloads\No.1\control-volumetrico\vendor\laravel\framework\src\Illuminate\View\Middleware\ShareErrorsFromSession.php(48): Illuminate\Pipeline\Pipeline->Illuminate\Pipeline\{closure}(Object(Illuminate\Http\Request))
#18 C:\Users\cesar\Downloads\No.1\control-volumetrico\vendor\laravel\framework\src\Illuminate\Pipeline\Pipeline.php(219): Illuminate\View\Middleware\ShareErrorsFromSession->handle(Object(Illuminate\Http\Request), Object(Closure))
#19 C:\Users\cesar\Downloads\No.1\control-volumetrico\vendor\laravel\framework\src\Illuminate\Session\Middleware\StartSession.php(120): Illuminate\Pipeline\Pipeline->Illuminate\Pipeline\{closure}(Object(Illuminate\Http\Request))
#20 C:\Users\cesar\Downloads\No.1\control-volumetrico\vendor\laravel\framework\src\Illuminate\Session\Middleware\StartSession.php(63): Illuminate\Session\Middleware\StartSession->handleStatefulRequest(Object(Illuminate\Http\Request), Object(Illuminate\Session\Store), Object(Closure))
#21 C:\Users\cesar\Downloads\No.1\control-volumetrico\vendor\laravel\framework\src\Illuminate\Pipeline\Pipeline.php(219): Illuminate\Session\Middleware\StartSession->handle(Object(Illuminate\Http\Request), Object(Closure))
#22 C:\Users\cesar\Downloads\No.1\control-volumetrico\vendor\laravel\framework\src\Illuminate\Cookie\Middleware\AddQueuedCookiesToResponse.php(36): Illuminate\Pipeline\Pipeline->Illuminate\Pipeline\{closure}(Object(Illuminate\Http\Request))
#23 C:\Users\cesar\Downloads\No.1\control-volumetrico\vendor\laravel\framework\src\Illuminate\Pipeline\Pipeline.php(219): Illuminate\Cookie\Middleware\AddQueuedCookiesToResponse->handle(Object(Illuminate\Http\Request), Object(Closure))
#24 C:\Users\cesar\Downloads\No.1\control-volumetrico\vendor\laravel\framework\src\Illuminate\Cookie\Middleware\EncryptCookies.php(74): Illuminate\Pipeline\Pipeline->Illuminate\Pipeline\{closure}(Object(Illuminate\Http\Request))
#25 C:\Users\cesar\Downloads\No.1\control-volumetrico\vendor\laravel\framework\src\Illuminate\Pipeline\Pipeline.php(219): Illuminate\Cookie\Middleware\EncryptCookies->handle(Object(Illuminate\Http\Request), Object(Closure))
#26 C:\Users\cesar\Downloads\No.1\control-volumetrico\vendor\laravel\framework\src\Illuminate\Pipeline\Pipeline.php(137): Illuminate\Pipeline\Pipeline->Illuminate\Pipeline\{closure}(Object(Illuminate\Http\Request))
#27 C:\Users\cesar\Downloads\No.1\control-volumetrico\vendor\laravel\framework\src\Illuminate\Routing\Router.php(821): Illuminate\Pipeline\Pipeline->then(Object(Closure))
#28 C:\Users\cesar\Downloads\No.1\control-volumetrico\vendor\laravel\framework\src\Illuminate\Routing\Router.php(800): Illuminate\Routing\Router->runRouteWithinStack(Object(Illuminate\Routing\Route), Object(Illuminate\Http\Request))
#29 C:\Users\cesar\Downloads\No.1\control-volumetrico\vendor\laravel\framework\src\Illuminate\Routing\Router.php(764): Illuminate\Routing\Router->runRoute(Object(Illuminate\Http\Request), Object(Illuminate\Routing\Route))
#30 C:\Users\cesar\Downloads\No.1\control-volumetrico\vendor\laravel\framework\src\Illuminate\Routing\Router.php(753): Illuminate\Routing\Router->dispatchToRoute(Object(Illuminate\Http\Request))
#31 C:\Users\cesar\Downloads\No.1\control-volumetrico\vendor\laravel\framework\src\Illuminate\Foundation\Http\Kernel.php(200): Illuminate\Routing\Router->dispatch(Object(Illuminate\Http\Request))
#32 C:\Users\cesar\Downloads\No.1\control-volumetrico\vendor\laravel\framework\src\Illuminate\Pipeline\Pipeline.php(180): Illuminate\Foundation\Http\Kernel->Illuminate\Foundation\Http\{closure}(Object(Illuminate\Http\Request))
#33 C:\Users\cesar\Downloads\No.1\control-volumetrico\vendor\laravel\framework\src\Illuminate\Foundation\Http\Middleware\TransformsRequest.php(21): Illuminate\Pipeline\Pipeline->Illuminate\Pipeline\{closure}(Object(Illuminate\Http\Request))
#34 C:\Users\cesar\Downloads\No.1\control-volumetrico\vendor\laravel\framework\src\Illuminate\Foundation\Http\Middleware\ConvertEmptyStringsToNull.php(31): Illuminate\Foundation\Http\Middleware\TransformsRequest->handle(Object(Illuminate\Http\Request), Object(Closure))
#35 C:\Users\cesar\Downloads\No.1\control-volumetrico\vendor\laravel\framework\src\Illuminate\Pipeline\Pipeline.php(219): Illuminate\Foundation\Http\Middleware\ConvertEmptyStringsToNull->handle(Object(Illuminate\Http\Request), Object(Closure))
#36 C:\Users\cesar\Downloads\No.1\control-volumetrico\vendor\laravel\framework\src\Illuminate\Foundation\Http\Middleware\TransformsRequest.php(21): Illuminate\Pipeline\Pipeline->Illuminate\Pipeline\{closure}(Object(Illuminate\Http\Request))
#37 C:\Users\cesar\Downloads\No.1\control-volumetrico\vendor\laravel\framework\src\Illuminate\Foundation\Http\Middleware\TrimStrings.php(51): Illuminate\Foundation\Http\Middleware\TransformsRequest->handle(Object(Illuminate\Http\Request), Object(Closure))
#38 C:\Users\cesar\Downloads\No.1\control-volumetrico\vendor\laravel\framework\src\Illuminate\Pipeline\Pipeline.php(219): Illuminate\Foundation\Http\Middleware\TrimStrings->handle(Object(Illuminate\Http\Request), Object(Closure))
#39 C:\Users\cesar\Downloads\No.1\control-volumetrico\vendor\laravel\framework\src\Illuminate\Http\Middleware\ValidatePostSize.php(27): Illuminate\Pipeline\Pipeline->Illuminate\Pipeline\{closure}(Object(Illuminate\Http\Request))
#40 C:\Users\cesar\Downloads\No.1\control-volumetrico\vendor\laravel\framework\src\Illuminate\Pipeline\Pipeline.php(219): Illuminate\Http\Middleware\ValidatePostSize->handle(Object(Illuminate\Http\Request), Object(Closure))
#41 C:\Users\cesar\Downloads\No.1\control-volumetrico\vendor\laravel\framework\src\Illuminate\Foundation\Http\Middleware\PreventRequestsDuringMaintenance.php(109): Illuminate\Pipeline\Pipeline->Illuminate\Pipeline\{closure}(Object(Illuminate\Http\Request))
#42 C:\Users\cesar\Downloads\No.1\control-volumetrico\vendor\laravel\framework\src\Illuminate\Pipeline\Pipeline.php(219): Illuminate\Foundation\Http\Middleware\PreventRequestsDuringMaintenance->handle(Object(Illuminate\Http\Request), Object(Closure))
#43 C:\Users\cesar\Downloads\No.1\control-volumetrico\vendor\laravel\framework\src\Illuminate\Http\Middleware\HandleCors.php(61): Illuminate\Pipeline\Pipeline->Illuminate\Pipeline\{closure}(Object(Illuminate\Http\Request))
#44 C:\Users\cesar\Downloads\No.1\control-volumetrico\vendor\laravel\framework\src\Illuminate\Pipeline\Pipeline.php(219): Illuminate\Http\Middleware\HandleCors->handle(Object(Illuminate\Http\Request), Object(Closure))
#45 C:\Users\cesar\Downloads\No.1\control-volumetrico\vendor\laravel\framework\src\Illuminate\Http\Middleware\TrustProxies.php(58): Illuminate\Pipeline\Pipeline->Illuminate\Pipeline\{closure}(Object(Illuminate\Http\Request))
#46 C:\Users\cesar\Downloads\No.1\control-volumetrico\vendor\laravel\framework\src\Illuminate\Pipeline\Pipeline.php(219): Illuminate\Http\Middleware\TrustProxies->handle(Object(Illuminate\Http\Request), Object(Closure))
#47 C:\Users\cesar\Downloads\No.1\control-volumetrico\vendor\laravel\framework\src\Illuminate\Foundation\Http\Middleware\InvokeDeferredCallbacks.php(22): Illuminate\Pipeline\Pipeline->Illuminate\Pipeline\{closure}(Object(Illuminate\Http\Request))
#48 C:\Users\cesar\Downloads\No.1\control-volumetrico\vendor\laravel\framework\src\Illuminate\Pipeline\Pipeline.php(219): Illuminate\Foundation\Http\Middleware\InvokeDeferredCallbacks->handle(Object(Illuminate\Http\Request), Object(Closure))
#49 C:\Users\cesar\Downloads\No.1\control-volumetrico\vendor\laravel\framework\src\Illuminate\Http\Middleware\ValidatePathEncoding.php(26): Illuminate\Pipeline\Pipeline->Illuminate\Pipeline\{closure}(Object(Illuminate\Http\Request))
#50 C:\Users\cesar\Downloads\No.1\control-volumetrico\vendor\laravel\framework\src\Illuminate\Pipeline\Pipeline.php(219): Illuminate\Http\Middleware\ValidatePathEncoding->handle(Object(Illuminate\Http\Request), Object(Closure))
#51 C:\Users\cesar\Downloads\No.1\control-volumetrico\vendor\laravel\framework\src\Illuminate\Pipeline\Pipeline.php(137): Illuminate\Pipeline\Pipeline->Illuminate\Pipeline\{closure}(Object(Illuminate\Http\Request))
#52 C:\Users\cesar\Downloads\No.1\control-volumetrico\vendor\laravel\framework\src\Illuminate\Foundation\Http\Kernel.php(175): Illuminate\Pipeline\Pipeline->then(Object(Closure))
#53 C:\Users\cesar\Downloads\No.1\control-volumetrico\vendor\laravel\framework\src\Illuminate\Foundation\Http\Kernel.php(144): Illuminate\Foundation\Http\Kernel->sendRequestThroughRouter(Object(Illuminate\Http\Request))
#54 C:\Users\cesar\Downloads\No.1\control-volumetrico\vendor\laravel\framework\src\Illuminate\Foundation\Testing\Concerns\MakesHttpRequests.php(607): Illuminate\Foundation\Http\Kernel->handle(Object(Illuminate\Http\Request))
#55 C:\Users\cesar\Downloads\No.1\control-volumetrico\vendor\laravel\framework\src\Illuminate\Foundation\Testing\Concerns\MakesHttpRequests.php(368): Illuminate\Foundation\Testing\TestCase->call('GET', '/dictamenes/est...', Array, Array, Array, Array)
#56 C:\Users\cesar\Downloads\No.1\control-volumetrico\tests\Feature\DictamenTest.php(255): Illuminate\Foundation\Testing\TestCase->get('/dictamenes/est...')
#57 C:\Users\cesar\Downloads\No.1\control-volumetrico\vendor\phpunit\phpunit\src\Framework\TestCase.php(1667): Tests\Feature\DictamenTest->test_estadisticas_displays_dictamen_statistics()
#58 C:\Users\cesar\Downloads\No.1\control-volumetrico\vendor\phpunit\phpunit\src\Framework\TestCase.php(519): PHPUnit\Framework\TestCase->runTest()
#59 C:\Users\cesar\Downloads\No.1\control-volumetrico\vendor\phpunit\phpunit\src\Framework\TestRunner\TestRunner.php(87): PHPUnit\Framework\TestCase->runBare()
#60 C:\Users\cesar\Downloads\No.1\control-volumetrico\vendor\phpunit\phpunit\src\Framework\TestCase.php(365): PHPUnit\Framework\TestRunner->run(Object(Tests\Feature\DictamenTest))
#61 C:\Users\cesar\Downloads\No.1\control-volumetrico\vendor\phpunit\phpunit\src\Framework\TestSuite.php(369): PHPUnit\Framework\TestCase->run()
#62 C:\Users\cesar\Downloads\No.1\control-volumetrico\vendor\phpunit\phpunit\src\Framework\TestSuite.php(369): PHPUnit\Framework\TestSuite->run()
#63 C:\Users\cesar\Downloads\No.1\control-volumetrico\vendor\phpunit\phpunit\src\Framework\TestSuite.php(369): PHPUnit\Framework\TestSuite->run()
#64 C:\Users\cesar\Downloads\No.1\control-volumetrico\vendor\phpunit\phpunit\src\TextUI\TestRunner.php(64): PHPUnit\Framework\TestSuite->run()
#65 C:\Users\cesar\Downloads\No.1\control-volumetrico\vendor\phpunit\phpunit\src\TextUI\Application.php(211): PHPUnit\TextUI\TestRunner->run(Object(PHPUnit\TextUI\Configuration\Configuration), Object(PHPUnit\Runner\ResultCache\DefaultResultCache), Object(PHPUnit\Framework\TestSuite))
#66 C:\Users\cesar\Downloads\No.1\control-volumetrico\vendor\phpunit\phpunit\phpunit(104): PHPUnit\TextUI\Application->run(Array)
#67 {main}

----------------------------------------------------------------------------------

Undefined array key "estado" (View: C:\Users\cesar\Downloads\No.1\control-volumetrico\resources\views\dictamenes\show.blade.php)[39;22m

  at [32mtests\Feature\DictamenTest.php[39m:[32m257[39m
    253▕         $this->mockSuccessfulResponse('/api/dictamenes/estadisticas', $estadisticas);
    254▕ 
    255▕         $response = $this->get('/dictamenes/estadisticas?' . http_build_query($filters));
    256▕ 
  ➜ 257▕         $response->assertStatus(200);
    258▕         $response->assertViewIs('dictamenes.estadisticas');
    259▕         $response->assertViewHas('estadisticas', $estadisticas);
    260▕     }
    261▕

  [31m────────────────────────────────────────────────────────────────────────────────────────────────────────────────────[39m  
  [41;1m FAILED [49;22m [1mTests\Feature\DictamenTest[22m [90m>[39m por producto displays dictamenes by product                                     
[39;1m  Expected response status code [200] but received 302.
Failed asserting that 302 is identical to 200.[39;22m

  at [32mtests\Feature\DictamenTest.php[39m:[32m295[39m
    291▕         $this->mockSuccessfulResponse("/api/dictamenes/producto/{$productoId}", $resultado);
    292▕ 
    293▕         $response = $this->get("/dictamenes/producto/{$productoId}");
    294▕ 
  ➜ 295▕         $response->assertStatus(200);
    296▕         $response->assertViewIs('dictamenes.por-producto');
    297▕         $response->assertViewHas('resultado', $resultado);
    298▕     }
    299▕

  [31m────────────────────────────────────────────────────────────────────────────────────────────────────────────────────[39m  
  [41;1m FAILED [49;22m [1mTests\Feature\DictamenTest[22m [90m>[39m exportar downloads dictamenes file                                              
[39;1m  Expected response status code [200] but received 500.
Failed asserting that 500 is identical to 200.

The following exception occurred during the last request:

ErrorException: Undefined array key "estado" in C:\Users\cesar\Downloads\No.1\control-volumetrico\storage\framework\views\0b13aa9748b0e3b46fe64dd569ce021c.php:7
Stack trace:
#0 C:\Users\cesar\Downloads\No.1\control-volumetrico\vendor\laravel\framework\src\Illuminate\Foundation\Bootstrap\HandleExceptions.php(258): Illuminate\Foundation\Bootstrap\HandleExceptions->handleError(2, 'Undefined array...', 'C:\\Users\\cesar\\...', 7)
#1 C:\Users\cesar\Downloads\No.1\control-volumetrico\storage\framework\views\0b13aa9748b0e3b46fe64dd569ce021c.php(7): Illuminate\Foundation\Bootstrap\HandleExceptions->Illuminate\Foundation\Bootstrap\{closure}(2, 'Undefined array...', 'C:\\Users\\cesar\\...', 7)
#2 C:\Users\cesar\Downloads\No.1\control-volumetrico\vendor\laravel\framework\src\Illuminate\Filesystem\Filesystem.php(123): require('C:\\Users\\cesar\\...')
#3 C:\Users\cesar\Downloads\No.1\control-volumetrico\vendor\laravel\framework\src\Illuminate\Filesystem\Filesystem.php(124): Illuminate\Filesystem\Filesystem::Illuminate\Filesystem\{closure}()
#4 C:\Users\cesar\Downloads\No.1\control-volumetrico\vendor\laravel\framework\src\Illuminate\View\Engines\PhpEngine.php(57): Illuminate\Filesystem\Filesystem->getRequire('C:\\Users\\cesar\\...', Array)
#5 C:\Users\cesar\Downloads\No.1\control-volumetrico\vendor\laravel\framework\src\Illuminate\View\Engines\CompilerEngine.php(76): Illuminate\View\Engines\PhpEngine->evaluatePath('C:\\Users\\cesar\\...', Array)
#6 C:\Users\cesar\Downloads\No.1\control-volumetrico\vendor\laravel\framework\src\Illuminate\View\View.php(208): Illuminate\View\Engines\CompilerEngine->get('C:\\Users\\cesar\\...', Array)
#7 C:\Users\cesar\Downloads\No.1\control-volumetrico\vendor\laravel\framework\src\Illuminate\View\View.php(191): Illuminate\View\View->getContents()
#8 C:\Users\cesar\Downloads\No.1\control-volumetrico\vendor\laravel\framework\src\Illuminate\View\View.php(160): Illuminate\View\View->renderContents()
#9 C:\Users\cesar\Downloads\No.1\control-volumetrico\vendor\laravel\framework\src\Illuminate\Http\Response.php(78): Illuminate\View\View->render()
#10 C:\Users\cesar\Downloads\No.1\control-volumetrico\vendor\laravel\framework\src\Illuminate\Http\Response.php(34): Illuminate\Http\Response->setContent(Object(Illuminate\View\View))
#11 C:\Users\cesar\Downloads\No.1\control-volumetrico\vendor\laravel\framework\src\Illuminate\Routing\Router.php(939): Illuminate\Http\Response->__construct(Object(Illuminate\View\View), 200, Array)
#12 C:\Users\cesar\Downloads\No.1\control-volumetrico\vendor\laravel\framework\src\Illuminate\Routing\Router.php(906): Illuminate\Routing\Router::toResponse(Object(Illuminate\Http\Request), Object(Illuminate\View\View))
#13 C:\Users\cesar\Downloads\No.1\control-volumetrico\vendor\laravel\framework\src\Illuminate\Routing\Router.php(821): Illuminate\Routing\Router->prepareResponse(Object(Illuminate\Http\Request), Object(Illuminate\View\View))
#14 C:\Users\cesar\Downloads\No.1\control-volumetrico\vendor\laravel\framework\src\Illuminate\Pipeline\Pipeline.php(180): Illuminate\Routing\Router->Illuminate\Routing\{closure}(Object(Illuminate\Http\Request))
#15 C:\Users\cesar\Downloads\No.1\control-volumetrico\app\Http\Middleware\ApiAuthenticated.php(18): Illuminate\Pipeline\Pipeline->Illuminate\Pipeline\{closure}(Object(Illuminate\Http\Request))
#16 C:\Users\cesar\Downloads\No.1\control-volumetrico\vendor\laravel\framework\src\Illuminate\Pipeline\Pipeline.php(219): App\Http\Middleware\ApiAuthenticated->handle(Object(Illuminate\Http\Request), Object(Closure))
#17 C:\Users\cesar\Downloads\No.1\control-volumetrico\vendor\laravel\framework\src\Illuminate\Routing\Middleware\SubstituteBindings.php(50): Illuminate\Pipeline\Pipeline->Illuminate\Pipeline\{closure}(Object(Illuminate\Http\Request))
#18 C:\Users\cesar\Downloads\No.1\control-volumetrico\vendor\laravel\framework\src\Illuminate\Pipeline\Pipeline.php(219): Illuminate\Routing\Middleware\SubstituteBindings->handle(Object(Illuminate\Http\Request), Object(Closure))
#19 C:\Users\cesar\Downloads\No.1\control-volumetrico\vendor\laravel\framework\src\Illuminate\Foundation\Http\Middleware\VerifyCsrfToken.php(87): Illuminate\Pipeline\Pipeline->Illuminate\Pipeline\{closure}(Object(Illuminate\Http\Request))
#20 C:\Users\cesar\Downloads\No.1\control-volumetrico\vendor\laravel\framework\src\Illuminate\Pipeline\Pipeline.php(219): Illuminate\Foundation\Http\Middleware\VerifyCsrfToken->handle(Object(Illuminate\Http\Request), Object(Closure))
#21 C:\Users\cesar\Downloads\No.1\control-volumetrico\vendor\laravel\framework\src\Illuminate\View\Middleware\ShareErrorsFromSession.php(48): Illuminate\Pipeline\Pipeline->Illuminate\Pipeline\{closure}(Object(Illuminate\Http\Request))
#22 C:\Users\cesar\Downloads\No.1\control-volumetrico\vendor\laravel\framework\src\Illuminate\Pipeline\Pipeline.php(219): Illuminate\View\Middleware\ShareErrorsFromSession->handle(Object(Illuminate\Http\Request), Object(Closure))
#23 C:\Users\cesar\Downloads\No.1\control-volumetrico\vendor\laravel\framework\src\Illuminate\Session\Middleware\StartSession.php(120): Illuminate\Pipeline\Pipeline->Illuminate\Pipeline\{closure}(Object(Illuminate\Http\Request))
#24 C:\Users\cesar\Downloads\No.1\control-volumetrico\vendor\laravel\framework\src\Illuminate\Session\Middleware\StartSession.php(63): Illuminate\Session\Middleware\StartSession->handleStatefulRequest(Object(Illuminate\Http\Request), Object(Illuminate\Session\Store), Object(Closure))
#25 C:\Users\cesar\Downloads\No.1\control-volumetrico\vendor\laravel\framework\src\Illuminate\Pipeline\Pipeline.php(219): Illuminate\Session\Middleware\StartSession->handle(Object(Illuminate\Http\Request), Object(Closure))
#26 C:\Users\cesar\Downloads\No.1\control-volumetrico\vendor\laravel\framework\src\Illuminate\Cookie\Middleware\AddQueuedCookiesToResponse.php(36): Illuminate\Pipeline\Pipeline->Illuminate\Pipeline\{closure}(Object(Illuminate\Http\Request))
#27 C:\Users\cesar\Downloads\No.1\control-volumetrico\vendor\laravel\framework\src\Illuminate\Pipeline\Pipeline.php(219): Illuminate\Cookie\Middleware\AddQueuedCookiesToResponse->handle(Object(Illuminate\Http\Request), Object(Closure))
#28 C:\Users\cesar\Downloads\No.1\control-volumetrico\vendor\laravel\framework\src\Illuminate\Cookie\Middleware\EncryptCookies.php(74): Illuminate\Pipeline\Pipeline->Illuminate\Pipeline\{closure}(Object(Illuminate\Http\Request))
#29 C:\Users\cesar\Downloads\No.1\control-volumetrico\vendor\laravel\framework\src\Illuminate\Pipeline\Pipeline.php(219): Illuminate\Cookie\Middleware\EncryptCookies->handle(Object(Illuminate\Http\Request), Object(Closure))
#30 C:\Users\cesar\Downloads\No.1\control-volumetrico\vendor\laravel\framework\src\Illuminate\Pipeline\Pipeline.php(137): Illuminate\Pipeline\Pipeline->Illuminate\Pipeline\{closure}(Object(Illuminate\Http\Request))
#31 C:\Users\cesar\Downloads\No.1\control-volumetrico\vendor\laravel\framework\src\Illuminate\Routing\Router.php(821): Illuminate\Pipeline\Pipeline->then(Object(Closure))
#32 C:\Users\cesar\Downloads\No.1\control-volumetrico\vendor\laravel\framework\src\Illuminate\Routing\Router.php(800): Illuminate\Routing\Router->runRouteWithinStack(Object(Illuminate\Routing\Route), Object(Illuminate\Http\Request))
#33 C:\Users\cesar\Downloads\No.1\control-volumetrico\vendor\laravel\framework\src\Illuminate\Routing\Router.php(764): Illuminate\Routing\Router->runRoute(Object(Illuminate\Http\Request), Object(Illuminate\Routing\Route))
#34 C:\Users\cesar\Downloads\No.1\control-volumetrico\vendor\laravel\framework\src\Illuminate\Routing\Router.php(753): Illuminate\Routing\Router->dispatchToRoute(Object(Illuminate\Http\Request))
#35 C:\Users\cesar\Downloads\No.1\control-volumetrico\vendor\laravel\framework\src\Illuminate\Foundation\Http\Kernel.php(200): Illuminate\Routing\Router->dispatch(Object(Illuminate\Http\Request))
#36 C:\Users\cesar\Downloads\No.1\control-volumetrico\vendor\laravel\framework\src\Illuminate\Pipeline\Pipeline.php(180): Illuminate\Foundation\Http\Kernel->Illuminate\Foundation\Http\{closure}(Object(Illuminate\Http\Request))
#37 C:\Users\cesar\Downloads\No.1\control-volumetrico\vendor\laravel\framework\src\Illuminate\Foundation\Http\Middleware\TransformsRequest.php(21): Illuminate\Pipeline\Pipeline->Illuminate\Pipeline\{closure}(Object(Illuminate\Http\Request))
#38 C:\Users\cesar\Downloads\No.1\control-volumetrico\vendor\laravel\framework\src\Illuminate\Foundation\Http\Middleware\ConvertEmptyStringsToNull.php(31): Illuminate\Foundation\Http\Middleware\TransformsRequest->handle(Object(Illuminate\Http\Request), Object(Closure))
#39 C:\Users\cesar\Downloads\No.1\control-volumetrico\vendor\laravel\framework\src\Illuminate\Pipeline\Pipeline.php(219): Illuminate\Foundation\Http\Middleware\ConvertEmptyStringsToNull->handle(Object(Illuminate\Http\Request), Object(Closure))
#40 C:\Users\cesar\Downloads\No.1\control-volumetrico\vendor\laravel\framework\src\Illuminate\Foundation\Http\Middleware\TransformsRequest.php(21): Illuminate\Pipeline\Pipeline->Illuminate\Pipeline\{closure}(Object(Illuminate\Http\Request))
#41 C:\Users\cesar\Downloads\No.1\control-volumetrico\vendor\laravel\framework\src\Illuminate\Foundation\Http\Middleware\TrimStrings.php(51): Illuminate\Foundation\Http\Middleware\TransformsRequest->handle(Object(Illuminate\Http\Request), Object(Closure))
#42 C:\Users\cesar\Downloads\No.1\control-volumetrico\vendor\laravel\framework\src\Illuminate\Pipeline\Pipeline.php(219): Illuminate\Foundation\Http\Middleware\TrimStrings->handle(Object(Illuminate\Http\Request), Object(Closure))
#43 C:\Users\cesar\Downloads\No.1\control-volumetrico\vendor\laravel\framework\src\Illuminate\Http\Middleware\ValidatePostSize.php(27): Illuminate\Pipeline\Pipeline->Illuminate\Pipeline\{closure}(Object(Illuminate\Http\Request))
#44 C:\Users\cesar\Downloads\No.1\control-volumetrico\vendor\laravel\framework\src\Illuminate\Pipeline\Pipeline.php(219): Illuminate\Http\Middleware\ValidatePostSize->handle(Object(Illuminate\Http\Request), Object(Closure))
#45 C:\Users\cesar\Downloads\No.1\control-volumetrico\vendor\laravel\framework\src\Illuminate\Foundation\Http\Middleware\PreventRequestsDuringMaintenance.php(109): Illuminate\Pipeline\Pipeline->Illuminate\Pipeline\{closure}(Object(Illuminate\Http\Request))
#46 C:\Users\cesar\Downloads\No.1\control-volumetrico\vendor\laravel\framework\src\Illuminate\Pipeline\Pipeline.php(219): Illuminate\Foundation\Http\Middleware\PreventRequestsDuringMaintenance->handle(Object(Illuminate\Http\Request), Object(Closure))
#47 C:\Users\cesar\Downloads\No.1\control-volumetrico\vendor\laravel\framework\src\Illuminate\Http\Middleware\HandleCors.php(61): Illuminate\Pipeline\Pipeline->Illuminate\Pipeline\{closure}(Object(Illuminate\Http\Request))
#48 C:\Users\cesar\Downloads\No.1\control-volumetrico\vendor\laravel\framework\src\Illuminate\Pipeline\Pipeline.php(219): Illuminate\Http\Middleware\HandleCors->handle(Object(Illuminate\Http\Request), Object(Closure))
#49 C:\Users\cesar\Downloads\No.1\control-volumetrico\vendor\laravel\framework\src\Illuminate\Http\Middleware\TrustProxies.php(58): Illuminate\Pipeline\Pipeline->Illuminate\Pipeline\{closure}(Object(Illuminate\Http\Request))
#50 C:\Users\cesar\Downloads\No.1\control-volumetrico\vendor\laravel\framework\src\Illuminate\Pipeline\Pipeline.php(219): Illuminate\Http\Middleware\TrustProxies->handle(Object(Illuminate\Http\Request), Object(Closure))
#51 C:\Users\cesar\Downloads\No.1\control-volumetrico\vendor\laravel\framework\src\Illuminate\Foundation\Http\Middleware\InvokeDeferredCallbacks.php(22): Illuminate\Pipeline\Pipeline->Illuminate\Pipeline\{closure}(Object(Illuminate\Http\Request))
#52 C:\Users\cesar\Downloads\No.1\control-volumetrico\vendor\laravel\framework\src\Illuminate\Pipeline\Pipeline.php(219): Illuminate\Foundation\Http\Middleware\InvokeDeferredCallbacks->handle(Object(Illuminate\Http\Request), Object(Closure))
#53 C:\Users\cesar\Downloads\No.1\control-volumetrico\vendor\laravel\framework\src\Illuminate\Http\Middleware\ValidatePathEncoding.php(26): Illuminate\Pipeline\Pipeline->Illuminate\Pipeline\{closure}(Object(Illuminate\Http\Request))
#54 C:\Users\cesar\Downloads\No.1\control-volumetrico\vendor\laravel\framework\src\Illuminate\Pipeline\Pipeline.php(219): Illuminate\Http\Middleware\ValidatePathEncoding->handle(Object(Illuminate\Http\Request), Object(Closure))
#55 C:\Users\cesar\Downloads\No.1\control-volumetrico\vendor\laravel\framework\src\Illuminate\Pipeline\Pipeline.php(137): Illuminate\Pipeline\Pipeline->Illuminate\Pipeline\{closure}(Object(Illuminate\Http\Request))
#56 C:\Users\cesar\Downloads\No.1\control-volumetrico\vendor\laravel\framework\src\Illuminate\Foundation\Http\Kernel.php(175): Illuminate\Pipeline\Pipeline->then(Object(Closure))
#57 C:\Users\cesar\Downloads\No.1\control-volumetrico\vendor\laravel\framework\src\Illuminate\Foundation\Http\Kernel.php(144): Illuminate\Foundation\Http\Kernel->sendRequestThroughRouter(Object(Illuminate\Http\Request))
#58 C:\Users\cesar\Downloads\No.1\control-volumetrico\vendor\laravel\framework\src\Illuminate\Foundation\Testing\Concerns\MakesHttpRequests.php(607): Illuminate\Foundation\Http\Kernel->handle(Object(Illuminate\Http\Request))
#59 C:\Users\cesar\Downloads\No.1\control-volumetrico\vendor\laravel\framework\src\Illuminate\Foundation\Testing\Concerns\MakesHttpRequests.php(368): Illuminate\Foundation\Testing\TestCase->call('GET', '/dictamenes/exp...', Array, Array, Array, Array)
#60 C:\Users\cesar\Downloads\No.1\control-volumetrico\tests\Feature\DictamenTest.php(336): Illuminate\Foundation\Testing\TestCase->get('/dictamenes/exp...')
#61 C:\Users\cesar\Downloads\No.1\control-volumetrico\vendor\phpunit\phpunit\src\Framework\TestCase.php(1667): Tests\Feature\DictamenTest->test_exportar_downloads_dictamenes_file()
#62 C:\Users\cesar\Downloads\No.1\control-volumetrico\vendor\phpunit\phpunit\src\Framework\TestCase.php(519): PHPUnit\Framework\TestCase->runTest()
#63 C:\Users\cesar\Downloads\No.1\control-volumetrico\vendor\phpunit\phpunit\src\Framework\TestRunner\TestRunner.php(87): PHPUnit\Framework\TestCase->runBare()
#64 C:\Users\cesar\Downloads\No.1\control-volumetrico\vendor\phpunit\phpunit\src\Framework\TestCase.php(365): PHPUnit\Framework\TestRunner->run(Object(Tests\Feature\DictamenTest))
#65 C:\Users\cesar\Downloads\No.1\control-volumetrico\vendor\phpunit\phpunit\src\Framework\TestSuite.php(369): PHPUnit\Framework\TestCase->run()
#66 C:\Users\cesar\Downloads\No.1\control-volumetrico\vendor\phpunit\phpunit\src\Framework\TestSuite.php(369): PHPUnit\Framework\TestSuite->run()
#67 C:\Users\cesar\Downloads\No.1\control-volumetrico\vendor\phpunit\phpunit\src\Framework\TestSuite.php(369): PHPUnit\Framework\TestSuite->run()
#68 C:\Users\cesar\Downloads\No.1\control-volumetrico\vendor\phpunit\phpunit\src\TextUI\TestRunner.php(64): PHPUnit\Framework\TestSuite->run()
#69 C:\Users\cesar\Downloads\No.1\control-volumetrico\vendor\phpunit\phpunit\src\TextUI\Application.php(211): PHPUnit\TextUI\TestRunner->run(Object(PHPUnit\TextUI\Configuration\Configuration), Object(PHPUnit\Runner\ResultCache\DefaultResultCache), Object(PHPUnit\Framework\TestSuite))
#70 C:\Users\cesar\Downloads\No.1\control-volumetrico\vendor\phpunit\phpunit\phpunit(104): PHPUnit\TextUI\Application->run(Array)
#71 {main}

Next Illuminate\View\ViewException: Undefined array key "estado" (View: C:\Users\cesar\Downloads\No.1\control-volumetrico\resources\views\dictamenes\show.blade.php) in C:\Users\cesar\Downloads\No.1\control-volumetrico\storage\framework\views\0b13aa9748b0e3b46fe64dd569ce021c.php:7
Stack trace:
#0 C:\Users\cesar\Downloads\No.1\control-volumetrico\vendor\laravel\framework\src\Illuminate\View\Engines\PhpEngine.php(59): Illuminate\View\Engines\CompilerEngine->handleViewException(Object(ErrorException), 1)
#1 C:\Users\cesar\Downloads\No.1\control-volumetrico\vendor\laravel\framework\src\Illuminate\View\Engines\CompilerEngine.php(76): Illuminate\View\Engines\PhpEngine->evaluatePath('C:\\Users\\cesar\\...', Array)
#2 C:\Users\cesar\Downloads\No.1\control-volumetrico\vendor\laravel\framework\src\Illuminate\View\View.php(208): Illuminate\View\Engines\CompilerEngine->get('C:\\Users\\cesar\\...', Array)
#3 C:\Users\cesar\Downloads\No.1\control-volumetrico\vendor\laravel\framework\src\Illuminate\View\View.php(191): Illuminate\View\View->getContents()
#4 C:\Users\cesar\Downloads\No.1\control-volumetrico\vendor\laravel\framework\src\Illuminate\View\View.php(160): Illuminate\View\View->renderContents()
#5 C:\Users\cesar\Downloads\No.1\control-volumetrico\vendor\laravel\framework\src\Illuminate\Http\Response.php(78): Illuminate\View\View->render()
#6 C:\Users\cesar\Downloads\No.1\control-volumetrico\vendor\laravel\framework\src\Illuminate\Http\Response.php(34): Illuminate\Http\Response->setContent(Object(Illuminate\View\View))
#7 C:\Users\cesar\Downloads\No.1\control-volumetrico\vendor\laravel\framework\src\Illuminate\Routing\Router.php(939): Illuminate\Http\Response->__construct(Object(Illuminate\View\View), 200, Array)
#8 C:\Users\cesar\Downloads\No.1\control-volumetrico\vendor\laravel\framework\src\Illuminate\Routing\Router.php(906): Illuminate\Routing\Router::toResponse(Object(Illuminate\Http\Request), Object(Illuminate\View\View))
#9 C:\Users\cesar\Downloads\No.1\control-volumetrico\vendor\laravel\framework\src\Illuminate\Routing\Router.php(821): Illuminate\Routing\Router->prepareResponse(Object(Illuminate\Http\Request), Object(Illuminate\View\View))
#10 C:\Users\cesar\Downloads\No.1\control-volumetrico\vendor\laravel\framework\src\Illuminate\Pipeline\Pipeline.php(180): Illuminate\Routing\Router->Illuminate\Routing\{closure}(Object(Illuminate\Http\Request))
#11 C:\Users\cesar\Downloads\No.1\control-volumetrico\app\Http\Middleware\ApiAuthenticated.php(18): Illuminate\Pipeline\Pipeline->Illuminate\Pipeline\{closure}(Object(Illuminate\Http\Request))
#12 C:\Users\cesar\Downloads\No.1\control-volumetrico\vendor\laravel\framework\src\Illuminate\Pipeline\Pipeline.php(219): App\Http\Middleware\ApiAuthenticated->handle(Object(Illuminate\Http\Request), Object(Closure))
#13 C:\Users\cesar\Downloads\No.1\control-volumetrico\vendor\laravel\framework\src\Illuminate\Routing\Middleware\SubstituteBindings.php(50): Illuminate\Pipeline\Pipeline->Illuminate\Pipeline\{closure}(Object(Illuminate\Http\Request))
#14 C:\Users\cesar\Downloads\No.1\control-volumetrico\vendor\laravel\framework\src\Illuminate\Pipeline\Pipeline.php(219): Illuminate\Routing\Middleware\SubstituteBindings->handle(Object(Illuminate\Http\Request), Object(Closure))
#15 C:\Users\cesar\Downloads\No.1\control-volumetrico\vendor\laravel\framework\src\Illuminate\Foundation\Http\Middleware\VerifyCsrfToken.php(87): Illuminate\Pipeline\Pipeline->Illuminate\Pipeline\{closure}(Object(Illuminate\Http\Request))
#16 C:\Users\cesar\Downloads\No.1\control-volumetrico\vendor\laravel\framework\src\Illuminate\Pipeline\Pipeline.php(219): Illuminate\Foundation\Http\Middleware\VerifyCsrfToken->handle(Object(Illuminate\Http\Request), Object(Closure))
#17 C:\Users\cesar\Downloads\No.1\control-volumetrico\vendor\laravel\framework\src\Illuminate\View\Middleware\ShareErrorsFromSession.php(48): Illuminate\Pipeline\Pipeline->Illuminate\Pipeline\{closure}(Object(Illuminate\Http\Request))
#18 C:\Users\cesar\Downloads\No.1\control-volumetrico\vendor\laravel\framework\src\Illuminate\Pipeline\Pipeline.php(219): Illuminate\View\Middleware\ShareErrorsFromSession->handle(Object(Illuminate\Http\Request), Object(Closure))
#19 C:\Users\cesar\Downloads\No.1\control-volumetrico\vendor\laravel\framework\src\Illuminate\Session\Middleware\StartSession.php(120): Illuminate\Pipeline\Pipeline->Illuminate\Pipeline\{closure}(Object(Illuminate\Http\Request))
#20 C:\Users\cesar\Downloads\No.1\control-volumetrico\vendor\laravel\framework\src\Illuminate\Session\Middleware\StartSession.php(63): Illuminate\Session\Middleware\StartSession->handleStatefulRequest(Object(Illuminate\Http\Request), Object(Illuminate\Session\Store), Object(Closure))
#21 C:\Users\cesar\Downloads\No.1\control-volumetrico\vendor\laravel\framework\src\Illuminate\Pipeline\Pipeline.php(219): Illuminate\Session\Middleware\StartSession->handle(Object(Illuminate\Http\Request), Object(Closure))
#22 C:\Users\cesar\Downloads\No.1\control-volumetrico\vendor\laravel\framework\src\Illuminate\Cookie\Middleware\AddQueuedCookiesToResponse.php(36): Illuminate\Pipeline\Pipeline->Illuminate\Pipeline\{closure}(Object(Illuminate\Http\Request))
#23 C:\Users\cesar\Downloads\No.1\control-volumetrico\vendor\laravel\framework\src\Illuminate\Pipeline\Pipeline.php(219): Illuminate\Cookie\Middleware\AddQueuedCookiesToResponse->handle(Object(Illuminate\Http\Request), Object(Closure))
#24 C:\Users\cesar\Downloads\No.1\control-volumetrico\vendor\laravel\framework\src\Illuminate\Cookie\Middleware\EncryptCookies.php(74): Illuminate\Pipeline\Pipeline->Illuminate\Pipeline\{closure}(Object(Illuminate\Http\Request))
#25 C:\Users\cesar\Downloads\No.1\control-volumetrico\vendor\laravel\framework\src\Illuminate\Pipeline\Pipeline.php(219): Illuminate\Cookie\Middleware\EncryptCookies->handle(Object(Illuminate\Http\Request), Object(Closure))
#26 C:\Users\cesar\Downloads\No.1\control-volumetrico\vendor\laravel\framework\src\Illuminate\Pipeline\Pipeline.php(137): Illuminate\Pipeline\Pipeline->Illuminate\Pipeline\{closure}(Object(Illuminate\Http\Request))
#27 C:\Users\cesar\Downloads\No.1\control-volumetrico\vendor\laravel\framework\src\Illuminate\Routing\Router.php(821): Illuminate\Pipeline\Pipeline->then(Object(Closure))
#28 C:\Users\cesar\Downloads\No.1\control-volumetrico\vendor\laravel\framework\src\Illuminate\Routing\Router.php(800): Illuminate\Routing\Router->runRouteWithinStack(Object(Illuminate\Routing\Route), Object(Illuminate\Http\Request))
#29 C:\Users\cesar\Downloads\No.1\control-volumetrico\vendor\laravel\framework\src\Illuminate\Routing\Router.php(764): Illuminate\Routing\Router->runRoute(Object(Illuminate\Http\Request), Object(Illuminate\Routing\Route))
#30 C:\Users\cesar\Downloads\No.1\control-volumetrico\vendor\laravel\framework\src\Illuminate\Routing\Router.php(753): Illuminate\Routing\Router->dispatchToRoute(Object(Illuminate\Http\Request))
#31 C:\Users\cesar\Downloads\No.1\control-volumetrico\vendor\laravel\framework\src\Illuminate\Foundation\Http\Kernel.php(200): Illuminate\Routing\Router->dispatch(Object(Illuminate\Http\Request))
#32 C:\Users\cesar\Downloads\No.1\control-volumetrico\vendor\laravel\framework\src\Illuminate\Pipeline\Pipeline.php(180): Illuminate\Foundation\Http\Kernel->Illuminate\Foundation\Http\{closure}(Object(Illuminate\Http\Request))
#33 C:\Users\cesar\Downloads\No.1\control-volumetrico\vendor\laravel\framework\src\Illuminate\Foundation\Http\Middleware\TransformsRequest.php(21): Illuminate\Pipeline\Pipeline->Illuminate\Pipeline\{closure}(Object(Illuminate\Http\Request))
#34 C:\Users\cesar\Downloads\No.1\control-volumetrico\vendor\laravel\framework\src\Illuminate\Foundation\Http\Middleware\ConvertEmptyStringsToNull.php(31): Illuminate\Foundation\Http\Middleware\TransformsRequest->handle(Object(Illuminate\Http\Request), Object(Closure))
#35 C:\Users\cesar\Downloads\No.1\control-volumetrico\vendor\laravel\framework\src\Illuminate\Pipeline\Pipeline.php(219): Illuminate\Foundation\Http\Middleware\ConvertEmptyStringsToNull->handle(Object(Illuminate\Http\Request), Object(Closure))
#36 C:\Users\cesar\Downloads\No.1\control-volumetrico\vendor\laravel\framework\src\Illuminate\Foundation\Http\Middleware\TransformsRequest.php(21): Illuminate\Pipeline\Pipeline->Illuminate\Pipeline\{closure}(Object(Illuminate\Http\Request))
#37 C:\Users\cesar\Downloads\No.1\control-volumetrico\vendor\laravel\framework\src\Illuminate\Foundation\Http\Middleware\TrimStrings.php(51): Illuminate\Foundation\Http\Middleware\TransformsRequest->handle(Object(Illuminate\Http\Request), Object(Closure))
#38 C:\Users\cesar\Downloads\No.1\control-volumetrico\vendor\laravel\framework\src\Illuminate\Pipeline\Pipeline.php(219): Illuminate\Foundation\Http\Middleware\TrimStrings->handle(Object(Illuminate\Http\Request), Object(Closure))
#39 C:\Users\cesar\Downloads\No.1\control-volumetrico\vendor\laravel\framework\src\Illuminate\Http\Middleware\ValidatePostSize.php(27): Illuminate\Pipeline\Pipeline->Illuminate\Pipeline\{closure}(Object(Illuminate\Http\Request))
#40 C:\Users\cesar\Downloads\No.1\control-volumetrico\vendor\laravel\framework\src\Illuminate\Pipeline\Pipeline.php(219): Illuminate\Http\Middleware\ValidatePostSize->handle(Object(Illuminate\Http\Request), Object(Closure))
#41 C:\Users\cesar\Downloads\No.1\control-volumetrico\vendor\laravel\framework\src\Illuminate\Foundation\Http\Middleware\PreventRequestsDuringMaintenance.php(109): Illuminate\Pipeline\Pipeline->Illuminate\Pipeline\{closure}(Object(Illuminate\Http\Request))
#42 C:\Users\cesar\Downloads\No.1\control-volumetrico\vendor\laravel\framework\src\Illuminate\Pipeline\Pipeline.php(219): Illuminate\Foundation\Http\Middleware\PreventRequestsDuringMaintenance->handle(Object(Illuminate\Http\Request), Object(Closure))
#43 C:\Users\cesar\Downloads\No.1\control-volumetrico\vendor\laravel\framework\src\Illuminate\Http\Middleware\HandleCors.php(61): Illuminate\Pipeline\Pipeline->Illuminate\Pipeline\{closure}(Object(Illuminate\Http\Request))
#44 C:\Users\cesar\Downloads\No.1\control-volumetrico\vendor\laravel\framework\src\Illuminate\Pipeline\Pipeline.php(219): Illuminate\Http\Middleware\HandleCors->handle(Object(Illuminate\Http\Request), Object(Closure))
#45 C:\Users\cesar\Downloads\No.1\control-volumetrico\vendor\laravel\framework\src\Illuminate\Http\Middleware\TrustProxies.php(58): Illuminate\Pipeline\Pipeline->Illuminate\Pipeline\{closure}(Object(Illuminate\Http\Request))
#46 C:\Users\cesar\Downloads\No.1\control-volumetrico\vendor\laravel\framework\src\Illuminate\Pipeline\Pipeline.php(219): Illuminate\Http\Middleware\TrustProxies->handle(Object(Illuminate\Http\Request), Object(Closure))
#47 C:\Users\cesar\Downloads\No.1\control-volumetrico\vendor\laravel\framework\src\Illuminate\Foundation\Http\Middleware\InvokeDeferredCallbacks.php(22): Illuminate\Pipeline\Pipeline->Illuminate\Pipeline\{closure}(Object(Illuminate\Http\Request))
#48 C:\Users\cesar\Downloads\No.1\control-volumetrico\vendor\laravel\framework\src\Illuminate\Pipeline\Pipeline.php(219): Illuminate\Foundation\Http\Middleware\InvokeDeferredCallbacks->handle(Object(Illuminate\Http\Request), Object(Closure))
#49 C:\Users\cesar\Downloads\No.1\control-volumetrico\vendor\laravel\framework\src\Illuminate\Http\Middleware\ValidatePathEncoding.php(26): Illuminate\Pipeline\Pipeline->Illuminate\Pipeline\{closure}(Object(Illuminate\Http\Request))
#50 C:\Users\cesar\Downloads\No.1\control-volumetrico\vendor\laravel\framework\src\Illuminate\Pipeline\Pipeline.php(219): Illuminate\Http\Middleware\ValidatePathEncoding->handle(Object(Illuminate\Http\Request), Object(Closure))
#51 C:\Users\cesar\Downloads\No.1\control-volumetrico\vendor\laravel\framework\src\Illuminate\Pipeline\Pipeline.php(137): Illuminate\Pipeline\Pipeline->Illuminate\Pipeline\{closure}(Object(Illuminate\Http\Request))
#52 C:\Users\cesar\Downloads\No.1\control-volumetrico\vendor\laravel\framework\src\Illuminate\Foundation\Http\Kernel.php(175): Illuminate\Pipeline\Pipeline->then(Object(Closure))
#53 C:\Users\cesar\Downloads\No.1\control-volumetrico\vendor\laravel\framework\src\Illuminate\Foundation\Http\Kernel.php(144): Illuminate\Foundation\Http\Kernel->sendRequestThroughRouter(Object(Illuminate\Http\Request))
#54 C:\Users\cesar\Downloads\No.1\control-volumetrico\vendor\laravel\framework\src\Illuminate\Foundation\Testing\Concerns\MakesHttpRequests.php(607): Illuminate\Foundation\Http\Kernel->handle(Object(Illuminate\Http\Request))
#55 C:\Users\cesar\Downloads\No.1\control-volumetrico\vendor\laravel\framework\src\Illuminate\Foundation\Testing\Concerns\MakesHttpRequests.php(368): Illuminate\Foundation\Testing\TestCase->call('GET', '/dictamenes/exp...', Array, Array, Array, Array)
#56 C:\Users\cesar\Downloads\No.1\control-volumetrico\tests\Feature\DictamenTest.php(336): Illuminate\Foundation\Testing\TestCase->get('/dictamenes/exp...')
#57 C:\Users\cesar\Downloads\No.1\control-volumetrico\vendor\phpunit\phpunit\src\Framework\TestCase.php(1667): Tests\Feature\DictamenTest->test_exportar_downloads_dictamenes_file()
#58 C:\Users\cesar\Downloads\No.1\control-volumetrico\vendor\phpunit\phpunit\src\Framework\TestCase.php(519): PHPUnit\Framework\TestCase->runTest()
#59 C:\Users\cesar\Downloads\No.1\control-volumetrico\vendor\phpunit\phpunit\src\Framework\TestRunner\TestRunner.php(87): PHPUnit\Framework\TestCase->runBare()
#60 C:\Users\cesar\Downloads\No.1\control-volumetrico\vendor\phpunit\phpunit\src\Framework\TestCase.php(365): PHPUnit\Framework\TestRunner->run(Object(Tests\Feature\DictamenTest))
#61 C:\Users\cesar\Downloads\No.1\control-volumetrico\vendor\phpunit\phpunit\src\Framework\TestSuite.php(369): PHPUnit\Framework\TestCase->run()
#62 C:\Users\cesar\Downloads\No.1\control-volumetrico\vendor\phpunit\phpunit\src\Framework\TestSuite.php(369): PHPUnit\Framework\TestSuite->run()
#63 C:\Users\cesar\Downloads\No.1\control-volumetrico\vendor\phpunit\phpunit\src\Framework\TestSuite.php(369): PHPUnit\Framework\TestSuite->run()
#64 C:\Users\cesar\Downloads\No.1\control-volumetrico\vendor\phpunit\phpunit\src\TextUI\TestRunner.php(64): PHPUnit\Framework\TestSuite->run()
#65 C:\Users\cesar\Downloads\No.1\control-volumetrico\vendor\phpunit\phpunit\src\TextUI\Application.php(211): PHPUnit\TextUI\TestRunner->run(Object(PHPUnit\TextUI\Configuration\Configuration), Object(PHPUnit\Runner\ResultCache\DefaultResultCache), Object(PHPUnit\Framework\TestSuite))
#66 C:\Users\cesar\Downloads\No.1\control-volumetrico\vendor\phpunit\phpunit\phpunit(104): PHPUnit\TextUI\Application->run(Array)
#67 {main}

----------------------------------------------------------------------------------

Undefined array key "estado" (View: C:\Users\cesar\Downloads\No.1\control-volumetrico\resources\views\dictamenes\show.blade.php)[39;22m

  at [32mtests\Feature\DictamenTest.php[39m:[32m338[39m
    334▕         ]);
    335▕ 
    336▕         $response = $this->get('/dictamenes/exportar?' . http_build_query($filters));
    337▕ 
  ➜ 338▕         $response->assertStatus(200);
    339▕         $response->assertHeader('Content-Type', 'text/csv');
    340▕         $response->assertHeader('Content-Disposition', 'attachment; filename="dictamenes.csv"');
    341▕     }
    342▕ }

  [31m────────────────────────────────────────────────────────────────────────────────────────────────────────────────────[39m  
  [41;1m FAILED [49;22m [1mTests\Feature\ExampleTest[22m [90m>[39m the application returns a successful response                                    
[39;1m  Expected response status code [200] but received 302.
Failed asserting that 302 is identical to 200.[39;22m

  at [32mtests\Feature\ExampleTest.php[39m:[32m17[39m
     13▕     public function test_the_application_returns_a_successful_response(): void
     14▕     {
     15▕         $response = $this->get('/');
     16▕ 
  ➜  17▕         $response->assertStatus(200);
     18▕     }
     19▕ }
     20▕

  [31m────────────────────────────────────────────────────────────────────────────────────────────────────────────────────[39m  
  [41;1m FAILED [49;22m [1mTests\Feature\InstalacionTest[22m [90m>[39m create form displays correctly with contribuyentes                           
[39;1m  Failed asserting that [contribuyentes] matches the expected value.
Failed asserting that two arrays are equal.
--- Expected
+++ Actual
@@ @@
 Array (
-    0 => [...]
-    1 => [...]
 )[39;22m

  at [32mtests\Feature\InstalacionTest.php[39m:[32m48[39m
     44▕         $response = $this->get('/instalaciones/create');
     45▕ 
     46▕         $response->assertStatus(200);
     47▕         $response->assertViewIs('instalaciones.create');
  ➜  48▕         $response->assertViewHas('contribuyentes', $contribuyentes);
     49▕     }
     50▕ 
     51▕     /** @test */
     52▕     public function test_store_creates_instalacion_successfully()

  [31m────────────────────────────────────────────────────────────────────────────────────────────────────────────────────[39m  
  [41;1m FAILED [49;22m [1mTests\Feature\InstalacionTest[22m [90m>[39m store creates instalacion successfully                                       
[39;1m  Failed asserting that two strings are equal.
--- Expected
+++ Actual
@@ @@
-'http://localhost:8001/instalaciones/1'
+'http://localhost:8001'[39;22m

  at [32mtests\Feature\InstalacionTest.php[39m:[32m75[39m
     71▕         $this->mockSuccessfulResponse('/api/instalaciones', $createdInstalacion, 'Instalación creada exitosamente', 201);
     72▕ 
     73▕         $response = $this->post('/instalaciones', $instalacionData);
     74▕ 
  ➜  75▕         $response->assertRedirect('/instalaciones/1');
     76▕         $response->assertSessionHas('success', 'Instalación creada exitosamente');
     77▕     }
     78▕ 
     79▕     /** @test */

  [31m────────────────────────────────────────────────────────────────────────────────────────────────────────────────────[39m  
  [41;1m FAILED [49;22m [1mTests\Feature\InstalacionTest[22m [90m>[39m show displays instalacion details                                            
[39;1m  Expected response status code [200] but received 500.
Failed asserting that 500 is identical to 200.

The following exception occurred during the last request:

ErrorException: Undefined array key "id" in C:\Users\cesar\Downloads\No.1\control-volumetrico\storage\framework\views\1ab6a036d5b805e0a4e28e060065d190.php:7
Stack trace:
#0 C:\Users\cesar\Downloads\No.1\control-volumetrico\vendor\laravel\framework\src\Illuminate\Foundation\Bootstrap\HandleExceptions.php(258): Illuminate\Foundation\Bootstrap\HandleExceptions->handleError(2, 'Undefined array...', 'C:\\Users\\cesar\\...', 7)
#1 C:\Users\cesar\Downloads\No.1\control-volumetrico\storage\framework\views\1ab6a036d5b805e0a4e28e060065d190.php(7): Illuminate\Foundation\Bootstrap\HandleExceptions->Illuminate\Foundation\Bootstrap\{closure}(2, 'Undefined array...', 'C:\\Users\\cesar\\...', 7)
#2 C:\Users\cesar\Downloads\No.1\control-volumetrico\vendor\laravel\framework\src\Illuminate\Filesystem\Filesystem.php(123): require('C:\\Users\\cesar\\...')
#3 C:\Users\cesar\Downloads\No.1\control-volumetrico\vendor\laravel\framework\src\Illuminate\Filesystem\Filesystem.php(124): Illuminate\Filesystem\Filesystem::Illuminate\Filesystem\{closure}()
#4 C:\Users\cesar\Downloads\No.1\control-volumetrico\vendor\laravel\framework\src\Illuminate\View\Engines\PhpEngine.php(57): Illuminate\Filesystem\Filesystem->getRequire('C:\\Users\\cesar\\...', Array)
#5 C:\Users\cesar\Downloads\No.1\control-volumetrico\vendor\laravel\framework\src\Illuminate\View\Engines\CompilerEngine.php(76): Illuminate\View\Engines\PhpEngine->evaluatePath('C:\\Users\\cesar\\...', Array)
#6 C:\Users\cesar\Downloads\No.1\control-volumetrico\vendor\laravel\framework\src\Illuminate\View\View.php(208): Illuminate\View\Engines\CompilerEngine->get('C:\\Users\\cesar\\...', Array)
#7 C:\Users\cesar\Downloads\No.1\control-volumetrico\vendor\laravel\framework\src\Illuminate\View\View.php(191): Illuminate\View\View->getContents()
#8 C:\Users\cesar\Downloads\No.1\control-volumetrico\vendor\laravel\framework\src\Illuminate\View\View.php(160): Illuminate\View\View->renderContents()
#9 C:\Users\cesar\Downloads\No.1\control-volumetrico\vendor\laravel\framework\src\Illuminate\Http\Response.php(78): Illuminate\View\View->render()
#10 C:\Users\cesar\Downloads\No.1\control-volumetrico\vendor\laravel\framework\src\Illuminate\Http\Response.php(34): Illuminate\Http\Response->setContent(Object(Illuminate\View\View))
#11 C:\Users\cesar\Downloads\No.1\control-volumetrico\vendor\laravel\framework\src\Illuminate\Routing\Router.php(939): Illuminate\Http\Response->__construct(Object(Illuminate\View\View), 200, Array)
#12 C:\Users\cesar\Downloads\No.1\control-volumetrico\vendor\laravel\framework\src\Illuminate\Routing\Router.php(906): Illuminate\Routing\Router::toResponse(Object(Illuminate\Http\Request), Object(Illuminate\View\View))
#13 C:\Users\cesar\Downloads\No.1\control-volumetrico\vendor\laravel\framework\src\Illuminate\Routing\Router.php(821): Illuminate\Routing\Router->prepareResponse(Object(Illuminate\Http\Request), Object(Illuminate\View\View))
#14 C:\Users\cesar\Downloads\No.1\control-volumetrico\vendor\laravel\framework\src\Illuminate\Pipeline\Pipeline.php(180): Illuminate\Routing\Router->Illuminate\Routing\{closure}(Object(Illuminate\Http\Request))
#15 C:\Users\cesar\Downloads\No.1\control-volumetrico\app\Http\Middleware\ApiAuthenticated.php(18): Illuminate\Pipeline\Pipeline->Illuminate\Pipeline\{closure}(Object(Illuminate\Http\Request))
#16 C:\Users\cesar\Downloads\No.1\control-volumetrico\vendor\laravel\framework\src\Illuminate\Pipeline\Pipeline.php(219): App\Http\Middleware\ApiAuthenticated->handle(Object(Illuminate\Http\Request), Object(Closure))
#17 C:\Users\cesar\Downloads\No.1\control-volumetrico\vendor\laravel\framework\src\Illuminate\Routing\Middleware\SubstituteBindings.php(50): Illuminate\Pipeline\Pipeline->Illuminate\Pipeline\{closure}(Object(Illuminate\Http\Request))
#18 C:\Users\cesar\Downloads\No.1\control-volumetrico\vendor\laravel\framework\src\Illuminate\Pipeline\Pipeline.php(219): Illuminate\Routing\Middleware\SubstituteBindings->handle(Object(Illuminate\Http\Request), Object(Closure))
#19 C:\Users\cesar\Downloads\No.1\control-volumetrico\vendor\laravel\framework\src\Illuminate\Foundation\Http\Middleware\VerifyCsrfToken.php(87): Illuminate\Pipeline\Pipeline->Illuminate\Pipeline\{closure}(Object(Illuminate\Http\Request))
#20 C:\Users\cesar\Downloads\No.1\control-volumetrico\vendor\laravel\framework\src\Illuminate\Pipeline\Pipeline.php(219): Illuminate\Foundation\Http\Middleware\VerifyCsrfToken->handle(Object(Illuminate\Http\Request), Object(Closure))
#21 C:\Users\cesar\Downloads\No.1\control-volumetrico\vendor\laravel\framework\src\Illuminate\View\Middleware\ShareErrorsFromSession.php(48): Illuminate\Pipeline\Pipeline->Illuminate\Pipeline\{closure}(Object(Illuminate\Http\Request))
#22 C:\Users\cesar\Downloads\No.1\control-volumetrico\vendor\laravel\framework\src\Illuminate\Pipeline\Pipeline.php(219): Illuminate\View\Middleware\ShareErrorsFromSession->handle(Object(Illuminate\Http\Request), Object(Closure))
#23 C:\Users\cesar\Downloads\No.1\control-volumetrico\vendor\laravel\framework\src\Illuminate\Session\Middleware\StartSession.php(120): Illuminate\Pipeline\Pipeline->Illuminate\Pipeline\{closure}(Object(Illuminate\Http\Request))
#24 C:\Users\cesar\Downloads\No.1\control-volumetrico\vendor\laravel\framework\src\Illuminate\Session\Middleware\StartSession.php(63): Illuminate\Session\Middleware\StartSession->handleStatefulRequest(Object(Illuminate\Http\Request), Object(Illuminate\Session\Store), Object(Closure))
#25 C:\Users\cesar\Downloads\No.1\control-volumetrico\vendor\laravel\framework\src\Illuminate\Pipeline\Pipeline.php(219): Illuminate\Session\Middleware\StartSession->handle(Object(Illuminate\Http\Request), Object(Closure))
#26 C:\Users\cesar\Downloads\No.1\control-volumetrico\vendor\laravel\framework\src\Illuminate\Cookie\Middleware\AddQueuedCookiesToResponse.php(36): Illuminate\Pipeline\Pipeline->Illuminate\Pipeline\{closure}(Object(Illuminate\Http\Request))
#27 C:\Users\cesar\Downloads\No.1\control-volumetrico\vendor\laravel\framework\src\Illuminate\Pipeline\Pipeline.php(219): Illuminate\Cookie\Middleware\AddQueuedCookiesToResponse->handle(Object(Illuminate\Http\Request), Object(Closure))
#28 C:\Users\cesar\Downloads\No.1\control-volumetrico\vendor\laravel\framework\src\Illuminate\Cookie\Middleware\EncryptCookies.php(74): Illuminate\Pipeline\Pipeline->Illuminate\Pipeline\{closure}(Object(Illuminate\Http\Request))
#29 C:\Users\cesar\Downloads\No.1\control-volumetrico\vendor\laravel\framework\src\Illuminate\Pipeline\Pipeline.php(219): Illuminate\Cookie\Middleware\EncryptCookies->handle(Object(Illuminate\Http\Request), Object(Closure))
#30 C:\Users\cesar\Downloads\No.1\control-volumetrico\vendor\laravel\framework\src\Illuminate\Pipeline\Pipeline.php(137): Illuminate\Pipeline\Pipeline->Illuminate\Pipeline\{closure}(Object(Illuminate\Http\Request))
#31 C:\Users\cesar\Downloads\No.1\control-volumetrico\vendor\laravel\framework\src\Illuminate\Routing\Router.php(821): Illuminate\Pipeline\Pipeline->then(Object(Closure))
#32 C:\Users\cesar\Downloads\No.1\control-volumetrico\vendor\laravel\framework\src\Illuminate\Routing\Router.php(800): Illuminate\Routing\Router->runRouteWithinStack(Object(Illuminate\Routing\Route), Object(Illuminate\Http\Request))
#33 C:\Users\cesar\Downloads\No.1\control-volumetrico\vendor\laravel\framework\src\Illuminate\Routing\Router.php(764): Illuminate\Routing\Router->runRoute(Object(Illuminate\Http\Request), Object(Illuminate\Routing\Route))
#34 C:\Users\cesar\Downloads\No.1\control-volumetrico\vendor\laravel\framework\src\Illuminate\Routing\Router.php(753): Illuminate\Routing\Router->dispatchToRoute(Object(Illuminate\Http\Request))
#35 C:\Users\cesar\Downloads\No.1\control-volumetrico\vendor\laravel\framework\src\Illuminate\Foundation\Http\Kernel.php(200): Illuminate\Routing\Router->dispatch(Object(Illuminate\Http\Request))
#36 C:\Users\cesar\Downloads\No.1\control-volumetrico\vendor\laravel\framework\src\Illuminate\Pipeline\Pipeline.php(180): Illuminate\Foundation\Http\Kernel->Illuminate\Foundation\Http\{closure}(Object(Illuminate\Http\Request))
#37 C:\Users\cesar\Downloads\No.1\control-volumetrico\vendor\laravel\framework\src\Illuminate\Foundation\Http\Middleware\TransformsRequest.php(21): Illuminate\Pipeline\Pipeline->Illuminate\Pipeline\{closure}(Object(Illuminate\Http\Request))
#38 C:\Users\cesar\Downloads\No.1\control-volumetrico\vendor\laravel\framework\src\Illuminate\Foundation\Http\Middleware\ConvertEmptyStringsToNull.php(31): Illuminate\Foundation\Http\Middleware\TransformsRequest->handle(Object(Illuminate\Http\Request), Object(Closure))
#39 C:\Users\cesar\Downloads\No.1\control-volumetrico\vendor\laravel\framework\src\Illuminate\Pipeline\Pipeline.php(219): Illuminate\Foundation\Http\Middleware\ConvertEmptyStringsToNull->handle(Object(Illuminate\Http\Request), Object(Closure))
#40 C:\Users\cesar\Downloads\No.1\control-volumetrico\vendor\laravel\framework\src\Illuminate\Foundation\Http\Middleware\TransformsRequest.php(21): Illuminate\Pipeline\Pipeline->Illuminate\Pipeline\{closure}(Object(Illuminate\Http\Request))
#41 C:\Users\cesar\Downloads\No.1\control-volumetrico\vendor\laravel\framework\src\Illuminate\Foundation\Http\Middleware\TrimStrings.php(51): Illuminate\Foundation\Http\Middleware\TransformsRequest->handle(Object(Illuminate\Http\Request), Object(Closure))
#42 C:\Users\cesar\Downloads\No.1\control-volumetrico\vendor\laravel\framework\src\Illuminate\Pipeline\Pipeline.php(219): Illuminate\Foundation\Http\Middleware\TrimStrings->handle(Object(Illuminate\Http\Request), Object(Closure))
#43 C:\Users\cesar\Downloads\No.1\control-volumetrico\vendor\laravel\framework\src\Illuminate\Http\Middleware\ValidatePostSize.php(27): Illuminate\Pipeline\Pipeline->Illuminate\Pipeline\{closure}(Object(Illuminate\Http\Request))
#44 C:\Users\cesar\Downloads\No.1\control-volumetrico\vendor\laravel\framework\src\Illuminate\Pipeline\Pipeline.php(219): Illuminate\Http\Middleware\ValidatePostSize->handle(Object(Illuminate\Http\Request), Object(Closure))
#45 C:\Users\cesar\Downloads\No.1\control-volumetrico\vendor\laravel\framework\src\Illuminate\Foundation\Http\Middleware\PreventRequestsDuringMaintenance.php(109): Illuminate\Pipeline\Pipeline->Illuminate\Pipeline\{closure}(Object(Illuminate\Http\Request))
#46 C:\Users\cesar\Downloads\No.1\control-volumetrico\vendor\laravel\framework\src\Illuminate\Pipeline\Pipeline.php(219): Illuminate\Foundation\Http\Middleware\PreventRequestsDuringMaintenance->handle(Object(Illuminate\Http\Request), Object(Closure))
#47 C:\Users\cesar\Downloads\No.1\control-volumetrico\vendor\laravel\framework\src\Illuminate\Http\Middleware\HandleCors.php(61): Illuminate\Pipeline\Pipeline->Illuminate\Pipeline\{closure}(Object(Illuminate\Http\Request))
#48 C:\Users\cesar\Downloads\No.1\control-volumetrico\vendor\laravel\framework\src\Illuminate\Pipeline\Pipeline.php(219): Illuminate\Http\Middleware\HandleCors->handle(Object(Illuminate\Http\Request), Object(Closure))
#49 C:\Users\cesar\Downloads\No.1\control-volumetrico\vendor\laravel\framework\src\Illuminate\Http\Middleware\TrustProxies.php(58): Illuminate\Pipeline\Pipeline->Illuminate\Pipeline\{closure}(Object(Illuminate\Http\Request))
#50 C:\Users\cesar\Downloads\No.1\control-volumetrico\vendor\laravel\framework\src\Illuminate\Pipeline\Pipeline.php(219): Illuminate\Http\Middleware\TrustProxies->handle(Object(Illuminate\Http\Request), Object(Closure))
#51 C:\Users\cesar\Downloads\No.1\control-volumetrico\vendor\laravel\framework\src\Illuminate\Foundation\Http\Middleware\InvokeDeferredCallbacks.php(22): Illuminate\Pipeline\Pipeline->Illuminate\Pipeline\{closure}(Object(Illuminate\Http\Request))
#52 C:\Users\cesar\Downloads\No.1\control-volumetrico\vendor\laravel\framework\src\Illuminate\Pipeline\Pipeline.php(219): Illuminate\Foundation\Http\Middleware\InvokeDeferredCallbacks->handle(Object(Illuminate\Http\Request), Object(Closure))
#53 C:\Users\cesar\Downloads\No.1\control-volumetrico\vendor\laravel\framework\src\Illuminate\Http\Middleware\ValidatePathEncoding.php(26): Illuminate\Pipeline\Pipeline->Illuminate\Pipeline\{closure}(Object(Illuminate\Http\Request))
#54 C:\Users\cesar\Downloads\No.1\control-volumetrico\vendor\laravel\framework\src\Illuminate\Pipeline\Pipeline.php(219): Illuminate\Http\Middleware\ValidatePathEncoding->handle(Object(Illuminate\Http\Request), Object(Closure))
#55 C:\Users\cesar\Downloads\No.1\control-volumetrico\vendor\laravel\framework\src\Illuminate\Pipeline\Pipeline.php(137): Illuminate\Pipeline\Pipeline->Illuminate\Pipeline\{closure}(Object(Illuminate\Http\Request))
#56 C:\Users\cesar\Downloads\No.1\control-volumetrico\vendor\laravel\framework\src\Illuminate\Foundation\Http\Kernel.php(175): Illuminate\Pipeline\Pipeline->then(Object(Closure))
#57 C:\Users\cesar\Downloads\No.1\control-volumetrico\vendor\laravel\framework\src\Illuminate\Foundation\Http\Kernel.php(144): Illuminate\Foundation\Http\Kernel->sendRequestThroughRouter(Object(Illuminate\Http\Request))
#58 C:\Users\cesar\Downloads\No.1\control-volumetrico\vendor\laravel\framework\src\Illuminate\Foundation\Testing\Concerns\MakesHttpRequests.php(607): Illuminate\Foundation\Http\Kernel->handle(Object(Illuminate\Http\Request))
#59 C:\Users\cesar\Downloads\No.1\control-volumetrico\vendor\laravel\framework\src\Illuminate\Foundation\Testing\Concerns\MakesHttpRequests.php(368): Illuminate\Foundation\Testing\TestCase->call('GET', '/instalaciones/...', Array, Array, Array, Array)
#60 C:\Users\cesar\Downloads\No.1\control-volumetrico\tests\Feature\InstalacionTest.php(105): Illuminate\Foundation\Testing\TestCase->get('/instalaciones/...')
#61 C:\Users\cesar\Downloads\No.1\control-volumetrico\vendor\phpunit\phpunit\src\Framework\TestCase.php(1667): Tests\Feature\InstalacionTest->test_show_displays_instalacion_details()
#62 C:\Users\cesar\Downloads\No.1\control-volumetrico\vendor\phpunit\phpunit\src\Framework\TestCase.php(519): PHPUnit\Framework\TestCase->runTest()
#63 C:\Users\cesar\Downloads\No.1\control-volumetrico\vendor\phpunit\phpunit\src\Framework\TestRunner\TestRunner.php(87): PHPUnit\Framework\TestCase->runBare()
#64 C:\Users\cesar\Downloads\No.1\control-volumetrico\vendor\phpunit\phpunit\src\Framework\TestCase.php(365): PHPUnit\Framework\TestRunner->run(Object(Tests\Feature\InstalacionTest))
#65 C:\Users\cesar\Downloads\No.1\control-volumetrico\vendor\phpunit\phpunit\src\Framework\TestSuite.php(369): PHPUnit\Framework\TestCase->run()
#66 C:\Users\cesar\Downloads\No.1\control-volumetrico\vendor\phpunit\phpunit\src\Framework\TestSuite.php(369): PHPUnit\Framework\TestSuite->run()
#67 C:\Users\cesar\Downloads\No.1\control-volumetrico\vendor\phpunit\phpunit\src\Framework\TestSuite.php(369): PHPUnit\Framework\TestSuite->run()
#68 C:\Users\cesar\Downloads\No.1\control-volumetrico\vendor\phpunit\phpunit\src\TextUI\TestRunner.php(64): PHPUnit\Framework\TestSuite->run()
#69 C:\Users\cesar\Downloads\No.1\control-volumetrico\vendor\phpunit\phpunit\src\TextUI\Application.php(211): PHPUnit\TextUI\TestRunner->run(Object(PHPUnit\TextUI\Configuration\Configuration), Object(PHPUnit\Runner\ResultCache\DefaultResultCache), Object(PHPUnit\Framework\TestSuite))
#70 C:\Users\cesar\Downloads\No.1\control-volumetrico\vendor\phpunit\phpunit\phpunit(104): PHPUnit\TextUI\Application->run(Array)
#71 {main}

Next Illuminate\View\ViewException: Undefined array key "id" (View: C:\Users\cesar\Downloads\No.1\control-volumetrico\resources\views\instalaciones\show.blade.php) in C:\Users\cesar\Downloads\No.1\control-volumetrico\storage\framework\views\1ab6a036d5b805e0a4e28e060065d190.php:7
Stack trace:
#0 C:\Users\cesar\Downloads\No.1\control-volumetrico\vendor\laravel\framework\src\Illuminate\View\Engines\PhpEngine.php(59): Illuminate\View\Engines\CompilerEngine->handleViewException(Object(ErrorException), 1)
#1 C:\Users\cesar\Downloads\No.1\control-volumetrico\vendor\laravel\framework\src\Illuminate\View\Engines\CompilerEngine.php(76): Illuminate\View\Engines\PhpEngine->evaluatePath('C:\\Users\\cesar\\...', Array)
#2 C:\Users\cesar\Downloads\No.1\control-volumetrico\vendor\laravel\framework\src\Illuminate\View\View.php(208): Illuminate\View\Engines\CompilerEngine->get('C:\\Users\\cesar\\...', Array)
#3 C:\Users\cesar\Downloads\No.1\control-volumetrico\vendor\laravel\framework\src\Illuminate\View\View.php(191): Illuminate\View\View->getContents()
#4 C:\Users\cesar\Downloads\No.1\control-volumetrico\vendor\laravel\framework\src\Illuminate\View\View.php(160): Illuminate\View\View->renderContents()
#5 C:\Users\cesar\Downloads\No.1\control-volumetrico\vendor\laravel\framework\src\Illuminate\Http\Response.php(78): Illuminate\View\View->render()
#6 C:\Users\cesar\Downloads\No.1\control-volumetrico\vendor\laravel\framework\src\Illuminate\Http\Response.php(34): Illuminate\Http\Response->setContent(Object(Illuminate\View\View))
#7 C:\Users\cesar\Downloads\No.1\control-volumetrico\vendor\laravel\framework\src\Illuminate\Routing\Router.php(939): Illuminate\Http\Response->__construct(Object(Illuminate\View\View), 200, Array)
#8 C:\Users\cesar\Downloads\No.1\control-volumetrico\vendor\laravel\framework\src\Illuminate\Routing\Router.php(906): Illuminate\Routing\Router::toResponse(Object(Illuminate\Http\Request), Object(Illuminate\View\View))
#9 C:\Users\cesar\Downloads\No.1\control-volumetrico\vendor\laravel\framework\src\Illuminate\Routing\Router.php(821): Illuminate\Routing\Router->prepareResponse(Object(Illuminate\Http\Request), Object(Illuminate\View\View))
#10 C:\Users\cesar\Downloads\No.1\control-volumetrico\vendor\laravel\framework\src\Illuminate\Pipeline\Pipeline.php(180): Illuminate\Routing\Router->Illuminate\Routing\{closure}(Object(Illuminate\Http\Request))
#11 C:\Users\cesar\Downloads\No.1\control-volumetrico\app\Http\Middleware\ApiAuthenticated.php(18): Illuminate\Pipeline\Pipeline->Illuminate\Pipeline\{closure}(Object(Illuminate\Http\Request))
#12 C:\Users\cesar\Downloads\No.1\control-volumetrico\vendor\laravel\framework\src\Illuminate\Pipeline\Pipeline.php(219): App\Http\Middleware\ApiAuthenticated->handle(Object(Illuminate\Http\Request), Object(Closure))
#13 C:\Users\cesar\Downloads\No.1\control-volumetrico\vendor\laravel\framework\src\Illuminate\Routing\Middleware\SubstituteBindings.php(50): Illuminate\Pipeline\Pipeline->Illuminate\Pipeline\{closure}(Object(Illuminate\Http\Request))
#14 C:\Users\cesar\Downloads\No.1\control-volumetrico\vendor\laravel\framework\src\Illuminate\Pipeline\Pipeline.php(219): Illuminate\Routing\Middleware\SubstituteBindings->handle(Object(Illuminate\Http\Request), Object(Closure))
#15 C:\Users\cesar\Downloads\No.1\control-volumetrico\vendor\laravel\framework\src\Illuminate\Foundation\Http\Middleware\VerifyCsrfToken.php(87): Illuminate\Pipeline\Pipeline->Illuminate\Pipeline\{closure}(Object(Illuminate\Http\Request))
#16 C:\Users\cesar\Downloads\No.1\control-volumetrico\vendor\laravel\framework\src\Illuminate\Pipeline\Pipeline.php(219): Illuminate\Foundation\Http\Middleware\VerifyCsrfToken->handle(Object(Illuminate\Http\Request), Object(Closure))
#17 C:\Users\cesar\Downloads\No.1\control-volumetrico\vendor\laravel\framework\src\Illuminate\View\Middleware\ShareErrorsFromSession.php(48): Illuminate\Pipeline\Pipeline->Illuminate\Pipeline\{closure}(Object(Illuminate\Http\Request))
#18 C:\Users\cesar\Downloads\No.1\control-volumetrico\vendor\laravel\framework\src\Illuminate\Pipeline\Pipeline.php(219): Illuminate\View\Middleware\ShareErrorsFromSession->handle(Object(Illuminate\Http\Request), Object(Closure))
#19 C:\Users\cesar\Downloads\No.1\control-volumetrico\vendor\laravel\framework\src\Illuminate\Session\Middleware\StartSession.php(120): Illuminate\Pipeline\Pipeline->Illuminate\Pipeline\{closure}(Object(Illuminate\Http\Request))
#20 C:\Users\cesar\Downloads\No.1\control-volumetrico\vendor\laravel\framework\src\Illuminate\Session\Middleware\StartSession.php(63): Illuminate\Session\Middleware\StartSession->handleStatefulRequest(Object(Illuminate\Http\Request), Object(Illuminate\Session\Store), Object(Closure))
#21 C:\Users\cesar\Downloads\No.1\control-volumetrico\vendor\laravel\framework\src\Illuminate\Pipeline\Pipeline.php(219): Illuminate\Session\Middleware\StartSession->handle(Object(Illuminate\Http\Request), Object(Closure))
#22 C:\Users\cesar\Downloads\No.1\control-volumetrico\vendor\laravel\framework\src\Illuminate\Cookie\Middleware\AddQueuedCookiesToResponse.php(36): Illuminate\Pipeline\Pipeline->Illuminate\Pipeline\{closure}(Object(Illuminate\Http\Request))
#23 C:\Users\cesar\Downloads\No.1\control-volumetrico\vendor\laravel\framework\src\Illuminate\Pipeline\Pipeline.php(219): Illuminate\Cookie\Middleware\AddQueuedCookiesToResponse->handle(Object(Illuminate\Http\Request), Object(Closure))
#24 C:\Users\cesar\Downloads\No.1\control-volumetrico\vendor\laravel\framework\src\Illuminate\Cookie\Middleware\EncryptCookies.php(74): Illuminate\Pipeline\Pipeline->Illuminate\Pipeline\{closure}(Object(Illuminate\Http\Request))
#25 C:\Users\cesar\Downloads\No.1\control-volumetrico\vendor\laravel\framework\src\Illuminate\Pipeline\Pipeline.php(219): Illuminate\Cookie\Middleware\EncryptCookies->handle(Object(Illuminate\Http\Request), Object(Closure))
#26 C:\Users\cesar\Downloads\No.1\control-volumetrico\vendor\laravel\framework\src\Illuminate\Pipeline\Pipeline.php(137): Illuminate\Pipeline\Pipeline->Illuminate\Pipeline\{closure}(Object(Illuminate\Http\Request))
#27 C:\Users\cesar\Downloads\No.1\control-volumetrico\vendor\laravel\framework\src\Illuminate\Routing\Router.php(821): Illuminate\Pipeline\Pipeline->then(Object(Closure))
#28 C:\Users\cesar\Downloads\No.1\control-volumetrico\vendor\laravel\framework\src\Illuminate\Routing\Router.php(800): Illuminate\Routing\Router->runRouteWithinStack(Object(Illuminate\Routing\Route), Object(Illuminate\Http\Request))
#29 C:\Users\cesar\Downloads\No.1\control-volumetrico\vendor\laravel\framework\src\Illuminate\Routing\Router.php(764): Illuminate\Routing\Router->runRoute(Object(Illuminate\Http\Request), Object(Illuminate\Routing\Route))
#30 C:\Users\cesar\Downloads\No.1\control-volumetrico\vendor\laravel\framework\src\Illuminate\Routing\Router.php(753): Illuminate\Routing\Router->dispatchToRoute(Object(Illuminate\Http\Request))
#31 C:\Users\cesar\Downloads\No.1\control-volumetrico\vendor\laravel\framework\src\Illuminate\Foundation\Http\Kernel.php(200): Illuminate\Routing\Router->dispatch(Object(Illuminate\Http\Request))
#32 C:\Users\cesar\Downloads\No.1\control-volumetrico\vendor\laravel\framework\src\Illuminate\Pipeline\Pipeline.php(180): Illuminate\Foundation\Http\Kernel->Illuminate\Foundation\Http\{closure}(Object(Illuminate\Http\Request))
#33 C:\Users\cesar\Downloads\No.1\control-volumetrico\vendor\laravel\framework\src\Illuminate\Foundation\Http\Middleware\TransformsRequest.php(21): Illuminate\Pipeline\Pipeline->Illuminate\Pipeline\{closure}(Object(Illuminate\Http\Request))
#34 C:\Users\cesar\Downloads\No.1\control-volumetrico\vendor\laravel\framework\src\Illuminate\Foundation\Http\Middleware\ConvertEmptyStringsToNull.php(31): Illuminate\Foundation\Http\Middleware\TransformsRequest->handle(Object(Illuminate\Http\Request), Object(Closure))
#35 C:\Users\cesar\Downloads\No.1\control-volumetrico\vendor\laravel\framework\src\Illuminate\Pipeline\Pipeline.php(219): Illuminate\Foundation\Http\Middleware\ConvertEmptyStringsToNull->handle(Object(Illuminate\Http\Request), Object(Closure))
#36 C:\Users\cesar\Downloads\No.1\control-volumetrico\vendor\laravel\framework\src\Illuminate\Foundation\Http\Middleware\TransformsRequest.php(21): Illuminate\Pipeline\Pipeline->Illuminate\Pipeline\{closure}(Object(Illuminate\Http\Request))
#37 C:\Users\cesar\Downloads\No.1\control-volumetrico\vendor\laravel\framework\src\Illuminate\Foundation\Http\Middleware\TrimStrings.php(51): Illuminate\Foundation\Http\Middleware\TransformsRequest->handle(Object(Illuminate\Http\Request), Object(Closure))
#38 C:\Users\cesar\Downloads\No.1\control-volumetrico\vendor\laravel\framework\src\Illuminate\Pipeline\Pipeline.php(219): Illuminate\Foundation\Http\Middleware\TrimStrings->handle(Object(Illuminate\Http\Request), Object(Closure))
#39 C:\Users\cesar\Downloads\No.1\control-volumetrico\vendor\laravel\framework\src\Illuminate\Http\Middleware\ValidatePostSize.php(27): Illuminate\Pipeline\Pipeline->Illuminate\Pipeline\{closure}(Object(Illuminate\Http\Request))
#40 C:\Users\cesar\Downloads\No.1\control-volumetrico\vendor\laravel\framework\src\Illuminate\Pipeline\Pipeline.php(219): Illuminate\Http\Middleware\ValidatePostSize->handle(Object(Illuminate\Http\Request), Object(Closure))
#41 C:\Users\cesar\Downloads\No.1\control-volumetrico\vendor\laravel\framework\src\Illuminate\Foundation\Http\Middleware\PreventRequestsDuringMaintenance.php(109): Illuminate\Pipeline\Pipeline->Illuminate\Pipeline\{closure}(Object(Illuminate\Http\Request))
#42 C:\Users\cesar\Downloads\No.1\control-volumetrico\vendor\laravel\framework\src\Illuminate\Pipeline\Pipeline.php(219): Illuminate\Foundation\Http\Middleware\PreventRequestsDuringMaintenance->handle(Object(Illuminate\Http\Request), Object(Closure))
#43 C:\Users\cesar\Downloads\No.1\control-volumetrico\vendor\laravel\framework\src\Illuminate\Http\Middleware\HandleCors.php(61): Illuminate\Pipeline\Pipeline->Illuminate\Pipeline\{closure}(Object(Illuminate\Http\Request))
#44 C:\Users\cesar\Downloads\No.1\control-volumetrico\vendor\laravel\framework\src\Illuminate\Pipeline\Pipeline.php(219): Illuminate\Http\Middleware\HandleCors->handle(Object(Illuminate\Http\Request), Object(Closure))
#45 C:\Users\cesar\Downloads\No.1\control-volumetrico\vendor\laravel\framework\src\Illuminate\Http\Middleware\TrustProxies.php(58): Illuminate\Pipeline\Pipeline->Illuminate\Pipeline\{closure}(Object(Illuminate\Http\Request))
#46 C:\Users\cesar\Downloads\No.1\control-volumetrico\vendor\laravel\framework\src\Illuminate\Pipeline\Pipeline.php(219): Illuminate\Http\Middleware\TrustProxies->handle(Object(Illuminate\Http\Request), Object(Closure))
#47 C:\Users\cesar\Downloads\No.1\control-volumetrico\vendor\laravel\framework\src\Illuminate\Foundation\Http\Middleware\InvokeDeferredCallbacks.php(22): Illuminate\Pipeline\Pipeline->Illuminate\Pipeline\{closure}(Object(Illuminate\Http\Request))
#48 C:\Users\cesar\Downloads\No.1\control-volumetrico\vendor\laravel\framework\src\Illuminate\Pipeline\Pipeline.php(219): Illuminate\Foundation\Http\Middleware\InvokeDeferredCallbacks->handle(Object(Illuminate\Http\Request), Object(Closure))
#49 C:\Users\cesar\Downloads\No.1\control-volumetrico\vendor\laravel\framework\src\Illuminate\Http\Middleware\ValidatePathEncoding.php(26): Illuminate\Pipeline\Pipeline->Illuminate\Pipeline\{closure}(Object(Illuminate\Http\Request))
#50 C:\Users\cesar\Downloads\No.1\control-volumetrico\vendor\laravel\framework\src\Illuminate\Pipeline\Pipeline.php(219): Illuminate\Http\Middleware\ValidatePathEncoding->handle(Object(Illuminate\Http\Request), Object(Closure))
#51 C:\Users\cesar\Downloads\No.1\control-volumetrico\vendor\laravel\framework\src\Illuminate\Pipeline\Pipeline.php(137): Illuminate\Pipeline\Pipeline->Illuminate\Pipeline\{closure}(Object(Illuminate\Http\Request))
#52 C:\Users\cesar\Downloads\No.1\control-volumetrico\vendor\laravel\framework\src\Illuminate\Foundation\Http\Kernel.php(175): Illuminate\Pipeline\Pipeline->then(Object(Closure))
#53 C:\Users\cesar\Downloads\No.1\control-volumetrico\vendor\laravel\framework\src\Illuminate\Foundation\Http\Kernel.php(144): Illuminate\Foundation\Http\Kernel->sendRequestThroughRouter(Object(Illuminate\Http\Request))
#54 C:\Users\cesar\Downloads\No.1\control-volumetrico\vendor\laravel\framework\src\Illuminate\Foundation\Testing\Concerns\MakesHttpRequests.php(607): Illuminate\Foundation\Http\Kernel->handle(Object(Illuminate\Http\Request))
#55 C:\Users\cesar\Downloads\No.1\control-volumetrico\vendor\laravel\framework\src\Illuminate\Foundation\Testing\Concerns\MakesHttpRequests.php(368): Illuminate\Foundation\Testing\TestCase->call('GET', '/instalaciones/...', Array, Array, Array, Array)
#56 C:\Users\cesar\Downloads\No.1\control-volumetrico\tests\Feature\InstalacionTest.php(105): Illuminate\Foundation\Testing\TestCase->get('/instalaciones/...')
#57 C:\Users\cesar\Downloads\No.1\control-volumetrico\vendor\phpunit\phpunit\src\Framework\TestCase.php(1667): Tests\Feature\InstalacionTest->test_show_displays_instalacion_details()
#58 C:\Users\cesar\Downloads\No.1\control-volumetrico\vendor\phpunit\phpunit\src\Framework\TestCase.php(519): PHPUnit\Framework\TestCase->runTest()
#59 C:\Users\cesar\Downloads\No.1\control-volumetrico\vendor\phpunit\phpunit\src\Framework\TestRunner\TestRunner.php(87): PHPUnit\Framework\TestCase->runBare()
#60 C:\Users\cesar\Downloads\No.1\control-volumetrico\vendor\phpunit\phpunit\src\Framework\TestCase.php(365): PHPUnit\Framework\TestRunner->run(Object(Tests\Feature\InstalacionTest))
#61 C:\Users\cesar\Downloads\No.1\control-volumetrico\vendor\phpunit\phpunit\src\Framework\TestSuite.php(369): PHPUnit\Framework\TestCase->run()
#62 C:\Users\cesar\Downloads\No.1\control-volumetrico\vendor\phpunit\phpunit\src\Framework\TestSuite.php(369): PHPUnit\Framework\TestSuite->run()
#63 C:\Users\cesar\Downloads\No.1\control-volumetrico\vendor\phpunit\phpunit\src\Framework\TestSuite.php(369): PHPUnit\Framework\TestSuite->run()
#64 C:\Users\cesar\Downloads\No.1\control-volumetrico\vendor\phpunit\phpunit\src\TextUI\TestRunner.php(64): PHPUnit\Framework\TestSuite->run()
#65 C:\Users\cesar\Downloads\No.1\control-volumetrico\vendor\phpunit\phpunit\src\TextUI\Application.php(211): PHPUnit\TextUI\TestRunner->run(Object(PHPUnit\TextUI\Configuration\Configuration), Object(PHPUnit\Runner\ResultCache\DefaultResultCache), Object(PHPUnit\Framework\TestSuite))
#66 C:\Users\cesar\Downloads\No.1\control-volumetrico\vendor\phpunit\phpunit\phpunit(104): PHPUnit\TextUI\Application->run(Array)
#67 {main}

----------------------------------------------------------------------------------

Undefined array key "id" (View: C:\Users\cesar\Downloads\No.1\control-volumetrico\resources\views\instalaciones\show.blade.php)[39;22m

  at [32mtests\Feature\InstalacionTest.php[39m:[32m107[39m
    103▕         $this->mockSuccessfulResponse('/api/instalaciones/1', $instalacion);
    104▕ 
    105▕         $response = $this->get('/instalaciones/1');
    106▕ 
  ➜ 107▕         $response->assertStatus(200);
    108▕         $response->assertViewIs('instalaciones.show');
    109▕         $response->assertViewHas('instalacion', $instalacion);
    110▕     }
    111▕

  [31m────────────────────────────────────────────────────────────────────────────────────────────────────────────────────[39m  
  [41;1m FAILED [49;22m [1mTests\Feature\InstalacionTest[22m [90m>[39m resumen operativo displays operational summary                               
[39;1m  Expected response status code [200] but received 500.
Failed asserting that 500 is identical to 200.

The following exception occurred during the last request:

ErrorException: Undefined array key "instalacion_id" in C:\Users\cesar\Downloads\No.1\control-volumetrico\storage\framework\views\e94c340fd28f243778053487e3e08f03.php:7
Stack trace:
#0 C:\Users\cesar\Downloads\No.1\control-volumetrico\vendor\laravel\framework\src\Illuminate\Foundation\Bootstrap\HandleExceptions.php(258): Illuminate\Foundation\Bootstrap\HandleExceptions->handleError(2, 'Undefined array...', 'C:\\Users\\cesar\\...', 7)
#1 C:\Users\cesar\Downloads\No.1\control-volumetrico\storage\framework\views\e94c340fd28f243778053487e3e08f03.php(7): Illuminate\Foundation\Bootstrap\HandleExceptions->Illuminate\Foundation\Bootstrap\{closure}(2, 'Undefined array...', 'C:\\Users\\cesar\\...', 7)
#2 C:\Users\cesar\Downloads\No.1\control-volumetrico\vendor\laravel\framework\src\Illuminate\Filesystem\Filesystem.php(123): require('C:\\Users\\cesar\\...')
#3 C:\Users\cesar\Downloads\No.1\control-volumetrico\vendor\laravel\framework\src\Illuminate\Filesystem\Filesystem.php(124): Illuminate\Filesystem\Filesystem::Illuminate\Filesystem\{closure}()
#4 C:\Users\cesar\Downloads\No.1\control-volumetrico\vendor\laravel\framework\src\Illuminate\View\Engines\PhpEngine.php(57): Illuminate\Filesystem\Filesystem->getRequire('C:\\Users\\cesar\\...', Array)
#5 C:\Users\cesar\Downloads\No.1\control-volumetrico\vendor\laravel\framework\src\Illuminate\View\Engines\CompilerEngine.php(76): Illuminate\View\Engines\PhpEngine->evaluatePath('C:\\Users\\cesar\\...', Array)
#6 C:\Users\cesar\Downloads\No.1\control-volumetrico\vendor\laravel\framework\src\Illuminate\View\View.php(208): Illuminate\View\Engines\CompilerEngine->get('C:\\Users\\cesar\\...', Array)
#7 C:\Users\cesar\Downloads\No.1\control-volumetrico\vendor\laravel\framework\src\Illuminate\View\View.php(191): Illuminate\View\View->getContents()
#8 C:\Users\cesar\Downloads\No.1\control-volumetrico\vendor\laravel\framework\src\Illuminate\View\View.php(160): Illuminate\View\View->renderContents()
#9 C:\Users\cesar\Downloads\No.1\control-volumetrico\vendor\laravel\framework\src\Illuminate\Http\Response.php(78): Illuminate\View\View->render()
#10 C:\Users\cesar\Downloads\No.1\control-volumetrico\vendor\laravel\framework\src\Illuminate\Http\Response.php(34): Illuminate\Http\Response->setContent(Object(Illuminate\View\View))
#11 C:\Users\cesar\Downloads\No.1\control-volumetrico\vendor\laravel\framework\src\Illuminate\Routing\Router.php(939): Illuminate\Http\Response->__construct(Object(Illuminate\View\View), 200, Array)
#12 C:\Users\cesar\Downloads\No.1\control-volumetrico\vendor\laravel\framework\src\Illuminate\Routing\Router.php(906): Illuminate\Routing\Router::toResponse(Object(Illuminate\Http\Request), Object(Illuminate\View\View))
#13 C:\Users\cesar\Downloads\No.1\control-volumetrico\vendor\laravel\framework\src\Illuminate\Routing\Router.php(821): Illuminate\Routing\Router->prepareResponse(Object(Illuminate\Http\Request), Object(Illuminate\View\View))
#14 C:\Users\cesar\Downloads\No.1\control-volumetrico\vendor\laravel\framework\src\Illuminate\Pipeline\Pipeline.php(180): Illuminate\Routing\Router->Illuminate\Routing\{closure}(Object(Illuminate\Http\Request))
#15 C:\Users\cesar\Downloads\No.1\control-volumetrico\app\Http\Middleware\ApiAuthenticated.php(18): Illuminate\Pipeline\Pipeline->Illuminate\Pipeline\{closure}(Object(Illuminate\Http\Request))
#16 C:\Users\cesar\Downloads\No.1\control-volumetrico\vendor\laravel\framework\src\Illuminate\Pipeline\Pipeline.php(219): App\Http\Middleware\ApiAuthenticated->handle(Object(Illuminate\Http\Request), Object(Closure))
#17 C:\Users\cesar\Downloads\No.1\control-volumetrico\vendor\laravel\framework\src\Illuminate\Routing\Middleware\SubstituteBindings.php(50): Illuminate\Pipeline\Pipeline->Illuminate\Pipeline\{closure}(Object(Illuminate\Http\Request))
#18 C:\Users\cesar\Downloads\No.1\control-volumetrico\vendor\laravel\framework\src\Illuminate\Pipeline\Pipeline.php(219): Illuminate\Routing\Middleware\SubstituteBindings->handle(Object(Illuminate\Http\Request), Object(Closure))
#19 C:\Users\cesar\Downloads\No.1\control-volumetrico\vendor\laravel\framework\src\Illuminate\Foundation\Http\Middleware\VerifyCsrfToken.php(87): Illuminate\Pipeline\Pipeline->Illuminate\Pipeline\{closure}(Object(Illuminate\Http\Request))
#20 C:\Users\cesar\Downloads\No.1\control-volumetrico\vendor\laravel\framework\src\Illuminate\Pipeline\Pipeline.php(219): Illuminate\Foundation\Http\Middleware\VerifyCsrfToken->handle(Object(Illuminate\Http\Request), Object(Closure))
#21 C:\Users\cesar\Downloads\No.1\control-volumetrico\vendor\laravel\framework\src\Illuminate\View\Middleware\ShareErrorsFromSession.php(48): Illuminate\Pipeline\Pipeline->Illuminate\Pipeline\{closure}(Object(Illuminate\Http\Request))
#22 C:\Users\cesar\Downloads\No.1\control-volumetrico\vendor\laravel\framework\src\Illuminate\Pipeline\Pipeline.php(219): Illuminate\View\Middleware\ShareErrorsFromSession->handle(Object(Illuminate\Http\Request), Object(Closure))
#23 C:\Users\cesar\Downloads\No.1\control-volumetrico\vendor\laravel\framework\src\Illuminate\Session\Middleware\StartSession.php(120): Illuminate\Pipeline\Pipeline->Illuminate\Pipeline\{closure}(Object(Illuminate\Http\Request))
#24 C:\Users\cesar\Downloads\No.1\control-volumetrico\vendor\laravel\framework\src\Illuminate\Session\Middleware\StartSession.php(63): Illuminate\Session\Middleware\StartSession->handleStatefulRequest(Object(Illuminate\Http\Request), Object(Illuminate\Session\Store), Object(Closure))
#25 C:\Users\cesar\Downloads\No.1\control-volumetrico\vendor\laravel\framework\src\Illuminate\Pipeline\Pipeline.php(219): Illuminate\Session\Middleware\StartSession->handle(Object(Illuminate\Http\Request), Object(Closure))
#26 C:\Users\cesar\Downloads\No.1\control-volumetrico\vendor\laravel\framework\src\Illuminate\Cookie\Middleware\AddQueuedCookiesToResponse.php(36): Illuminate\Pipeline\Pipeline->Illuminate\Pipeline\{closure}(Object(Illuminate\Http\Request))
#27 C:\Users\cesar\Downloads\No.1\control-volumetrico\vendor\laravel\framework\src\Illuminate\Pipeline\Pipeline.php(219): Illuminate\Cookie\Middleware\AddQueuedCookiesToResponse->handle(Object(Illuminate\Http\Request), Object(Closure))
#28 C:\Users\cesar\Downloads\No.1\control-volumetrico\vendor\laravel\framework\src\Illuminate\Cookie\Middleware\EncryptCookies.php(74): Illuminate\Pipeline\Pipeline->Illuminate\Pipeline\{closure}(Object(Illuminate\Http\Request))
#29 C:\Users\cesar\Downloads\No.1\control-volumetrico\vendor\laravel\framework\src\Illuminate\Pipeline\Pipeline.php(219): Illuminate\Cookie\Middleware\EncryptCookies->handle(Object(Illuminate\Http\Request), Object(Closure))
#30 C:\Users\cesar\Downloads\No.1\control-volumetrico\vendor\laravel\framework\src\Illuminate\Pipeline\Pipeline.php(137): Illuminate\Pipeline\Pipeline->Illuminate\Pipeline\{closure}(Object(Illuminate\Http\Request))
#31 C:\Users\cesar\Downloads\No.1\control-volumetrico\vendor\laravel\framework\src\Illuminate\Routing\Router.php(821): Illuminate\Pipeline\Pipeline->then(Object(Closure))
#32 C:\Users\cesar\Downloads\No.1\control-volumetrico\vendor\laravel\framework\src\Illuminate\Routing\Router.php(800): Illuminate\Routing\Router->runRouteWithinStack(Object(Illuminate\Routing\Route), Object(Illuminate\Http\Request))
#33 C:\Users\cesar\Downloads\No.1\control-volumetrico\vendor\laravel\framework\src\Illuminate\Routing\Router.php(764): Illuminate\Routing\Router->runRoute(Object(Illuminate\Http\Request), Object(Illuminate\Routing\Route))
#34 C:\Users\cesar\Downloads\No.1\control-volumetrico\vendor\laravel\framework\src\Illuminate\Routing\Router.php(753): Illuminate\Routing\Router->dispatchToRoute(Object(Illuminate\Http\Request))
#35 C:\Users\cesar\Downloads\No.1\control-volumetrico\vendor\laravel\framework\src\Illuminate\Foundation\Http\Kernel.php(200): Illuminate\Routing\Router->dispatch(Object(Illuminate\Http\Request))
#36 C:\Users\cesar\Downloads\No.1\control-volumetrico\vendor\laravel\framework\src\Illuminate\Pipeline\Pipeline.php(180): Illuminate\Foundation\Http\Kernel->Illuminate\Foundation\Http\{closure}(Object(Illuminate\Http\Request))
#37 C:\Users\cesar\Downloads\No.1\control-volumetrico\vendor\laravel\framework\src\Illuminate\Foundation\Http\Middleware\TransformsRequest.php(21): Illuminate\Pipeline\Pipeline->Illuminate\Pipeline\{closure}(Object(Illuminate\Http\Request))
#38 C:\Users\cesar\Downloads\No.1\control-volumetrico\vendor\laravel\framework\src\Illuminate\Foundation\Http\Middleware\ConvertEmptyStringsToNull.php(31): Illuminate\Foundation\Http\Middleware\TransformsRequest->handle(Object(Illuminate\Http\Request), Object(Closure))
#39 C:\Users\cesar\Downloads\No.1\control-volumetrico\vendor\laravel\framework\src\Illuminate\Pipeline\Pipeline.php(219): Illuminate\Foundation\Http\Middleware\ConvertEmptyStringsToNull->handle(Object(Illuminate\Http\Request), Object(Closure))
#40 C:\Users\cesar\Downloads\No.1\control-volumetrico\vendor\laravel\framework\src\Illuminate\Foundation\Http\Middleware\TransformsRequest.php(21): Illuminate\Pipeline\Pipeline->Illuminate\Pipeline\{closure}(Object(Illuminate\Http\Request))
#41 C:\Users\cesar\Downloads\No.1\control-volumetrico\vendor\laravel\framework\src\Illuminate\Foundation\Http\Middleware\TrimStrings.php(51): Illuminate\Foundation\Http\Middleware\TransformsRequest->handle(Object(Illuminate\Http\Request), Object(Closure))
#42 C:\Users\cesar\Downloads\No.1\control-volumetrico\vendor\laravel\framework\src\Illuminate\Pipeline\Pipeline.php(219): Illuminate\Foundation\Http\Middleware\TrimStrings->handle(Object(Illuminate\Http\Request), Object(Closure))
#43 C:\Users\cesar\Downloads\No.1\control-volumetrico\vendor\laravel\framework\src\Illuminate\Http\Middleware\ValidatePostSize.php(27): Illuminate\Pipeline\Pipeline->Illuminate\Pipeline\{closure}(Object(Illuminate\Http\Request))
#44 C:\Users\cesar\Downloads\No.1\control-volumetrico\vendor\laravel\framework\src\Illuminate\Pipeline\Pipeline.php(219): Illuminate\Http\Middleware\ValidatePostSize->handle(Object(Illuminate\Http\Request), Object(Closure))
#45 C:\Users\cesar\Downloads\No.1\control-volumetrico\vendor\laravel\framework\src\Illuminate\Foundation\Http\Middleware\PreventRequestsDuringMaintenance.php(109): Illuminate\Pipeline\Pipeline->Illuminate\Pipeline\{closure}(Object(Illuminate\Http\Request))
#46 C:\Users\cesar\Downloads\No.1\control-volumetrico\vendor\laravel\framework\src\Illuminate\Pipeline\Pipeline.php(219): Illuminate\Foundation\Http\Middleware\PreventRequestsDuringMaintenance->handle(Object(Illuminate\Http\Request), Object(Closure))
#47 C:\Users\cesar\Downloads\No.1\control-volumetrico\vendor\laravel\framework\src\Illuminate\Http\Middleware\HandleCors.php(61): Illuminate\Pipeline\Pipeline->Illuminate\Pipeline\{closure}(Object(Illuminate\Http\Request))
#48 C:\Users\cesar\Downloads\No.1\control-volumetrico\vendor\laravel\framework\src\Illuminate\Pipeline\Pipeline.php(219): Illuminate\Http\Middleware\HandleCors->handle(Object(Illuminate\Http\Request), Object(Closure))
#49 C:\Users\cesar\Downloads\No.1\control-volumetrico\vendor\laravel\framework\src\Illuminate\Http\Middleware\TrustProxies.php(58): Illuminate\Pipeline\Pipeline->Illuminate\Pipeline\{closure}(Object(Illuminate\Http\Request))
#50 C:\Users\cesar\Downloads\No.1\control-volumetrico\vendor\laravel\framework\src\Illuminate\Pipeline\Pipeline.php(219): Illuminate\Http\Middleware\TrustProxies->handle(Object(Illuminate\Http\Request), Object(Closure))
#51 C:\Users\cesar\Downloads\No.1\control-volumetrico\vendor\laravel\framework\src\Illuminate\Foundation\Http\Middleware\InvokeDeferredCallbacks.php(22): Illuminate\Pipeline\Pipeline->Illuminate\Pipeline\{closure}(Object(Illuminate\Http\Request))
#52 C:\Users\cesar\Downloads\No.1\control-volumetrico\vendor\laravel\framework\src\Illuminate\Pipeline\Pipeline.php(219): Illuminate\Foundation\Http\Middleware\InvokeDeferredCallbacks->handle(Object(Illuminate\Http\Request), Object(Closure))
#53 C:\Users\cesar\Downloads\No.1\control-volumetrico\vendor\laravel\framework\src\Illuminate\Http\Middleware\ValidatePathEncoding.php(26): Illuminate\Pipeline\Pipeline->Illuminate\Pipeline\{closure}(Object(Illuminate\Http\Request))
#54 C:\Users\cesar\Downloads\No.1\control-volumetrico\vendor\laravel\framework\src\Illuminate\Pipeline\Pipeline.php(219): Illuminate\Http\Middleware\ValidatePathEncoding->handle(Object(Illuminate\Http\Request), Object(Closure))
#55 C:\Users\cesar\Downloads\No.1\control-volumetrico\vendor\laravel\framework\src\Illuminate\Pipeline\Pipeline.php(137): Illuminate\Pipeline\Pipeline->Illuminate\Pipeline\{closure}(Object(Illuminate\Http\Request))
#56 C:\Users\cesar\Downloads\No.1\control-volumetrico\vendor\laravel\framework\src\Illuminate\Foundation\Http\Kernel.php(175): Illuminate\Pipeline\Pipeline->then(Object(Closure))
#57 C:\Users\cesar\Downloads\No.1\control-volumetrico\vendor\laravel\framework\src\Illuminate\Foundation\Http\Kernel.php(144): Illuminate\Foundation\Http\Kernel->sendRequestThroughRouter(Object(Illuminate\Http\Request))
#58 C:\Users\cesar\Downloads\No.1\control-volumetrico\vendor\laravel\framework\src\Illuminate\Foundation\Testing\Concerns\MakesHttpRequests.php(607): Illuminate\Foundation\Http\Kernel->handle(Object(Illuminate\Http\Request))
#59 C:\Users\cesar\Downloads\No.1\control-volumetrico\vendor\laravel\framework\src\Illuminate\Foundation\Testing\Concerns\MakesHttpRequests.php(368): Illuminate\Foundation\Testing\TestCase->call('GET', '/instalaciones/...', Array, Array, Array, Array)
#60 C:\Users\cesar\Downloads\No.1\control-volumetrico\tests\Feature\InstalacionTest.php(179): Illuminate\Foundation\Testing\TestCase->get('/instalaciones/...')
#61 C:\Users\cesar\Downloads\No.1\control-volumetrico\vendor\phpunit\phpunit\src\Framework\TestCase.php(1667): Tests\Feature\InstalacionTest->test_resumen_operativo_displays_operational_summary()
#62 C:\Users\cesar\Downloads\No.1\control-volumetrico\vendor\phpunit\phpunit\src\Framework\TestCase.php(519): PHPUnit\Framework\TestCase->runTest()
#63 C:\Users\cesar\Downloads\No.1\control-volumetrico\vendor\phpunit\phpunit\src\Framework\TestRunner\TestRunner.php(87): PHPUnit\Framework\TestCase->runBare()
#64 C:\Users\cesar\Downloads\No.1\control-volumetrico\vendor\phpunit\phpunit\src\Framework\TestCase.php(365): PHPUnit\Framework\TestRunner->run(Object(Tests\Feature\InstalacionTest))
#65 C:\Users\cesar\Downloads\No.1\control-volumetrico\vendor\phpunit\phpunit\src\Framework\TestSuite.php(369): PHPUnit\Framework\TestCase->run()
#66 C:\Users\cesar\Downloads\No.1\control-volumetrico\vendor\phpunit\phpunit\src\Framework\TestSuite.php(369): PHPUnit\Framework\TestSuite->run()
#67 C:\Users\cesar\Downloads\No.1\control-volumetrico\vendor\phpunit\phpunit\src\Framework\TestSuite.php(369): PHPUnit\Framework\TestSuite->run()
#68 C:\Users\cesar\Downloads\No.1\control-volumetrico\vendor\phpunit\phpunit\src\TextUI\TestRunner.php(64): PHPUnit\Framework\TestSuite->run()
#69 C:\Users\cesar\Downloads\No.1\control-volumetrico\vendor\phpunit\phpunit\src\TextUI\Application.php(211): PHPUnit\TextUI\TestRunner->run(Object(PHPUnit\TextUI\Configuration\Configuration), Object(PHPUnit\Runner\ResultCache\DefaultResultCache), Object(PHPUnit\Framework\TestSuite))
#70 C:\Users\cesar\Downloads\No.1\control-volumetrico\vendor\phpunit\phpunit\phpunit(104): PHPUnit\TextUI\Application->run(Array)
#71 {main}

Next Illuminate\View\ViewException: Undefined array key "instalacion_id" (View: C:\Users\cesar\Downloads\No.1\control-volumetrico\resources\views\instalaciones\resumen-operativo.blade.php) in C:\Users\cesar\Downloads\No.1\control-volumetrico\storage\framework\views\e94c340fd28f243778053487e3e08f03.php:7
Stack trace:
#0 C:\Users\cesar\Downloads\No.1\control-volumetrico\vendor\laravel\framework\src\Illuminate\View\Engines\PhpEngine.php(59): Illuminate\View\Engines\CompilerEngine->handleViewException(Object(ErrorException), 1)
#1 C:\Users\cesar\Downloads\No.1\control-volumetrico\vendor\laravel\framework\src\Illuminate\View\Engines\CompilerEngine.php(76): Illuminate\View\Engines\PhpEngine->evaluatePath('C:\\Users\\cesar\\...', Array)
#2 C:\Users\cesar\Downloads\No.1\control-volumetrico\vendor\laravel\framework\src\Illuminate\View\View.php(208): Illuminate\View\Engines\CompilerEngine->get('C:\\Users\\cesar\\...', Array)
#3 C:\Users\cesar\Downloads\No.1\control-volumetrico\vendor\laravel\framework\src\Illuminate\View\View.php(191): Illuminate\View\View->getContents()
#4 C:\Users\cesar\Downloads\No.1\control-volumetrico\vendor\laravel\framework\src\Illuminate\View\View.php(160): Illuminate\View\View->renderContents()
#5 C:\Users\cesar\Downloads\No.1\control-volumetrico\vendor\laravel\framework\src\Illuminate\Http\Response.php(78): Illuminate\View\View->render()
#6 C:\Users\cesar\Downloads\No.1\control-volumetrico\vendor\laravel\framework\src\Illuminate\Http\Response.php(34): Illuminate\Http\Response->setContent(Object(Illuminate\View\View))
#7 C:\Users\cesar\Downloads\No.1\control-volumetrico\vendor\laravel\framework\src\Illuminate\Routing\Router.php(939): Illuminate\Http\Response->__construct(Object(Illuminate\View\View), 200, Array)
#8 C:\Users\cesar\Downloads\No.1\control-volumetrico\vendor\laravel\framework\src\Illuminate\Routing\Router.php(906): Illuminate\Routing\Router::toResponse(Object(Illuminate\Http\Request), Object(Illuminate\View\View))
#9 C:\Users\cesar\Downloads\No.1\control-volumetrico\vendor\laravel\framework\src\Illuminate\Routing\Router.php(821): Illuminate\Routing\Router->prepareResponse(Object(Illuminate\Http\Request), Object(Illuminate\View\View))
#10 C:\Users\cesar\Downloads\No.1\control-volumetrico\vendor\laravel\framework\src\Illuminate\Pipeline\Pipeline.php(180): Illuminate\Routing\Router->Illuminate\Routing\{closure}(Object(Illuminate\Http\Request))
#11 C:\Users\cesar\Downloads\No.1\control-volumetrico\app\Http\Middleware\ApiAuthenticated.php(18): Illuminate\Pipeline\Pipeline->Illuminate\Pipeline\{closure}(Object(Illuminate\Http\Request))
#12 C:\Users\cesar\Downloads\No.1\control-volumetrico\vendor\laravel\framework\src\Illuminate\Pipeline\Pipeline.php(219): App\Http\Middleware\ApiAuthenticated->handle(Object(Illuminate\Http\Request), Object(Closure))
#13 C:\Users\cesar\Downloads\No.1\control-volumetrico\vendor\laravel\framework\src\Illuminate\Routing\Middleware\SubstituteBindings.php(50): Illuminate\Pipeline\Pipeline->Illuminate\Pipeline\{closure}(Object(Illuminate\Http\Request))
#14 C:\Users\cesar\Downloads\No.1\control-volumetrico\vendor\laravel\framework\src\Illuminate\Pipeline\Pipeline.php(219): Illuminate\Routing\Middleware\SubstituteBindings->handle(Object(Illuminate\Http\Request), Object(Closure))
#15 C:\Users\cesar\Downloads\No.1\control-volumetrico\vendor\laravel\framework\src\Illuminate\Foundation\Http\Middleware\VerifyCsrfToken.php(87): Illuminate\Pipeline\Pipeline->Illuminate\Pipeline\{closure}(Object(Illuminate\Http\Request))
#16 C:\Users\cesar\Downloads\No.1\control-volumetrico\vendor\laravel\framework\src\Illuminate\Pipeline\Pipeline.php(219): Illuminate\Foundation\Http\Middleware\VerifyCsrfToken->handle(Object(Illuminate\Http\Request), Object(Closure))
#17 C:\Users\cesar\Downloads\No.1\control-volumetrico\vendor\laravel\framework\src\Illuminate\View\Middleware\ShareErrorsFromSession.php(48): Illuminate\Pipeline\Pipeline->Illuminate\Pipeline\{closure}(Object(Illuminate\Http\Request))
#18 C:\Users\cesar\Downloads\No.1\control-volumetrico\vendor\laravel\framework\src\Illuminate\Pipeline\Pipeline.php(219): Illuminate\View\Middleware\ShareErrorsFromSession->handle(Object(Illuminate\Http\Request), Object(Closure))
#19 C:\Users\cesar\Downloads\No.1\control-volumetrico\vendor\laravel\framework\src\Illuminate\Session\Middleware\StartSession.php(120): Illuminate\Pipeline\Pipeline->Illuminate\Pipeline\{closure}(Object(Illuminate\Http\Request))
#20 C:\Users\cesar\Downloads\No.1\control-volumetrico\vendor\laravel\framework\src\Illuminate\Session\Middleware\StartSession.php(63): Illuminate\Session\Middleware\StartSession->handleStatefulRequest(Object(Illuminate\Http\Request), Object(Illuminate\Session\Store), Object(Closure))
#21 C:\Users\cesar\Downloads\No.1\control-volumetrico\vendor\laravel\framework\src\Illuminate\Pipeline\Pipeline.php(219): Illuminate\Session\Middleware\StartSession->handle(Object(Illuminate\Http\Request), Object(Closure))
#22 C:\Users\cesar\Downloads\No.1\control-volumetrico\vendor\laravel\framework\src\Illuminate\Cookie\Middleware\AddQueuedCookiesToResponse.php(36): Illuminate\Pipeline\Pipeline->Illuminate\Pipeline\{closure}(Object(Illuminate\Http\Request))
#23 C:\Users\cesar\Downloads\No.1\control-volumetrico\vendor\laravel\framework\src\Illuminate\Pipeline\Pipeline.php(219): Illuminate\Cookie\Middleware\AddQueuedCookiesToResponse->handle(Object(Illuminate\Http\Request), Object(Closure))
#24 C:\Users\cesar\Downloads\No.1\control-volumetrico\vendor\laravel\framework\src\Illuminate\Cookie\Middleware\EncryptCookies.php(74): Illuminate\Pipeline\Pipeline->Illuminate\Pipeline\{closure}(Object(Illuminate\Http\Request))
#25 C:\Users\cesar\Downloads\No.1\control-volumetrico\vendor\laravel\framework\src\Illuminate\Pipeline\Pipeline.php(219): Illuminate\Cookie\Middleware\EncryptCookies->handle(Object(Illuminate\Http\Request), Object(Closure))
#26 C:\Users\cesar\Downloads\No.1\control-volumetrico\vendor\laravel\framework\src\Illuminate\Pipeline\Pipeline.php(137): Illuminate\Pipeline\Pipeline->Illuminate\Pipeline\{closure}(Object(Illuminate\Http\Request))
#27 C:\Users\cesar\Downloads\No.1\control-volumetrico\vendor\laravel\framework\src\Illuminate\Routing\Router.php(821): Illuminate\Pipeline\Pipeline->then(Object(Closure))
#28 C:\Users\cesar\Downloads\No.1\control-volumetrico\vendor\laravel\framework\src\Illuminate\Routing\Router.php(800): Illuminate\Routing\Router->runRouteWithinStack(Object(Illuminate\Routing\Route), Object(Illuminate\Http\Request))
#29 C:\Users\cesar\Downloads\No.1\control-volumetrico\vendor\laravel\framework\src\Illuminate\Routing\Router.php(764): Illuminate\Routing\Router->runRoute(Object(Illuminate\Http\Request), Object(Illuminate\Routing\Route))
#30 C:\Users\cesar\Downloads\No.1\control-volumetrico\vendor\laravel\framework\src\Illuminate\Routing\Router.php(753): Illuminate\Routing\Router->dispatchToRoute(Object(Illuminate\Http\Request))
#31 C:\Users\cesar\Downloads\No.1\control-volumetrico\vendor\laravel\framework\src\Illuminate\Foundation\Http\Kernel.php(200): Illuminate\Routing\Router->dispatch(Object(Illuminate\Http\Request))
#32 C:\Users\cesar\Downloads\No.1\control-volumetrico\vendor\laravel\framework\src\Illuminate\Pipeline\Pipeline.php(180): Illuminate\Foundation\Http\Kernel->Illuminate\Foundation\Http\{closure}(Object(Illuminate\Http\Request))
#33 C:\Users\cesar\Downloads\No.1\control-volumetrico\vendor\laravel\framework\src\Illuminate\Foundation\Http\Middleware\TransformsRequest.php(21): Illuminate\Pipeline\Pipeline->Illuminate\Pipeline\{closure}(Object(Illuminate\Http\Request))
#34 C:\Users\cesar\Downloads\No.1\control-volumetrico\vendor\laravel\framework\src\Illuminate\Foundation\Http\Middleware\ConvertEmptyStringsToNull.php(31): Illuminate\Foundation\Http\Middleware\TransformsRequest->handle(Object(Illuminate\Http\Request), Object(Closure))
#35 C:\Users\cesar\Downloads\No.1\control-volumetrico\vendor\laravel\framework\src\Illuminate\Pipeline\Pipeline.php(219): Illuminate\Foundation\Http\Middleware\ConvertEmptyStringsToNull->handle(Object(Illuminate\Http\Request), Object(Closure))
#36 C:\Users\cesar\Downloads\No.1\control-volumetrico\vendor\laravel\framework\src\Illuminate\Foundation\Http\Middleware\TransformsRequest.php(21): Illuminate\Pipeline\Pipeline->Illuminate\Pipeline\{closure}(Object(Illuminate\Http\Request))
#37 C:\Users\cesar\Downloads\No.1\control-volumetrico\vendor\laravel\framework\src\Illuminate\Foundation\Http\Middleware\TrimStrings.php(51): Illuminate\Foundation\Http\Middleware\TransformsRequest->handle(Object(Illuminate\Http\Request), Object(Closure))
#38 C:\Users\cesar\Downloads\No.1\control-volumetrico\vendor\laravel\framework\src\Illuminate\Pipeline\Pipeline.php(219): Illuminate\Foundation\Http\Middleware\TrimStrings->handle(Object(Illuminate\Http\Request), Object(Closure))
#39 C:\Users\cesar\Downloads\No.1\control-volumetrico\vendor\laravel\framework\src\Illuminate\Http\Middleware\ValidatePostSize.php(27): Illuminate\Pipeline\Pipeline->Illuminate\Pipeline\{closure}(Object(Illuminate\Http\Request))
#40 C:\Users\cesar\Downloads\No.1\control-volumetrico\vendor\laravel\framework\src\Illuminate\Pipeline\Pipeline.php(219): Illuminate\Http\Middleware\ValidatePostSize->handle(Object(Illuminate\Http\Request), Object(Closure))
#41 C:\Users\cesar\Downloads\No.1\control-volumetrico\vendor\laravel\framework\src\Illuminate\Foundation\Http\Middleware\PreventRequestsDuringMaintenance.php(109): Illuminate\Pipeline\Pipeline->Illuminate\Pipeline\{closure}(Object(Illuminate\Http\Request))
#42 C:\Users\cesar\Downloads\No.1\control-volumetrico\vendor\laravel\framework\src\Illuminate\Pipeline\Pipeline.php(219): Illuminate\Foundation\Http\Middleware\PreventRequestsDuringMaintenance->handle(Object(Illuminate\Http\Request), Object(Closure))
#43 C:\Users\cesar\Downloads\No.1\control-volumetrico\vendor\laravel\framework\src\Illuminate\Http\Middleware\HandleCors.php(61): Illuminate\Pipeline\Pipeline->Illuminate\Pipeline\{closure}(Object(Illuminate\Http\Request))
#44 C:\Users\cesar\Downloads\No.1\control-volumetrico\vendor\laravel\framework\src\Illuminate\Pipeline\Pipeline.php(219): Illuminate\Http\Middleware\HandleCors->handle(Object(Illuminate\Http\Request), Object(Closure))
#45 C:\Users\cesar\Downloads\No.1\control-volumetrico\vendor\laravel\framework\src\Illuminate\Http\Middleware\TrustProxies.php(58): Illuminate\Pipeline\Pipeline->Illuminate\Pipeline\{closure}(Object(Illuminate\Http\Request))
#46 C:\Users\cesar\Downloads\No.1\control-volumetrico\vendor\laravel\framework\src\Illuminate\Pipeline\Pipeline.php(219): Illuminate\Http\Middleware\TrustProxies->handle(Object(Illuminate\Http\Request), Object(Closure))
#47 C:\Users\cesar\Downloads\No.1\control-volumetrico\vendor\laravel\framework\src\Illuminate\Foundation\Http\Middleware\InvokeDeferredCallbacks.php(22): Illuminate\Pipeline\Pipeline->Illuminate\Pipeline\{closure}(Object(Illuminate\Http\Request))
#48 C:\Users\cesar\Downloads\No.1\control-volumetrico\vendor\laravel\framework\src\Illuminate\Pipeline\Pipeline.php(219): Illuminate\Foundation\Http\Middleware\InvokeDeferredCallbacks->handle(Object(Illuminate\Http\Request), Object(Closure))
#49 C:\Users\cesar\Downloads\No.1\control-volumetrico\vendor\laravel\framework\src\Illuminate\Http\Middleware\ValidatePathEncoding.php(26): Illuminate\Pipeline\Pipeline->Illuminate\Pipeline\{closure}(Object(Illuminate\Http\Request))
#50 C:\Users\cesar\Downloads\No.1\control-volumetrico\vendor\laravel\framework\src\Illuminate\Pipeline\Pipeline.php(219): Illuminate\Http\Middleware\ValidatePathEncoding->handle(Object(Illuminate\Http\Request), Object(Closure))
#51 C:\Users\cesar\Downloads\No.1\control-volumetrico\vendor\laravel\framework\src\Illuminate\Pipeline\Pipeline.php(137): Illuminate\Pipeline\Pipeline->Illuminate\Pipeline\{closure}(Object(Illuminate\Http\Request))
#52 C:\Users\cesar\Downloads\No.1\control-volumetrico\vendor\laravel\framework\src\Illuminate\Foundation\Http\Kernel.php(175): Illuminate\Pipeline\Pipeline->then(Object(Closure))
#53 C:\Users\cesar\Downloads\No.1\control-volumetrico\vendor\laravel\framework\src\Illuminate\Foundation\Http\Kernel.php(144): Illuminate\Foundation\Http\Kernel->sendRequestThroughRouter(Object(Illuminate\Http\Request))
#54 C:\Users\cesar\Downloads\No.1\control-volumetrico\vendor\laravel\framework\src\Illuminate\Foundation\Testing\Concerns\MakesHttpRequests.php(607): Illuminate\Foundation\Http\Kernel->handle(Object(Illuminate\Http\Request))
#55 C:\Users\cesar\Downloads\No.1\control-volumetrico\vendor\laravel\framework\src\Illuminate\Foundation\Testing\Concerns\MakesHttpRequests.php(368): Illuminate\Foundation\Testing\TestCase->call('GET', '/instalaciones/...', Array, Array, Array, Array)
#56 C:\Users\cesar\Downloads\No.1\control-volumetrico\tests\Feature\InstalacionTest.php(179): Illuminate\Foundation\Testing\TestCase->get('/instalaciones/...')
#57 C:\Users\cesar\Downloads\No.1\control-volumetrico\vendor\phpunit\phpunit\src\Framework\TestCase.php(1667): Tests\Feature\InstalacionTest->test_resumen_operativo_displays_operational_summary()
#58 C:\Users\cesar\Downloads\No.1\control-volumetrico\vendor\phpunit\phpunit\src\Framework\TestCase.php(519): PHPUnit\Framework\TestCase->runTest()
#59 C:\Users\cesar\Downloads\No.1\control-volumetrico\vendor\phpunit\phpunit\src\Framework\TestRunner\TestRunner.php(87): PHPUnit\Framework\TestCase->runBare()
#60 C:\Users\cesar\Downloads\No.1\control-volumetrico\vendor\phpunit\phpunit\src\Framework\TestCase.php(365): PHPUnit\Framework\TestRunner->run(Object(Tests\Feature\InstalacionTest))
#61 C:\Users\cesar\Downloads\No.1\control-volumetrico\vendor\phpunit\phpunit\src\Framework\TestSuite.php(369): PHPUnit\Framework\TestCase->run()
#62 C:\Users\cesar\Downloads\No.1\control-volumetrico\vendor\phpunit\phpunit\src\Framework\TestSuite.php(369): PHPUnit\Framework\TestSuite->run()
#63 C:\Users\cesar\Downloads\No.1\control-volumetrico\vendor\phpunit\phpunit\src\Framework\TestSuite.php(369): PHPUnit\Framework\TestSuite->run()
#64 C:\Users\cesar\Downloads\No.1\control-volumetrico\vendor\phpunit\phpunit\src\TextUI\TestRunner.php(64): PHPUnit\Framework\TestSuite->run()
#65 C:\Users\cesar\Downloads\No.1\control-volumetrico\vendor\phpunit\phpunit\src\TextUI\Application.php(211): PHPUnit\TextUI\TestRunner->run(Object(PHPUnit\TextUI\Configuration\Configuration), Object(PHPUnit\Runner\ResultCache\DefaultResultCache), Object(PHPUnit\Framework\TestSuite))
#66 C:\Users\cesar\Downloads\No.1\control-volumetrico\vendor\phpunit\phpunit\phpunit(104): PHPUnit\TextUI\Application->run(Array)
#67 {main}

----------------------------------------------------------------------------------

Undefined array key "instalacion_id" (View: C:\Users\cesar\Downloads\No.1\control-volumetrico\resources\views\instalaciones\resumen-operativo.blade.php)[39;22m

  at [32mtests\Feature\InstalacionTest.php[39m:[32m181[39m
    177▕         $this->mockSuccessfulResponse('/api/instalaciones/1/resumen-operativo', $resumen);
    178▕ 
    179▕         $response = $this->get('/instalaciones/1/resumen-operativo');
    180▕ 
  ➜ 181▕         $response->assertStatus(200);
    182▕         $response->assertViewIs('instalaciones.resumen-operativo');
    183▕         $response->assertViewHas('resumen', $resumen);
    184▕     }
    185▕

  [31m────────────────────────────────────────────────────────────────────────────────────────────────────────────────────[39m  
  [41;1m FAILED [49;22m [1mTests\Feature\InstalacionTest[22m [90m>[39m destroy fails if instalacion has related records                             
[39;1m  Failed asserting that null matches expected 'No se puede eliminar la instalación'.[39;22m

  at [32mtests\Feature\InstalacionTest.php[39m:[32m222[39m
    218▕ 
    219▕         $response = $this->delete('/instalaciones/1');
    220▕ 
    221▕         $response->assertRedirect();
  ➜ 222▕         $response->assertSessionHas('error', 'No se puede eliminar la instalación');
    223▕     }
    224▕ }

  [31m────────────────────────────────────────────────────────────────────────────────────────────────────────────────────[39m  
  [41;1m FAILED [49;22m [1mTests\Feature\MedidorTest[22m [90m>[39m create form displays correctly                                                   
[39;1m  Failed asserting that [instalaciones] matches the expected value.
Failed asserting that two arrays are equal.
--- Expected
+++ Actual
@@ @@
 Array (
-    0 => [...]
-    1 => [...]
 )[39;22m

  at [32mtests\Feature\MedidorTest.php[39m:[32m66[39m
     62▕         $response = $this->get('/medidores/create');
     63▕ 
     64▕         $response->assertStatus(200);
     65▕         $response->assertViewIs('medidores.create');
  ➜  66▕         $response->assertViewHas('instalaciones', $instalaciones);
     67▕         $response->assertViewHas('tanques', $tanques);
     68▕     }
     69▕ 
     70▕     /** @test */

  [31m────────────────────────────────────────────────────────────────────────────────────────────────────────────────────[39m  
  [41;1m FAILED [49;22m [1mTests\Feature\MedidorTest[22m [90m>[39m show displays medidor details                                                    
[39;1m  Expected response status code [200] but received 500.
Failed asserting that 500 is identical to 200.

The following exception occurred during the last request:

ErrorException: Undefined array key "id" in C:\Users\cesar\Downloads\No.1\control-volumetrico\storage\framework\views\61f74ee43148f7796a45df19abc800d6.php:7
Stack trace:
#0 C:\Users\cesar\Downloads\No.1\control-volumetrico\vendor\laravel\framework\src\Illuminate\Foundation\Bootstrap\HandleExceptions.php(258): Illuminate\Foundation\Bootstrap\HandleExceptions->handleError(2, 'Undefined array...', 'C:\\Users\\cesar\\...', 7)
#1 C:\Users\cesar\Downloads\No.1\control-volumetrico\storage\framework\views\61f74ee43148f7796a45df19abc800d6.php(7): Illuminate\Foundation\Bootstrap\HandleExceptions->Illuminate\Foundation\Bootstrap\{closure}(2, 'Undefined array...', 'C:\\Users\\cesar\\...', 7)
#2 C:\Users\cesar\Downloads\No.1\control-volumetrico\vendor\laravel\framework\src\Illuminate\Filesystem\Filesystem.php(123): require('C:\\Users\\cesar\\...')
#3 C:\Users\cesar\Downloads\No.1\control-volumetrico\vendor\laravel\framework\src\Illuminate\Filesystem\Filesystem.php(124): Illuminate\Filesystem\Filesystem::Illuminate\Filesystem\{closure}()
#4 C:\Users\cesar\Downloads\No.1\control-volumetrico\vendor\laravel\framework\src\Illuminate\View\Engines\PhpEngine.php(57): Illuminate\Filesystem\Filesystem->getRequire('C:\\Users\\cesar\\...', Array)
#5 C:\Users\cesar\Downloads\No.1\control-volumetrico\vendor\laravel\framework\src\Illuminate\View\Engines\CompilerEngine.php(76): Illuminate\View\Engines\PhpEngine->evaluatePath('C:\\Users\\cesar\\...', Array)
#6 C:\Users\cesar\Downloads\No.1\control-volumetrico\vendor\laravel\framework\src\Illuminate\View\View.php(208): Illuminate\View\Engines\CompilerEngine->get('C:\\Users\\cesar\\...', Array)
#7 C:\Users\cesar\Downloads\No.1\control-volumetrico\vendor\laravel\framework\src\Illuminate\View\View.php(191): Illuminate\View\View->getContents()
#8 C:\Users\cesar\Downloads\No.1\control-volumetrico\vendor\laravel\framework\src\Illuminate\View\View.php(160): Illuminate\View\View->renderContents()
#9 C:\Users\cesar\Downloads\No.1\control-volumetrico\vendor\laravel\framework\src\Illuminate\Http\Response.php(78): Illuminate\View\View->render()
#10 C:\Users\cesar\Downloads\No.1\control-volumetrico\vendor\laravel\framework\src\Illuminate\Http\Response.php(34): Illuminate\Http\Response->setContent(Object(Illuminate\View\View))
#11 C:\Users\cesar\Downloads\No.1\control-volumetrico\vendor\laravel\framework\src\Illuminate\Routing\Router.php(939): Illuminate\Http\Response->__construct(Object(Illuminate\View\View), 200, Array)
#12 C:\Users\cesar\Downloads\No.1\control-volumetrico\vendor\laravel\framework\src\Illuminate\Routing\Router.php(906): Illuminate\Routing\Router::toResponse(Object(Illuminate\Http\Request), Object(Illuminate\View\View))
#13 C:\Users\cesar\Downloads\No.1\control-volumetrico\vendor\laravel\framework\src\Illuminate\Routing\Router.php(821): Illuminate\Routing\Router->prepareResponse(Object(Illuminate\Http\Request), Object(Illuminate\View\View))
#14 C:\Users\cesar\Downloads\No.1\control-volumetrico\vendor\laravel\framework\src\Illuminate\Pipeline\Pipeline.php(180): Illuminate\Routing\Router->Illuminate\Routing\{closure}(Object(Illuminate\Http\Request))
#15 C:\Users\cesar\Downloads\No.1\control-volumetrico\app\Http\Middleware\ApiAuthenticated.php(18): Illuminate\Pipeline\Pipeline->Illuminate\Pipeline\{closure}(Object(Illuminate\Http\Request))
#16 C:\Users\cesar\Downloads\No.1\control-volumetrico\vendor\laravel\framework\src\Illuminate\Pipeline\Pipeline.php(219): App\Http\Middleware\ApiAuthenticated->handle(Object(Illuminate\Http\Request), Object(Closure))
#17 C:\Users\cesar\Downloads\No.1\control-volumetrico\vendor\laravel\framework\src\Illuminate\Routing\Middleware\SubstituteBindings.php(50): Illuminate\Pipeline\Pipeline->Illuminate\Pipeline\{closure}(Object(Illuminate\Http\Request))
#18 C:\Users\cesar\Downloads\No.1\control-volumetrico\vendor\laravel\framework\src\Illuminate\Pipeline\Pipeline.php(219): Illuminate\Routing\Middleware\SubstituteBindings->handle(Object(Illuminate\Http\Request), Object(Closure))
#19 C:\Users\cesar\Downloads\No.1\control-volumetrico\vendor\laravel\framework\src\Illuminate\Foundation\Http\Middleware\VerifyCsrfToken.php(87): Illuminate\Pipeline\Pipeline->Illuminate\Pipeline\{closure}(Object(Illuminate\Http\Request))
#20 C:\Users\cesar\Downloads\No.1\control-volumetrico\vendor\laravel\framework\src\Illuminate\Pipeline\Pipeline.php(219): Illuminate\Foundation\Http\Middleware\VerifyCsrfToken->handle(Object(Illuminate\Http\Request), Object(Closure))
#21 C:\Users\cesar\Downloads\No.1\control-volumetrico\vendor\laravel\framework\src\Illuminate\View\Middleware\ShareErrorsFromSession.php(48): Illuminate\Pipeline\Pipeline->Illuminate\Pipeline\{closure}(Object(Illuminate\Http\Request))
#22 C:\Users\cesar\Downloads\No.1\control-volumetrico\vendor\laravel\framework\src\Illuminate\Pipeline\Pipeline.php(219): Illuminate\View\Middleware\ShareErrorsFromSession->handle(Object(Illuminate\Http\Request), Object(Closure))
#23 C:\Users\cesar\Downloads\No.1\control-volumetrico\vendor\laravel\framework\src\Illuminate\Session\Middleware\StartSession.php(120): Illuminate\Pipeline\Pipeline->Illuminate\Pipeline\{closure}(Object(Illuminate\Http\Request))
#24 C:\Users\cesar\Downloads\No.1\control-volumetrico\vendor\laravel\framework\src\Illuminate\Session\Middleware\StartSession.php(63): Illuminate\Session\Middleware\StartSession->handleStatefulRequest(Object(Illuminate\Http\Request), Object(Illuminate\Session\Store), Object(Closure))
#25 C:\Users\cesar\Downloads\No.1\control-volumetrico\vendor\laravel\framework\src\Illuminate\Pipeline\Pipeline.php(219): Illuminate\Session\Middleware\StartSession->handle(Object(Illuminate\Http\Request), Object(Closure))
#26 C:\Users\cesar\Downloads\No.1\control-volumetrico\vendor\laravel\framework\src\Illuminate\Cookie\Middleware\AddQueuedCookiesToResponse.php(36): Illuminate\Pipeline\Pipeline->Illuminate\Pipeline\{closure}(Object(Illuminate\Http\Request))
#27 C:\Users\cesar\Downloads\No.1\control-volumetrico\vendor\laravel\framework\src\Illuminate\Pipeline\Pipeline.php(219): Illuminate\Cookie\Middleware\AddQueuedCookiesToResponse->handle(Object(Illuminate\Http\Request), Object(Closure))
#28 C:\Users\cesar\Downloads\No.1\control-volumetrico\vendor\laravel\framework\src\Illuminate\Cookie\Middleware\EncryptCookies.php(74): Illuminate\Pipeline\Pipeline->Illuminate\Pipeline\{closure}(Object(Illuminate\Http\Request))
#29 C:\Users\cesar\Downloads\No.1\control-volumetrico\vendor\laravel\framework\src\Illuminate\Pipeline\Pipeline.php(219): Illuminate\Cookie\Middleware\EncryptCookies->handle(Object(Illuminate\Http\Request), Object(Closure))
#30 C:\Users\cesar\Downloads\No.1\control-volumetrico\vendor\laravel\framework\src\Illuminate\Pipeline\Pipeline.php(137): Illuminate\Pipeline\Pipeline->Illuminate\Pipeline\{closure}(Object(Illuminate\Http\Request))
#31 C:\Users\cesar\Downloads\No.1\control-volumetrico\vendor\laravel\framework\src\Illuminate\Routing\Router.php(821): Illuminate\Pipeline\Pipeline->then(Object(Closure))
#32 C:\Users\cesar\Downloads\No.1\control-volumetrico\vendor\laravel\framework\src\Illuminate\Routing\Router.php(800): Illuminate\Routing\Router->runRouteWithinStack(Object(Illuminate\Routing\Route), Object(Illuminate\Http\Request))
#33 C:\Users\cesar\Downloads\No.1\control-volumetrico\vendor\laravel\framework\src\Illuminate\Routing\Router.php(764): Illuminate\Routing\Router->runRoute(Object(Illuminate\Http\Request), Object(Illuminate\Routing\Route))
#34 C:\Users\cesar\Downloads\No.1\control-volumetrico\vendor\laravel\framework\src\Illuminate\Routing\Router.php(753): Illuminate\Routing\Router->dispatchToRoute(Object(Illuminate\Http\Request))
#35 C:\Users\cesar\Downloads\No.1\control-volumetrico\vendor\laravel\framework\src\Illuminate\Foundation\Http\Kernel.php(200): Illuminate\Routing\Router->dispatch(Object(Illuminate\Http\Request))
#36 C:\Users\cesar\Downloads\No.1\control-volumetrico\vendor\laravel\framework\src\Illuminate\Pipeline\Pipeline.php(180): Illuminate\Foundation\Http\Kernel->Illuminate\Foundation\Http\{closure}(Object(Illuminate\Http\Request))
#37 C:\Users\cesar\Downloads\No.1\control-volumetrico\vendor\laravel\framework\src\Illuminate\Foundation\Http\Middleware\TransformsRequest.php(21): Illuminate\Pipeline\Pipeline->Illuminate\Pipeline\{closure}(Object(Illuminate\Http\Request))
#38 C:\Users\cesar\Downloads\No.1\control-volumetrico\vendor\laravel\framework\src\Illuminate\Foundation\Http\Middleware\ConvertEmptyStringsToNull.php(31): Illuminate\Foundation\Http\Middleware\TransformsRequest->handle(Object(Illuminate\Http\Request), Object(Closure))
#39 C:\Users\cesar\Downloads\No.1\control-volumetrico\vendor\laravel\framework\src\Illuminate\Pipeline\Pipeline.php(219): Illuminate\Foundation\Http\Middleware\ConvertEmptyStringsToNull->handle(Object(Illuminate\Http\Request), Object(Closure))
#40 C:\Users\cesar\Downloads\No.1\control-volumetrico\vendor\laravel\framework\src\Illuminate\Foundation\Http\Middleware\TransformsRequest.php(21): Illuminate\Pipeline\Pipeline->Illuminate\Pipeline\{closure}(Object(Illuminate\Http\Request))
#41 C:\Users\cesar\Downloads\No.1\control-volumetrico\vendor\laravel\framework\src\Illuminate\Foundation\Http\Middleware\TrimStrings.php(51): Illuminate\Foundation\Http\Middleware\TransformsRequest->handle(Object(Illuminate\Http\Request), Object(Closure))
#42 C:\Users\cesar\Downloads\No.1\control-volumetrico\vendor\laravel\framework\src\Illuminate\Pipeline\Pipeline.php(219): Illuminate\Foundation\Http\Middleware\TrimStrings->handle(Object(Illuminate\Http\Request), Object(Closure))
#43 C:\Users\cesar\Downloads\No.1\control-volumetrico\vendor\laravel\framework\src\Illuminate\Http\Middleware\ValidatePostSize.php(27): Illuminate\Pipeline\Pipeline->Illuminate\Pipeline\{closure}(Object(Illuminate\Http\Request))
#44 C:\Users\cesar\Downloads\No.1\control-volumetrico\vendor\laravel\framework\src\Illuminate\Pipeline\Pipeline.php(219): Illuminate\Http\Middleware\ValidatePostSize->handle(Object(Illuminate\Http\Request), Object(Closure))
#45 C:\Users\cesar\Downloads\No.1\control-volumetrico\vendor\laravel\framework\src\Illuminate\Foundation\Http\Middleware\PreventRequestsDuringMaintenance.php(109): Illuminate\Pipeline\Pipeline->Illuminate\Pipeline\{closure}(Object(Illuminate\Http\Request))
#46 C:\Users\cesar\Downloads\No.1\control-volumetrico\vendor\laravel\framework\src\Illuminate\Pipeline\Pipeline.php(219): Illuminate\Foundation\Http\Middleware\PreventRequestsDuringMaintenance->handle(Object(Illuminate\Http\Request), Object(Closure))
#47 C:\Users\cesar\Downloads\No.1\control-volumetrico\vendor\laravel\framework\src\Illuminate\Http\Middleware\HandleCors.php(61): Illuminate\Pipeline\Pipeline->Illuminate\Pipeline\{closure}(Object(Illuminate\Http\Request))
#48 C:\Users\cesar\Downloads\No.1\control-volumetrico\vendor\laravel\framework\src\Illuminate\Pipeline\Pipeline.php(219): Illuminate\Http\Middleware\HandleCors->handle(Object(Illuminate\Http\Request), Object(Closure))
#49 C:\Users\cesar\Downloads\No.1\control-volumetrico\vendor\laravel\framework\src\Illuminate\Http\Middleware\TrustProxies.php(58): Illuminate\Pipeline\Pipeline->Illuminate\Pipeline\{closure}(Object(Illuminate\Http\Request))
#50 C:\Users\cesar\Downloads\No.1\control-volumetrico\vendor\laravel\framework\src\Illuminate\Pipeline\Pipeline.php(219): Illuminate\Http\Middleware\TrustProxies->handle(Object(Illuminate\Http\Request), Object(Closure))
#51 C:\Users\cesar\Downloads\No.1\control-volumetrico\vendor\laravel\framework\src\Illuminate\Foundation\Http\Middleware\InvokeDeferredCallbacks.php(22): Illuminate\Pipeline\Pipeline->Illuminate\Pipeline\{closure}(Object(Illuminate\Http\Request))
#52 C:\Users\cesar\Downloads\No.1\control-volumetrico\vendor\laravel\framework\src\Illuminate\Pipeline\Pipeline.php(219): Illuminate\Foundation\Http\Middleware\InvokeDeferredCallbacks->handle(Object(Illuminate\Http\Request), Object(Closure))
#53 C:\Users\cesar\Downloads\No.1\control-volumetrico\vendor\laravel\framework\src\Illuminate\Http\Middleware\ValidatePathEncoding.php(26): Illuminate\Pipeline\Pipeline->Illuminate\Pipeline\{closure}(Object(Illuminate\Http\Request))
#54 C:\Users\cesar\Downloads\No.1\control-volumetrico\vendor\laravel\framework\src\Illuminate\Pipeline\Pipeline.php(219): Illuminate\Http\Middleware\ValidatePathEncoding->handle(Object(Illuminate\Http\Request), Object(Closure))
#55 C:\Users\cesar\Downloads\No.1\control-volumetrico\vendor\laravel\framework\src\Illuminate\Pipeline\Pipeline.php(137): Illuminate\Pipeline\Pipeline->Illuminate\Pipeline\{closure}(Object(Illuminate\Http\Request))
#56 C:\Users\cesar\Downloads\No.1\control-volumetrico\vendor\laravel\framework\src\Illuminate\Foundation\Http\Kernel.php(175): Illuminate\Pipeline\Pipeline->then(Object(Closure))
#57 C:\Users\cesar\Downloads\No.1\control-volumetrico\vendor\laravel\framework\src\Illuminate\Foundation\Http\Kernel.php(144): Illuminate\Foundation\Http\Kernel->sendRequestThroughRouter(Object(Illuminate\Http\Request))
#58 C:\Users\cesar\Downloads\No.1\control-volumetrico\vendor\laravel\framework\src\Illuminate\Foundation\Testing\Concerns\MakesHttpRequests.php(607): Illuminate\Foundation\Http\Kernel->handle(Object(Illuminate\Http\Request))
#59 C:\Users\cesar\Downloads\No.1\control-volumetrico\vendor\laravel\framework\src\Illuminate\Foundation\Testing\Concerns\MakesHttpRequests.php(368): Illuminate\Foundation\Testing\TestCase->call('GET', '/medidores/1', Array, Array, Array, Array)
#60 C:\Users\cesar\Downloads\No.1\control-volumetrico\tests\Feature\MedidorTest.php(138): Illuminate\Foundation\Testing\TestCase->get('/medidores/1')
#61 C:\Users\cesar\Downloads\No.1\control-volumetrico\vendor\phpunit\phpunit\src\Framework\TestCase.php(1667): Tests\Feature\MedidorTest->test_show_displays_medidor_details()
#62 C:\Users\cesar\Downloads\No.1\control-volumetrico\vendor\phpunit\phpunit\src\Framework\TestCase.php(519): PHPUnit\Framework\TestCase->runTest()
#63 C:\Users\cesar\Downloads\No.1\control-volumetrico\vendor\phpunit\phpunit\src\Framework\TestRunner\TestRunner.php(87): PHPUnit\Framework\TestCase->runBare()
#64 C:\Users\cesar\Downloads\No.1\control-volumetrico\vendor\phpunit\phpunit\src\Framework\TestCase.php(365): PHPUnit\Framework\TestRunner->run(Object(Tests\Feature\MedidorTest))
#65 C:\Users\cesar\Downloads\No.1\control-volumetrico\vendor\phpunit\phpunit\src\Framework\TestSuite.php(369): PHPUnit\Framework\TestCase->run()
#66 C:\Users\cesar\Downloads\No.1\control-volumetrico\vendor\phpunit\phpunit\src\Framework\TestSuite.php(369): PHPUnit\Framework\TestSuite->run()
#67 C:\Users\cesar\Downloads\No.1\control-volumetrico\vendor\phpunit\phpunit\src\Framework\TestSuite.php(369): PHPUnit\Framework\TestSuite->run()
#68 C:\Users\cesar\Downloads\No.1\control-volumetrico\vendor\phpunit\phpunit\src\TextUI\TestRunner.php(64): PHPUnit\Framework\TestSuite->run()
#69 C:\Users\cesar\Downloads\No.1\control-volumetrico\vendor\phpunit\phpunit\src\TextUI\Application.php(211): PHPUnit\TextUI\TestRunner->run(Object(PHPUnit\TextUI\Configuration\Configuration), Object(PHPUnit\Runner\ResultCache\DefaultResultCache), Object(PHPUnit\Framework\TestSuite))
#70 C:\Users\cesar\Downloads\No.1\control-volumetrico\vendor\phpunit\phpunit\phpunit(104): PHPUnit\TextUI\Application->run(Array)
#71 {main}

Next Illuminate\View\ViewException: Undefined array key "id" (View: C:\Users\cesar\Downloads\No.1\control-volumetrico\resources\views\medidores\show.blade.php) in C:\Users\cesar\Downloads\No.1\control-volumetrico\storage\framework\views\61f74ee43148f7796a45df19abc800d6.php:7
Stack trace:
#0 C:\Users\cesar\Downloads\No.1\control-volumetrico\vendor\laravel\framework\src\Illuminate\View\Engines\PhpEngine.php(59): Illuminate\View\Engines\CompilerEngine->handleViewException(Object(ErrorException), 1)
#1 C:\Users\cesar\Downloads\No.1\control-volumetrico\vendor\laravel\framework\src\Illuminate\View\Engines\CompilerEngine.php(76): Illuminate\View\Engines\PhpEngine->evaluatePath('C:\\Users\\cesar\\...', Array)
#2 C:\Users\cesar\Downloads\No.1\control-volumetrico\vendor\laravel\framework\src\Illuminate\View\View.php(208): Illuminate\View\Engines\CompilerEngine->get('C:\\Users\\cesar\\...', Array)
#3 C:\Users\cesar\Downloads\No.1\control-volumetrico\vendor\laravel\framework\src\Illuminate\View\View.php(191): Illuminate\View\View->getContents()
#4 C:\Users\cesar\Downloads\No.1\control-volumetrico\vendor\laravel\framework\src\Illuminate\View\View.php(160): Illuminate\View\View->renderContents()
#5 C:\Users\cesar\Downloads\No.1\control-volumetrico\vendor\laravel\framework\src\Illuminate\Http\Response.php(78): Illuminate\View\View->render()
#6 C:\Users\cesar\Downloads\No.1\control-volumetrico\vendor\laravel\framework\src\Illuminate\Http\Response.php(34): Illuminate\Http\Response->setContent(Object(Illuminate\View\View))
#7 C:\Users\cesar\Downloads\No.1\control-volumetrico\vendor\laravel\framework\src\Illuminate\Routing\Router.php(939): Illuminate\Http\Response->__construct(Object(Illuminate\View\View), 200, Array)
#8 C:\Users\cesar\Downloads\No.1\control-volumetrico\vendor\laravel\framework\src\Illuminate\Routing\Router.php(906): Illuminate\Routing\Router::toResponse(Object(Illuminate\Http\Request), Object(Illuminate\View\View))
#9 C:\Users\cesar\Downloads\No.1\control-volumetrico\vendor\laravel\framework\src\Illuminate\Routing\Router.php(821): Illuminate\Routing\Router->prepareResponse(Object(Illuminate\Http\Request), Object(Illuminate\View\View))
#10 C:\Users\cesar\Downloads\No.1\control-volumetrico\vendor\laravel\framework\src\Illuminate\Pipeline\Pipeline.php(180): Illuminate\Routing\Router->Illuminate\Routing\{closure}(Object(Illuminate\Http\Request))
#11 C:\Users\cesar\Downloads\No.1\control-volumetrico\app\Http\Middleware\ApiAuthenticated.php(18): Illuminate\Pipeline\Pipeline->Illuminate\Pipeline\{closure}(Object(Illuminate\Http\Request))
#12 C:\Users\cesar\Downloads\No.1\control-volumetrico\vendor\laravel\framework\src\Illuminate\Pipeline\Pipeline.php(219): App\Http\Middleware\ApiAuthenticated->handle(Object(Illuminate\Http\Request), Object(Closure))
#13 C:\Users\cesar\Downloads\No.1\control-volumetrico\vendor\laravel\framework\src\Illuminate\Routing\Middleware\SubstituteBindings.php(50): Illuminate\Pipeline\Pipeline->Illuminate\Pipeline\{closure}(Object(Illuminate\Http\Request))
#14 C:\Users\cesar\Downloads\No.1\control-volumetrico\vendor\laravel\framework\src\Illuminate\Pipeline\Pipeline.php(219): Illuminate\Routing\Middleware\SubstituteBindings->handle(Object(Illuminate\Http\Request), Object(Closure))
#15 C:\Users\cesar\Downloads\No.1\control-volumetrico\vendor\laravel\framework\src\Illuminate\Foundation\Http\Middleware\VerifyCsrfToken.php(87): Illuminate\Pipeline\Pipeline->Illuminate\Pipeline\{closure}(Object(Illuminate\Http\Request))
#16 C:\Users\cesar\Downloads\No.1\control-volumetrico\vendor\laravel\framework\src\Illuminate\Pipeline\Pipeline.php(219): Illuminate\Foundation\Http\Middleware\VerifyCsrfToken->handle(Object(Illuminate\Http\Request), Object(Closure))
#17 C:\Users\cesar\Downloads\No.1\control-volumetrico\vendor\laravel\framework\src\Illuminate\View\Middleware\ShareErrorsFromSession.php(48): Illuminate\Pipeline\Pipeline->Illuminate\Pipeline\{closure}(Object(Illuminate\Http\Request))
#18 C:\Users\cesar\Downloads\No.1\control-volumetrico\vendor\laravel\framework\src\Illuminate\Pipeline\Pipeline.php(219): Illuminate\View\Middleware\ShareErrorsFromSession->handle(Object(Illuminate\Http\Request), Object(Closure))
#19 C:\Users\cesar\Downloads\No.1\control-volumetrico\vendor\laravel\framework\src\Illuminate\Session\Middleware\StartSession.php(120): Illuminate\Pipeline\Pipeline->Illuminate\Pipeline\{closure}(Object(Illuminate\Http\Request))
#20 C:\Users\cesar\Downloads\No.1\control-volumetrico\vendor\laravel\framework\src\Illuminate\Session\Middleware\StartSession.php(63): Illuminate\Session\Middleware\StartSession->handleStatefulRequest(Object(Illuminate\Http\Request), Object(Illuminate\Session\Store), Object(Closure))
#21 C:\Users\cesar\Downloads\No.1\control-volumetrico\vendor\laravel\framework\src\Illuminate\Pipeline\Pipeline.php(219): Illuminate\Session\Middleware\StartSession->handle(Object(Illuminate\Http\Request), Object(Closure))
#22 C:\Users\cesar\Downloads\No.1\control-volumetrico\vendor\laravel\framework\src\Illuminate\Cookie\Middleware\AddQueuedCookiesToResponse.php(36): Illuminate\Pipeline\Pipeline->Illuminate\Pipeline\{closure}(Object(Illuminate\Http\Request))
#23 C:\Users\cesar\Downloads\No.1\control-volumetrico\vendor\laravel\framework\src\Illuminate\Pipeline\Pipeline.php(219): Illuminate\Cookie\Middleware\AddQueuedCookiesToResponse->handle(Object(Illuminate\Http\Request), Object(Closure))
#24 C:\Users\cesar\Downloads\No.1\control-volumetrico\vendor\laravel\framework\src\Illuminate\Cookie\Middleware\EncryptCookies.php(74): Illuminate\Pipeline\Pipeline->Illuminate\Pipeline\{closure}(Object(Illuminate\Http\Request))
#25 C:\Users\cesar\Downloads\No.1\control-volumetrico\vendor\laravel\framework\src\Illuminate\Pipeline\Pipeline.php(219): Illuminate\Cookie\Middleware\EncryptCookies->handle(Object(Illuminate\Http\Request), Object(Closure))
#26 C:\Users\cesar\Downloads\No.1\control-volumetrico\vendor\laravel\framework\src\Illuminate\Pipeline\Pipeline.php(137): Illuminate\Pipeline\Pipeline->Illuminate\Pipeline\{closure}(Object(Illuminate\Http\Request))
#27 C:\Users\cesar\Downloads\No.1\control-volumetrico\vendor\laravel\framework\src\Illuminate\Routing\Router.php(821): Illuminate\Pipeline\Pipeline->then(Object(Closure))
#28 C:\Users\cesar\Downloads\No.1\control-volumetrico\vendor\laravel\framework\src\Illuminate\Routing\Router.php(800): Illuminate\Routing\Router->runRouteWithinStack(Object(Illuminate\Routing\Route), Object(Illuminate\Http\Request))
#29 C:\Users\cesar\Downloads\No.1\control-volumetrico\vendor\laravel\framework\src\Illuminate\Routing\Router.php(764): Illuminate\Routing\Router->runRoute(Object(Illuminate\Http\Request), Object(Illuminate\Routing\Route))
#30 C:\Users\cesar\Downloads\No.1\control-volumetrico\vendor\laravel\framework\src\Illuminate\Routing\Router.php(753): Illuminate\Routing\Router->dispatchToRoute(Object(Illuminate\Http\Request))
#31 C:\Users\cesar\Downloads\No.1\control-volumetrico\vendor\laravel\framework\src\Illuminate\Foundation\Http\Kernel.php(200): Illuminate\Routing\Router->dispatch(Object(Illuminate\Http\Request))
#32 C:\Users\cesar\Downloads\No.1\control-volumetrico\vendor\laravel\framework\src\Illuminate\Pipeline\Pipeline.php(180): Illuminate\Foundation\Http\Kernel->Illuminate\Foundation\Http\{closure}(Object(Illuminate\Http\Request))
#33 C:\Users\cesar\Downloads\No.1\control-volumetrico\vendor\laravel\framework\src\Illuminate\Foundation\Http\Middleware\TransformsRequest.php(21): Illuminate\Pipeline\Pipeline->Illuminate\Pipeline\{closure}(Object(Illuminate\Http\Request))
#34 C:\Users\cesar\Downloads\No.1\control-volumetrico\vendor\laravel\framework\src\Illuminate\Foundation\Http\Middleware\ConvertEmptyStringsToNull.php(31): Illuminate\Foundation\Http\Middleware\TransformsRequest->handle(Object(Illuminate\Http\Request), Object(Closure))
#35 C:\Users\cesar\Downloads\No.1\control-volumetrico\vendor\laravel\framework\src\Illuminate\Pipeline\Pipeline.php(219): Illuminate\Foundation\Http\Middleware\ConvertEmptyStringsToNull->handle(Object(Illuminate\Http\Request), Object(Closure))
#36 C:\Users\cesar\Downloads\No.1\control-volumetrico\vendor\laravel\framework\src\Illuminate\Foundation\Http\Middleware\TransformsRequest.php(21): Illuminate\Pipeline\Pipeline->Illuminate\Pipeline\{closure}(Object(Illuminate\Http\Request))
#37 C:\Users\cesar\Downloads\No.1\control-volumetrico\vendor\laravel\framework\src\Illuminate\Foundation\Http\Middleware\TrimStrings.php(51): Illuminate\Foundation\Http\Middleware\TransformsRequest->handle(Object(Illuminate\Http\Request), Object(Closure))
#38 C:\Users\cesar\Downloads\No.1\control-volumetrico\vendor\laravel\framework\src\Illuminate\Pipeline\Pipeline.php(219): Illuminate\Foundation\Http\Middleware\TrimStrings->handle(Object(Illuminate\Http\Request), Object(Closure))
#39 C:\Users\cesar\Downloads\No.1\control-volumetrico\vendor\laravel\framework\src\Illuminate\Http\Middleware\ValidatePostSize.php(27): Illuminate\Pipeline\Pipeline->Illuminate\Pipeline\{closure}(Object(Illuminate\Http\Request))
#40 C:\Users\cesar\Downloads\No.1\control-volumetrico\vendor\laravel\framework\src\Illuminate\Pipeline\Pipeline.php(219): Illuminate\Http\Middleware\ValidatePostSize->handle(Object(Illuminate\Http\Request), Object(Closure))
#41 C:\Users\cesar\Downloads\No.1\control-volumetrico\vendor\laravel\framework\src\Illuminate\Foundation\Http\Middleware\PreventRequestsDuringMaintenance.php(109): Illuminate\Pipeline\Pipeline->Illuminate\Pipeline\{closure}(Object(Illuminate\Http\Request))
#42 C:\Users\cesar\Downloads\No.1\control-volumetrico\vendor\laravel\framework\src\Illuminate\Pipeline\Pipeline.php(219): Illuminate\Foundation\Http\Middleware\PreventRequestsDuringMaintenance->handle(Object(Illuminate\Http\Request), Object(Closure))
#43 C:\Users\cesar\Downloads\No.1\control-volumetrico\vendor\laravel\framework\src\Illuminate\Http\Middleware\HandleCors.php(61): Illuminate\Pipeline\Pipeline->Illuminate\Pipeline\{closure}(Object(Illuminate\Http\Request))
#44 C:\Users\cesar\Downloads\No.1\control-volumetrico\vendor\laravel\framework\src\Illuminate\Pipeline\Pipeline.php(219): Illuminate\Http\Middleware\HandleCors->handle(Object(Illuminate\Http\Request), Object(Closure))
#45 C:\Users\cesar\Downloads\No.1\control-volumetrico\vendor\laravel\framework\src\Illuminate\Http\Middleware\TrustProxies.php(58): Illuminate\Pipeline\Pipeline->Illuminate\Pipeline\{closure}(Object(Illuminate\Http\Request))
#46 C:\Users\cesar\Downloads\No.1\control-volumetrico\vendor\laravel\framework\src\Illuminate\Pipeline\Pipeline.php(219): Illuminate\Http\Middleware\TrustProxies->handle(Object(Illuminate\Http\Request), Object(Closure))
#47 C:\Users\cesar\Downloads\No.1\control-volumetrico\vendor\laravel\framework\src\Illuminate\Foundation\Http\Middleware\InvokeDeferredCallbacks.php(22): Illuminate\Pipeline\Pipeline->Illuminate\Pipeline\{closure}(Object(Illuminate\Http\Request))
#48 C:\Users\cesar\Downloads\No.1\control-volumetrico\vendor\laravel\framework\src\Illuminate\Pipeline\Pipeline.php(219): Illuminate\Foundation\Http\Middleware\InvokeDeferredCallbacks->handle(Object(Illuminate\Http\Request), Object(Closure))
#49 C:\Users\cesar\Downloads\No.1\control-volumetrico\vendor\laravel\framework\src\Illuminate\Http\Middleware\ValidatePathEncoding.php(26): Illuminate\Pipeline\Pipeline->Illuminate\Pipeline\{closure}(Object(Illuminate\Http\Request))
#50 C:\Users\cesar\Downloads\No.1\control-volumetrico\vendor\laravel\framework\src\Illuminate\Pipeline\Pipeline.php(219): Illuminate\Http\Middleware\ValidatePathEncoding->handle(Object(Illuminate\Http\Request), Object(Closure))
#51 C:\Users\cesar\Downloads\No.1\control-volumetrico\vendor\laravel\framework\src\Illuminate\Pipeline\Pipeline.php(137): Illuminate\Pipeline\Pipeline->Illuminate\Pipeline\{closure}(Object(Illuminate\Http\Request))
#52 C:\Users\cesar\Downloads\No.1\control-volumetrico\vendor\laravel\framework\src\Illuminate\Foundation\Http\Kernel.php(175): Illuminate\Pipeline\Pipeline->then(Object(Closure))
#53 C:\Users\cesar\Downloads\No.1\control-volumetrico\vendor\laravel\framework\src\Illuminate\Foundation\Http\Kernel.php(144): Illuminate\Foundation\Http\Kernel->sendRequestThroughRouter(Object(Illuminate\Http\Request))
#54 C:\Users\cesar\Downloads\No.1\control-volumetrico\vendor\laravel\framework\src\Illuminate\Foundation\Testing\Concerns\MakesHttpRequests.php(607): Illuminate\Foundation\Http\Kernel->handle(Object(Illuminate\Http\Request))
#55 C:\Users\cesar\Downloads\No.1\control-volumetrico\vendor\laravel\framework\src\Illuminate\Foundation\Testing\Concerns\MakesHttpRequests.php(368): Illuminate\Foundation\Testing\TestCase->call('GET', '/medidores/1', Array, Array, Array, Array)
#56 C:\Users\cesar\Downloads\No.1\control-volumetrico\tests\Feature\MedidorTest.php(138): Illuminate\Foundation\Testing\TestCase->get('/medidores/1')
#57 C:\Users\cesar\Downloads\No.1\control-volumetrico\vendor\phpunit\phpunit\src\Framework\TestCase.php(1667): Tests\Feature\MedidorTest->test_show_displays_medidor_details()
#58 C:\Users\cesar\Downloads\No.1\control-volumetrico\vendor\phpunit\phpunit\src\Framework\TestCase.php(519): PHPUnit\Framework\TestCase->runTest()
#59 C:\Users\cesar\Downloads\No.1\control-volumetrico\vendor\phpunit\phpunit\src\Framework\TestRunner\TestRunner.php(87): PHPUnit\Framework\TestCase->runBare()
#60 C:\Users\cesar\Downloads\No.1\control-volumetrico\vendor\phpunit\phpunit\src\Framework\TestCase.php(365): PHPUnit\Framework\TestRunner->run(Object(Tests\Feature\MedidorTest))
#61 C:\Users\cesar\Downloads\No.1\control-volumetrico\vendor\phpunit\phpunit\src\Framework\TestSuite.php(369): PHPUnit\Framework\TestCase->run()
#62 C:\Users\cesar\Downloads\No.1\control-volumetrico\vendor\phpunit\phpunit\src\Framework\TestSuite.php(369): PHPUnit\Framework\TestSuite->run()
#63 C:\Users\cesar\Downloads\No.1\control-volumetrico\vendor\phpunit\phpunit\src\Framework\TestSuite.php(369): PHPUnit\Framework\TestSuite->run()
#64 C:\Users\cesar\Downloads\No.1\control-volumetrico\vendor\phpunit\phpunit\src\TextUI\TestRunner.php(64): PHPUnit\Framework\TestSuite->run()
#65 C:\Users\cesar\Downloads\No.1\control-volumetrico\vendor\phpunit\phpunit\src\TextUI\Application.php(211): PHPUnit\TextUI\TestRunner->run(Object(PHPUnit\TextUI\Configuration\Configuration), Object(PHPUnit\Runner\ResultCache\DefaultResultCache), Object(PHPUnit\Framework\TestSuite))
#66 C:\Users\cesar\Downloads\No.1\control-volumetrico\vendor\phpunit\phpunit\phpunit(104): PHPUnit\TextUI\Application->run(Array)
#67 {main}

----------------------------------------------------------------------------------

Undefined array key "id" (View: C:\Users\cesar\Downloads\No.1\control-volumetrico\resources\views\medidores\show.blade.php)[39;22m

  at [32mtests\Feature\MedidorTest.php[39m:[32m140[39m
    136▕         $this->mockSuccessfulResponse('/api/medidores/1', $medidor);
    137▕ 
    138▕         $response = $this->get('/medidores/1');
    139▕ 
  ➜ 140▕         $response->assertStatus(200);
    141▕         $response->assertViewIs('medidores.show');
    142▕         $response->assertViewHas('medidor', $medidor);
    143▕     }
    144▕

  [31m────────────────────────────────────────────────────────────────────────────────────────────────────────────────────[39m  
  [41;1m FAILED [49;22m [1mTests\Feature\MedidorTest[22m [90m>[39m registrar calibracion registers calibration                                      
[39;1m  Failed asserting that two strings are equal.
--- Expected
+++ Actual
@@ @@
-'Calibración registrada exitosamente'
+'Operación exitosa'[39;22m

  at [32mtests\Feature\MedidorTest.php[39m:[32m161[39m
    157▕ 
    158▕         $response = $this->post('/medidores/1/calibrar', $calibrationData);
    159▕ 
    160▕         $response->assertRedirect('/medidores/1');
  ➜ 161▕         $response->assertSessionHas('success', 'Calibración registrada exitosamente');
    162▕     }
    163▕ 
    164▕     /** @test */
    165▕     public function test_probar_comunicacion_tests_communication()

  [31m────────────────────────────────────────────────────────────────────────────────────────────────────────────────────[39m  
  [41;1m FAILED [49;22m [1mTests\Feature\MedidorTest[22m [90m>[39m probar comunicacion fails when offline                                           
[39;1m  Failed asserting that null matches expected 'Error de comunicación'.[39;22m

  at [32mtests\Feature\MedidorTest.php[39m:[32m189[39m
    185▕ 
    186▕         $response = $this->get('/medidores/1/probar-comunicacion');
    187▕ 
    188▕         $response->assertRedirect('/medidores/1');
  ➜ 189▕         $response->assertSessionHas('error', 'Error de comunicación');
    190▕     }
    191▕ 
    192▕     /** @test */
    193▕     public function test_verificar_estado_checks_meter_status()

  [31m────────────────────────────────────────────────────────────────────────────────────────────────────────────────────[39m  
  [41;1m FAILED [49;22m [1mTests\Feature\MedidorTest[22m [90m>[39m verificar estado checks meter status                                             
[39;1m  Expected response status code [200] but received 500.
Failed asserting that 500 is identical to 200.

The following exception occurred during the last request:

ErrorException: Undefined array key "estado_general" in C:\Users\cesar\Downloads\No.1\control-volumetrico\storage\framework\views\f14ae9480af4c3684a3447352d2bbc00.php:17
Stack trace:
#0 C:\Users\cesar\Downloads\No.1\control-volumetrico\vendor\laravel\framework\src\Illuminate\Foundation\Bootstrap\HandleExceptions.php(258): Illuminate\Foundation\Bootstrap\HandleExceptions->handleError(2, 'Undefined array...', 'C:\\Users\\cesar\\...', 17)
#1 C:\Users\cesar\Downloads\No.1\control-volumetrico\storage\framework\views\f14ae9480af4c3684a3447352d2bbc00.php(17): Illuminate\Foundation\Bootstrap\HandleExceptions->Illuminate\Foundation\Bootstrap\{closure}(2, 'Undefined array...', 'C:\\Users\\cesar\\...', 17)
#2 C:\Users\cesar\Downloads\No.1\control-volumetrico\vendor\laravel\framework\src\Illuminate\Filesystem\Filesystem.php(123): require('C:\\Users\\cesar\\...')
#3 C:\Users\cesar\Downloads\No.1\control-volumetrico\vendor\laravel\framework\src\Illuminate\Filesystem\Filesystem.php(124): Illuminate\Filesystem\Filesystem::Illuminate\Filesystem\{closure}()
#4 C:\Users\cesar\Downloads\No.1\control-volumetrico\vendor\laravel\framework\src\Illuminate\View\Engines\PhpEngine.php(57): Illuminate\Filesystem\Filesystem->getRequire('C:\\Users\\cesar\\...', Array)
#5 C:\Users\cesar\Downloads\No.1\control-volumetrico\vendor\laravel\framework\src\Illuminate\View\Engines\CompilerEngine.php(76): Illuminate\View\Engines\PhpEngine->evaluatePath('C:\\Users\\cesar\\...', Array)
#6 C:\Users\cesar\Downloads\No.1\control-volumetrico\vendor\laravel\framework\src\Illuminate\View\View.php(208): Illuminate\View\Engines\CompilerEngine->get('C:\\Users\\cesar\\...', Array)
#7 C:\Users\cesar\Downloads\No.1\control-volumetrico\vendor\laravel\framework\src\Illuminate\View\View.php(191): Illuminate\View\View->getContents()
#8 C:\Users\cesar\Downloads\No.1\control-volumetrico\vendor\laravel\framework\src\Illuminate\View\View.php(160): Illuminate\View\View->renderContents()
#9 C:\Users\cesar\Downloads\No.1\control-volumetrico\vendor\laravel\framework\src\Illuminate\Http\Response.php(78): Illuminate\View\View->render()
#10 C:\Users\cesar\Downloads\No.1\control-volumetrico\vendor\laravel\framework\src\Illuminate\Http\Response.php(34): Illuminate\Http\Response->setContent(Object(Illuminate\View\View))
#11 C:\Users\cesar\Downloads\No.1\control-volumetrico\vendor\laravel\framework\src\Illuminate\Routing\Router.php(939): Illuminate\Http\Response->__construct(Object(Illuminate\View\View), 200, Array)
#12 C:\Users\cesar\Downloads\No.1\control-volumetrico\vendor\laravel\framework\src\Illuminate\Routing\Router.php(906): Illuminate\Routing\Router::toResponse(Object(Illuminate\Http\Request), Object(Illuminate\View\View))
#13 C:\Users\cesar\Downloads\No.1\control-volumetrico\vendor\laravel\framework\src\Illuminate\Routing\Router.php(821): Illuminate\Routing\Router->prepareResponse(Object(Illuminate\Http\Request), Object(Illuminate\View\View))
#14 C:\Users\cesar\Downloads\No.1\control-volumetrico\vendor\laravel\framework\src\Illuminate\Pipeline\Pipeline.php(180): Illuminate\Routing\Router->Illuminate\Routing\{closure}(Object(Illuminate\Http\Request))
#15 C:\Users\cesar\Downloads\No.1\control-volumetrico\app\Http\Middleware\ApiAuthenticated.php(18): Illuminate\Pipeline\Pipeline->Illuminate\Pipeline\{closure}(Object(Illuminate\Http\Request))
#16 C:\Users\cesar\Downloads\No.1\control-volumetrico\vendor\laravel\framework\src\Illuminate\Pipeline\Pipeline.php(219): App\Http\Middleware\ApiAuthenticated->handle(Object(Illuminate\Http\Request), Object(Closure))
#17 C:\Users\cesar\Downloads\No.1\control-volumetrico\vendor\laravel\framework\src\Illuminate\Routing\Middleware\SubstituteBindings.php(50): Illuminate\Pipeline\Pipeline->Illuminate\Pipeline\{closure}(Object(Illuminate\Http\Request))
#18 C:\Users\cesar\Downloads\No.1\control-volumetrico\vendor\laravel\framework\src\Illuminate\Pipeline\Pipeline.php(219): Illuminate\Routing\Middleware\SubstituteBindings->handle(Object(Illuminate\Http\Request), Object(Closure))
#19 C:\Users\cesar\Downloads\No.1\control-volumetrico\vendor\laravel\framework\src\Illuminate\Foundation\Http\Middleware\VerifyCsrfToken.php(87): Illuminate\Pipeline\Pipeline->Illuminate\Pipeline\{closure}(Object(Illuminate\Http\Request))
#20 C:\Users\cesar\Downloads\No.1\control-volumetrico\vendor\laravel\framework\src\Illuminate\Pipeline\Pipeline.php(219): Illuminate\Foundation\Http\Middleware\VerifyCsrfToken->handle(Object(Illuminate\Http\Request), Object(Closure))
#21 C:\Users\cesar\Downloads\No.1\control-volumetrico\vendor\laravel\framework\src\Illuminate\View\Middleware\ShareErrorsFromSession.php(48): Illuminate\Pipeline\Pipeline->Illuminate\Pipeline\{closure}(Object(Illuminate\Http\Request))
#22 C:\Users\cesar\Downloads\No.1\control-volumetrico\vendor\laravel\framework\src\Illuminate\Pipeline\Pipeline.php(219): Illuminate\View\Middleware\ShareErrorsFromSession->handle(Object(Illuminate\Http\Request), Object(Closure))
#23 C:\Users\cesar\Downloads\No.1\control-volumetrico\vendor\laravel\framework\src\Illuminate\Session\Middleware\StartSession.php(120): Illuminate\Pipeline\Pipeline->Illuminate\Pipeline\{closure}(Object(Illuminate\Http\Request))
#24 C:\Users\cesar\Downloads\No.1\control-volumetrico\vendor\laravel\framework\src\Illuminate\Session\Middleware\StartSession.php(63): Illuminate\Session\Middleware\StartSession->handleStatefulRequest(Object(Illuminate\Http\Request), Object(Illuminate\Session\Store), Object(Closure))
#25 C:\Users\cesar\Downloads\No.1\control-volumetrico\vendor\laravel\framework\src\Illuminate\Pipeline\Pipeline.php(219): Illuminate\Session\Middleware\StartSession->handle(Object(Illuminate\Http\Request), Object(Closure))
#26 C:\Users\cesar\Downloads\No.1\control-volumetrico\vendor\laravel\framework\src\Illuminate\Cookie\Middleware\AddQueuedCookiesToResponse.php(36): Illuminate\Pipeline\Pipeline->Illuminate\Pipeline\{closure}(Object(Illuminate\Http\Request))
#27 C:\Users\cesar\Downloads\No.1\control-volumetrico\vendor\laravel\framework\src\Illuminate\Pipeline\Pipeline.php(219): Illuminate\Cookie\Middleware\AddQueuedCookiesToResponse->handle(Object(Illuminate\Http\Request), Object(Closure))
#28 C:\Users\cesar\Downloads\No.1\control-volumetrico\vendor\laravel\framework\src\Illuminate\Cookie\Middleware\EncryptCookies.php(74): Illuminate\Pipeline\Pipeline->Illuminate\Pipeline\{closure}(Object(Illuminate\Http\Request))
#29 C:\Users\cesar\Downloads\No.1\control-volumetrico\vendor\laravel\framework\src\Illuminate\Pipeline\Pipeline.php(219): Illuminate\Cookie\Middleware\EncryptCookies->handle(Object(Illuminate\Http\Request), Object(Closure))
#30 C:\Users\cesar\Downloads\No.1\control-volumetrico\vendor\laravel\framework\src\Illuminate\Pipeline\Pipeline.php(137): Illuminate\Pipeline\Pipeline->Illuminate\Pipeline\{closure}(Object(Illuminate\Http\Request))
#31 C:\Users\cesar\Downloads\No.1\control-volumetrico\vendor\laravel\framework\src\Illuminate\Routing\Router.php(821): Illuminate\Pipeline\Pipeline->then(Object(Closure))
#32 C:\Users\cesar\Downloads\No.1\control-volumetrico\vendor\laravel\framework\src\Illuminate\Routing\Router.php(800): Illuminate\Routing\Router->runRouteWithinStack(Object(Illuminate\Routing\Route), Object(Illuminate\Http\Request))
#33 C:\Users\cesar\Downloads\No.1\control-volumetrico\vendor\laravel\framework\src\Illuminate\Routing\Router.php(764): Illuminate\Routing\Router->runRoute(Object(Illuminate\Http\Request), Object(Illuminate\Routing\Route))
#34 C:\Users\cesar\Downloads\No.1\control-volumetrico\vendor\laravel\framework\src\Illuminate\Routing\Router.php(753): Illuminate\Routing\Router->dispatchToRoute(Object(Illuminate\Http\Request))
#35 C:\Users\cesar\Downloads\No.1\control-volumetrico\vendor\laravel\framework\src\Illuminate\Foundation\Http\Kernel.php(200): Illuminate\Routing\Router->dispatch(Object(Illuminate\Http\Request))
#36 C:\Users\cesar\Downloads\No.1\control-volumetrico\vendor\laravel\framework\src\Illuminate\Pipeline\Pipeline.php(180): Illuminate\Foundation\Http\Kernel->Illuminate\Foundation\Http\{closure}(Object(Illuminate\Http\Request))
#37 C:\Users\cesar\Downloads\No.1\control-volumetrico\vendor\laravel\framework\src\Illuminate\Foundation\Http\Middleware\TransformsRequest.php(21): Illuminate\Pipeline\Pipeline->Illuminate\Pipeline\{closure}(Object(Illuminate\Http\Request))
#38 C:\Users\cesar\Downloads\No.1\control-volumetrico\vendor\laravel\framework\src\Illuminate\Foundation\Http\Middleware\ConvertEmptyStringsToNull.php(31): Illuminate\Foundation\Http\Middleware\TransformsRequest->handle(Object(Illuminate\Http\Request), Object(Closure))
#39 C:\Users\cesar\Downloads\No.1\control-volumetrico\vendor\laravel\framework\src\Illuminate\Pipeline\Pipeline.php(219): Illuminate\Foundation\Http\Middleware\ConvertEmptyStringsToNull->handle(Object(Illuminate\Http\Request), Object(Closure))
#40 C:\Users\cesar\Downloads\No.1\control-volumetrico\vendor\laravel\framework\src\Illuminate\Foundation\Http\Middleware\TransformsRequest.php(21): Illuminate\Pipeline\Pipeline->Illuminate\Pipeline\{closure}(Object(Illuminate\Http\Request))
#41 C:\Users\cesar\Downloads\No.1\control-volumetrico\vendor\laravel\framework\src\Illuminate\Foundation\Http\Middleware\TrimStrings.php(51): Illuminate\Foundation\Http\Middleware\TransformsRequest->handle(Object(Illuminate\Http\Request), Object(Closure))
#42 C:\Users\cesar\Downloads\No.1\control-volumetrico\vendor\laravel\framework\src\Illuminate\Pipeline\Pipeline.php(219): Illuminate\Foundation\Http\Middleware\TrimStrings->handle(Object(Illuminate\Http\Request), Object(Closure))
#43 C:\Users\cesar\Downloads\No.1\control-volumetrico\vendor\laravel\framework\src\Illuminate\Http\Middleware\ValidatePostSize.php(27): Illuminate\Pipeline\Pipeline->Illuminate\Pipeline\{closure}(Object(Illuminate\Http\Request))
#44 C:\Users\cesar\Downloads\No.1\control-volumetrico\vendor\laravel\framework\src\Illuminate\Pipeline\Pipeline.php(219): Illuminate\Http\Middleware\ValidatePostSize->handle(Object(Illuminate\Http\Request), Object(Closure))
#45 C:\Users\cesar\Downloads\No.1\control-volumetrico\vendor\laravel\framework\src\Illuminate\Foundation\Http\Middleware\PreventRequestsDuringMaintenance.php(109): Illuminate\Pipeline\Pipeline->Illuminate\Pipeline\{closure}(Object(Illuminate\Http\Request))
#46 C:\Users\cesar\Downloads\No.1\control-volumetrico\vendor\laravel\framework\src\Illuminate\Pipeline\Pipeline.php(219): Illuminate\Foundation\Http\Middleware\PreventRequestsDuringMaintenance->handle(Object(Illuminate\Http\Request), Object(Closure))
#47 C:\Users\cesar\Downloads\No.1\control-volumetrico\vendor\laravel\framework\src\Illuminate\Http\Middleware\HandleCors.php(61): Illuminate\Pipeline\Pipeline->Illuminate\Pipeline\{closure}(Object(Illuminate\Http\Request))
#48 C:\Users\cesar\Downloads\No.1\control-volumetrico\vendor\laravel\framework\src\Illuminate\Pipeline\Pipeline.php(219): Illuminate\Http\Middleware\HandleCors->handle(Object(Illuminate\Http\Request), Object(Closure))
#49 C:\Users\cesar\Downloads\No.1\control-volumetrico\vendor\laravel\framework\src\Illuminate\Http\Middleware\TrustProxies.php(58): Illuminate\Pipeline\Pipeline->Illuminate\Pipeline\{closure}(Object(Illuminate\Http\Request))
#50 C:\Users\cesar\Downloads\No.1\control-volumetrico\vendor\laravel\framework\src\Illuminate\Pipeline\Pipeline.php(219): Illuminate\Http\Middleware\TrustProxies->handle(Object(Illuminate\Http\Request), Object(Closure))
#51 C:\Users\cesar\Downloads\No.1\control-volumetrico\vendor\laravel\framework\src\Illuminate\Foundation\Http\Middleware\InvokeDeferredCallbacks.php(22): Illuminate\Pipeline\Pipeline->Illuminate\Pipeline\{closure}(Object(Illuminate\Http\Request))
#52 C:\Users\cesar\Downloads\No.1\control-volumetrico\vendor\laravel\framework\src\Illuminate\Pipeline\Pipeline.php(219): Illuminate\Foundation\Http\Middleware\InvokeDeferredCallbacks->handle(Object(Illuminate\Http\Request), Object(Closure))
#53 C:\Users\cesar\Downloads\No.1\control-volumetrico\vendor\laravel\framework\src\Illuminate\Http\Middleware\ValidatePathEncoding.php(26): Illuminate\Pipeline\Pipeline->Illuminate\Pipeline\{closure}(Object(Illuminate\Http\Request))
#54 C:\Users\cesar\Downloads\No.1\control-volumetrico\vendor\laravel\framework\src\Illuminate\Pipeline\Pipeline.php(219): Illuminate\Http\Middleware\ValidatePathEncoding->handle(Object(Illuminate\Http\Request), Object(Closure))
#55 C:\Users\cesar\Downloads\No.1\control-volumetrico\vendor\laravel\framework\src\Illuminate\Pipeline\Pipeline.php(137): Illuminate\Pipeline\Pipeline->Illuminate\Pipeline\{closure}(Object(Illuminate\Http\Request))
#56 C:\Users\cesar\Downloads\No.1\control-volumetrico\vendor\laravel\framework\src\Illuminate\Foundation\Http\Kernel.php(175): Illuminate\Pipeline\Pipeline->then(Object(Closure))
#57 C:\Users\cesar\Downloads\No.1\control-volumetrico\vendor\laravel\framework\src\Illuminate\Foundation\Http\Kernel.php(144): Illuminate\Foundation\Http\Kernel->sendRequestThroughRouter(Object(Illuminate\Http\Request))
#58 C:\Users\cesar\Downloads\No.1\control-volumetrico\vendor\laravel\framework\src\Illuminate\Foundation\Testing\Concerns\MakesHttpRequests.php(607): Illuminate\Foundation\Http\Kernel->handle(Object(Illuminate\Http\Request))
#59 C:\Users\cesar\Downloads\No.1\control-volumetrico\vendor\laravel\framework\src\Illuminate\Foundation\Testing\Concerns\MakesHttpRequests.php(368): Illuminate\Foundation\Testing\TestCase->call('GET', '/medidores/1/ve...', Array, Array, Array, Array)
#60 C:\Users\cesar\Downloads\No.1\control-volumetrico\tests\Feature\MedidorTest.php(206): Illuminate\Foundation\Testing\TestCase->get('/medidores/1/ve...')
#61 C:\Users\cesar\Downloads\No.1\control-volumetrico\vendor\phpunit\phpunit\src\Framework\TestCase.php(1667): Tests\Feature\MedidorTest->test_verificar_estado_checks_meter_status()
#62 C:\Users\cesar\Downloads\No.1\control-volumetrico\vendor\phpunit\phpunit\src\Framework\TestCase.php(519): PHPUnit\Framework\TestCase->runTest()
#63 C:\Users\cesar\Downloads\No.1\control-volumetrico\vendor\phpunit\phpunit\src\Framework\TestRunner\TestRunner.php(87): PHPUnit\Framework\TestCase->runBare()
#64 C:\Users\cesar\Downloads\No.1\control-volumetrico\vendor\phpunit\phpunit\src\Framework\TestCase.php(365): PHPUnit\Framework\TestRunner->run(Object(Tests\Feature\MedidorTest))
#65 C:\Users\cesar\Downloads\No.1\control-volumetrico\vendor\phpunit\phpunit\src\Framework\TestSuite.php(369): PHPUnit\Framework\TestCase->run()
#66 C:\Users\cesar\Downloads\No.1\control-volumetrico\vendor\phpunit\phpunit\src\Framework\TestSuite.php(369): PHPUnit\Framework\TestSuite->run()
#67 C:\Users\cesar\Downloads\No.1\control-volumetrico\vendor\phpunit\phpunit\src\Framework\TestSuite.php(369): PHPUnit\Framework\TestSuite->run()
#68 C:\Users\cesar\Downloads\No.1\control-volumetrico\vendor\phpunit\phpunit\src\TextUI\TestRunner.php(64): PHPUnit\Framework\TestSuite->run()
#69 C:\Users\cesar\Downloads\No.1\control-volumetrico\vendor\phpunit\phpunit\src\TextUI\Application.php(211): PHPUnit\TextUI\TestRunner->run(Object(PHPUnit\TextUI\Configuration\Configuration), Object(PHPUnit\Runner\ResultCache\DefaultResultCache), Object(PHPUnit\Framework\TestSuite))
#70 C:\Users\cesar\Downloads\No.1\control-volumetrico\vendor\phpunit\phpunit\phpunit(104): PHPUnit\TextUI\Application->run(Array)
#71 {main}

Next Illuminate\View\ViewException: Undefined array key "estado_general" (View: C:\Users\cesar\Downloads\No.1\control-volumetrico\resources\views\medidores\estado.blade.php) in C:\Users\cesar\Downloads\No.1\control-volumetrico\storage\framework\views\f14ae9480af4c3684a3447352d2bbc00.php:17
Stack trace:
#0 C:\Users\cesar\Downloads\No.1\control-volumetrico\vendor\laravel\framework\src\Illuminate\View\Engines\PhpEngine.php(59): Illuminate\View\Engines\CompilerEngine->handleViewException(Object(ErrorException), 1)
#1 C:\Users\cesar\Downloads\No.1\control-volumetrico\vendor\laravel\framework\src\Illuminate\View\Engines\CompilerEngine.php(76): Illuminate\View\Engines\PhpEngine->evaluatePath('C:\\Users\\cesar\\...', Array)
#2 C:\Users\cesar\Downloads\No.1\control-volumetrico\vendor\laravel\framework\src\Illuminate\View\View.php(208): Illuminate\View\Engines\CompilerEngine->get('C:\\Users\\cesar\\...', Array)
#3 C:\Users\cesar\Downloads\No.1\control-volumetrico\vendor\laravel\framework\src\Illuminate\View\View.php(191): Illuminate\View\View->getContents()
#4 C:\Users\cesar\Downloads\No.1\control-volumetrico\vendor\laravel\framework\src\Illuminate\View\View.php(160): Illuminate\View\View->renderContents()
#5 C:\Users\cesar\Downloads\No.1\control-volumetrico\vendor\laravel\framework\src\Illuminate\Http\Response.php(78): Illuminate\View\View->render()
#6 C:\Users\cesar\Downloads\No.1\control-volumetrico\vendor\laravel\framework\src\Illuminate\Http\Response.php(34): Illuminate\Http\Response->setContent(Object(Illuminate\View\View))
#7 C:\Users\cesar\Downloads\No.1\control-volumetrico\vendor\laravel\framework\src\Illuminate\Routing\Router.php(939): Illuminate\Http\Response->__construct(Object(Illuminate\View\View), 200, Array)
#8 C:\Users\cesar\Downloads\No.1\control-volumetrico\vendor\laravel\framework\src\Illuminate\Routing\Router.php(906): Illuminate\Routing\Router::toResponse(Object(Illuminate\Http\Request), Object(Illuminate\View\View))
#9 C:\Users\cesar\Downloads\No.1\control-volumetrico\vendor\laravel\framework\src\Illuminate\Routing\Router.php(821): Illuminate\Routing\Router->prepareResponse(Object(Illuminate\Http\Request), Object(Illuminate\View\View))
#10 C:\Users\cesar\Downloads\No.1\control-volumetrico\vendor\laravel\framework\src\Illuminate\Pipeline\Pipeline.php(180): Illuminate\Routing\Router->Illuminate\Routing\{closure}(Object(Illuminate\Http\Request))
#11 C:\Users\cesar\Downloads\No.1\control-volumetrico\app\Http\Middleware\ApiAuthenticated.php(18): Illuminate\Pipeline\Pipeline->Illuminate\Pipeline\{closure}(Object(Illuminate\Http\Request))
#12 C:\Users\cesar\Downloads\No.1\control-volumetrico\vendor\laravel\framework\src\Illuminate\Pipeline\Pipeline.php(219): App\Http\Middleware\ApiAuthenticated->handle(Object(Illuminate\Http\Request), Object(Closure))
#13 C:\Users\cesar\Downloads\No.1\control-volumetrico\vendor\laravel\framework\src\Illuminate\Routing\Middleware\SubstituteBindings.php(50): Illuminate\Pipeline\Pipeline->Illuminate\Pipeline\{closure}(Object(Illuminate\Http\Request))
#14 C:\Users\cesar\Downloads\No.1\control-volumetrico\vendor\laravel\framework\src\Illuminate\Pipeline\Pipeline.php(219): Illuminate\Routing\Middleware\SubstituteBindings->handle(Object(Illuminate\Http\Request), Object(Closure))
#15 C:\Users\cesar\Downloads\No.1\control-volumetrico\vendor\laravel\framework\src\Illuminate\Foundation\Http\Middleware\VerifyCsrfToken.php(87): Illuminate\Pipeline\Pipeline->Illuminate\Pipeline\{closure}(Object(Illuminate\Http\Request))
#16 C:\Users\cesar\Downloads\No.1\control-volumetrico\vendor\laravel\framework\src\Illuminate\Pipeline\Pipeline.php(219): Illuminate\Foundation\Http\Middleware\VerifyCsrfToken->handle(Object(Illuminate\Http\Request), Object(Closure))
#17 C:\Users\cesar\Downloads\No.1\control-volumetrico\vendor\laravel\framework\src\Illuminate\View\Middleware\ShareErrorsFromSession.php(48): Illuminate\Pipeline\Pipeline->Illuminate\Pipeline\{closure}(Object(Illuminate\Http\Request))
#18 C:\Users\cesar\Downloads\No.1\control-volumetrico\vendor\laravel\framework\src\Illuminate\Pipeline\Pipeline.php(219): Illuminate\View\Middleware\ShareErrorsFromSession->handle(Object(Illuminate\Http\Request), Object(Closure))
#19 C:\Users\cesar\Downloads\No.1\control-volumetrico\vendor\laravel\framework\src\Illuminate\Session\Middleware\StartSession.php(120): Illuminate\Pipeline\Pipeline->Illuminate\Pipeline\{closure}(Object(Illuminate\Http\Request))
#20 C:\Users\cesar\Downloads\No.1\control-volumetrico\vendor\laravel\framework\src\Illuminate\Session\Middleware\StartSession.php(63): Illuminate\Session\Middleware\StartSession->handleStatefulRequest(Object(Illuminate\Http\Request), Object(Illuminate\Session\Store), Object(Closure))
#21 C:\Users\cesar\Downloads\No.1\control-volumetrico\vendor\laravel\framework\src\Illuminate\Pipeline\Pipeline.php(219): Illuminate\Session\Middleware\StartSession->handle(Object(Illuminate\Http\Request), Object(Closure))
#22 C:\Users\cesar\Downloads\No.1\control-volumetrico\vendor\laravel\framework\src\Illuminate\Cookie\Middleware\AddQueuedCookiesToResponse.php(36): Illuminate\Pipeline\Pipeline->Illuminate\Pipeline\{closure}(Object(Illuminate\Http\Request))
#23 C:\Users\cesar\Downloads\No.1\control-volumetrico\vendor\laravel\framework\src\Illuminate\Pipeline\Pipeline.php(219): Illuminate\Cookie\Middleware\AddQueuedCookiesToResponse->handle(Object(Illuminate\Http\Request), Object(Closure))
#24 C:\Users\cesar\Downloads\No.1\control-volumetrico\vendor\laravel\framework\src\Illuminate\Cookie\Middleware\EncryptCookies.php(74): Illuminate\Pipeline\Pipeline->Illuminate\Pipeline\{closure}(Object(Illuminate\Http\Request))
#25 C:\Users\cesar\Downloads\No.1\control-volumetrico\vendor\laravel\framework\src\Illuminate\Pipeline\Pipeline.php(219): Illuminate\Cookie\Middleware\EncryptCookies->handle(Object(Illuminate\Http\Request), Object(Closure))
#26 C:\Users\cesar\Downloads\No.1\control-volumetrico\vendor\laravel\framework\src\Illuminate\Pipeline\Pipeline.php(137): Illuminate\Pipeline\Pipeline->Illuminate\Pipeline\{closure}(Object(Illuminate\Http\Request))
#27 C:\Users\cesar\Downloads\No.1\control-volumetrico\vendor\laravel\framework\src\Illuminate\Routing\Router.php(821): Illuminate\Pipeline\Pipeline->then(Object(Closure))
#28 C:\Users\cesar\Downloads\No.1\control-volumetrico\vendor\laravel\framework\src\Illuminate\Routing\Router.php(800): Illuminate\Routing\Router->runRouteWithinStack(Object(Illuminate\Routing\Route), Object(Illuminate\Http\Request))
#29 C:\Users\cesar\Downloads\No.1\control-volumetrico\vendor\laravel\framework\src\Illuminate\Routing\Router.php(764): Illuminate\Routing\Router->runRoute(Object(Illuminate\Http\Request), Object(Illuminate\Routing\Route))
#30 C:\Users\cesar\Downloads\No.1\control-volumetrico\vendor\laravel\framework\src\Illuminate\Routing\Router.php(753): Illuminate\Routing\Router->dispatchToRoute(Object(Illuminate\Http\Request))
#31 C:\Users\cesar\Downloads\No.1\control-volumetrico\vendor\laravel\framework\src\Illuminate\Foundation\Http\Kernel.php(200): Illuminate\Routing\Router->dispatch(Object(Illuminate\Http\Request))
#32 C:\Users\cesar\Downloads\No.1\control-volumetrico\vendor\laravel\framework\src\Illuminate\Pipeline\Pipeline.php(180): Illuminate\Foundation\Http\Kernel->Illuminate\Foundation\Http\{closure}(Object(Illuminate\Http\Request))
#33 C:\Users\cesar\Downloads\No.1\control-volumetrico\vendor\laravel\framework\src\Illuminate\Foundation\Http\Middleware\TransformsRequest.php(21): Illuminate\Pipeline\Pipeline->Illuminate\Pipeline\{closure}(Object(Illuminate\Http\Request))
#34 C:\Users\cesar\Downloads\No.1\control-volumetrico\vendor\laravel\framework\src\Illuminate\Foundation\Http\Middleware\ConvertEmptyStringsToNull.php(31): Illuminate\Foundation\Http\Middleware\TransformsRequest->handle(Object(Illuminate\Http\Request), Object(Closure))
#35 C:\Users\cesar\Downloads\No.1\control-volumetrico\vendor\laravel\framework\src\Illuminate\Pipeline\Pipeline.php(219): Illuminate\Foundation\Http\Middleware\ConvertEmptyStringsToNull->handle(Object(Illuminate\Http\Request), Object(Closure))
#36 C:\Users\cesar\Downloads\No.1\control-volumetrico\vendor\laravel\framework\src\Illuminate\Foundation\Http\Middleware\TransformsRequest.php(21): Illuminate\Pipeline\Pipeline->Illuminate\Pipeline\{closure}(Object(Illuminate\Http\Request))
#37 C:\Users\cesar\Downloads\No.1\control-volumetrico\vendor\laravel\framework\src\Illuminate\Foundation\Http\Middleware\TrimStrings.php(51): Illuminate\Foundation\Http\Middleware\TransformsRequest->handle(Object(Illuminate\Http\Request), Object(Closure))
#38 C:\Users\cesar\Downloads\No.1\control-volumetrico\vendor\laravel\framework\src\Illuminate\Pipeline\Pipeline.php(219): Illuminate\Foundation\Http\Middleware\TrimStrings->handle(Object(Illuminate\Http\Request), Object(Closure))
#39 C:\Users\cesar\Downloads\No.1\control-volumetrico\vendor\laravel\framework\src\Illuminate\Http\Middleware\ValidatePostSize.php(27): Illuminate\Pipeline\Pipeline->Illuminate\Pipeline\{closure}(Object(Illuminate\Http\Request))
#40 C:\Users\cesar\Downloads\No.1\control-volumetrico\vendor\laravel\framework\src\Illuminate\Pipeline\Pipeline.php(219): Illuminate\Http\Middleware\ValidatePostSize->handle(Object(Illuminate\Http\Request), Object(Closure))
#41 C:\Users\cesar\Downloads\No.1\control-volumetrico\vendor\laravel\framework\src\Illuminate\Foundation\Http\Middleware\PreventRequestsDuringMaintenance.php(109): Illuminate\Pipeline\Pipeline->Illuminate\Pipeline\{closure}(Object(Illuminate\Http\Request))
#42 C:\Users\cesar\Downloads\No.1\control-volumetrico\vendor\laravel\framework\src\Illuminate\Pipeline\Pipeline.php(219): Illuminate\Foundation\Http\Middleware\PreventRequestsDuringMaintenance->handle(Object(Illuminate\Http\Request), Object(Closure))
#43 C:\Users\cesar\Downloads\No.1\control-volumetrico\vendor\laravel\framework\src\Illuminate\Http\Middleware\HandleCors.php(61): Illuminate\Pipeline\Pipeline->Illuminate\Pipeline\{closure}(Object(Illuminate\Http\Request))
#44 C:\Users\cesar\Downloads\No.1\control-volumetrico\vendor\laravel\framework\src\Illuminate\Pipeline\Pipeline.php(219): Illuminate\Http\Middleware\HandleCors->handle(Object(Illuminate\Http\Request), Object(Closure))
#45 C:\Users\cesar\Downloads\No.1\control-volumetrico\vendor\laravel\framework\src\Illuminate\Http\Middleware\TrustProxies.php(58): Illuminate\Pipeline\Pipeline->Illuminate\Pipeline\{closure}(Object(Illuminate\Http\Request))
#46 C:\Users\cesar\Downloads\No.1\control-volumetrico\vendor\laravel\framework\src\Illuminate\Pipeline\Pipeline.php(219): Illuminate\Http\Middleware\TrustProxies->handle(Object(Illuminate\Http\Request), Object(Closure))
#47 C:\Users\cesar\Downloads\No.1\control-volumetrico\vendor\laravel\framework\src\Illuminate\Foundation\Http\Middleware\InvokeDeferredCallbacks.php(22): Illuminate\Pipeline\Pipeline->Illuminate\Pipeline\{closure}(Object(Illuminate\Http\Request))
#48 C:\Users\cesar\Downloads\No.1\control-volumetrico\vendor\laravel\framework\src\Illuminate\Pipeline\Pipeline.php(219): Illuminate\Foundation\Http\Middleware\InvokeDeferredCallbacks->handle(Object(Illuminate\Http\Request), Object(Closure))
#49 C:\Users\cesar\Downloads\No.1\control-volumetrico\vendor\laravel\framework\src\Illuminate\Http\Middleware\ValidatePathEncoding.php(26): Illuminate\Pipeline\Pipeline->Illuminate\Pipeline\{closure}(Object(Illuminate\Http\Request))
#50 C:\Users\cesar\Downloads\No.1\control-volumetrico\vendor\laravel\framework\src\Illuminate\Pipeline\Pipeline.php(219): Illuminate\Http\Middleware\ValidatePathEncoding->handle(Object(Illuminate\Http\Request), Object(Closure))
#51 C:\Users\cesar\Downloads\No.1\control-volumetrico\vendor\laravel\framework\src\Illuminate\Pipeline\Pipeline.php(137): Illuminate\Pipeline\Pipeline->Illuminate\Pipeline\{closure}(Object(Illuminate\Http\Request))
#52 C:\Users\cesar\Downloads\No.1\control-volumetrico\vendor\laravel\framework\src\Illuminate\Foundation\Http\Kernel.php(175): Illuminate\Pipeline\Pipeline->then(Object(Closure))
#53 C:\Users\cesar\Downloads\No.1\control-volumetrico\vendor\laravel\framework\src\Illuminate\Foundation\Http\Kernel.php(144): Illuminate\Foundation\Http\Kernel->sendRequestThroughRouter(Object(Illuminate\Http\Request))
#54 C:\Users\cesar\Downloads\No.1\control-volumetrico\vendor\laravel\framework\src\Illuminate\Foundation\Testing\Concerns\MakesHttpRequests.php(607): Illuminate\Foundation\Http\Kernel->handle(Object(Illuminate\Http\Request))
#55 C:\Users\cesar\Downloads\No.1\control-volumetrico\vendor\laravel\framework\src\Illuminate\Foundation\Testing\Concerns\MakesHttpRequests.php(368): Illuminate\Foundation\Testing\TestCase->call('GET', '/medidores/1/ve...', Array, Array, Array, Array)
#56 C:\Users\cesar\Downloads\No.1\control-volumetrico\tests\Feature\MedidorTest.php(206): Illuminate\Foundation\Testing\TestCase->get('/medidores/1/ve...')
#57 C:\Users\cesar\Downloads\No.1\control-volumetrico\vendor\phpunit\phpunit\src\Framework\TestCase.php(1667): Tests\Feature\MedidorTest->test_verificar_estado_checks_meter_status()
#58 C:\Users\cesar\Downloads\No.1\control-volumetrico\vendor\phpunit\phpunit\src\Framework\TestCase.php(519): PHPUnit\Framework\TestCase->runTest()
#59 C:\Users\cesar\Downloads\No.1\control-volumetrico\vendor\phpunit\phpunit\src\Framework\TestRunner\TestRunner.php(87): PHPUnit\Framework\TestCase->runBare()
#60 C:\Users\cesar\Downloads\No.1\control-volumetrico\vendor\phpunit\phpunit\src\Framework\TestCase.php(365): PHPUnit\Framework\TestRunner->run(Object(Tests\Feature\MedidorTest))
#61 C:\Users\cesar\Downloads\No.1\control-volumetrico\vendor\phpunit\phpunit\src\Framework\TestSuite.php(369): PHPUnit\Framework\TestCase->run()
#62 C:\Users\cesar\Downloads\No.1\control-volumetrico\vendor\phpunit\phpunit\src\Framework\TestSuite.php(369): PHPUnit\Framework\TestSuite->run()
#63 C:\Users\cesar\Downloads\No.1\control-volumetrico\vendor\phpunit\phpunit\src\Framework\TestSuite.php(369): PHPUnit\Framework\TestSuite->run()
#64 C:\Users\cesar\Downloads\No.1\control-volumetrico\vendor\phpunit\phpunit\src\TextUI\TestRunner.php(64): PHPUnit\Framework\TestSuite->run()
#65 C:\Users\cesar\Downloads\No.1\control-volumetrico\vendor\phpunit\phpunit\src\TextUI\Application.php(211): PHPUnit\TextUI\TestRunner->run(Object(PHPUnit\TextUI\Configuration\Configuration), Object(PHPUnit\Runner\ResultCache\DefaultResultCache), Object(PHPUnit\Framework\TestSuite))
#66 C:\Users\cesar\Downloads\No.1\control-volumetrico\vendor\phpunit\phpunit\phpunit(104): PHPUnit\TextUI\Application->run(Array)
#67 {main}

----------------------------------------------------------------------------------

Undefined array key "estado_general" (View: C:\Users\cesar\Downloads\No.1\control-volumetrico\resources\views\medidores\estado.blade.php)[39;22m

  at [32mtests\Feature\MedidorTest.php[39m:[32m208[39m
    204▕         $this->mockSuccessfulResponse('/api/medidores/1/verificar-estado', $estado);
    205▕ 
    206▕         $response = $this->get('/medidores/1/verificar-estado');
    207▕ 
  ➜ 208▕         $response->assertStatus(200);
    209▕         $response->assertViewIs('medidores.estado');
    210▕         $response->assertViewHas('estado', $estado);
    211▕     }
    212▕

  [31m────────────────────────────────────────────────────────────────────────────────────────────────────────────────────[39m  
  [41;1m FAILED [49;22m [1mTests\Feature\MedidorTest[22m [90m>[39m historial calibraciones displays calibration history                             
[39;1m  Failed asserting that [historial] matches the expected value.
Failed asserting that two arrays are equal.
--- Expected
+++ Actual
@@ @@
 Array (
-    0 => [...]
-    1 => [...]
 )[39;22m

  at [32mtests\Feature\MedidorTest.php[39m:[32m237[39m
    233▕         $response = $this->get('/medidores/1/historial-calibraciones');
    234▕ 
    235▕         $response->assertStatus(200);
    236▕         $response->assertViewIs('medidores.historial-calibraciones');
  ➜ 237▕         $response->assertViewHas('historial', $historial);
    238▕     }
    239▕ 
    240▕     /** @test */
    241▕     public function test_update_modifies_medidor_successfully()

  [31m────────────────────────────────────────────────────────────────────────────────────────────────────────────────────[39m  
  [41;1m FAILED [49;22m [1mTests\Feature\MedidorTest[22m [90m>[39m filter medidores by estado                                                       
[39;1m  Failed asserting that actual size 0 matches expected size 1.[39;22m

  at [32mtests\Feature\MedidorTest.php[39m:[32m282[39m
    278▕         $response->assertStatus(200);
    279▕         $response->assertViewHas('medidores');
    280▕         
    281▕         $medidores = $response->viewData('medidores');
  ➜ 282▕         $this->assertCount(1, $medidores);
    283▕         $this->assertEquals('OPERATIVO', $medidores[0]['estado']);
    284▕     }
    285▕ }

  [33m1   [39m[39;1mtests\Feature\MedidorTest.php[39;22m:[39;1m282[39;22m

  [31m────────────────────────────────────────────────────────────────────────────────────────────────────────────────────[39m  
  [41;1m FAILED [49;22m [1mTests\Feature\ProductoTest[22m [90m>[39m store creates producto successfully                                             
[39;1m  Failed asserting that two strings are equal.

The following errors occurred during the last request:

El campo clave sat debe tener 10 caracteres.
El campo clave identificacion debe tener 10 caracteres.

--- Expected
+++ Actual
@@ @@
-'http://localhost:8001/productos'
+'http://localhost:8001'[39;22m

  at [32mtests\Feature\ProductoTest.php[39m:[32m77[39m
     73▕         $this->mockSuccessfulResponse('/api/productos', $createdProducto, 'Producto creado exitosamente', 201);
     74▕ 
     75▕         $response = $this->post('/productos', $productoData);
     76▕ 
  ➜  77▕         $response->assertRedirect('/productos');
     78▕         $response->assertSessionHas('success', 'Producto creado exitosamente');
     79▕     }
     80▕ 
     81▕     /** @test */

  [31m────────────────────────────────────────────────────────────────────────────────────────────────────────────────────[39m  
  [41;1m FAILED [49;22m [1mTests\Feature\ProductoTest[22m [90m>[39m show displays producto details                                                  
[39;1m  Expected response status code [200] but received 500.
Failed asserting that 500 is identical to 200.

The following exception occurred during the last request:

ErrorException: Undefined array key "id" in C:\Users\cesar\Downloads\No.1\control-volumetrico\storage\framework\views\a10e9e1dc84d041b3bcd724367500017.php:7
Stack trace:
#0 C:\Users\cesar\Downloads\No.1\control-volumetrico\vendor\laravel\framework\src\Illuminate\Foundation\Bootstrap\HandleExceptions.php(258): Illuminate\Foundation\Bootstrap\HandleExceptions->handleError(2, 'Undefined array...', 'C:\\Users\\cesar\\...', 7)
#1 C:\Users\cesar\Downloads\No.1\control-volumetrico\storage\framework\views\a10e9e1dc84d041b3bcd724367500017.php(7): Illuminate\Foundation\Bootstrap\HandleExceptions->Illuminate\Foundation\Bootstrap\{closure}(2, 'Undefined array...', 'C:\\Users\\cesar\\...', 7)
#2 C:\Users\cesar\Downloads\No.1\control-volumetrico\vendor\laravel\framework\src\Illuminate\Filesystem\Filesystem.php(123): require('C:\\Users\\cesar\\...')
#3 C:\Users\cesar\Downloads\No.1\control-volumetrico\vendor\laravel\framework\src\Illuminate\Filesystem\Filesystem.php(124): Illuminate\Filesystem\Filesystem::Illuminate\Filesystem\{closure}()
#4 C:\Users\cesar\Downloads\No.1\control-volumetrico\vendor\laravel\framework\src\Illuminate\View\Engines\PhpEngine.php(57): Illuminate\Filesystem\Filesystem->getRequire('C:\\Users\\cesar\\...', Array)
#5 C:\Users\cesar\Downloads\No.1\control-volumetrico\vendor\laravel\framework\src\Illuminate\View\Engines\CompilerEngine.php(76): Illuminate\View\Engines\PhpEngine->evaluatePath('C:\\Users\\cesar\\...', Array)
#6 C:\Users\cesar\Downloads\No.1\control-volumetrico\vendor\laravel\framework\src\Illuminate\View\View.php(208): Illuminate\View\Engines\CompilerEngine->get('C:\\Users\\cesar\\...', Array)
#7 C:\Users\cesar\Downloads\No.1\control-volumetrico\vendor\laravel\framework\src\Illuminate\View\View.php(191): Illuminate\View\View->getContents()
#8 C:\Users\cesar\Downloads\No.1\control-volumetrico\vendor\laravel\framework\src\Illuminate\View\View.php(160): Illuminate\View\View->renderContents()
#9 C:\Users\cesar\Downloads\No.1\control-volumetrico\vendor\laravel\framework\src\Illuminate\Http\Response.php(78): Illuminate\View\View->render()
#10 C:\Users\cesar\Downloads\No.1\control-volumetrico\vendor\laravel\framework\src\Illuminate\Http\Response.php(34): Illuminate\Http\Response->setContent(Object(Illuminate\View\View))
#11 C:\Users\cesar\Downloads\No.1\control-volumetrico\vendor\laravel\framework\src\Illuminate\Routing\Router.php(939): Illuminate\Http\Response->__construct(Object(Illuminate\View\View), 200, Array)
#12 C:\Users\cesar\Downloads\No.1\control-volumetrico\vendor\laravel\framework\src\Illuminate\Routing\Router.php(906): Illuminate\Routing\Router::toResponse(Object(Illuminate\Http\Request), Object(Illuminate\View\View))
#13 C:\Users\cesar\Downloads\No.1\control-volumetrico\vendor\laravel\framework\src\Illuminate\Routing\Router.php(821): Illuminate\Routing\Router->prepareResponse(Object(Illuminate\Http\Request), Object(Illuminate\View\View))
#14 C:\Users\cesar\Downloads\No.1\control-volumetrico\vendor\laravel\framework\src\Illuminate\Pipeline\Pipeline.php(180): Illuminate\Routing\Router->Illuminate\Routing\{closure}(Object(Illuminate\Http\Request))
#15 C:\Users\cesar\Downloads\No.1\control-volumetrico\app\Http\Middleware\ApiAuthenticated.php(18): Illuminate\Pipeline\Pipeline->Illuminate\Pipeline\{closure}(Object(Illuminate\Http\Request))
#16 C:\Users\cesar\Downloads\No.1\control-volumetrico\vendor\laravel\framework\src\Illuminate\Pipeline\Pipeline.php(219): App\Http\Middleware\ApiAuthenticated->handle(Object(Illuminate\Http\Request), Object(Closure))
#17 C:\Users\cesar\Downloads\No.1\control-volumetrico\vendor\laravel\framework\src\Illuminate\Routing\Middleware\SubstituteBindings.php(50): Illuminate\Pipeline\Pipeline->Illuminate\Pipeline\{closure}(Object(Illuminate\Http\Request))
#18 C:\Users\cesar\Downloads\No.1\control-volumetrico\vendor\laravel\framework\src\Illuminate\Pipeline\Pipeline.php(219): Illuminate\Routing\Middleware\SubstituteBindings->handle(Object(Illuminate\Http\Request), Object(Closure))
#19 C:\Users\cesar\Downloads\No.1\control-volumetrico\vendor\laravel\framework\src\Illuminate\Foundation\Http\Middleware\VerifyCsrfToken.php(87): Illuminate\Pipeline\Pipeline->Illuminate\Pipeline\{closure}(Object(Illuminate\Http\Request))
#20 C:\Users\cesar\Downloads\No.1\control-volumetrico\vendor\laravel\framework\src\Illuminate\Pipeline\Pipeline.php(219): Illuminate\Foundation\Http\Middleware\VerifyCsrfToken->handle(Object(Illuminate\Http\Request), Object(Closure))
#21 C:\Users\cesar\Downloads\No.1\control-volumetrico\vendor\laravel\framework\src\Illuminate\View\Middleware\ShareErrorsFromSession.php(48): Illuminate\Pipeline\Pipeline->Illuminate\Pipeline\{closure}(Object(Illuminate\Http\Request))
#22 C:\Users\cesar\Downloads\No.1\control-volumetrico\vendor\laravel\framework\src\Illuminate\Pipeline\Pipeline.php(219): Illuminate\View\Middleware\ShareErrorsFromSession->handle(Object(Illuminate\Http\Request), Object(Closure))
#23 C:\Users\cesar\Downloads\No.1\control-volumetrico\vendor\laravel\framework\src\Illuminate\Session\Middleware\StartSession.php(120): Illuminate\Pipeline\Pipeline->Illuminate\Pipeline\{closure}(Object(Illuminate\Http\Request))
#24 C:\Users\cesar\Downloads\No.1\control-volumetrico\vendor\laravel\framework\src\Illuminate\Session\Middleware\StartSession.php(63): Illuminate\Session\Middleware\StartSession->handleStatefulRequest(Object(Illuminate\Http\Request), Object(Illuminate\Session\Store), Object(Closure))
#25 C:\Users\cesar\Downloads\No.1\control-volumetrico\vendor\laravel\framework\src\Illuminate\Pipeline\Pipeline.php(219): Illuminate\Session\Middleware\StartSession->handle(Object(Illuminate\Http\Request), Object(Closure))
#26 C:\Users\cesar\Downloads\No.1\control-volumetrico\vendor\laravel\framework\src\Illuminate\Cookie\Middleware\AddQueuedCookiesToResponse.php(36): Illuminate\Pipeline\Pipeline->Illuminate\Pipeline\{closure}(Object(Illuminate\Http\Request))
#27 C:\Users\cesar\Downloads\No.1\control-volumetrico\vendor\laravel\framework\src\Illuminate\Pipeline\Pipeline.php(219): Illuminate\Cookie\Middleware\AddQueuedCookiesToResponse->handle(Object(Illuminate\Http\Request), Object(Closure))
#28 C:\Users\cesar\Downloads\No.1\control-volumetrico\vendor\laravel\framework\src\Illuminate\Cookie\Middleware\EncryptCookies.php(74): Illuminate\Pipeline\Pipeline->Illuminate\Pipeline\{closure}(Object(Illuminate\Http\Request))
#29 C:\Users\cesar\Downloads\No.1\control-volumetrico\vendor\laravel\framework\src\Illuminate\Pipeline\Pipeline.php(219): Illuminate\Cookie\Middleware\EncryptCookies->handle(Object(Illuminate\Http\Request), Object(Closure))
#30 C:\Users\cesar\Downloads\No.1\control-volumetrico\vendor\laravel\framework\src\Illuminate\Pipeline\Pipeline.php(137): Illuminate\Pipeline\Pipeline->Illuminate\Pipeline\{closure}(Object(Illuminate\Http\Request))
#31 C:\Users\cesar\Downloads\No.1\control-volumetrico\vendor\laravel\framework\src\Illuminate\Routing\Router.php(821): Illuminate\Pipeline\Pipeline->then(Object(Closure))
#32 C:\Users\cesar\Downloads\No.1\control-volumetrico\vendor\laravel\framework\src\Illuminate\Routing\Router.php(800): Illuminate\Routing\Router->runRouteWithinStack(Object(Illuminate\Routing\Route), Object(Illuminate\Http\Request))
#33 C:\Users\cesar\Downloads\No.1\control-volumetrico\vendor\laravel\framework\src\Illuminate\Routing\Router.php(764): Illuminate\Routing\Router->runRoute(Object(Illuminate\Http\Request), Object(Illuminate\Routing\Route))
#34 C:\Users\cesar\Downloads\No.1\control-volumetrico\vendor\laravel\framework\src\Illuminate\Routing\Router.php(753): Illuminate\Routing\Router->dispatchToRoute(Object(Illuminate\Http\Request))
#35 C:\Users\cesar\Downloads\No.1\control-volumetrico\vendor\laravel\framework\src\Illuminate\Foundation\Http\Kernel.php(200): Illuminate\Routing\Router->dispatch(Object(Illuminate\Http\Request))
#36 C:\Users\cesar\Downloads\No.1\control-volumetrico\vendor\laravel\framework\src\Illuminate\Pipeline\Pipeline.php(180): Illuminate\Foundation\Http\Kernel->Illuminate\Foundation\Http\{closure}(Object(Illuminate\Http\Request))
#37 C:\Users\cesar\Downloads\No.1\control-volumetrico\vendor\laravel\framework\src\Illuminate\Foundation\Http\Middleware\TransformsRequest.php(21): Illuminate\Pipeline\Pipeline->Illuminate\Pipeline\{closure}(Object(Illuminate\Http\Request))
#38 C:\Users\cesar\Downloads\No.1\control-volumetrico\vendor\laravel\framework\src\Illuminate\Foundation\Http\Middleware\ConvertEmptyStringsToNull.php(31): Illuminate\Foundation\Http\Middleware\TransformsRequest->handle(Object(Illuminate\Http\Request), Object(Closure))
#39 C:\Users\cesar\Downloads\No.1\control-volumetrico\vendor\laravel\framework\src\Illuminate\Pipeline\Pipeline.php(219): Illuminate\Foundation\Http\Middleware\ConvertEmptyStringsToNull->handle(Object(Illuminate\Http\Request), Object(Closure))
#40 C:\Users\cesar\Downloads\No.1\control-volumetrico\vendor\laravel\framework\src\Illuminate\Foundation\Http\Middleware\TransformsRequest.php(21): Illuminate\Pipeline\Pipeline->Illuminate\Pipeline\{closure}(Object(Illuminate\Http\Request))
#41 C:\Users\cesar\Downloads\No.1\control-volumetrico\vendor\laravel\framework\src\Illuminate\Foundation\Http\Middleware\TrimStrings.php(51): Illuminate\Foundation\Http\Middleware\TransformsRequest->handle(Object(Illuminate\Http\Request), Object(Closure))
#42 C:\Users\cesar\Downloads\No.1\control-volumetrico\vendor\laravel\framework\src\Illuminate\Pipeline\Pipeline.php(219): Illuminate\Foundation\Http\Middleware\TrimStrings->handle(Object(Illuminate\Http\Request), Object(Closure))
#43 C:\Users\cesar\Downloads\No.1\control-volumetrico\vendor\laravel\framework\src\Illuminate\Http\Middleware\ValidatePostSize.php(27): Illuminate\Pipeline\Pipeline->Illuminate\Pipeline\{closure}(Object(Illuminate\Http\Request))
#44 C:\Users\cesar\Downloads\No.1\control-volumetrico\vendor\laravel\framework\src\Illuminate\Pipeline\Pipeline.php(219): Illuminate\Http\Middleware\ValidatePostSize->handle(Object(Illuminate\Http\Request), Object(Closure))
#45 C:\Users\cesar\Downloads\No.1\control-volumetrico\vendor\laravel\framework\src\Illuminate\Foundation\Http\Middleware\PreventRequestsDuringMaintenance.php(109): Illuminate\Pipeline\Pipeline->Illuminate\Pipeline\{closure}(Object(Illuminate\Http\Request))
#46 C:\Users\cesar\Downloads\No.1\control-volumetrico\vendor\laravel\framework\src\Illuminate\Pipeline\Pipeline.php(219): Illuminate\Foundation\Http\Middleware\PreventRequestsDuringMaintenance->handle(Object(Illuminate\Http\Request), Object(Closure))
#47 C:\Users\cesar\Downloads\No.1\control-volumetrico\vendor\laravel\framework\src\Illuminate\Http\Middleware\HandleCors.php(61): Illuminate\Pipeline\Pipeline->Illuminate\Pipeline\{closure}(Object(Illuminate\Http\Request))
#48 C:\Users\cesar\Downloads\No.1\control-volumetrico\vendor\laravel\framework\src\Illuminate\Pipeline\Pipeline.php(219): Illuminate\Http\Middleware\HandleCors->handle(Object(Illuminate\Http\Request), Object(Closure))
#49 C:\Users\cesar\Downloads\No.1\control-volumetrico\vendor\laravel\framework\src\Illuminate\Http\Middleware\TrustProxies.php(58): Illuminate\Pipeline\Pipeline->Illuminate\Pipeline\{closure}(Object(Illuminate\Http\Request))
#50 C:\Users\cesar\Downloads\No.1\control-volumetrico\vendor\laravel\framework\src\Illuminate\Pipeline\Pipeline.php(219): Illuminate\Http\Middleware\TrustProxies->handle(Object(Illuminate\Http\Request), Object(Closure))
#51 C:\Users\cesar\Downloads\No.1\control-volumetrico\vendor\laravel\framework\src\Illuminate\Foundation\Http\Middleware\InvokeDeferredCallbacks.php(22): Illuminate\Pipeline\Pipeline->Illuminate\Pipeline\{closure}(Object(Illuminate\Http\Request))
#52 C:\Users\cesar\Downloads\No.1\control-volumetrico\vendor\laravel\framework\src\Illuminate\Pipeline\Pipeline.php(219): Illuminate\Foundation\Http\Middleware\InvokeDeferredCallbacks->handle(Object(Illuminate\Http\Request), Object(Closure))
#53 C:\Users\cesar\Downloads\No.1\control-volumetrico\vendor\laravel\framework\src\Illuminate\Http\Middleware\ValidatePathEncoding.php(26): Illuminate\Pipeline\Pipeline->Illuminate\Pipeline\{closure}(Object(Illuminate\Http\Request))
#54 C:\Users\cesar\Downloads\No.1\control-volumetrico\vendor\laravel\framework\src\Illuminate\Pipeline\Pipeline.php(219): Illuminate\Http\Middleware\ValidatePathEncoding->handle(Object(Illuminate\Http\Request), Object(Closure))
#55 C:\Users\cesar\Downloads\No.1\control-volumetrico\vendor\laravel\framework\src\Illuminate\Pipeline\Pipeline.php(137): Illuminate\Pipeline\Pipeline->Illuminate\Pipeline\{closure}(Object(Illuminate\Http\Request))
#56 C:\Users\cesar\Downloads\No.1\control-volumetrico\vendor\laravel\framework\src\Illuminate\Foundation\Http\Kernel.php(175): Illuminate\Pipeline\Pipeline->then(Object(Closure))
#57 C:\Users\cesar\Downloads\No.1\control-volumetrico\vendor\laravel\framework\src\Illuminate\Foundation\Http\Kernel.php(144): Illuminate\Foundation\Http\Kernel->sendRequestThroughRouter(Object(Illuminate\Http\Request))
#58 C:\Users\cesar\Downloads\No.1\control-volumetrico\vendor\laravel\framework\src\Illuminate\Foundation\Testing\Concerns\MakesHttpRequests.php(607): Illuminate\Foundation\Http\Kernel->handle(Object(Illuminate\Http\Request))
#59 C:\Users\cesar\Downloads\No.1\control-volumetrico\vendor\laravel\framework\src\Illuminate\Foundation\Testing\Concerns\MakesHttpRequests.php(368): Illuminate\Foundation\Testing\TestCase->call('GET', '/productos/1', Array, Array, Array, Array)
#60 C:\Users\cesar\Downloads\No.1\control-volumetrico\tests\Feature\ProductoTest.php(121): Illuminate\Foundation\Testing\TestCase->get('/productos/1')
#61 C:\Users\cesar\Downloads\No.1\control-volumetrico\vendor\phpunit\phpunit\src\Framework\TestCase.php(1667): Tests\Feature\ProductoTest->test_show_displays_producto_details()
#62 C:\Users\cesar\Downloads\No.1\control-volumetrico\vendor\phpunit\phpunit\src\Framework\TestCase.php(519): PHPUnit\Framework\TestCase->runTest()
#63 C:\Users\cesar\Downloads\No.1\control-volumetrico\vendor\phpunit\phpunit\src\Framework\TestRunner\TestRunner.php(87): PHPUnit\Framework\TestCase->runBare()
#64 C:\Users\cesar\Downloads\No.1\control-volumetrico\vendor\phpunit\phpunit\src\Framework\TestCase.php(365): PHPUnit\Framework\TestRunner->run(Object(Tests\Feature\ProductoTest))
#65 C:\Users\cesar\Downloads\No.1\control-volumetrico\vendor\phpunit\phpunit\src\Framework\TestSuite.php(369): PHPUnit\Framework\TestCase->run()
#66 C:\Users\cesar\Downloads\No.1\control-volumetrico\vendor\phpunit\phpunit\src\Framework\TestSuite.php(369): PHPUnit\Framework\TestSuite->run()
#67 C:\Users\cesar\Downloads\No.1\control-volumetrico\vendor\phpunit\phpunit\src\Framework\TestSuite.php(369): PHPUnit\Framework\TestSuite->run()
#68 C:\Users\cesar\Downloads\No.1\control-volumetrico\vendor\phpunit\phpunit\src\TextUI\TestRunner.php(64): PHPUnit\Framework\TestSuite->run()
#69 C:\Users\cesar\Downloads\No.1\control-volumetrico\vendor\phpunit\phpunit\src\TextUI\Application.php(211): PHPUnit\TextUI\TestRunner->run(Object(PHPUnit\TextUI\Configuration\Configuration), Object(PHPUnit\Runner\ResultCache\DefaultResultCache), Object(PHPUnit\Framework\TestSuite))
#70 C:\Users\cesar\Downloads\No.1\control-volumetrico\vendor\phpunit\phpunit\phpunit(104): PHPUnit\TextUI\Application->run(Array)
#71 {main}

Next Illuminate\View\ViewException: Undefined array key "id" (View: C:\Users\cesar\Downloads\No.1\control-volumetrico\resources\views\productos\show.blade.php) in C:\Users\cesar\Downloads\No.1\control-volumetrico\storage\framework\views\a10e9e1dc84d041b3bcd724367500017.php:7
Stack trace:
#0 C:\Users\cesar\Downloads\No.1\control-volumetrico\vendor\laravel\framework\src\Illuminate\View\Engines\PhpEngine.php(59): Illuminate\View\Engines\CompilerEngine->handleViewException(Object(ErrorException), 1)
#1 C:\Users\cesar\Downloads\No.1\control-volumetrico\vendor\laravel\framework\src\Illuminate\View\Engines\CompilerEngine.php(76): Illuminate\View\Engines\PhpEngine->evaluatePath('C:\\Users\\cesar\\...', Array)
#2 C:\Users\cesar\Downloads\No.1\control-volumetrico\vendor\laravel\framework\src\Illuminate\View\View.php(208): Illuminate\View\Engines\CompilerEngine->get('C:\\Users\\cesar\\...', Array)
#3 C:\Users\cesar\Downloads\No.1\control-volumetrico\vendor\laravel\framework\src\Illuminate\View\View.php(191): Illuminate\View\View->getContents()
#4 C:\Users\cesar\Downloads\No.1\control-volumetrico\vendor\laravel\framework\src\Illuminate\View\View.php(160): Illuminate\View\View->renderContents()
#5 C:\Users\cesar\Downloads\No.1\control-volumetrico\vendor\laravel\framework\src\Illuminate\Http\Response.php(78): Illuminate\View\View->render()
#6 C:\Users\cesar\Downloads\No.1\control-volumetrico\vendor\laravel\framework\src\Illuminate\Http\Response.php(34): Illuminate\Http\Response->setContent(Object(Illuminate\View\View))
#7 C:\Users\cesar\Downloads\No.1\control-volumetrico\vendor\laravel\framework\src\Illuminate\Routing\Router.php(939): Illuminate\Http\Response->__construct(Object(Illuminate\View\View), 200, Array)
#8 C:\Users\cesar\Downloads\No.1\control-volumetrico\vendor\laravel\framework\src\Illuminate\Routing\Router.php(906): Illuminate\Routing\Router::toResponse(Object(Illuminate\Http\Request), Object(Illuminate\View\View))
#9 C:\Users\cesar\Downloads\No.1\control-volumetrico\vendor\laravel\framework\src\Illuminate\Routing\Router.php(821): Illuminate\Routing\Router->prepareResponse(Object(Illuminate\Http\Request), Object(Illuminate\View\View))
#10 C:\Users\cesar\Downloads\No.1\control-volumetrico\vendor\laravel\framework\src\Illuminate\Pipeline\Pipeline.php(180): Illuminate\Routing\Router->Illuminate\Routing\{closure}(Object(Illuminate\Http\Request))
#11 C:\Users\cesar\Downloads\No.1\control-volumetrico\app\Http\Middleware\ApiAuthenticated.php(18): Illuminate\Pipeline\Pipeline->Illuminate\Pipeline\{closure}(Object(Illuminate\Http\Request))
#12 C:\Users\cesar\Downloads\No.1\control-volumetrico\vendor\laravel\framework\src\Illuminate\Pipeline\Pipeline.php(219): App\Http\Middleware\ApiAuthenticated->handle(Object(Illuminate\Http\Request), Object(Closure))
#13 C:\Users\cesar\Downloads\No.1\control-volumetrico\vendor\laravel\framework\src\Illuminate\Routing\Middleware\SubstituteBindings.php(50): Illuminate\Pipeline\Pipeline->Illuminate\Pipeline\{closure}(Object(Illuminate\Http\Request))
#14 C:\Users\cesar\Downloads\No.1\control-volumetrico\vendor\laravel\framework\src\Illuminate\Pipeline\Pipeline.php(219): Illuminate\Routing\Middleware\SubstituteBindings->handle(Object(Illuminate\Http\Request), Object(Closure))
#15 C:\Users\cesar\Downloads\No.1\control-volumetrico\vendor\laravel\framework\src\Illuminate\Foundation\Http\Middleware\VerifyCsrfToken.php(87): Illuminate\Pipeline\Pipeline->Illuminate\Pipeline\{closure}(Object(Illuminate\Http\Request))
#16 C:\Users\cesar\Downloads\No.1\control-volumetrico\vendor\laravel\framework\src\Illuminate\Pipeline\Pipeline.php(219): Illuminate\Foundation\Http\Middleware\VerifyCsrfToken->handle(Object(Illuminate\Http\Request), Object(Closure))
#17 C:\Users\cesar\Downloads\No.1\control-volumetrico\vendor\laravel\framework\src\Illuminate\View\Middleware\ShareErrorsFromSession.php(48): Illuminate\Pipeline\Pipeline->Illuminate\Pipeline\{closure}(Object(Illuminate\Http\Request))
#18 C:\Users\cesar\Downloads\No.1\control-volumetrico\vendor\laravel\framework\src\Illuminate\Pipeline\Pipeline.php(219): Illuminate\View\Middleware\ShareErrorsFromSession->handle(Object(Illuminate\Http\Request), Object(Closure))
#19 C:\Users\cesar\Downloads\No.1\control-volumetrico\vendor\laravel\framework\src\Illuminate\Session\Middleware\StartSession.php(120): Illuminate\Pipeline\Pipeline->Illuminate\Pipeline\{closure}(Object(Illuminate\Http\Request))
#20 C:\Users\cesar\Downloads\No.1\control-volumetrico\vendor\laravel\framework\src\Illuminate\Session\Middleware\StartSession.php(63): Illuminate\Session\Middleware\StartSession->handleStatefulRequest(Object(Illuminate\Http\Request), Object(Illuminate\Session\Store), Object(Closure))
#21 C:\Users\cesar\Downloads\No.1\control-volumetrico\vendor\laravel\framework\src\Illuminate\Pipeline\Pipeline.php(219): Illuminate\Session\Middleware\StartSession->handle(Object(Illuminate\Http\Request), Object(Closure))
#22 C:\Users\cesar\Downloads\No.1\control-volumetrico\vendor\laravel\framework\src\Illuminate\Cookie\Middleware\AddQueuedCookiesToResponse.php(36): Illuminate\Pipeline\Pipeline->Illuminate\Pipeline\{closure}(Object(Illuminate\Http\Request))
#23 C:\Users\cesar\Downloads\No.1\control-volumetrico\vendor\laravel\framework\src\Illuminate\Pipeline\Pipeline.php(219): Illuminate\Cookie\Middleware\AddQueuedCookiesToResponse->handle(Object(Illuminate\Http\Request), Object(Closure))
#24 C:\Users\cesar\Downloads\No.1\control-volumetrico\vendor\laravel\framework\src\Illuminate\Cookie\Middleware\EncryptCookies.php(74): Illuminate\Pipeline\Pipeline->Illuminate\Pipeline\{closure}(Object(Illuminate\Http\Request))
#25 C:\Users\cesar\Downloads\No.1\control-volumetrico\vendor\laravel\framework\src\Illuminate\Pipeline\Pipeline.php(219): Illuminate\Cookie\Middleware\EncryptCookies->handle(Object(Illuminate\Http\Request), Object(Closure))
#26 C:\Users\cesar\Downloads\No.1\control-volumetrico\vendor\laravel\framework\src\Illuminate\Pipeline\Pipeline.php(137): Illuminate\Pipeline\Pipeline->Illuminate\Pipeline\{closure}(Object(Illuminate\Http\Request))
#27 C:\Users\cesar\Downloads\No.1\control-volumetrico\vendor\laravel\framework\src\Illuminate\Routing\Router.php(821): Illuminate\Pipeline\Pipeline->then(Object(Closure))
#28 C:\Users\cesar\Downloads\No.1\control-volumetrico\vendor\laravel\framework\src\Illuminate\Routing\Router.php(800): Illuminate\Routing\Router->runRouteWithinStack(Object(Illuminate\Routing\Route), Object(Illuminate\Http\Request))
#29 C:\Users\cesar\Downloads\No.1\control-volumetrico\vendor\laravel\framework\src\Illuminate\Routing\Router.php(764): Illuminate\Routing\Router->runRoute(Object(Illuminate\Http\Request), Object(Illuminate\Routing\Route))
#30 C:\Users\cesar\Downloads\No.1\control-volumetrico\vendor\laravel\framework\src\Illuminate\Routing\Router.php(753): Illuminate\Routing\Router->dispatchToRoute(Object(Illuminate\Http\Request))
#31 C:\Users\cesar\Downloads\No.1\control-volumetrico\vendor\laravel\framework\src\Illuminate\Foundation\Http\Kernel.php(200): Illuminate\Routing\Router->dispatch(Object(Illuminate\Http\Request))
#32 C:\Users\cesar\Downloads\No.1\control-volumetrico\vendor\laravel\framework\src\Illuminate\Pipeline\Pipeline.php(180): Illuminate\Foundation\Http\Kernel->Illuminate\Foundation\Http\{closure}(Object(Illuminate\Http\Request))
#33 C:\Users\cesar\Downloads\No.1\control-volumetrico\vendor\laravel\framework\src\Illuminate\Foundation\Http\Middleware\TransformsRequest.php(21): Illuminate\Pipeline\Pipeline->Illuminate\Pipeline\{closure}(Object(Illuminate\Http\Request))
#34 C:\Users\cesar\Downloads\No.1\control-volumetrico\vendor\laravel\framework\src\Illuminate\Foundation\Http\Middleware\ConvertEmptyStringsToNull.php(31): Illuminate\Foundation\Http\Middleware\TransformsRequest->handle(Object(Illuminate\Http\Request), Object(Closure))
#35 C:\Users\cesar\Downloads\No.1\control-volumetrico\vendor\laravel\framework\src\Illuminate\Pipeline\Pipeline.php(219): Illuminate\Foundation\Http\Middleware\ConvertEmptyStringsToNull->handle(Object(Illuminate\Http\Request), Object(Closure))
#36 C:\Users\cesar\Downloads\No.1\control-volumetrico\vendor\laravel\framework\src\Illuminate\Foundation\Http\Middleware\TransformsRequest.php(21): Illuminate\Pipeline\Pipeline->Illuminate\Pipeline\{closure}(Object(Illuminate\Http\Request))
#37 C:\Users\cesar\Downloads\No.1\control-volumetrico\vendor\laravel\framework\src\Illuminate\Foundation\Http\Middleware\TrimStrings.php(51): Illuminate\Foundation\Http\Middleware\TransformsRequest->handle(Object(Illuminate\Http\Request), Object(Closure))
#38 C:\Users\cesar\Downloads\No.1\control-volumetrico\vendor\laravel\framework\src\Illuminate\Pipeline\Pipeline.php(219): Illuminate\Foundation\Http\Middleware\TrimStrings->handle(Object(Illuminate\Http\Request), Object(Closure))
#39 C:\Users\cesar\Downloads\No.1\control-volumetrico\vendor\laravel\framework\src\Illuminate\Http\Middleware\ValidatePostSize.php(27): Illuminate\Pipeline\Pipeline->Illuminate\Pipeline\{closure}(Object(Illuminate\Http\Request))
#40 C:\Users\cesar\Downloads\No.1\control-volumetrico\vendor\laravel\framework\src\Illuminate\Pipeline\Pipeline.php(219): Illuminate\Http\Middleware\ValidatePostSize->handle(Object(Illuminate\Http\Request), Object(Closure))
#41 C:\Users\cesar\Downloads\No.1\control-volumetrico\vendor\laravel\framework\src\Illuminate\Foundation\Http\Middleware\PreventRequestsDuringMaintenance.php(109): Illuminate\Pipeline\Pipeline->Illuminate\Pipeline\{closure}(Object(Illuminate\Http\Request))
#42 C:\Users\cesar\Downloads\No.1\control-volumetrico\vendor\laravel\framework\src\Illuminate\Pipeline\Pipeline.php(219): Illuminate\Foundation\Http\Middleware\PreventRequestsDuringMaintenance->handle(Object(Illuminate\Http\Request), Object(Closure))
#43 C:\Users\cesar\Downloads\No.1\control-volumetrico\vendor\laravel\framework\src\Illuminate\Http\Middleware\HandleCors.php(61): Illuminate\Pipeline\Pipeline->Illuminate\Pipeline\{closure}(Object(Illuminate\Http\Request))
#44 C:\Users\cesar\Downloads\No.1\control-volumetrico\vendor\laravel\framework\src\Illuminate\Pipeline\Pipeline.php(219): Illuminate\Http\Middleware\HandleCors->handle(Object(Illuminate\Http\Request), Object(Closure))
#45 C:\Users\cesar\Downloads\No.1\control-volumetrico\vendor\laravel\framework\src\Illuminate\Http\Middleware\TrustProxies.php(58): Illuminate\Pipeline\Pipeline->Illuminate\Pipeline\{closure}(Object(Illuminate\Http\Request))
#46 C:\Users\cesar\Downloads\No.1\control-volumetrico\vendor\laravel\framework\src\Illuminate\Pipeline\Pipeline.php(219): Illuminate\Http\Middleware\TrustProxies->handle(Object(Illuminate\Http\Request), Object(Closure))
#47 C:\Users\cesar\Downloads\No.1\control-volumetrico\vendor\laravel\framework\src\Illuminate\Foundation\Http\Middleware\InvokeDeferredCallbacks.php(22): Illuminate\Pipeline\Pipeline->Illuminate\Pipeline\{closure}(Object(Illuminate\Http\Request))
#48 C:\Users\cesar\Downloads\No.1\control-volumetrico\vendor\laravel\framework\src\Illuminate\Pipeline\Pipeline.php(219): Illuminate\Foundation\Http\Middleware\InvokeDeferredCallbacks->handle(Object(Illuminate\Http\Request), Object(Closure))
#49 C:\Users\cesar\Downloads\No.1\control-volumetrico\vendor\laravel\framework\src\Illuminate\Http\Middleware\ValidatePathEncoding.php(26): Illuminate\Pipeline\Pipeline->Illuminate\Pipeline\{closure}(Object(Illuminate\Http\Request))
#50 C:\Users\cesar\Downloads\No.1\control-volumetrico\vendor\laravel\framework\src\Illuminate\Pipeline\Pipeline.php(219): Illuminate\Http\Middleware\ValidatePathEncoding->handle(Object(Illuminate\Http\Request), Object(Closure))
#51 C:\Users\cesar\Downloads\No.1\control-volumetrico\vendor\laravel\framework\src\Illuminate\Pipeline\Pipeline.php(137): Illuminate\Pipeline\Pipeline->Illuminate\Pipeline\{closure}(Object(Illuminate\Http\Request))
#52 C:\Users\cesar\Downloads\No.1\control-volumetrico\vendor\laravel\framework\src\Illuminate\Foundation\Http\Kernel.php(175): Illuminate\Pipeline\Pipeline->then(Object(Closure))
#53 C:\Users\cesar\Downloads\No.1\control-volumetrico\vendor\laravel\framework\src\Illuminate\Foundation\Http\Kernel.php(144): Illuminate\Foundation\Http\Kernel->sendRequestThroughRouter(Object(Illuminate\Http\Request))
#54 C:\Users\cesar\Downloads\No.1\control-volumetrico\vendor\laravel\framework\src\Illuminate\Foundation\Testing\Concerns\MakesHttpRequests.php(607): Illuminate\Foundation\Http\Kernel->handle(Object(Illuminate\Http\Request))
#55 C:\Users\cesar\Downloads\No.1\control-volumetrico\vendor\laravel\framework\src\Illuminate\Foundation\Testing\Concerns\MakesHttpRequests.php(368): Illuminate\Foundation\Testing\TestCase->call('GET', '/productos/1', Array, Array, Array, Array)
#56 C:\Users\cesar\Downloads\No.1\control-volumetrico\tests\Feature\ProductoTest.php(121): Illuminate\Foundation\Testing\TestCase->get('/productos/1')
#57 C:\Users\cesar\Downloads\No.1\control-volumetrico\vendor\phpunit\phpunit\src\Framework\TestCase.php(1667): Tests\Feature\ProductoTest->test_show_displays_producto_details()
#58 C:\Users\cesar\Downloads\No.1\control-volumetrico\vendor\phpunit\phpunit\src\Framework\TestCase.php(519): PHPUnit\Framework\TestCase->runTest()
#59 C:\Users\cesar\Downloads\No.1\control-volumetrico\vendor\phpunit\phpunit\src\Framework\TestRunner\TestRunner.php(87): PHPUnit\Framework\TestCase->runBare()
#60 C:\Users\cesar\Downloads\No.1\control-volumetrico\vendor\phpunit\phpunit\src\Framework\TestCase.php(365): PHPUnit\Framework\TestRunner->run(Object(Tests\Feature\ProductoTest))
#61 C:\Users\cesar\Downloads\No.1\control-volumetrico\vendor\phpunit\phpunit\src\Framework\TestSuite.php(369): PHPUnit\Framework\TestCase->run()
#62 C:\Users\cesar\Downloads\No.1\control-volumetrico\vendor\phpunit\phpunit\src\Framework\TestSuite.php(369): PHPUnit\Framework\TestSuite->run()
#63 C:\Users\cesar\Downloads\No.1\control-volumetrico\vendor\phpunit\phpunit\src\Framework\TestSuite.php(369): PHPUnit\Framework\TestSuite->run()
#64 C:\Users\cesar\Downloads\No.1\control-volumetrico\vendor\phpunit\phpunit\src\TextUI\TestRunner.php(64): PHPUnit\Framework\TestSuite->run()
#65 C:\Users\cesar\Downloads\No.1\control-volumetrico\vendor\phpunit\phpunit\src\TextUI\Application.php(211): PHPUnit\TextUI\TestRunner->run(Object(PHPUnit\TextUI\Configuration\Configuration), Object(PHPUnit\Runner\ResultCache\DefaultResultCache), Object(PHPUnit\Framework\TestSuite))
#66 C:\Users\cesar\Downloads\No.1\control-volumetrico\vendor\phpunit\phpunit\phpunit(104): PHPUnit\TextUI\Application->run(Array)
#67 {main}

----------------------------------------------------------------------------------

Undefined array key "id" (View: C:\Users\cesar\Downloads\No.1\control-volumetrico\resources\views\productos\show.blade.php)[39;22m

  at [32mtests\Feature\ProductoTest.php[39m:[32m123[39m
    119▕         $this->mockSuccessfulResponse('/api/productos/1', $producto);
    120▕ 
    121▕         $response = $this->get('/productos/1');
    122▕ 
  ➜ 123▕         $response->assertStatus(200);
    124▕         $response->assertViewIs('productos.show');
    125▕         $response->assertViewHas('producto', $producto);
    126▕     }
    127▕

  [31m────────────────────────────────────────────────────────────────────────────────────────────────────────────────────[39m  
  [41;1m FAILED [49;22m [1mTests\Feature\ProductoTest[22m [90m>[39m edit form displays correctly                                                    
[39;1m  Expected response status code [200] but received 500.
Failed asserting that 500 is identical to 200.

The following exception occurred during the last request:

ErrorException: Undefined array key "id" in C:\Users\cesar\Downloads\No.1\control-volumetrico\storage\framework\views\2a474a75170d7f5264050286b07e18f9.php:24
Stack trace:
#0 C:\Users\cesar\Downloads\No.1\control-volumetrico\vendor\laravel\framework\src\Illuminate\Foundation\Bootstrap\HandleExceptions.php(258): Illuminate\Foundation\Bootstrap\HandleExceptions->handleError(2, 'Undefined array...', 'C:\\Users\\cesar\\...', 24)
#1 C:\Users\cesar\Downloads\No.1\control-volumetrico\storage\framework\views\2a474a75170d7f5264050286b07e18f9.php(24): Illuminate\Foundation\Bootstrap\HandleExceptions->Illuminate\Foundation\Bootstrap\{closure}(2, 'Undefined array...', 'C:\\Users\\cesar\\...', 24)
#2 C:\Users\cesar\Downloads\No.1\control-volumetrico\vendor\laravel\framework\src\Illuminate\Filesystem\Filesystem.php(123): require('C:\\Users\\cesar\\...')
#3 C:\Users\cesar\Downloads\No.1\control-volumetrico\vendor\laravel\framework\src\Illuminate\Filesystem\Filesystem.php(124): Illuminate\Filesystem\Filesystem::Illuminate\Filesystem\{closure}()
#4 C:\Users\cesar\Downloads\No.1\control-volumetrico\vendor\laravel\framework\src\Illuminate\View\Engines\PhpEngine.php(57): Illuminate\Filesystem\Filesystem->getRequire('C:\\Users\\cesar\\...', Array)
#5 C:\Users\cesar\Downloads\No.1\control-volumetrico\vendor\laravel\framework\src\Illuminate\View\Engines\CompilerEngine.php(76): Illuminate\View\Engines\PhpEngine->evaluatePath('C:\\Users\\cesar\\...', Array)
#6 C:\Users\cesar\Downloads\No.1\control-volumetrico\vendor\laravel\framework\src\Illuminate\View\View.php(208): Illuminate\View\Engines\CompilerEngine->get('C:\\Users\\cesar\\...', Array)
#7 C:\Users\cesar\Downloads\No.1\control-volumetrico\vendor\laravel\framework\src\Illuminate\View\View.php(191): Illuminate\View\View->getContents()
#8 C:\Users\cesar\Downloads\No.1\control-volumetrico\vendor\laravel\framework\src\Illuminate\View\View.php(160): Illuminate\View\View->renderContents()
#9 C:\Users\cesar\Downloads\No.1\control-volumetrico\vendor\laravel\framework\src\Illuminate\Http\Response.php(78): Illuminate\View\View->render()
#10 C:\Users\cesar\Downloads\No.1\control-volumetrico\vendor\laravel\framework\src\Illuminate\Http\Response.php(34): Illuminate\Http\Response->setContent(Object(Illuminate\View\View))
#11 C:\Users\cesar\Downloads\No.1\control-volumetrico\vendor\laravel\framework\src\Illuminate\Routing\Router.php(939): Illuminate\Http\Response->__construct(Object(Illuminate\View\View), 200, Array)
#12 C:\Users\cesar\Downloads\No.1\control-volumetrico\vendor\laravel\framework\src\Illuminate\Routing\Router.php(906): Illuminate\Routing\Router::toResponse(Object(Illuminate\Http\Request), Object(Illuminate\View\View))
#13 C:\Users\cesar\Downloads\No.1\control-volumetrico\vendor\laravel\framework\src\Illuminate\Routing\Router.php(821): Illuminate\Routing\Router->prepareResponse(Object(Illuminate\Http\Request), Object(Illuminate\View\View))
#14 C:\Users\cesar\Downloads\No.1\control-volumetrico\vendor\laravel\framework\src\Illuminate\Pipeline\Pipeline.php(180): Illuminate\Routing\Router->Illuminate\Routing\{closure}(Object(Illuminate\Http\Request))
#15 C:\Users\cesar\Downloads\No.1\control-volumetrico\app\Http\Middleware\ApiAuthenticated.php(18): Illuminate\Pipeline\Pipeline->Illuminate\Pipeline\{closure}(Object(Illuminate\Http\Request))
#16 C:\Users\cesar\Downloads\No.1\control-volumetrico\vendor\laravel\framework\src\Illuminate\Pipeline\Pipeline.php(219): App\Http\Middleware\ApiAuthenticated->handle(Object(Illuminate\Http\Request), Object(Closure))
#17 C:\Users\cesar\Downloads\No.1\control-volumetrico\vendor\laravel\framework\src\Illuminate\Routing\Middleware\SubstituteBindings.php(50): Illuminate\Pipeline\Pipeline->Illuminate\Pipeline\{closure}(Object(Illuminate\Http\Request))
#18 C:\Users\cesar\Downloads\No.1\control-volumetrico\vendor\laravel\framework\src\Illuminate\Pipeline\Pipeline.php(219): Illuminate\Routing\Middleware\SubstituteBindings->handle(Object(Illuminate\Http\Request), Object(Closure))
#19 C:\Users\cesar\Downloads\No.1\control-volumetrico\vendor\laravel\framework\src\Illuminate\Foundation\Http\Middleware\VerifyCsrfToken.php(87): Illuminate\Pipeline\Pipeline->Illuminate\Pipeline\{closure}(Object(Illuminate\Http\Request))
#20 C:\Users\cesar\Downloads\No.1\control-volumetrico\vendor\laravel\framework\src\Illuminate\Pipeline\Pipeline.php(219): Illuminate\Foundation\Http\Middleware\VerifyCsrfToken->handle(Object(Illuminate\Http\Request), Object(Closure))
#21 C:\Users\cesar\Downloads\No.1\control-volumetrico\vendor\laravel\framework\src\Illuminate\View\Middleware\ShareErrorsFromSession.php(48): Illuminate\Pipeline\Pipeline->Illuminate\Pipeline\{closure}(Object(Illuminate\Http\Request))
#22 C:\Users\cesar\Downloads\No.1\control-volumetrico\vendor\laravel\framework\src\Illuminate\Pipeline\Pipeline.php(219): Illuminate\View\Middleware\ShareErrorsFromSession->handle(Object(Illuminate\Http\Request), Object(Closure))
#23 C:\Users\cesar\Downloads\No.1\control-volumetrico\vendor\laravel\framework\src\Illuminate\Session\Middleware\StartSession.php(120): Illuminate\Pipeline\Pipeline->Illuminate\Pipeline\{closure}(Object(Illuminate\Http\Request))
#24 C:\Users\cesar\Downloads\No.1\control-volumetrico\vendor\laravel\framework\src\Illuminate\Session\Middleware\StartSession.php(63): Illuminate\Session\Middleware\StartSession->handleStatefulRequest(Object(Illuminate\Http\Request), Object(Illuminate\Session\Store), Object(Closure))
#25 C:\Users\cesar\Downloads\No.1\control-volumetrico\vendor\laravel\framework\src\Illuminate\Pipeline\Pipeline.php(219): Illuminate\Session\Middleware\StartSession->handle(Object(Illuminate\Http\Request), Object(Closure))
#26 C:\Users\cesar\Downloads\No.1\control-volumetrico\vendor\laravel\framework\src\Illuminate\Cookie\Middleware\AddQueuedCookiesToResponse.php(36): Illuminate\Pipeline\Pipeline->Illuminate\Pipeline\{closure}(Object(Illuminate\Http\Request))
#27 C:\Users\cesar\Downloads\No.1\control-volumetrico\vendor\laravel\framework\src\Illuminate\Pipeline\Pipeline.php(219): Illuminate\Cookie\Middleware\AddQueuedCookiesToResponse->handle(Object(Illuminate\Http\Request), Object(Closure))
#28 C:\Users\cesar\Downloads\No.1\control-volumetrico\vendor\laravel\framework\src\Illuminate\Cookie\Middleware\EncryptCookies.php(74): Illuminate\Pipeline\Pipeline->Illuminate\Pipeline\{closure}(Object(Illuminate\Http\Request))
#29 C:\Users\cesar\Downloads\No.1\control-volumetrico\vendor\laravel\framework\src\Illuminate\Pipeline\Pipeline.php(219): Illuminate\Cookie\Middleware\EncryptCookies->handle(Object(Illuminate\Http\Request), Object(Closure))
#30 C:\Users\cesar\Downloads\No.1\control-volumetrico\vendor\laravel\framework\src\Illuminate\Pipeline\Pipeline.php(137): Illuminate\Pipeline\Pipeline->Illuminate\Pipeline\{closure}(Object(Illuminate\Http\Request))
#31 C:\Users\cesar\Downloads\No.1\control-volumetrico\vendor\laravel\framework\src\Illuminate\Routing\Router.php(821): Illuminate\Pipeline\Pipeline->then(Object(Closure))
#32 C:\Users\cesar\Downloads\No.1\control-volumetrico\vendor\laravel\framework\src\Illuminate\Routing\Router.php(800): Illuminate\Routing\Router->runRouteWithinStack(Object(Illuminate\Routing\Route), Object(Illuminate\Http\Request))
#33 C:\Users\cesar\Downloads\No.1\control-volumetrico\vendor\laravel\framework\src\Illuminate\Routing\Router.php(764): Illuminate\Routing\Router->runRoute(Object(Illuminate\Http\Request), Object(Illuminate\Routing\Route))
#34 C:\Users\cesar\Downloads\No.1\control-volumetrico\vendor\laravel\framework\src\Illuminate\Routing\Router.php(753): Illuminate\Routing\Router->dispatchToRoute(Object(Illuminate\Http\Request))
#35 C:\Users\cesar\Downloads\No.1\control-volumetrico\vendor\laravel\framework\src\Illuminate\Foundation\Http\Kernel.php(200): Illuminate\Routing\Router->dispatch(Object(Illuminate\Http\Request))
#36 C:\Users\cesar\Downloads\No.1\control-volumetrico\vendor\laravel\framework\src\Illuminate\Pipeline\Pipeline.php(180): Illuminate\Foundation\Http\Kernel->Illuminate\Foundation\Http\{closure}(Object(Illuminate\Http\Request))
#37 C:\Users\cesar\Downloads\No.1\control-volumetrico\vendor\laravel\framework\src\Illuminate\Foundation\Http\Middleware\TransformsRequest.php(21): Illuminate\Pipeline\Pipeline->Illuminate\Pipeline\{closure}(Object(Illuminate\Http\Request))
#38 C:\Users\cesar\Downloads\No.1\control-volumetrico\vendor\laravel\framework\src\Illuminate\Foundation\Http\Middleware\ConvertEmptyStringsToNull.php(31): Illuminate\Foundation\Http\Middleware\TransformsRequest->handle(Object(Illuminate\Http\Request), Object(Closure))
#39 C:\Users\cesar\Downloads\No.1\control-volumetrico\vendor\laravel\framework\src\Illuminate\Pipeline\Pipeline.php(219): Illuminate\Foundation\Http\Middleware\ConvertEmptyStringsToNull->handle(Object(Illuminate\Http\Request), Object(Closure))
#40 C:\Users\cesar\Downloads\No.1\control-volumetrico\vendor\laravel\framework\src\Illuminate\Foundation\Http\Middleware\TransformsRequest.php(21): Illuminate\Pipeline\Pipeline->Illuminate\Pipeline\{closure}(Object(Illuminate\Http\Request))
#41 C:\Users\cesar\Downloads\No.1\control-volumetrico\vendor\laravel\framework\src\Illuminate\Foundation\Http\Middleware\TrimStrings.php(51): Illuminate\Foundation\Http\Middleware\TransformsRequest->handle(Object(Illuminate\Http\Request), Object(Closure))
#42 C:\Users\cesar\Downloads\No.1\control-volumetrico\vendor\laravel\framework\src\Illuminate\Pipeline\Pipeline.php(219): Illuminate\Foundation\Http\Middleware\TrimStrings->handle(Object(Illuminate\Http\Request), Object(Closure))
#43 C:\Users\cesar\Downloads\No.1\control-volumetrico\vendor\laravel\framework\src\Illuminate\Http\Middleware\ValidatePostSize.php(27): Illuminate\Pipeline\Pipeline->Illuminate\Pipeline\{closure}(Object(Illuminate\Http\Request))
#44 C:\Users\cesar\Downloads\No.1\control-volumetrico\vendor\laravel\framework\src\Illuminate\Pipeline\Pipeline.php(219): Illuminate\Http\Middleware\ValidatePostSize->handle(Object(Illuminate\Http\Request), Object(Closure))
#45 C:\Users\cesar\Downloads\No.1\control-volumetrico\vendor\laravel\framework\src\Illuminate\Foundation\Http\Middleware\PreventRequestsDuringMaintenance.php(109): Illuminate\Pipeline\Pipeline->Illuminate\Pipeline\{closure}(Object(Illuminate\Http\Request))
#46 C:\Users\cesar\Downloads\No.1\control-volumetrico\vendor\laravel\framework\src\Illuminate\Pipeline\Pipeline.php(219): Illuminate\Foundation\Http\Middleware\PreventRequestsDuringMaintenance->handle(Object(Illuminate\Http\Request), Object(Closure))
#47 C:\Users\cesar\Downloads\No.1\control-volumetrico\vendor\laravel\framework\src\Illuminate\Http\Middleware\HandleCors.php(61): Illuminate\Pipeline\Pipeline->Illuminate\Pipeline\{closure}(Object(Illuminate\Http\Request))
#48 C:\Users\cesar\Downloads\No.1\control-volumetrico\vendor\laravel\framework\src\Illuminate\Pipeline\Pipeline.php(219): Illuminate\Http\Middleware\HandleCors->handle(Object(Illuminate\Http\Request), Object(Closure))
#49 C:\Users\cesar\Downloads\No.1\control-volumetrico\vendor\laravel\framework\src\Illuminate\Http\Middleware\TrustProxies.php(58): Illuminate\Pipeline\Pipeline->Illuminate\Pipeline\{closure}(Object(Illuminate\Http\Request))
#50 C:\Users\cesar\Downloads\No.1\control-volumetrico\vendor\laravel\framework\src\Illuminate\Pipeline\Pipeline.php(219): Illuminate\Http\Middleware\TrustProxies->handle(Object(Illuminate\Http\Request), Object(Closure))
#51 C:\Users\cesar\Downloads\No.1\control-volumetrico\vendor\laravel\framework\src\Illuminate\Foundation\Http\Middleware\InvokeDeferredCallbacks.php(22): Illuminate\Pipeline\Pipeline->Illuminate\Pipeline\{closure}(Object(Illuminate\Http\Request))
#52 C:\Users\cesar\Downloads\No.1\control-volumetrico\vendor\laravel\framework\src\Illuminate\Pipeline\Pipeline.php(219): Illuminate\Foundation\Http\Middleware\InvokeDeferredCallbacks->handle(Object(Illuminate\Http\Request), Object(Closure))
#53 C:\Users\cesar\Downloads\No.1\control-volumetrico\vendor\laravel\framework\src\Illuminate\Http\Middleware\ValidatePathEncoding.php(26): Illuminate\Pipeline\Pipeline->Illuminate\Pipeline\{closure}(Object(Illuminate\Http\Request))
#54 C:\Users\cesar\Downloads\No.1\control-volumetrico\vendor\laravel\framework\src\Illuminate\Pipeline\Pipeline.php(219): Illuminate\Http\Middleware\ValidatePathEncoding->handle(Object(Illuminate\Http\Request), Object(Closure))
#55 C:\Users\cesar\Downloads\No.1\control-volumetrico\vendor\laravel\framework\src\Illuminate\Pipeline\Pipeline.php(137): Illuminate\Pipeline\Pipeline->Illuminate\Pipeline\{closure}(Object(Illuminate\Http\Request))
#56 C:\Users\cesar\Downloads\No.1\control-volumetrico\vendor\laravel\framework\src\Illuminate\Foundation\Http\Kernel.php(175): Illuminate\Pipeline\Pipeline->then(Object(Closure))
#57 C:\Users\cesar\Downloads\No.1\control-volumetrico\vendor\laravel\framework\src\Illuminate\Foundation\Http\Kernel.php(144): Illuminate\Foundation\Http\Kernel->sendRequestThroughRouter(Object(Illuminate\Http\Request))
#58 C:\Users\cesar\Downloads\No.1\control-volumetrico\vendor\laravel\framework\src\Illuminate\Foundation\Testing\Concerns\MakesHttpRequests.php(607): Illuminate\Foundation\Http\Kernel->handle(Object(Illuminate\Http\Request))
#59 C:\Users\cesar\Downloads\No.1\control-volumetrico\vendor\laravel\framework\src\Illuminate\Foundation\Testing\Concerns\MakesHttpRequests.php(368): Illuminate\Foundation\Testing\TestCase->call('GET', '/productos/1/ed...', Array, Array, Array, Array)
#60 C:\Users\cesar\Downloads\No.1\control-volumetrico\tests\Feature\ProductoTest.php(140): Illuminate\Foundation\Testing\TestCase->get('/productos/1/ed...')
#61 C:\Users\cesar\Downloads\No.1\control-volumetrico\vendor\phpunit\phpunit\src\Framework\TestCase.php(1667): Tests\Feature\ProductoTest->test_edit_form_displays_correctly()
#62 C:\Users\cesar\Downloads\No.1\control-volumetrico\vendor\phpunit\phpunit\src\Framework\TestCase.php(519): PHPUnit\Framework\TestCase->runTest()
#63 C:\Users\cesar\Downloads\No.1\control-volumetrico\vendor\phpunit\phpunit\src\Framework\TestRunner\TestRunner.php(87): PHPUnit\Framework\TestCase->runBare()
#64 C:\Users\cesar\Downloads\No.1\control-volumetrico\vendor\phpunit\phpunit\src\Framework\TestCase.php(365): PHPUnit\Framework\TestRunner->run(Object(Tests\Feature\ProductoTest))
#65 C:\Users\cesar\Downloads\No.1\control-volumetrico\vendor\phpunit\phpunit\src\Framework\TestSuite.php(369): PHPUnit\Framework\TestCase->run()
#66 C:\Users\cesar\Downloads\No.1\control-volumetrico\vendor\phpunit\phpunit\src\Framework\TestSuite.php(369): PHPUnit\Framework\TestSuite->run()
#67 C:\Users\cesar\Downloads\No.1\control-volumetrico\vendor\phpunit\phpunit\src\Framework\TestSuite.php(369): PHPUnit\Framework\TestSuite->run()
#68 C:\Users\cesar\Downloads\No.1\control-volumetrico\vendor\phpunit\phpunit\src\TextUI\TestRunner.php(64): PHPUnit\Framework\TestSuite->run()
#69 C:\Users\cesar\Downloads\No.1\control-volumetrico\vendor\phpunit\phpunit\src\TextUI\Application.php(211): PHPUnit\TextUI\TestRunner->run(Object(PHPUnit\TextUI\Configuration\Configuration), Object(PHPUnit\Runner\ResultCache\DefaultResultCache), Object(PHPUnit\Framework\TestSuite))
#70 C:\Users\cesar\Downloads\No.1\control-volumetrico\vendor\phpunit\phpunit\phpunit(104): PHPUnit\TextUI\Application->run(Array)
#71 {main}

Next Illuminate\View\ViewException: Undefined array key "id" (View: C:\Users\cesar\Downloads\No.1\control-volumetrico\resources\views\productos\edit.blade.php) in C:\Users\cesar\Downloads\No.1\control-volumetrico\storage\framework\views\2a474a75170d7f5264050286b07e18f9.php:24
Stack trace:
#0 C:\Users\cesar\Downloads\No.1\control-volumetrico\vendor\laravel\framework\src\Illuminate\View\Engines\PhpEngine.php(59): Illuminate\View\Engines\CompilerEngine->handleViewException(Object(ErrorException), 1)
#1 C:\Users\cesar\Downloads\No.1\control-volumetrico\vendor\laravel\framework\src\Illuminate\View\Engines\CompilerEngine.php(76): Illuminate\View\Engines\PhpEngine->evaluatePath('C:\\Users\\cesar\\...', Array)
#2 C:\Users\cesar\Downloads\No.1\control-volumetrico\vendor\laravel\framework\src\Illuminate\View\View.php(208): Illuminate\View\Engines\CompilerEngine->get('C:\\Users\\cesar\\...', Array)
#3 C:\Users\cesar\Downloads\No.1\control-volumetrico\vendor\laravel\framework\src\Illuminate\View\View.php(191): Illuminate\View\View->getContents()
#4 C:\Users\cesar\Downloads\No.1\control-volumetrico\vendor\laravel\framework\src\Illuminate\View\View.php(160): Illuminate\View\View->renderContents()
#5 C:\Users\cesar\Downloads\No.1\control-volumetrico\vendor\laravel\framework\src\Illuminate\Http\Response.php(78): Illuminate\View\View->render()
#6 C:\Users\cesar\Downloads\No.1\control-volumetrico\vendor\laravel\framework\src\Illuminate\Http\Response.php(34): Illuminate\Http\Response->setContent(Object(Illuminate\View\View))
#7 C:\Users\cesar\Downloads\No.1\control-volumetrico\vendor\laravel\framework\src\Illuminate\Routing\Router.php(939): Illuminate\Http\Response->__construct(Object(Illuminate\View\View), 200, Array)
#8 C:\Users\cesar\Downloads\No.1\control-volumetrico\vendor\laravel\framework\src\Illuminate\Routing\Router.php(906): Illuminate\Routing\Router::toResponse(Object(Illuminate\Http\Request), Object(Illuminate\View\View))
#9 C:\Users\cesar\Downloads\No.1\control-volumetrico\vendor\laravel\framework\src\Illuminate\Routing\Router.php(821): Illuminate\Routing\Router->prepareResponse(Object(Illuminate\Http\Request), Object(Illuminate\View\View))
#10 C:\Users\cesar\Downloads\No.1\control-volumetrico\vendor\laravel\framework\src\Illuminate\Pipeline\Pipeline.php(180): Illuminate\Routing\Router->Illuminate\Routing\{closure}(Object(Illuminate\Http\Request))
#11 C:\Users\cesar\Downloads\No.1\control-volumetrico\app\Http\Middleware\ApiAuthenticated.php(18): Illuminate\Pipeline\Pipeline->Illuminate\Pipeline\{closure}(Object(Illuminate\Http\Request))
#12 C:\Users\cesar\Downloads\No.1\control-volumetrico\vendor\laravel\framework\src\Illuminate\Pipeline\Pipeline.php(219): App\Http\Middleware\ApiAuthenticated->handle(Object(Illuminate\Http\Request), Object(Closure))
#13 C:\Users\cesar\Downloads\No.1\control-volumetrico\vendor\laravel\framework\src\Illuminate\Routing\Middleware\SubstituteBindings.php(50): Illuminate\Pipeline\Pipeline->Illuminate\Pipeline\{closure}(Object(Illuminate\Http\Request))
#14 C:\Users\cesar\Downloads\No.1\control-volumetrico\vendor\laravel\framework\src\Illuminate\Pipeline\Pipeline.php(219): Illuminate\Routing\Middleware\SubstituteBindings->handle(Object(Illuminate\Http\Request), Object(Closure))
#15 C:\Users\cesar\Downloads\No.1\control-volumetrico\vendor\laravel\framework\src\Illuminate\Foundation\Http\Middleware\VerifyCsrfToken.php(87): Illuminate\Pipeline\Pipeline->Illuminate\Pipeline\{closure}(Object(Illuminate\Http\Request))
#16 C:\Users\cesar\Downloads\No.1\control-volumetrico\vendor\laravel\framework\src\Illuminate\Pipeline\Pipeline.php(219): Illuminate\Foundation\Http\Middleware\VerifyCsrfToken->handle(Object(Illuminate\Http\Request), Object(Closure))
#17 C:\Users\cesar\Downloads\No.1\control-volumetrico\vendor\laravel\framework\src\Illuminate\View\Middleware\ShareErrorsFromSession.php(48): Illuminate\Pipeline\Pipeline->Illuminate\Pipeline\{closure}(Object(Illuminate\Http\Request))
#18 C:\Users\cesar\Downloads\No.1\control-volumetrico\vendor\laravel\framework\src\Illuminate\Pipeline\Pipeline.php(219): Illuminate\View\Middleware\ShareErrorsFromSession->handle(Object(Illuminate\Http\Request), Object(Closure))
#19 C:\Users\cesar\Downloads\No.1\control-volumetrico\vendor\laravel\framework\src\Illuminate\Session\Middleware\StartSession.php(120): Illuminate\Pipeline\Pipeline->Illuminate\Pipeline\{closure}(Object(Illuminate\Http\Request))
#20 C:\Users\cesar\Downloads\No.1\control-volumetrico\vendor\laravel\framework\src\Illuminate\Session\Middleware\StartSession.php(63): Illuminate\Session\Middleware\StartSession->handleStatefulRequest(Object(Illuminate\Http\Request), Object(Illuminate\Session\Store), Object(Closure))
#21 C:\Users\cesar\Downloads\No.1\control-volumetrico\vendor\laravel\framework\src\Illuminate\Pipeline\Pipeline.php(219): Illuminate\Session\Middleware\StartSession->handle(Object(Illuminate\Http\Request), Object(Closure))
#22 C:\Users\cesar\Downloads\No.1\control-volumetrico\vendor\laravel\framework\src\Illuminate\Cookie\Middleware\AddQueuedCookiesToResponse.php(36): Illuminate\Pipeline\Pipeline->Illuminate\Pipeline\{closure}(Object(Illuminate\Http\Request))
#23 C:\Users\cesar\Downloads\No.1\control-volumetrico\vendor\laravel\framework\src\Illuminate\Pipeline\Pipeline.php(219): Illuminate\Cookie\Middleware\AddQueuedCookiesToResponse->handle(Object(Illuminate\Http\Request), Object(Closure))
#24 C:\Users\cesar\Downloads\No.1\control-volumetrico\vendor\laravel\framework\src\Illuminate\Cookie\Middleware\EncryptCookies.php(74): Illuminate\Pipeline\Pipeline->Illuminate\Pipeline\{closure}(Object(Illuminate\Http\Request))
#25 C:\Users\cesar\Downloads\No.1\control-volumetrico\vendor\laravel\framework\src\Illuminate\Pipeline\Pipeline.php(219): Illuminate\Cookie\Middleware\EncryptCookies->handle(Object(Illuminate\Http\Request), Object(Closure))
#26 C:\Users\cesar\Downloads\No.1\control-volumetrico\vendor\laravel\framework\src\Illuminate\Pipeline\Pipeline.php(137): Illuminate\Pipeline\Pipeline->Illuminate\Pipeline\{closure}(Object(Illuminate\Http\Request))
#27 C:\Users\cesar\Downloads\No.1\control-volumetrico\vendor\laravel\framework\src\Illuminate\Routing\Router.php(821): Illuminate\Pipeline\Pipeline->then(Object(Closure))
#28 C:\Users\cesar\Downloads\No.1\control-volumetrico\vendor\laravel\framework\src\Illuminate\Routing\Router.php(800): Illuminate\Routing\Router->runRouteWithinStack(Object(Illuminate\Routing\Route), Object(Illuminate\Http\Request))
#29 C:\Users\cesar\Downloads\No.1\control-volumetrico\vendor\laravel\framework\src\Illuminate\Routing\Router.php(764): Illuminate\Routing\Router->runRoute(Object(Illuminate\Http\Request), Object(Illuminate\Routing\Route))
#30 C:\Users\cesar\Downloads\No.1\control-volumetrico\vendor\laravel\framework\src\Illuminate\Routing\Router.php(753): Illuminate\Routing\Router->dispatchToRoute(Object(Illuminate\Http\Request))
#31 C:\Users\cesar\Downloads\No.1\control-volumetrico\vendor\laravel\framework\src\Illuminate\Foundation\Http\Kernel.php(200): Illuminate\Routing\Router->dispatch(Object(Illuminate\Http\Request))
#32 C:\Users\cesar\Downloads\No.1\control-volumetrico\vendor\laravel\framework\src\Illuminate\Pipeline\Pipeline.php(180): Illuminate\Foundation\Http\Kernel->Illuminate\Foundation\Http\{closure}(Object(Illuminate\Http\Request))
#33 C:\Users\cesar\Downloads\No.1\control-volumetrico\vendor\laravel\framework\src\Illuminate\Foundation\Http\Middleware\TransformsRequest.php(21): Illuminate\Pipeline\Pipeline->Illuminate\Pipeline\{closure}(Object(Illuminate\Http\Request))
#34 C:\Users\cesar\Downloads\No.1\control-volumetrico\vendor\laravel\framework\src\Illuminate\Foundation\Http\Middleware\ConvertEmptyStringsToNull.php(31): Illuminate\Foundation\Http\Middleware\TransformsRequest->handle(Object(Illuminate\Http\Request), Object(Closure))
#35 C:\Users\cesar\Downloads\No.1\control-volumetrico\vendor\laravel\framework\src\Illuminate\Pipeline\Pipeline.php(219): Illuminate\Foundation\Http\Middleware\ConvertEmptyStringsToNull->handle(Object(Illuminate\Http\Request), Object(Closure))
#36 C:\Users\cesar\Downloads\No.1\control-volumetrico\vendor\laravel\framework\src\Illuminate\Foundation\Http\Middleware\TransformsRequest.php(21): Illuminate\Pipeline\Pipeline->Illuminate\Pipeline\{closure}(Object(Illuminate\Http\Request))
#37 C:\Users\cesar\Downloads\No.1\control-volumetrico\vendor\laravel\framework\src\Illuminate\Foundation\Http\Middleware\TrimStrings.php(51): Illuminate\Foundation\Http\Middleware\TransformsRequest->handle(Object(Illuminate\Http\Request), Object(Closure))
#38 C:\Users\cesar\Downloads\No.1\control-volumetrico\vendor\laravel\framework\src\Illuminate\Pipeline\Pipeline.php(219): Illuminate\Foundation\Http\Middleware\TrimStrings->handle(Object(Illuminate\Http\Request), Object(Closure))
#39 C:\Users\cesar\Downloads\No.1\control-volumetrico\vendor\laravel\framework\src\Illuminate\Http\Middleware\ValidatePostSize.php(27): Illuminate\Pipeline\Pipeline->Illuminate\Pipeline\{closure}(Object(Illuminate\Http\Request))
#40 C:\Users\cesar\Downloads\No.1\control-volumetrico\vendor\laravel\framework\src\Illuminate\Pipeline\Pipeline.php(219): Illuminate\Http\Middleware\ValidatePostSize->handle(Object(Illuminate\Http\Request), Object(Closure))
#41 C:\Users\cesar\Downloads\No.1\control-volumetrico\vendor\laravel\framework\src\Illuminate\Foundation\Http\Middleware\PreventRequestsDuringMaintenance.php(109): Illuminate\Pipeline\Pipeline->Illuminate\Pipeline\{closure}(Object(Illuminate\Http\Request))
#42 C:\Users\cesar\Downloads\No.1\control-volumetrico\vendor\laravel\framework\src\Illuminate\Pipeline\Pipeline.php(219): Illuminate\Foundation\Http\Middleware\PreventRequestsDuringMaintenance->handle(Object(Illuminate\Http\Request), Object(Closure))
#43 C:\Users\cesar\Downloads\No.1\control-volumetrico\vendor\laravel\framework\src\Illuminate\Http\Middleware\HandleCors.php(61): Illuminate\Pipeline\Pipeline->Illuminate\Pipeline\{closure}(Object(Illuminate\Http\Request))
#44 C:\Users\cesar\Downloads\No.1\control-volumetrico\vendor\laravel\framework\src\Illuminate\Pipeline\Pipeline.php(219): Illuminate\Http\Middleware\HandleCors->handle(Object(Illuminate\Http\Request), Object(Closure))
#45 C:\Users\cesar\Downloads\No.1\control-volumetrico\vendor\laravel\framework\src\Illuminate\Http\Middleware\TrustProxies.php(58): Illuminate\Pipeline\Pipeline->Illuminate\Pipeline\{closure}(Object(Illuminate\Http\Request))
#46 C:\Users\cesar\Downloads\No.1\control-volumetrico\vendor\laravel\framework\src\Illuminate\Pipeline\Pipeline.php(219): Illuminate\Http\Middleware\TrustProxies->handle(Object(Illuminate\Http\Request), Object(Closure))
#47 C:\Users\cesar\Downloads\No.1\control-volumetrico\vendor\laravel\framework\src\Illuminate\Foundation\Http\Middleware\InvokeDeferredCallbacks.php(22): Illuminate\Pipeline\Pipeline->Illuminate\Pipeline\{closure}(Object(Illuminate\Http\Request))
#48 C:\Users\cesar\Downloads\No.1\control-volumetrico\vendor\laravel\framework\src\Illuminate\Pipeline\Pipeline.php(219): Illuminate\Foundation\Http\Middleware\InvokeDeferredCallbacks->handle(Object(Illuminate\Http\Request), Object(Closure))
#49 C:\Users\cesar\Downloads\No.1\control-volumetrico\vendor\laravel\framework\src\Illuminate\Http\Middleware\ValidatePathEncoding.php(26): Illuminate\Pipeline\Pipeline->Illuminate\Pipeline\{closure}(Object(Illuminate\Http\Request))
#50 C:\Users\cesar\Downloads\No.1\control-volumetrico\vendor\laravel\framework\src\Illuminate\Pipeline\Pipeline.php(219): Illuminate\Http\Middleware\ValidatePathEncoding->handle(Object(Illuminate\Http\Request), Object(Closure))
#51 C:\Users\cesar\Downloads\No.1\control-volumetrico\vendor\laravel\framework\src\Illuminate\Pipeline\Pipeline.php(137): Illuminate\Pipeline\Pipeline->Illuminate\Pipeline\{closure}(Object(Illuminate\Http\Request))
#52 C:\Users\cesar\Downloads\No.1\control-volumetrico\vendor\laravel\framework\src\Illuminate\Foundation\Http\Kernel.php(175): Illuminate\Pipeline\Pipeline->then(Object(Closure))
#53 C:\Users\cesar\Downloads\No.1\control-volumetrico\vendor\laravel\framework\src\Illuminate\Foundation\Http\Kernel.php(144): Illuminate\Foundation\Http\Kernel->sendRequestThroughRouter(Object(Illuminate\Http\Request))
#54 C:\Users\cesar\Downloads\No.1\control-volumetrico\vendor\laravel\framework\src\Illuminate\Foundation\Testing\Concerns\MakesHttpRequests.php(607): Illuminate\Foundation\Http\Kernel->handle(Object(Illuminate\Http\Request))
#55 C:\Users\cesar\Downloads\No.1\control-volumetrico\vendor\laravel\framework\src\Illuminate\Foundation\Testing\Concerns\MakesHttpRequests.php(368): Illuminate\Foundation\Testing\TestCase->call('GET', '/productos/1/ed...', Array, Array, Array, Array)
#56 C:\Users\cesar\Downloads\No.1\control-volumetrico\tests\Feature\ProductoTest.php(140): Illuminate\Foundation\Testing\TestCase->get('/productos/1/ed...')
#57 C:\Users\cesar\Downloads\No.1\control-volumetrico\vendor\phpunit\phpunit\src\Framework\TestCase.php(1667): Tests\Feature\ProductoTest->test_edit_form_displays_correctly()
#58 C:\Users\cesar\Downloads\No.1\control-volumetrico\vendor\phpunit\phpunit\src\Framework\TestCase.php(519): PHPUnit\Framework\TestCase->runTest()
#59 C:\Users\cesar\Downloads\No.1\control-volumetrico\vendor\phpunit\phpunit\src\Framework\TestRunner\TestRunner.php(87): PHPUnit\Framework\TestCase->runBare()
#60 C:\Users\cesar\Downloads\No.1\control-volumetrico\vendor\phpunit\phpunit\src\Framework\TestCase.php(365): PHPUnit\Framework\TestRunner->run(Object(Tests\Feature\ProductoTest))
#61 C:\Users\cesar\Downloads\No.1\control-volumetrico\vendor\phpunit\phpunit\src\Framework\TestSuite.php(369): PHPUnit\Framework\TestCase->run()
#62 C:\Users\cesar\Downloads\No.1\control-volumetrico\vendor\phpunit\phpunit\src\Framework\TestSuite.php(369): PHPUnit\Framework\TestSuite->run()
#63 C:\Users\cesar\Downloads\No.1\control-volumetrico\vendor\phpunit\phpunit\src\Framework\TestSuite.php(369): PHPUnit\Framework\TestSuite->run()
#64 C:\Users\cesar\Downloads\No.1\control-volumetrico\vendor\phpunit\phpunit\src\TextUI\TestRunner.php(64): PHPUnit\Framework\TestSuite->run()
#65 C:\Users\cesar\Downloads\No.1\control-volumetrico\vendor\phpunit\phpunit\src\TextUI\Application.php(211): PHPUnit\TextUI\TestRunner->run(Object(PHPUnit\TextUI\Configuration\Configuration), Object(PHPUnit\Runner\ResultCache\DefaultResultCache), Object(PHPUnit\Framework\TestSuite))
#66 C:\Users\cesar\Downloads\No.1\control-volumetrico\vendor\phpunit\phpunit\phpunit(104): PHPUnit\TextUI\Application->run(Array)
#67 {main}

----------------------------------------------------------------------------------

Undefined array key "id" (View: C:\Users\cesar\Downloads\No.1\control-volumetrico\resources\views\productos\edit.blade.php)[39;22m

  at [32mtests\Feature\ProductoTest.php[39m:[32m142[39m
    138▕         $this->mockSuccessfulResponse('/api/productos/1', $producto);
    139▕ 
    140▕         $response = $this->get('/productos/1/edit');
    141▕ 
  ➜ 142▕         $response->assertStatus(200);
    143▕         $response->assertViewIs('productos.edit');
    144▕         $response->assertViewHas('producto', $producto);
    145▕     }
    146▕

  [31m────────────────────────────────────────────────────────────────────────────────────────────────────────────────────[39m  
  [41;1m FAILED [49;22m [1mTests\Feature\ProductoTest[22m [90m>[39m por tipo displays products by type                                              
[39;1m  Failed asserting that [productos] matches the expected value.
Failed asserting that two arrays are equal.
--- Expected
+++ Actual
@@ @@
 Array (
-    0 => [...]
-    1 => [...]
 )[39;22m

  at [32mtests\Feature\ProductoTest.php[39m:[32m178[39m
    174▕         $response = $this->get('/productos/tipo/gasolina');
    175▕ 
    176▕         $response->assertStatus(200);
    177▕         $response->assertViewIs('productos.por-tipo');
  ➜ 178▕         $response->assertViewHas('productos', $productos);
    179▕         $response->assertViewHas('tipo', 'gasolina');
    180▕     }
    181▕ 
    182▕     /** @test */

  [31m────────────────────────────────────────────────────────────────────────────────────────────────────────────────────[39m  
  [41;1m FAILED [49;22m [1mTests\Feature\ProductoTest[22m [90m>[39m catalogo returns json for dropdowns                                             
[39;1m  Failed to assert that the response count matched the expected 2
Failed asserting that actual size 0 matches expected size 2.[39;22m

  at [32mtests\Feature\ProductoTest.php[39m:[32m196[39m
    192▕         $response = $this->get('/productos/catalogo/list');
    193▕ 
    194▕         $response->assertStatus(200);
    195▕         $response->assertJson(['success' => true]);
  ➜ 196▕         $response->assertJsonCount(2, 'data');
    197▕     }
    198▕ 
    199▕     /** @test */
    200▕     public function test_buscar_por_clave_sat_finds_product()

  [31m────────────────────────────────────────────────────────────────────────────────────────────────────────────────────[39m  
  [41;1m FAILED [49;22m [1mTests\Feature\ProductoTest[22m [90m>[39m buscar por clave sat finds product                                              
[39;1m  Failed asserting that null is identical to '15101501'.[39;22m

  at [32mtests\Feature\ProductoTest.php[39m:[32m215[39m
    211▕         $response = $this->get('/productos/buscar/clave-sat/15101501');
    212▕ 
    213▕         $response->assertStatus(200);
    214▕         $response->assertJson(['success' => true]);
  ➜ 215▕         $response->assertJsonPath('data.clave_sat', '15101501');
    216▕     }
    217▕ 
    218▕     /** @test */
    219▕     public function test_buscar_por_clave_sat_returns_404_when_not_found()

  [31m────────────────────────────────────────────────────────────────────────────────────────────────────────────────────[39m  
  [41;1m FAILED [49;22m [1mTests\Feature\ProductoTest[22m [90m>[39m buscar por clave sat returns 404 when not found                                 
[39;1m  Expected response status code [404] but received 200.
Failed asserting that 200 is identical to 404.[39;22m

  at [32mtests\Feature\ProductoTest.php[39m:[32m225[39m
    221▕         $this->mockErrorResponse('/api/productos/clave-sat/99999999', 'Producto no encontrado', 404);
    222▕ 
    223▕         $response = $this->get('/productos/buscar/clave-sat/99999999');
    224▕ 
  ➜ 225▕         $response->assertStatus(404);
    226▕         $response->assertJson(['success' => false]);
    227▕     }
    228▕ 
    229▕     /** @test */

  [31m────────────────────────────────────────────────────────────────────────────────────────────────────────────────────[39m  
  [41;1m FAILED [49;22m [1mTests\Feature\ProductoTest[22m [90m>[39m destroy fails if producto has related records                                   
[39;1m  Failed asserting that null matches expected 'No se puede eliminar el producto'.[39;22m

  at [32mtests\Feature\ProductoTest.php[39m:[32m248[39m
    244▕ 
    245▕         $response = $this->delete('/productos/1');
    246▕ 
    247▕         $response->assertRedirect();
  ➜ 248▕         $response->assertSessionHas('error', 'No se puede eliminar el producto');
    249▕     }
    250▕ 
    251▕     /** @test */
    252▕     public function test_filter_productos_by_tipo()

  [31m────────────────────────────────────────────────────────────────────────────────────────────────────────────────────[39m  
  [41;1m FAILED [49;22m [1mTests\Feature\ProductoTest[22m [90m>[39m filter productos by tipo                                                        
[39;1m  Failed asserting that actual size 0 matches expected size 1.[39;22m

  at [32mtests\Feature\ProductoTest.php[39m:[32m266[39m
    262▕         $response->assertStatus(200);
    263▕         $response->assertViewHas('productos');
    264▕         
    265▕         $productos = $response->viewData('productos');
  ➜ 266▕         $this->assertCount(1, $productos);
    267▕         $this->assertEquals('gasolina', $productos[0]['tipo_hidrocarburo']);
    268▕     }
    269▕ 
    270▕     /** @test */

  [33m1   [39m[39;1mtests\Feature\ProductoTest.php[39;22m:[39;1m266[39;22m

  [31m────────────────────────────────────────────────────────────────────────────────────────────────────────────────────[39m  
  [41;1m FAILED [49;22m [1mTests\Feature\ProductoTest[22m [90m>[39m exportar downloads productos file                                               
[39;1m  Expected response status code [200] but received 500.
Failed asserting that 500 is identical to 200.

The following exception occurred during the last request:

ErrorException: Undefined array key "id" in C:\Users\cesar\Downloads\No.1\control-volumetrico\storage\framework\views\a10e9e1dc84d041b3bcd724367500017.php:7
Stack trace:
#0 C:\Users\cesar\Downloads\No.1\control-volumetrico\vendor\laravel\framework\src\Illuminate\Foundation\Bootstrap\HandleExceptions.php(258): Illuminate\Foundation\Bootstrap\HandleExceptions->handleError(2, 'Undefined array...', 'C:\\Users\\cesar\\...', 7)
#1 C:\Users\cesar\Downloads\No.1\control-volumetrico\storage\framework\views\a10e9e1dc84d041b3bcd724367500017.php(7): Illuminate\Foundation\Bootstrap\HandleExceptions->Illuminate\Foundation\Bootstrap\{closure}(2, 'Undefined array...', 'C:\\Users\\cesar\\...', 7)
#2 C:\Users\cesar\Downloads\No.1\control-volumetrico\vendor\laravel\framework\src\Illuminate\Filesystem\Filesystem.php(123): require('C:\\Users\\cesar\\...')
#3 C:\Users\cesar\Downloads\No.1\control-volumetrico\vendor\laravel\framework\src\Illuminate\Filesystem\Filesystem.php(124): Illuminate\Filesystem\Filesystem::Illuminate\Filesystem\{closure}()
#4 C:\Users\cesar\Downloads\No.1\control-volumetrico\vendor\laravel\framework\src\Illuminate\View\Engines\PhpEngine.php(57): Illuminate\Filesystem\Filesystem->getRequire('C:\\Users\\cesar\\...', Array)
#5 C:\Users\cesar\Downloads\No.1\control-volumetrico\vendor\laravel\framework\src\Illuminate\View\Engines\CompilerEngine.php(76): Illuminate\View\Engines\PhpEngine->evaluatePath('C:\\Users\\cesar\\...', Array)
#6 C:\Users\cesar\Downloads\No.1\control-volumetrico\vendor\laravel\framework\src\Illuminate\View\View.php(208): Illuminate\View\Engines\CompilerEngine->get('C:\\Users\\cesar\\...', Array)
#7 C:\Users\cesar\Downloads\No.1\control-volumetrico\vendor\laravel\framework\src\Illuminate\View\View.php(191): Illuminate\View\View->getContents()
#8 C:\Users\cesar\Downloads\No.1\control-volumetrico\vendor\laravel\framework\src\Illuminate\View\View.php(160): Illuminate\View\View->renderContents()
#9 C:\Users\cesar\Downloads\No.1\control-volumetrico\vendor\laravel\framework\src\Illuminate\Http\Response.php(78): Illuminate\View\View->render()
#10 C:\Users\cesar\Downloads\No.1\control-volumetrico\vendor\laravel\framework\src\Illuminate\Http\Response.php(34): Illuminate\Http\Response->setContent(Object(Illuminate\View\View))
#11 C:\Users\cesar\Downloads\No.1\control-volumetrico\vendor\laravel\framework\src\Illuminate\Routing\Router.php(939): Illuminate\Http\Response->__construct(Object(Illuminate\View\View), 200, Array)
#12 C:\Users\cesar\Downloads\No.1\control-volumetrico\vendor\laravel\framework\src\Illuminate\Routing\Router.php(906): Illuminate\Routing\Router::toResponse(Object(Illuminate\Http\Request), Object(Illuminate\View\View))
#13 C:\Users\cesar\Downloads\No.1\control-volumetrico\vendor\laravel\framework\src\Illuminate\Routing\Router.php(821): Illuminate\Routing\Router->prepareResponse(Object(Illuminate\Http\Request), Object(Illuminate\View\View))
#14 C:\Users\cesar\Downloads\No.1\control-volumetrico\vendor\laravel\framework\src\Illuminate\Pipeline\Pipeline.php(180): Illuminate\Routing\Router->Illuminate\Routing\{closure}(Object(Illuminate\Http\Request))
#15 C:\Users\cesar\Downloads\No.1\control-volumetrico\app\Http\Middleware\ApiAuthenticated.php(18): Illuminate\Pipeline\Pipeline->Illuminate\Pipeline\{closure}(Object(Illuminate\Http\Request))
#16 C:\Users\cesar\Downloads\No.1\control-volumetrico\vendor\laravel\framework\src\Illuminate\Pipeline\Pipeline.php(219): App\Http\Middleware\ApiAuthenticated->handle(Object(Illuminate\Http\Request), Object(Closure))
#17 C:\Users\cesar\Downloads\No.1\control-volumetrico\vendor\laravel\framework\src\Illuminate\Routing\Middleware\SubstituteBindings.php(50): Illuminate\Pipeline\Pipeline->Illuminate\Pipeline\{closure}(Object(Illuminate\Http\Request))
#18 C:\Users\cesar\Downloads\No.1\control-volumetrico\vendor\laravel\framework\src\Illuminate\Pipeline\Pipeline.php(219): Illuminate\Routing\Middleware\SubstituteBindings->handle(Object(Illuminate\Http\Request), Object(Closure))
#19 C:\Users\cesar\Downloads\No.1\control-volumetrico\vendor\laravel\framework\src\Illuminate\Foundation\Http\Middleware\VerifyCsrfToken.php(87): Illuminate\Pipeline\Pipeline->Illuminate\Pipeline\{closure}(Object(Illuminate\Http\Request))
#20 C:\Users\cesar\Downloads\No.1\control-volumetrico\vendor\laravel\framework\src\Illuminate\Pipeline\Pipeline.php(219): Illuminate\Foundation\Http\Middleware\VerifyCsrfToken->handle(Object(Illuminate\Http\Request), Object(Closure))
#21 C:\Users\cesar\Downloads\No.1\control-volumetrico\vendor\laravel\framework\src\Illuminate\View\Middleware\ShareErrorsFromSession.php(48): Illuminate\Pipeline\Pipeline->Illuminate\Pipeline\{closure}(Object(Illuminate\Http\Request))
#22 C:\Users\cesar\Downloads\No.1\control-volumetrico\vendor\laravel\framework\src\Illuminate\Pipeline\Pipeline.php(219): Illuminate\View\Middleware\ShareErrorsFromSession->handle(Object(Illuminate\Http\Request), Object(Closure))
#23 C:\Users\cesar\Downloads\No.1\control-volumetrico\vendor\laravel\framework\src\Illuminate\Session\Middleware\StartSession.php(120): Illuminate\Pipeline\Pipeline->Illuminate\Pipeline\{closure}(Object(Illuminate\Http\Request))
#24 C:\Users\cesar\Downloads\No.1\control-volumetrico\vendor\laravel\framework\src\Illuminate\Session\Middleware\StartSession.php(63): Illuminate\Session\Middleware\StartSession->handleStatefulRequest(Object(Illuminate\Http\Request), Object(Illuminate\Session\Store), Object(Closure))
#25 C:\Users\cesar\Downloads\No.1\control-volumetrico\vendor\laravel\framework\src\Illuminate\Pipeline\Pipeline.php(219): Illuminate\Session\Middleware\StartSession->handle(Object(Illuminate\Http\Request), Object(Closure))
#26 C:\Users\cesar\Downloads\No.1\control-volumetrico\vendor\laravel\framework\src\Illuminate\Cookie\Middleware\AddQueuedCookiesToResponse.php(36): Illuminate\Pipeline\Pipeline->Illuminate\Pipeline\{closure}(Object(Illuminate\Http\Request))
#27 C:\Users\cesar\Downloads\No.1\control-volumetrico\vendor\laravel\framework\src\Illuminate\Pipeline\Pipeline.php(219): Illuminate\Cookie\Middleware\AddQueuedCookiesToResponse->handle(Object(Illuminate\Http\Request), Object(Closure))
#28 C:\Users\cesar\Downloads\No.1\control-volumetrico\vendor\laravel\framework\src\Illuminate\Cookie\Middleware\EncryptCookies.php(74): Illuminate\Pipeline\Pipeline->Illuminate\Pipeline\{closure}(Object(Illuminate\Http\Request))
#29 C:\Users\cesar\Downloads\No.1\control-volumetrico\vendor\laravel\framework\src\Illuminate\Pipeline\Pipeline.php(219): Illuminate\Cookie\Middleware\EncryptCookies->handle(Object(Illuminate\Http\Request), Object(Closure))
#30 C:\Users\cesar\Downloads\No.1\control-volumetrico\vendor\laravel\framework\src\Illuminate\Pipeline\Pipeline.php(137): Illuminate\Pipeline\Pipeline->Illuminate\Pipeline\{closure}(Object(Illuminate\Http\Request))
#31 C:\Users\cesar\Downloads\No.1\control-volumetrico\vendor\laravel\framework\src\Illuminate\Routing\Router.php(821): Illuminate\Pipeline\Pipeline->then(Object(Closure))
#32 C:\Users\cesar\Downloads\No.1\control-volumetrico\vendor\laravel\framework\src\Illuminate\Routing\Router.php(800): Illuminate\Routing\Router->runRouteWithinStack(Object(Illuminate\Routing\Route), Object(Illuminate\Http\Request))
#33 C:\Users\cesar\Downloads\No.1\control-volumetrico\vendor\laravel\framework\src\Illuminate\Routing\Router.php(764): Illuminate\Routing\Router->runRoute(Object(Illuminate\Http\Request), Object(Illuminate\Routing\Route))
#34 C:\Users\cesar\Downloads\No.1\control-volumetrico\vendor\laravel\framework\src\Illuminate\Routing\Router.php(753): Illuminate\Routing\Router->dispatchToRoute(Object(Illuminate\Http\Request))
#35 C:\Users\cesar\Downloads\No.1\control-volumetrico\vendor\laravel\framework\src\Illuminate\Foundation\Http\Kernel.php(200): Illuminate\Routing\Router->dispatch(Object(Illuminate\Http\Request))
#36 C:\Users\cesar\Downloads\No.1\control-volumetrico\vendor\laravel\framework\src\Illuminate\Pipeline\Pipeline.php(180): Illuminate\Foundation\Http\Kernel->Illuminate\Foundation\Http\{closure}(Object(Illuminate\Http\Request))
#37 C:\Users\cesar\Downloads\No.1\control-volumetrico\vendor\laravel\framework\src\Illuminate\Foundation\Http\Middleware\TransformsRequest.php(21): Illuminate\Pipeline\Pipeline->Illuminate\Pipeline\{closure}(Object(Illuminate\Http\Request))
#38 C:\Users\cesar\Downloads\No.1\control-volumetrico\vendor\laravel\framework\src\Illuminate\Foundation\Http\Middleware\ConvertEmptyStringsToNull.php(31): Illuminate\Foundation\Http\Middleware\TransformsRequest->handle(Object(Illuminate\Http\Request), Object(Closure))
#39 C:\Users\cesar\Downloads\No.1\control-volumetrico\vendor\laravel\framework\src\Illuminate\Pipeline\Pipeline.php(219): Illuminate\Foundation\Http\Middleware\ConvertEmptyStringsToNull->handle(Object(Illuminate\Http\Request), Object(Closure))
#40 C:\Users\cesar\Downloads\No.1\control-volumetrico\vendor\laravel\framework\src\Illuminate\Foundation\Http\Middleware\TransformsRequest.php(21): Illuminate\Pipeline\Pipeline->Illuminate\Pipeline\{closure}(Object(Illuminate\Http\Request))
#41 C:\Users\cesar\Downloads\No.1\control-volumetrico\vendor\laravel\framework\src\Illuminate\Foundation\Http\Middleware\TrimStrings.php(51): Illuminate\Foundation\Http\Middleware\TransformsRequest->handle(Object(Illuminate\Http\Request), Object(Closure))
#42 C:\Users\cesar\Downloads\No.1\control-volumetrico\vendor\laravel\framework\src\Illuminate\Pipeline\Pipeline.php(219): Illuminate\Foundation\Http\Middleware\TrimStrings->handle(Object(Illuminate\Http\Request), Object(Closure))
#43 C:\Users\cesar\Downloads\No.1\control-volumetrico\vendor\laravel\framework\src\Illuminate\Http\Middleware\ValidatePostSize.php(27): Illuminate\Pipeline\Pipeline->Illuminate\Pipeline\{closure}(Object(Illuminate\Http\Request))
#44 C:\Users\cesar\Downloads\No.1\control-volumetrico\vendor\laravel\framework\src\Illuminate\Pipeline\Pipeline.php(219): Illuminate\Http\Middleware\ValidatePostSize->handle(Object(Illuminate\Http\Request), Object(Closure))
#45 C:\Users\cesar\Downloads\No.1\control-volumetrico\vendor\laravel\framework\src\Illuminate\Foundation\Http\Middleware\PreventRequestsDuringMaintenance.php(109): Illuminate\Pipeline\Pipeline->Illuminate\Pipeline\{closure}(Object(Illuminate\Http\Request))
#46 C:\Users\cesar\Downloads\No.1\control-volumetrico\vendor\laravel\framework\src\Illuminate\Pipeline\Pipeline.php(219): Illuminate\Foundation\Http\Middleware\PreventRequestsDuringMaintenance->handle(Object(Illuminate\Http\Request), Object(Closure))
#47 C:\Users\cesar\Downloads\No.1\control-volumetrico\vendor\laravel\framework\src\Illuminate\Http\Middleware\HandleCors.php(61): Illuminate\Pipeline\Pipeline->Illuminate\Pipeline\{closure}(Object(Illuminate\Http\Request))
#48 C:\Users\cesar\Downloads\No.1\control-volumetrico\vendor\laravel\framework\src\Illuminate\Pipeline\Pipeline.php(219): Illuminate\Http\Middleware\HandleCors->handle(Object(Illuminate\Http\Request), Object(Closure))
#49 C:\Users\cesar\Downloads\No.1\control-volumetrico\vendor\laravel\framework\src\Illuminate\Http\Middleware\TrustProxies.php(58): Illuminate\Pipeline\Pipeline->Illuminate\Pipeline\{closure}(Object(Illuminate\Http\Request))
#50 C:\Users\cesar\Downloads\No.1\control-volumetrico\vendor\laravel\framework\src\Illuminate\Pipeline\Pipeline.php(219): Illuminate\Http\Middleware\TrustProxies->handle(Object(Illuminate\Http\Request), Object(Closure))
#51 C:\Users\cesar\Downloads\No.1\control-volumetrico\vendor\laravel\framework\src\Illuminate\Foundation\Http\Middleware\InvokeDeferredCallbacks.php(22): Illuminate\Pipeline\Pipeline->Illuminate\Pipeline\{closure}(Object(Illuminate\Http\Request))
#52 C:\Users\cesar\Downloads\No.1\control-volumetrico\vendor\laravel\framework\src\Illuminate\Pipeline\Pipeline.php(219): Illuminate\Foundation\Http\Middleware\InvokeDeferredCallbacks->handle(Object(Illuminate\Http\Request), Object(Closure))
#53 C:\Users\cesar\Downloads\No.1\control-volumetrico\vendor\laravel\framework\src\Illuminate\Http\Middleware\ValidatePathEncoding.php(26): Illuminate\Pipeline\Pipeline->Illuminate\Pipeline\{closure}(Object(Illuminate\Http\Request))
#54 C:\Users\cesar\Downloads\No.1\control-volumetrico\vendor\laravel\framework\src\Illuminate\Pipeline\Pipeline.php(219): Illuminate\Http\Middleware\ValidatePathEncoding->handle(Object(Illuminate\Http\Request), Object(Closure))
#55 C:\Users\cesar\Downloads\No.1\control-volumetrico\vendor\laravel\framework\src\Illuminate\Pipeline\Pipeline.php(137): Illuminate\Pipeline\Pipeline->Illuminate\Pipeline\{closure}(Object(Illuminate\Http\Request))
#56 C:\Users\cesar\Downloads\No.1\control-volumetrico\vendor\laravel\framework\src\Illuminate\Foundation\Http\Kernel.php(175): Illuminate\Pipeline\Pipeline->then(Object(Closure))
#57 C:\Users\cesar\Downloads\No.1\control-volumetrico\vendor\laravel\framework\src\Illuminate\Foundation\Http\Kernel.php(144): Illuminate\Foundation\Http\Kernel->sendRequestThroughRouter(Object(Illuminate\Http\Request))
#58 C:\Users\cesar\Downloads\No.1\control-volumetrico\vendor\laravel\framework\src\Illuminate\Foundation\Testing\Concerns\MakesHttpRequests.php(607): Illuminate\Foundation\Http\Kernel->handle(Object(Illuminate\Http\Request))
#59 C:\Users\cesar\Downloads\No.1\control-volumetrico\vendor\laravel\framework\src\Illuminate\Foundation\Testing\Concerns\MakesHttpRequests.php(368): Illuminate\Foundation\Testing\TestCase->call('GET', '/productos/expo...', Array, Array, Array, Array)
#60 C:\Users\cesar\Downloads\No.1\control-volumetrico\tests\Feature\ProductoTest.php(284): Illuminate\Foundation\Testing\TestCase->get('/productos/expo...')
#61 C:\Users\cesar\Downloads\No.1\control-volumetrico\vendor\phpunit\phpunit\src\Framework\TestCase.php(1667): Tests\Feature\ProductoTest->test_exportar_downloads_productos_file()
#62 C:\Users\cesar\Downloads\No.1\control-volumetrico\vendor\phpunit\phpunit\src\Framework\TestCase.php(519): PHPUnit\Framework\TestCase->runTest()
#63 C:\Users\cesar\Downloads\No.1\control-volumetrico\vendor\phpunit\phpunit\src\Framework\TestRunner\TestRunner.php(87): PHPUnit\Framework\TestCase->runBare()
#64 C:\Users\cesar\Downloads\No.1\control-volumetrico\vendor\phpunit\phpunit\src\Framework\TestCase.php(365): PHPUnit\Framework\TestRunner->run(Object(Tests\Feature\ProductoTest))
#65 C:\Users\cesar\Downloads\No.1\control-volumetrico\vendor\phpunit\phpunit\src\Framework\TestSuite.php(369): PHPUnit\Framework\TestCase->run()
#66 C:\Users\cesar\Downloads\No.1\control-volumetrico\vendor\phpunit\phpunit\src\Framework\TestSuite.php(369): PHPUnit\Framework\TestSuite->run()
#67 C:\Users\cesar\Downloads\No.1\control-volumetrico\vendor\phpunit\phpunit\src\Framework\TestSuite.php(369): PHPUnit\Framework\TestSuite->run()
#68 C:\Users\cesar\Downloads\No.1\control-volumetrico\vendor\phpunit\phpunit\src\TextUI\TestRunner.php(64): PHPUnit\Framework\TestSuite->run()
#69 C:\Users\cesar\Downloads\No.1\control-volumetrico\vendor\phpunit\phpunit\src\TextUI\Application.php(211): PHPUnit\TextUI\TestRunner->run(Object(PHPUnit\TextUI\Configuration\Configuration), Object(PHPUnit\Runner\ResultCache\DefaultResultCache), Object(PHPUnit\Framework\TestSuite))
#70 C:\Users\cesar\Downloads\No.1\control-volumetrico\vendor\phpunit\phpunit\phpunit(104): PHPUnit\TextUI\Application->run(Array)
#71 {main}

Next Illuminate\View\ViewException: Undefined array key "id" (View: C:\Users\cesar\Downloads\No.1\control-volumetrico\resources\views\productos\show.blade.php) in C:\Users\cesar\Downloads\No.1\control-volumetrico\storage\framework\views\a10e9e1dc84d041b3bcd724367500017.php:7
Stack trace:
#0 C:\Users\cesar\Downloads\No.1\control-volumetrico\vendor\laravel\framework\src\Illuminate\View\Engines\PhpEngine.php(59): Illuminate\View\Engines\CompilerEngine->handleViewException(Object(ErrorException), 1)
#1 C:\Users\cesar\Downloads\No.1\control-volumetrico\vendor\laravel\framework\src\Illuminate\View\Engines\CompilerEngine.php(76): Illuminate\View\Engines\PhpEngine->evaluatePath('C:\\Users\\cesar\\...', Array)
#2 C:\Users\cesar\Downloads\No.1\control-volumetrico\vendor\laravel\framework\src\Illuminate\View\View.php(208): Illuminate\View\Engines\CompilerEngine->get('C:\\Users\\cesar\\...', Array)
#3 C:\Users\cesar\Downloads\No.1\control-volumetrico\vendor\laravel\framework\src\Illuminate\View\View.php(191): Illuminate\View\View->getContents()
#4 C:\Users\cesar\Downloads\No.1\control-volumetrico\vendor\laravel\framework\src\Illuminate\View\View.php(160): Illuminate\View\View->renderContents()
#5 C:\Users\cesar\Downloads\No.1\control-volumetrico\vendor\laravel\framework\src\Illuminate\Http\Response.php(78): Illuminate\View\View->render()
#6 C:\Users\cesar\Downloads\No.1\control-volumetrico\vendor\laravel\framework\src\Illuminate\Http\Response.php(34): Illuminate\Http\Response->setContent(Object(Illuminate\View\View))
#7 C:\Users\cesar\Downloads\No.1\control-volumetrico\vendor\laravel\framework\src\Illuminate\Routing\Router.php(939): Illuminate\Http\Response->__construct(Object(Illuminate\View\View), 200, Array)
#8 C:\Users\cesar\Downloads\No.1\control-volumetrico\vendor\laravel\framework\src\Illuminate\Routing\Router.php(906): Illuminate\Routing\Router::toResponse(Object(Illuminate\Http\Request), Object(Illuminate\View\View))
#9 C:\Users\cesar\Downloads\No.1\control-volumetrico\vendor\laravel\framework\src\Illuminate\Routing\Router.php(821): Illuminate\Routing\Router->prepareResponse(Object(Illuminate\Http\Request), Object(Illuminate\View\View))
#10 C:\Users\cesar\Downloads\No.1\control-volumetrico\vendor\laravel\framework\src\Illuminate\Pipeline\Pipeline.php(180): Illuminate\Routing\Router->Illuminate\Routing\{closure}(Object(Illuminate\Http\Request))
#11 C:\Users\cesar\Downloads\No.1\control-volumetrico\app\Http\Middleware\ApiAuthenticated.php(18): Illuminate\Pipeline\Pipeline->Illuminate\Pipeline\{closure}(Object(Illuminate\Http\Request))
#12 C:\Users\cesar\Downloads\No.1\control-volumetrico\vendor\laravel\framework\src\Illuminate\Pipeline\Pipeline.php(219): App\Http\Middleware\ApiAuthenticated->handle(Object(Illuminate\Http\Request), Object(Closure))
#13 C:\Users\cesar\Downloads\No.1\control-volumetrico\vendor\laravel\framework\src\Illuminate\Routing\Middleware\SubstituteBindings.php(50): Illuminate\Pipeline\Pipeline->Illuminate\Pipeline\{closure}(Object(Illuminate\Http\Request))
#14 C:\Users\cesar\Downloads\No.1\control-volumetrico\vendor\laravel\framework\src\Illuminate\Pipeline\Pipeline.php(219): Illuminate\Routing\Middleware\SubstituteBindings->handle(Object(Illuminate\Http\Request), Object(Closure))
#15 C:\Users\cesar\Downloads\No.1\control-volumetrico\vendor\laravel\framework\src\Illuminate\Foundation\Http\Middleware\VerifyCsrfToken.php(87): Illuminate\Pipeline\Pipeline->Illuminate\Pipeline\{closure}(Object(Illuminate\Http\Request))
#16 C:\Users\cesar\Downloads\No.1\control-volumetrico\vendor\laravel\framework\src\Illuminate\Pipeline\Pipeline.php(219): Illuminate\Foundation\Http\Middleware\VerifyCsrfToken->handle(Object(Illuminate\Http\Request), Object(Closure))
#17 C:\Users\cesar\Downloads\No.1\control-volumetrico\vendor\laravel\framework\src\Illuminate\View\Middleware\ShareErrorsFromSession.php(48): Illuminate\Pipeline\Pipeline->Illuminate\Pipeline\{closure}(Object(Illuminate\Http\Request))
#18 C:\Users\cesar\Downloads\No.1\control-volumetrico\vendor\laravel\framework\src\Illuminate\Pipeline\Pipeline.php(219): Illuminate\View\Middleware\ShareErrorsFromSession->handle(Object(Illuminate\Http\Request), Object(Closure))
#19 C:\Users\cesar\Downloads\No.1\control-volumetrico\vendor\laravel\framework\src\Illuminate\Session\Middleware\StartSession.php(120): Illuminate\Pipeline\Pipeline->Illuminate\Pipeline\{closure}(Object(Illuminate\Http\Request))
#20 C:\Users\cesar\Downloads\No.1\control-volumetrico\vendor\laravel\framework\src\Illuminate\Session\Middleware\StartSession.php(63): Illuminate\Session\Middleware\StartSession->handleStatefulRequest(Object(Illuminate\Http\Request), Object(Illuminate\Session\Store), Object(Closure))
#21 C:\Users\cesar\Downloads\No.1\control-volumetrico\vendor\laravel\framework\src\Illuminate\Pipeline\Pipeline.php(219): Illuminate\Session\Middleware\StartSession->handle(Object(Illuminate\Http\Request), Object(Closure))
#22 C:\Users\cesar\Downloads\No.1\control-volumetrico\vendor\laravel\framework\src\Illuminate\Cookie\Middleware\AddQueuedCookiesToResponse.php(36): Illuminate\Pipeline\Pipeline->Illuminate\Pipeline\{closure}(Object(Illuminate\Http\Request))
#23 C:\Users\cesar\Downloads\No.1\control-volumetrico\vendor\laravel\framework\src\Illuminate\Pipeline\Pipeline.php(219): Illuminate\Cookie\Middleware\AddQueuedCookiesToResponse->handle(Object(Illuminate\Http\Request), Object(Closure))
#24 C:\Users\cesar\Downloads\No.1\control-volumetrico\vendor\laravel\framework\src\Illuminate\Cookie\Middleware\EncryptCookies.php(74): Illuminate\Pipeline\Pipeline->Illuminate\Pipeline\{closure}(Object(Illuminate\Http\Request))
#25 C:\Users\cesar\Downloads\No.1\control-volumetrico\vendor\laravel\framework\src\Illuminate\Pipeline\Pipeline.php(219): Illuminate\Cookie\Middleware\EncryptCookies->handle(Object(Illuminate\Http\Request), Object(Closure))
#26 C:\Users\cesar\Downloads\No.1\control-volumetrico\vendor\laravel\framework\src\Illuminate\Pipeline\Pipeline.php(137): Illuminate\Pipeline\Pipeline->Illuminate\Pipeline\{closure}(Object(Illuminate\Http\Request))
#27 C:\Users\cesar\Downloads\No.1\control-volumetrico\vendor\laravel\framework\src\Illuminate\Routing\Router.php(821): Illuminate\Pipeline\Pipeline->then(Object(Closure))
#28 C:\Users\cesar\Downloads\No.1\control-volumetrico\vendor\laravel\framework\src\Illuminate\Routing\Router.php(800): Illuminate\Routing\Router->runRouteWithinStack(Object(Illuminate\Routing\Route), Object(Illuminate\Http\Request))
#29 C:\Users\cesar\Downloads\No.1\control-volumetrico\vendor\laravel\framework\src\Illuminate\Routing\Router.php(764): Illuminate\Routing\Router->runRoute(Object(Illuminate\Http\Request), Object(Illuminate\Routing\Route))
#30 C:\Users\cesar\Downloads\No.1\control-volumetrico\vendor\laravel\framework\src\Illuminate\Routing\Router.php(753): Illuminate\Routing\Router->dispatchToRoute(Object(Illuminate\Http\Request))
#31 C:\Users\cesar\Downloads\No.1\control-volumetrico\vendor\laravel\framework\src\Illuminate\Foundation\Http\Kernel.php(200): Illuminate\Routing\Router->dispatch(Object(Illuminate\Http\Request))
#32 C:\Users\cesar\Downloads\No.1\control-volumetrico\vendor\laravel\framework\src\Illuminate\Pipeline\Pipeline.php(180): Illuminate\Foundation\Http\Kernel->Illuminate\Foundation\Http\{closure}(Object(Illuminate\Http\Request))
#33 C:\Users\cesar\Downloads\No.1\control-volumetrico\vendor\laravel\framework\src\Illuminate\Foundation\Http\Middleware\TransformsRequest.php(21): Illuminate\Pipeline\Pipeline->Illuminate\Pipeline\{closure}(Object(Illuminate\Http\Request))
#34 C:\Users\cesar\Downloads\No.1\control-volumetrico\vendor\laravel\framework\src\Illuminate\Foundation\Http\Middleware\ConvertEmptyStringsToNull.php(31): Illuminate\Foundation\Http\Middleware\TransformsRequest->handle(Object(Illuminate\Http\Request), Object(Closure))
#35 C:\Users\cesar\Downloads\No.1\control-volumetrico\vendor\laravel\framework\src\Illuminate\Pipeline\Pipeline.php(219): Illuminate\Foundation\Http\Middleware\ConvertEmptyStringsToNull->handle(Object(Illuminate\Http\Request), Object(Closure))
#36 C:\Users\cesar\Downloads\No.1\control-volumetrico\vendor\laravel\framework\src\Illuminate\Foundation\Http\Middleware\TransformsRequest.php(21): Illuminate\Pipeline\Pipeline->Illuminate\Pipeline\{closure}(Object(Illuminate\Http\Request))
#37 C:\Users\cesar\Downloads\No.1\control-volumetrico\vendor\laravel\framework\src\Illuminate\Foundation\Http\Middleware\TrimStrings.php(51): Illuminate\Foundation\Http\Middleware\TransformsRequest->handle(Object(Illuminate\Http\Request), Object(Closure))
#38 C:\Users\cesar\Downloads\No.1\control-volumetrico\vendor\laravel\framework\src\Illuminate\Pipeline\Pipeline.php(219): Illuminate\Foundation\Http\Middleware\TrimStrings->handle(Object(Illuminate\Http\Request), Object(Closure))
#39 C:\Users\cesar\Downloads\No.1\control-volumetrico\vendor\laravel\framework\src\Illuminate\Http\Middleware\ValidatePostSize.php(27): Illuminate\Pipeline\Pipeline->Illuminate\Pipeline\{closure}(Object(Illuminate\Http\Request))
#40 C:\Users\cesar\Downloads\No.1\control-volumetrico\vendor\laravel\framework\src\Illuminate\Pipeline\Pipeline.php(219): Illuminate\Http\Middleware\ValidatePostSize->handle(Object(Illuminate\Http\Request), Object(Closure))
#41 C:\Users\cesar\Downloads\No.1\control-volumetrico\vendor\laravel\framework\src\Illuminate\Foundation\Http\Middleware\PreventRequestsDuringMaintenance.php(109): Illuminate\Pipeline\Pipeline->Illuminate\Pipeline\{closure}(Object(Illuminate\Http\Request))
#42 C:\Users\cesar\Downloads\No.1\control-volumetrico\vendor\laravel\framework\src\Illuminate\Pipeline\Pipeline.php(219): Illuminate\Foundation\Http\Middleware\PreventRequestsDuringMaintenance->handle(Object(Illuminate\Http\Request), Object(Closure))
#43 C:\Users\cesar\Downloads\No.1\control-volumetrico\vendor\laravel\framework\src\Illuminate\Http\Middleware\HandleCors.php(61): Illuminate\Pipeline\Pipeline->Illuminate\Pipeline\{closure}(Object(Illuminate\Http\Request))
#44 C:\Users\cesar\Downloads\No.1\control-volumetrico\vendor\laravel\framework\src\Illuminate\Pipeline\Pipeline.php(219): Illuminate\Http\Middleware\HandleCors->handle(Object(Illuminate\Http\Request), Object(Closure))
#45 C:\Users\cesar\Downloads\No.1\control-volumetrico\vendor\laravel\framework\src\Illuminate\Http\Middleware\TrustProxies.php(58): Illuminate\Pipeline\Pipeline->Illuminate\Pipeline\{closure}(Object(Illuminate\Http\Request))
#46 C:\Users\cesar\Downloads\No.1\control-volumetrico\vendor\laravel\framework\src\Illuminate\Pipeline\Pipeline.php(219): Illuminate\Http\Middleware\TrustProxies->handle(Object(Illuminate\Http\Request), Object(Closure))
#47 C:\Users\cesar\Downloads\No.1\control-volumetrico\vendor\laravel\framework\src\Illuminate\Foundation\Http\Middleware\InvokeDeferredCallbacks.php(22): Illuminate\Pipeline\Pipeline->Illuminate\Pipeline\{closure}(Object(Illuminate\Http\Request))
#48 C:\Users\cesar\Downloads\No.1\control-volumetrico\vendor\laravel\framework\src\Illuminate\Pipeline\Pipeline.php(219): Illuminate\Foundation\Http\Middleware\InvokeDeferredCallbacks->handle(Object(Illuminate\Http\Request), Object(Closure))
#49 C:\Users\cesar\Downloads\No.1\control-volumetrico\vendor\laravel\framework\src\Illuminate\Http\Middleware\ValidatePathEncoding.php(26): Illuminate\Pipeline\Pipeline->Illuminate\Pipeline\{closure}(Object(Illuminate\Http\Request))
#50 C:\Users\cesar\Downloads\No.1\control-volumetrico\vendor\laravel\framework\src\Illuminate\Pipeline\Pipeline.php(219): Illuminate\Http\Middleware\ValidatePathEncoding->handle(Object(Illuminate\Http\Request), Object(Closure))
#51 C:\Users\cesar\Downloads\No.1\control-volumetrico\vendor\laravel\framework\src\Illuminate\Pipeline\Pipeline.php(137): Illuminate\Pipeline\Pipeline->Illuminate\Pipeline\{closure}(Object(Illuminate\Http\Request))
#52 C:\Users\cesar\Downloads\No.1\control-volumetrico\vendor\laravel\framework\src\Illuminate\Foundation\Http\Kernel.php(175): Illuminate\Pipeline\Pipeline->then(Object(Closure))
#53 C:\Users\cesar\Downloads\No.1\control-volumetrico\vendor\laravel\framework\src\Illuminate\Foundation\Http\Kernel.php(144): Illuminate\Foundation\Http\Kernel->sendRequestThroughRouter(Object(Illuminate\Http\Request))
#54 C:\Users\cesar\Downloads\No.1\control-volumetrico\vendor\laravel\framework\src\Illuminate\Foundation\Testing\Concerns\MakesHttpRequests.php(607): Illuminate\Foundation\Http\Kernel->handle(Object(Illuminate\Http\Request))
#55 C:\Users\cesar\Downloads\No.1\control-volumetrico\vendor\laravel\framework\src\Illuminate\Foundation\Testing\Concerns\MakesHttpRequests.php(368): Illuminate\Foundation\Testing\TestCase->call('GET', '/productos/expo...', Array, Array, Array, Array)
#56 C:\Users\cesar\Downloads\No.1\control-volumetrico\tests\Feature\ProductoTest.php(284): Illuminate\Foundation\Testing\TestCase->get('/productos/expo...')
#57 C:\Users\cesar\Downloads\No.1\control-volumetrico\vendor\phpunit\phpunit\src\Framework\TestCase.php(1667): Tests\Feature\ProductoTest->test_exportar_downloads_productos_file()
#58 C:\Users\cesar\Downloads\No.1\control-volumetrico\vendor\phpunit\phpunit\src\Framework\TestCase.php(519): PHPUnit\Framework\TestCase->runTest()
#59 C:\Users\cesar\Downloads\No.1\control-volumetrico\vendor\phpunit\phpunit\src\Framework\TestRunner\TestRunner.php(87): PHPUnit\Framework\TestCase->runBare()
#60 C:\Users\cesar\Downloads\No.1\control-volumetrico\vendor\phpunit\phpunit\src\Framework\TestCase.php(365): PHPUnit\Framework\TestRunner->run(Object(Tests\Feature\ProductoTest))
#61 C:\Users\cesar\Downloads\No.1\control-volumetrico\vendor\phpunit\phpunit\src\Framework\TestSuite.php(369): PHPUnit\Framework\TestCase->run()
#62 C:\Users\cesar\Downloads\No.1\control-volumetrico\vendor\phpunit\phpunit\src\Framework\TestSuite.php(369): PHPUnit\Framework\TestSuite->run()
#63 C:\Users\cesar\Downloads\No.1\control-volumetrico\vendor\phpunit\phpunit\src\Framework\TestSuite.php(369): PHPUnit\Framework\TestSuite->run()
#64 C:\Users\cesar\Downloads\No.1\control-volumetrico\vendor\phpunit\phpunit\src\TextUI\TestRunner.php(64): PHPUnit\Framework\TestSuite->run()
#65 C:\Users\cesar\Downloads\No.1\control-volumetrico\vendor\phpunit\phpunit\src\TextUI\Application.php(211): PHPUnit\TextUI\TestRunner->run(Object(PHPUnit\TextUI\Configuration\Configuration), Object(PHPUnit\Runner\ResultCache\DefaultResultCache), Object(PHPUnit\Framework\TestSuite))
#66 C:\Users\cesar\Downloads\No.1\control-volumetrico\vendor\phpunit\phpunit\phpunit(104): PHPUnit\TextUI\Application->run(Array)
#67 {main}

----------------------------------------------------------------------------------

Undefined array key "id" (View: C:\Users\cesar\Downloads\No.1\control-volumetrico\resources\views\productos\show.blade.php)[39;22m

  at [32mtests\Feature\ProductoTest.php[39m:[32m286[39m
    282▕         ]);
    283▕ 
    284▕         $response = $this->get('/productos/exportar');
    285▕ 
  ➜ 286▕         $response->assertStatus(200);
    287▕         $response->assertHeader('Content-Type', 'text/csv');
    288▕         $response->assertHeader('Content-Disposition', 'attachment; filename="productos.csv"');
    289▕     }
    290▕ }

  [31m────────────────────────────────────────────────────────────────────────────────────────────────────────────────────[39m  
  [41;1m FAILED [49;22m [1mTests\Feature\ProfileTest[22m [90m>[39m profile page is displayed                                                        
[39;1m  Expected response status code [200] but received 404.
Failed asserting that 404 is identical to 200.[39;22m

  at [32mtests\Feature\ProfileTest.php[39m:[32m16[39m
     12▕         $this->authenticateUser();
     13▕ 
     14▕         $response = $this->get('/profile');
     15▕ 
  ➜  16▕         $response->assertStatus(200);
     17▕         $response->assertViewIs('profile.index');
     18▕     }
     19▕ 
     20▕     /** @test */

  [31m────────────────────────────────────────────────────────────────────────────────────────────────────────────────────[39m  
  [41;1m FAILED [49;22m [1mTests\Feature\ProfileTest[22m [90m>[39m profile update successful                                                        
[39;1m  Expected response status code [201, 301, 302, 303, 307, 308] but received 404.
Failed asserting that false is true.[39;22m

  at [32mtests\Feature\ProfileTest.php[39m:[32m36[39m
     32▕         $this->mockSuccessfulResponse('/api/users/1', $updateData, 'Perfil actualizado exitosamente');
     33▕ 
     34▕         $response = $this->put('/profile', $updateData);
     35▕ 
  ➜  36▕         $response->assertRedirect('/profile');
     37▕         $response->assertSessionHas('success', 'Perfil actualizado exitosamente');
     38▕     }
     39▕ 
     40▕     /** @test */

  [31m────────────────────────────────────────────────────────────────────────────────────────────────────────────────────[39m  
  [41;1m FAILED [49;22m [1mTests\Feature\ProfileTest[22m [90m>[39m profile update validation errors                                                 
[39;1m  Expected response status code [201, 301, 302, 303, 307, 308] but received 404.
Failed asserting that false is true.[39;22m

  at [32mtests\Feature\ProfileTest.php[39m:[32m53[39m
     49▕         $response = $this->put('/profile', [
     50▕             'email' => 'invalid'
     51▕         ]);
     52▕ 
  ➜  53▕         $response->assertRedirect();
     54▕         $response->assertSessionHasErrors(['email']);
     55▕     }
     56▕ }

  [31m────────────────────────────────────────────────────────────────────────────────────────────────────────────────────[39m  
  [41;1m FAILED [49;22m [1mTests\Feature\RegistroVolumetricoTest[22m [90m>[39m create form displays correctly with catalogs                         
[39;1m  Failed asserting that [instalaciones] matches the expected value.
Failed asserting that two arrays are equal.
--- Expected
+++ Actual
@@ @@
 Array (
-    0 => [...]
-    1 => [...]
 )[39;22m

  at [32mtests\Feature\RegistroVolumetricoTest.php[39m:[32m90[39m
     86▕         $response = $this->get('/registros-volumetricos/create');
     87▕ 
     88▕         $response->assertStatus(200);
     89▕         $response->assertViewIs('registros-volumetricos.create');
  ➜  90▕         $response->assertViewHas('instalaciones', $instalaciones);
     91▕         $response->assertViewHas('tanques', $tanques);
     92▕         $response->assertViewHas('medidores', $medidores);
     93▕         $response->assertViewHas('productos', $productos);
     94▕         $response->assertViewHas('usuarios', $usuarios);

  [31m────────────────────────────────────────────────────────────────────────────────────────────────────────────────────[39m  
  [41;1m FAILED [49;22m [1mTests\Feature\RegistroVolumetricoTest[22m [90m>[39m store creates registro successfully                                  
[39;1m  Failed asserting that two strings are equal.
--- Expected
+++ Actual
@@ @@
-'http://localhost:8001/registros-volumetricos/1'
+'http://localhost:8001'[39;22m

  at [32mtests\Feature\RegistroVolumetricoTest.php[39m:[32m129[39m
    125▕         $this->mockSuccessfulResponse('/api/registros-volumetricos', $createdRegistro, 'Registro volumétrico creado exitosamente', 201);
    126▕ 
    127▕         $response = $this->post('/registros-volumetricos', $registroData);
    128▕ 
  ➜ 129▕         $response->assertRedirect('/registros-volumetricos/1');
    130▕         $response->assertSessionHas('success', 'Registro volumétrico creado exitosamente');
    131▕     }
    132▕ 
    133▕     /** @test */

  [31m────────────────────────────────────────────────────────────────────────────────────────────────────────────────────[39m  
  [41;1m FAILED [49;22m [1mTests\Feature\RegistroVolumetricoTest[22m [90m>[39m store validation errors                                              
[39;1m  Session missing error: hora_fin
Failed asserting that false is true.

The following errors occurred during the last request:

The numero registro field is required.
The instalacion id field is required.
The tanque id field is required.
The producto id field is required.
The fecha field is required.
The hora inicio field is required.
The volumen inicial field is required.
The volumen final field is required.
The volumen operacion field is required.
The temperatura inicial field is required.
The temperatura final field is required.
The densidad field is required.
The volumen corregido field is required.
The factor correccion field is required.
The selected tipo registro is invalid.
The selected operacion is invalid.
The estado field is required.[39;22m

  at [32mtests\Feature\RegistroVolumetricoTest.php[39m:[32m151[39m
    147▕ 
    148▕         $response = $this->post('/registros-volumetricos', $invalidData);
    149▕ 
    150▕         $response->assertRedirect();
  ➜ 151▕         $response->assertSessionHasErrors(['hora_fin', 'operacion', 'tipo_registro']);
    152▕     }
    153▕ 
    154▕     /** @test */
    155▕     public function test_show_displays_registro_details()

  [31m────────────────────────────────────────────────────────────────────────────────────────────────────────────────────[39m  
  [41;1m FAILED [49;22m [1mTests\Feature\RegistroVolumetricoTest[22m [90m>[39m show displays registro details                                       
[39;1m  Expected response status code [200] but received 302.
Failed asserting that 302 is identical to 200.[39;22m

  at [32mtests\Feature\RegistroVolumetricoTest.php[39m:[32m183[39m
    179▕         $this->mockSuccessfulResponse('/api/registros-volumetricos/1', $registro);
    180▕ 
    181▕         $response = $this->get('/registros-volumetricos/1');
    182▕ 
  ➜ 183▕         $response->assertStatus(200);
    184▕         $response->assertViewIs('registros-volumetricos.show');
    185▕         $response->assertViewHas('registro', $registro);
    186▕     }
    187▕

  [31m────────────────────────────────────────────────────────────────────────────────────────────────────────────────────[39m  
  [41;1m FAILED [49;22m [1mTests\Feature\RegistroVolumetricoTest[22m [90m>[39m validar fails if already validated                                   
[39;1m  Failed asserting that null matches expected 'El registro ya está validado'.[39;22m

  at [32mtests\Feature\RegistroVolumetricoTest.php[39m:[32m215[39m
    211▕ 
    212▕         $response = $this->post('/registros-volumetricos/1/validar', $validateData);
    213▕ 
    214▕         $response->assertRedirect();
  ➜ 215▕         $response->assertSessionHas('error', 'El registro ya está validado');
    216▕     }
    217▕ 
    218▕     /** @test */
    219▕     public function test_cancelar_cancels_registro_successfully()

  [31m────────────────────────────────────────────────────────────────────────────────────────────────────────────────────[39m  
  [41;1m FAILED [49;22m [1mTests\Feature\RegistroVolumetricoTest[22m [90m>[39m resumen diario displays daily summary                                
[39;1m  Expected response status code [200] but received 302.
Failed asserting that 302 is identical to 200.[39;22m

  at [32mtests\Feature\RegistroVolumetricoTest.php[39m:[32m272[39m
    268▕         $this->mockSuccessfulResponse('/api/registros-volumetricos/resumen-diario', $resumen);
    269▕ 
    270▕         $response = $this->get('/registros-volumetricos/resumen/diario?' . http_build_query($filters));
    271▕ 
  ➜ 272▕         $response->assertStatus(200);
    273▕         $response->assertViewIs('registros-volumetricos.resumen-diario');
    274▕         $response->assertViewHas('resumen', $resumen);
    275▕     }
    276▕

  [31m────────────────────────────────────────────────────────────────────────────────────────────────────────────────────[39m  
  [41;1m FAILED [49;22m [1mTests\Feature\RegistroVolumetricoTest[22m [90m>[39m estadisticas mensuales displays monthly statistics                   
[39;1m  Expected response status code [200] but received 302.
Failed asserting that 302 is identical to 200.[39;22m

  at [32mtests\Feature\RegistroVolumetricoTest.php[39m:[32m310[39m
    306▕         $this->mockSuccessfulResponse('/api/registros-volumetricos/estadisticas-mensuales', $estadisticas);
    307▕ 
    308▕         $response = $this->get('/registros-volumetricos/estadisticas/mensuales?' . http_build_query($filters));
    309▕ 
  ➜ 310▕         $response->assertStatus(200);
    311▕         $response->assertViewIs('registros-volumetricos.estadisticas');
    312▕         $response->assertViewHas('estadisticas', $estadisticas);
    313▕     }
    314▕

  [31m────────────────────────────────────────────────────────────────────────────────────────────────────────────────────[39m  
  [41;1m FAILED [49;22m [1mTests\Feature\RegistroVolumetricoTest[22m [90m>[39m filter registros by operacion                                        
[39;1m  Failed asserting that actual size 0 matches expected size 1.[39;22m

  at [32mtests\Feature\RegistroVolumetricoTest.php[39m:[32m345[39m
    341▕         $response->assertStatus(200);
    342▕         $response->assertViewHas('registros');
    343▕         
    344▕         $registros = $response->viewData('registros');
  ➜ 345▕         $this->assertCount(1, $registros);
    346▕         $this->assertEquals('recepcion', $registros[0]['operacion']);
    347▕     }
    348▕ 
    349▕     /** @test */

  [33m1   [39m[39;1mtests\Feature\RegistroVolumetricoTest.php[39;22m:[39;1m345[39;22m

  [31m────────────────────────────────────────────────────────────────────────────────────────────────────────────────────[39m  
  [41;1m FAILED [49;22m [1mTests\Feature\RegistroVolumetricoTest[22m [90m>[39m filter registros by estado                                           
[39;1m  Failed asserting that actual size 0 matches expected size 1.[39;22m

  at [32mtests\Feature\RegistroVolumetricoTest.php[39m:[32m364[39m
    360▕         $response->assertStatus(200);
    361▕         $response->assertViewHas('registros');
    362▕         
    363▕         $registros = $response->viewData('registros');
  ➜ 364▕         $this->assertCount(1, $registros);
    365▕         $this->assertEquals('PROCESADO', $registros[0]['estado']);
    366▕     }
    367▕ 
    368▕     /** @test */

  [33m1   [39m[39;1mtests\Feature\RegistroVolumetricoTest.php[39;22m:[39;1m364[39;22m

  [31m────────────────────────────────────────────────────────────────────────────────────────────────────────────────────[39m  
  [41;1m FAILED [49;22m [1mTests\Feature\RegistroVolumetricoTest[22m [90m>[39m exportar downloads registros file                                    
[39;1m  Expected response status code [200] but received 302.
Failed asserting that 302 is identical to 200.[39;22m

  at [32mtests\Feature\RegistroVolumetricoTest.php[39m:[32m390[39m
    386▕         ]);
    387▕ 
    388▕         $response = $this->get('/registros-volumetricos/exportar?' . http_build_query($filters));
    389▕ 
  ➜ 390▕         $response->assertStatus(200);
    391▕         $response->assertHeader('Content-Type', 'text/csv');
    392▕         $response->assertHeader('Content-Disposition', 'attachment; filename="registros_volumetricos.csv"');
    393▕     }
    394▕ }

  [31m────────────────────────────────────────────────────────────────────────────────────────────────────────────────────[39m  
  [41;1m FAILED [49;22m [1mTests\Feature\RoleTest[22m [90m>[39m create form displays correctly with permissions                                     
[39;1m  Failed asserting that [permisos] matches the expected value.
Failed asserting that two arrays are equal.
--- Expected
+++ Actual
@@ @@
 Array (
-    0 => [...]
-    1 => [...]
-    2 => [...]
 )[39;22m

  at [32mtests\Feature\RoleTest.php[39m:[32m59[39m
     55▕         $response = $this->get('/roles/create');
     56▕ 
     57▕         $response->assertStatus(200);
     58▕         $response->assertViewIs('roles.create');
  ➜  59▕         $response->assertViewHas('permisos', $permisos);
     60▕     }
     61▕ 
     62▕     /** @test */
     63▕     public function test_store_creates_role_successfully()

  [31m────────────────────────────────────────────────────────────────────────────────────────────────────────────────────[39m  
  [41;1m FAILED [49;22m [1mTests\Feature\RoleTest[22m [90m>[39m store validation errors for duplicate name                                          
[39;1m  Session is missing expected key [errors].
Failed asserting that false is true.[39;22m

  at [32mtests\Feature\RoleTest.php[39m:[32m102[39m
     98▕ 
     99▕         $response = $this->post('/roles', $roleData);
    100▕ 
    101▕         $response->assertRedirect();
  ➜ 102▕         $response->assertSessionHasErrors(['nombre']);
    103▕     }
    104▕ 
    105▕     /** @test */
    106▕     public function test_show_displays_role_details()

  [31m────────────────────────────────────────────────────────────────────────────────────────────────────────────────────[39m  
  [41;1m FAILED [49;22m [1mTests\Feature\RoleTest[22m [90m>[39m show displays role details                                                          
[39;1m  Expected response status code [200] but received 500.
Failed asserting that 500 is identical to 200.

The following exception occurred during the last request:

ErrorException: Undefined array key "nombre" in C:\Users\cesar\Downloads\No.1\control-volumetrico\storage\framework\views\a5137a0e3f37366d4acd739b28140989.php:9
Stack trace:
#0 C:\Users\cesar\Downloads\No.1\control-volumetrico\vendor\laravel\framework\src\Illuminate\Foundation\Bootstrap\HandleExceptions.php(258): Illuminate\Foundation\Bootstrap\HandleExceptions->handleError(2, 'Undefined array...', 'C:\\Users\\cesar\\...', 9)
#1 C:\Users\cesar\Downloads\No.1\control-volumetrico\storage\framework\views\a5137a0e3f37366d4acd739b28140989.php(9): Illuminate\Foundation\Bootstrap\HandleExceptions->Illuminate\Foundation\Bootstrap\{closure}(2, 'Undefined array...', 'C:\\Users\\cesar\\...', 9)
#2 C:\Users\cesar\Downloads\No.1\control-volumetrico\vendor\laravel\framework\src\Illuminate\Filesystem\Filesystem.php(123): require('C:\\Users\\cesar\\...')
#3 C:\Users\cesar\Downloads\No.1\control-volumetrico\vendor\laravel\framework\src\Illuminate\Filesystem\Filesystem.php(124): Illuminate\Filesystem\Filesystem::Illuminate\Filesystem\{closure}()
#4 C:\Users\cesar\Downloads\No.1\control-volumetrico\vendor\laravel\framework\src\Illuminate\View\Engines\PhpEngine.php(57): Illuminate\Filesystem\Filesystem->getRequire('C:\\Users\\cesar\\...', Array)
#5 C:\Users\cesar\Downloads\No.1\control-volumetrico\vendor\laravel\framework\src\Illuminate\View\Engines\CompilerEngine.php(76): Illuminate\View\Engines\PhpEngine->evaluatePath('C:\\Users\\cesar\\...', Array)
#6 C:\Users\cesar\Downloads\No.1\control-volumetrico\vendor\laravel\framework\src\Illuminate\View\View.php(208): Illuminate\View\Engines\CompilerEngine->get('C:\\Users\\cesar\\...', Array)
#7 C:\Users\cesar\Downloads\No.1\control-volumetrico\vendor\laravel\framework\src\Illuminate\View\View.php(191): Illuminate\View\View->getContents()
#8 C:\Users\cesar\Downloads\No.1\control-volumetrico\vendor\laravel\framework\src\Illuminate\View\View.php(160): Illuminate\View\View->renderContents()
#9 C:\Users\cesar\Downloads\No.1\control-volumetrico\vendor\laravel\framework\src\Illuminate\Http\Response.php(78): Illuminate\View\View->render()
#10 C:\Users\cesar\Downloads\No.1\control-volumetrico\vendor\laravel\framework\src\Illuminate\Http\Response.php(34): Illuminate\Http\Response->setContent(Object(Illuminate\View\View))
#11 C:\Users\cesar\Downloads\No.1\control-volumetrico\vendor\laravel\framework\src\Illuminate\Routing\Router.php(939): Illuminate\Http\Response->__construct(Object(Illuminate\View\View), 200, Array)
#12 C:\Users\cesar\Downloads\No.1\control-volumetrico\vendor\laravel\framework\src\Illuminate\Routing\Router.php(906): Illuminate\Routing\Router::toResponse(Object(Illuminate\Http\Request), Object(Illuminate\View\View))
#13 C:\Users\cesar\Downloads\No.1\control-volumetrico\vendor\laravel\framework\src\Illuminate\Routing\Router.php(821): Illuminate\Routing\Router->prepareResponse(Object(Illuminate\Http\Request), Object(Illuminate\View\View))
#14 C:\Users\cesar\Downloads\No.1\control-volumetrico\vendor\laravel\framework\src\Illuminate\Pipeline\Pipeline.php(180): Illuminate\Routing\Router->Illuminate\Routing\{closure}(Object(Illuminate\Http\Request))
#15 C:\Users\cesar\Downloads\No.1\control-volumetrico\app\Http\Middleware\ApiAuthenticated.php(18): Illuminate\Pipeline\Pipeline->Illuminate\Pipeline\{closure}(Object(Illuminate\Http\Request))
#16 C:\Users\cesar\Downloads\No.1\control-volumetrico\vendor\laravel\framework\src\Illuminate\Pipeline\Pipeline.php(219): App\Http\Middleware\ApiAuthenticated->handle(Object(Illuminate\Http\Request), Object(Closure))
#17 C:\Users\cesar\Downloads\No.1\control-volumetrico\vendor\laravel\framework\src\Illuminate\Routing\Middleware\SubstituteBindings.php(50): Illuminate\Pipeline\Pipeline->Illuminate\Pipeline\{closure}(Object(Illuminate\Http\Request))
#18 C:\Users\cesar\Downloads\No.1\control-volumetrico\vendor\laravel\framework\src\Illuminate\Pipeline\Pipeline.php(219): Illuminate\Routing\Middleware\SubstituteBindings->handle(Object(Illuminate\Http\Request), Object(Closure))
#19 C:\Users\cesar\Downloads\No.1\control-volumetrico\vendor\laravel\framework\src\Illuminate\Foundation\Http\Middleware\VerifyCsrfToken.php(87): Illuminate\Pipeline\Pipeline->Illuminate\Pipeline\{closure}(Object(Illuminate\Http\Request))
#20 C:\Users\cesar\Downloads\No.1\control-volumetrico\vendor\laravel\framework\src\Illuminate\Pipeline\Pipeline.php(219): Illuminate\Foundation\Http\Middleware\VerifyCsrfToken->handle(Object(Illuminate\Http\Request), Object(Closure))
#21 C:\Users\cesar\Downloads\No.1\control-volumetrico\vendor\laravel\framework\src\Illuminate\View\Middleware\ShareErrorsFromSession.php(48): Illuminate\Pipeline\Pipeline->Illuminate\Pipeline\{closure}(Object(Illuminate\Http\Request))
#22 C:\Users\cesar\Downloads\No.1\control-volumetrico\vendor\laravel\framework\src\Illuminate\Pipeline\Pipeline.php(219): Illuminate\View\Middleware\ShareErrorsFromSession->handle(Object(Illuminate\Http\Request), Object(Closure))
#23 C:\Users\cesar\Downloads\No.1\control-volumetrico\vendor\laravel\framework\src\Illuminate\Session\Middleware\StartSession.php(120): Illuminate\Pipeline\Pipeline->Illuminate\Pipeline\{closure}(Object(Illuminate\Http\Request))
#24 C:\Users\cesar\Downloads\No.1\control-volumetrico\vendor\laravel\framework\src\Illuminate\Session\Middleware\StartSession.php(63): Illuminate\Session\Middleware\StartSession->handleStatefulRequest(Object(Illuminate\Http\Request), Object(Illuminate\Session\Store), Object(Closure))
#25 C:\Users\cesar\Downloads\No.1\control-volumetrico\vendor\laravel\framework\src\Illuminate\Pipeline\Pipeline.php(219): Illuminate\Session\Middleware\StartSession->handle(Object(Illuminate\Http\Request), Object(Closure))
#26 C:\Users\cesar\Downloads\No.1\control-volumetrico\vendor\laravel\framework\src\Illuminate\Cookie\Middleware\AddQueuedCookiesToResponse.php(36): Illuminate\Pipeline\Pipeline->Illuminate\Pipeline\{closure}(Object(Illuminate\Http\Request))
#27 C:\Users\cesar\Downloads\No.1\control-volumetrico\vendor\laravel\framework\src\Illuminate\Pipeline\Pipeline.php(219): Illuminate\Cookie\Middleware\AddQueuedCookiesToResponse->handle(Object(Illuminate\Http\Request), Object(Closure))
#28 C:\Users\cesar\Downloads\No.1\control-volumetrico\vendor\laravel\framework\src\Illuminate\Cookie\Middleware\EncryptCookies.php(74): Illuminate\Pipeline\Pipeline->Illuminate\Pipeline\{closure}(Object(Illuminate\Http\Request))
#29 C:\Users\cesar\Downloads\No.1\control-volumetrico\vendor\laravel\framework\src\Illuminate\Pipeline\Pipeline.php(219): Illuminate\Cookie\Middleware\EncryptCookies->handle(Object(Illuminate\Http\Request), Object(Closure))
#30 C:\Users\cesar\Downloads\No.1\control-volumetrico\vendor\laravel\framework\src\Illuminate\Pipeline\Pipeline.php(137): Illuminate\Pipeline\Pipeline->Illuminate\Pipeline\{closure}(Object(Illuminate\Http\Request))
#31 C:\Users\cesar\Downloads\No.1\control-volumetrico\vendor\laravel\framework\src\Illuminate\Routing\Router.php(821): Illuminate\Pipeline\Pipeline->then(Object(Closure))
#32 C:\Users\cesar\Downloads\No.1\control-volumetrico\vendor\laravel\framework\src\Illuminate\Routing\Router.php(800): Illuminate\Routing\Router->runRouteWithinStack(Object(Illuminate\Routing\Route), Object(Illuminate\Http\Request))
#33 C:\Users\cesar\Downloads\No.1\control-volumetrico\vendor\laravel\framework\src\Illuminate\Routing\Router.php(764): Illuminate\Routing\Router->runRoute(Object(Illuminate\Http\Request), Object(Illuminate\Routing\Route))
#34 C:\Users\cesar\Downloads\No.1\control-volumetrico\vendor\laravel\framework\src\Illuminate\Routing\Router.php(753): Illuminate\Routing\Router->dispatchToRoute(Object(Illuminate\Http\Request))
#35 C:\Users\cesar\Downloads\No.1\control-volumetrico\vendor\laravel\framework\src\Illuminate\Foundation\Http\Kernel.php(200): Illuminate\Routing\Router->dispatch(Object(Illuminate\Http\Request))
#36 C:\Users\cesar\Downloads\No.1\control-volumetrico\vendor\laravel\framework\src\Illuminate\Pipeline\Pipeline.php(180): Illuminate\Foundation\Http\Kernel->Illuminate\Foundation\Http\{closure}(Object(Illuminate\Http\Request))
#37 C:\Users\cesar\Downloads\No.1\control-volumetrico\vendor\laravel\framework\src\Illuminate\Foundation\Http\Middleware\TransformsRequest.php(21): Illuminate\Pipeline\Pipeline->Illuminate\Pipeline\{closure}(Object(Illuminate\Http\Request))
#38 C:\Users\cesar\Downloads\No.1\control-volumetrico\vendor\laravel\framework\src\Illuminate\Foundation\Http\Middleware\ConvertEmptyStringsToNull.php(31): Illuminate\Foundation\Http\Middleware\TransformsRequest->handle(Object(Illuminate\Http\Request), Object(Closure))
#39 C:\Users\cesar\Downloads\No.1\control-volumetrico\vendor\laravel\framework\src\Illuminate\Pipeline\Pipeline.php(219): Illuminate\Foundation\Http\Middleware\ConvertEmptyStringsToNull->handle(Object(Illuminate\Http\Request), Object(Closure))
#40 C:\Users\cesar\Downloads\No.1\control-volumetrico\vendor\laravel\framework\src\Illuminate\Foundation\Http\Middleware\TransformsRequest.php(21): Illuminate\Pipeline\Pipeline->Illuminate\Pipeline\{closure}(Object(Illuminate\Http\Request))
#41 C:\Users\cesar\Downloads\No.1\control-volumetrico\vendor\laravel\framework\src\Illuminate\Foundation\Http\Middleware\TrimStrings.php(51): Illuminate\Foundation\Http\Middleware\TransformsRequest->handle(Object(Illuminate\Http\Request), Object(Closure))
#42 C:\Users\cesar\Downloads\No.1\control-volumetrico\vendor\laravel\framework\src\Illuminate\Pipeline\Pipeline.php(219): Illuminate\Foundation\Http\Middleware\TrimStrings->handle(Object(Illuminate\Http\Request), Object(Closure))
#43 C:\Users\cesar\Downloads\No.1\control-volumetrico\vendor\laravel\framework\src\Illuminate\Http\Middleware\ValidatePostSize.php(27): Illuminate\Pipeline\Pipeline->Illuminate\Pipeline\{closure}(Object(Illuminate\Http\Request))
#44 C:\Users\cesar\Downloads\No.1\control-volumetrico\vendor\laravel\framework\src\Illuminate\Pipeline\Pipeline.php(219): Illuminate\Http\Middleware\ValidatePostSize->handle(Object(Illuminate\Http\Request), Object(Closure))
#45 C:\Users\cesar\Downloads\No.1\control-volumetrico\vendor\laravel\framework\src\Illuminate\Foundation\Http\Middleware\PreventRequestsDuringMaintenance.php(109): Illuminate\Pipeline\Pipeline->Illuminate\Pipeline\{closure}(Object(Illuminate\Http\Request))
#46 C:\Users\cesar\Downloads\No.1\control-volumetrico\vendor\laravel\framework\src\Illuminate\Pipeline\Pipeline.php(219): Illuminate\Foundation\Http\Middleware\PreventRequestsDuringMaintenance->handle(Object(Illuminate\Http\Request), Object(Closure))
#47 C:\Users\cesar\Downloads\No.1\control-volumetrico\vendor\laravel\framework\src\Illuminate\Http\Middleware\HandleCors.php(61): Illuminate\Pipeline\Pipeline->Illuminate\Pipeline\{closure}(Object(Illuminate\Http\Request))
#48 C:\Users\cesar\Downloads\No.1\control-volumetrico\vendor\laravel\framework\src\Illuminate\Pipeline\Pipeline.php(219): Illuminate\Http\Middleware\HandleCors->handle(Object(Illuminate\Http\Request), Object(Closure))
#49 C:\Users\cesar\Downloads\No.1\control-volumetrico\vendor\laravel\framework\src\Illuminate\Http\Middleware\TrustProxies.php(58): Illuminate\Pipeline\Pipeline->Illuminate\Pipeline\{closure}(Object(Illuminate\Http\Request))
#50 C:\Users\cesar\Downloads\No.1\control-volumetrico\vendor\laravel\framework\src\Illuminate\Pipeline\Pipeline.php(219): Illuminate\Http\Middleware\TrustProxies->handle(Object(Illuminate\Http\Request), Object(Closure))
#51 C:\Users\cesar\Downloads\No.1\control-volumetrico\vendor\laravel\framework\src\Illuminate\Foundation\Http\Middleware\InvokeDeferredCallbacks.php(22): Illuminate\Pipeline\Pipeline->Illuminate\Pipeline\{closure}(Object(Illuminate\Http\Request))
#52 C:\Users\cesar\Downloads\No.1\control-volumetrico\vendor\laravel\framework\src\Illuminate\Pipeline\Pipeline.php(219): Illuminate\Foundation\Http\Middleware\InvokeDeferredCallbacks->handle(Object(Illuminate\Http\Request), Object(Closure))
#53 C:\Users\cesar\Downloads\No.1\control-volumetrico\vendor\laravel\framework\src\Illuminate\Http\Middleware\ValidatePathEncoding.php(26): Illuminate\Pipeline\Pipeline->Illuminate\Pipeline\{closure}(Object(Illuminate\Http\Request))
#54 C:\Users\cesar\Downloads\No.1\control-volumetrico\vendor\laravel\framework\src\Illuminate\Pipeline\Pipeline.php(219): Illuminate\Http\Middleware\ValidatePathEncoding->handle(Object(Illuminate\Http\Request), Object(Closure))
#55 C:\Users\cesar\Downloads\No.1\control-volumetrico\vendor\laravel\framework\src\Illuminate\Pipeline\Pipeline.php(137): Illuminate\Pipeline\Pipeline->Illuminate\Pipeline\{closure}(Object(Illuminate\Http\Request))
#56 C:\Users\cesar\Downloads\No.1\control-volumetrico\vendor\laravel\framework\src\Illuminate\Foundation\Http\Kernel.php(175): Illuminate\Pipeline\Pipeline->then(Object(Closure))
#57 C:\Users\cesar\Downloads\No.1\control-volumetrico\vendor\laravel\framework\src\Illuminate\Foundation\Http\Kernel.php(144): Illuminate\Foundation\Http\Kernel->sendRequestThroughRouter(Object(Illuminate\Http\Request))
#58 C:\Users\cesar\Downloads\No.1\control-volumetrico\vendor\laravel\framework\src\Illuminate\Foundation\Testing\Concerns\MakesHttpRequests.php(607): Illuminate\Foundation\Http\Kernel->handle(Object(Illuminate\Http\Request))
#59 C:\Users\cesar\Downloads\No.1\control-volumetrico\vendor\laravel\framework\src\Illuminate\Foundation\Testing\Concerns\MakesHttpRequests.php(368): Illuminate\Foundation\Testing\TestCase->call('GET', '/roles/1', Array, Array, Array, Array)
#60 C:\Users\cesar\Downloads\No.1\control-volumetrico\tests\Feature\RoleTest.php(123): Illuminate\Foundation\Testing\TestCase->get('/roles/1')
#61 C:\Users\cesar\Downloads\No.1\control-volumetrico\vendor\phpunit\phpunit\src\Framework\TestCase.php(1667): Tests\Feature\RoleTest->test_show_displays_role_details()
#62 C:\Users\cesar\Downloads\No.1\control-volumetrico\vendor\phpunit\phpunit\src\Framework\TestCase.php(519): PHPUnit\Framework\TestCase->runTest()
#63 C:\Users\cesar\Downloads\No.1\control-volumetrico\vendor\phpunit\phpunit\src\Framework\TestRunner\TestRunner.php(87): PHPUnit\Framework\TestCase->runBare()
#64 C:\Users\cesar\Downloads\No.1\control-volumetrico\vendor\phpunit\phpunit\src\Framework\TestCase.php(365): PHPUnit\Framework\TestRunner->run(Object(Tests\Feature\RoleTest))
#65 C:\Users\cesar\Downloads\No.1\control-volumetrico\vendor\phpunit\phpunit\src\Framework\TestSuite.php(369): PHPUnit\Framework\TestCase->run()
#66 C:\Users\cesar\Downloads\No.1\control-volumetrico\vendor\phpunit\phpunit\src\Framework\TestSuite.php(369): PHPUnit\Framework\TestSuite->run()
#67 C:\Users\cesar\Downloads\No.1\control-volumetrico\vendor\phpunit\phpunit\src\Framework\TestSuite.php(369): PHPUnit\Framework\TestSuite->run()
#68 C:\Users\cesar\Downloads\No.1\control-volumetrico\vendor\phpunit\phpunit\src\TextUI\TestRunner.php(64): PHPUnit\Framework\TestSuite->run()
#69 C:\Users\cesar\Downloads\No.1\control-volumetrico\vendor\phpunit\phpunit\src\TextUI\Application.php(211): PHPUnit\TextUI\TestRunner->run(Object(PHPUnit\TextUI\Configuration\Configuration), Object(PHPUnit\Runner\ResultCache\DefaultResultCache), Object(PHPUnit\Framework\TestSuite))
#70 C:\Users\cesar\Downloads\No.1\control-volumetrico\vendor\phpunit\phpunit\phpunit(104): PHPUnit\TextUI\Application->run(Array)
#71 {main}

Next Illuminate\View\ViewException: Undefined array key "nombre" (View: C:\Users\cesar\Downloads\No.1\control-volumetrico\resources\views\roles\show.blade.php) in C:\Users\cesar\Downloads\No.1\control-volumetrico\storage\framework\views\a5137a0e3f37366d4acd739b28140989.php:9
Stack trace:
#0 C:\Users\cesar\Downloads\No.1\control-volumetrico\vendor\laravel\framework\src\Illuminate\View\Engines\PhpEngine.php(59): Illuminate\View\Engines\CompilerEngine->handleViewException(Object(ErrorException), 1)
#1 C:\Users\cesar\Downloads\No.1\control-volumetrico\vendor\laravel\framework\src\Illuminate\View\Engines\CompilerEngine.php(76): Illuminate\View\Engines\PhpEngine->evaluatePath('C:\\Users\\cesar\\...', Array)
#2 C:\Users\cesar\Downloads\No.1\control-volumetrico\vendor\laravel\framework\src\Illuminate\View\View.php(208): Illuminate\View\Engines\CompilerEngine->get('C:\\Users\\cesar\\...', Array)
#3 C:\Users\cesar\Downloads\No.1\control-volumetrico\vendor\laravel\framework\src\Illuminate\View\View.php(191): Illuminate\View\View->getContents()
#4 C:\Users\cesar\Downloads\No.1\control-volumetrico\vendor\laravel\framework\src\Illuminate\View\View.php(160): Illuminate\View\View->renderContents()
#5 C:\Users\cesar\Downloads\No.1\control-volumetrico\vendor\laravel\framework\src\Illuminate\Http\Response.php(78): Illuminate\View\View->render()
#6 C:\Users\cesar\Downloads\No.1\control-volumetrico\vendor\laravel\framework\src\Illuminate\Http\Response.php(34): Illuminate\Http\Response->setContent(Object(Illuminate\View\View))
#7 C:\Users\cesar\Downloads\No.1\control-volumetrico\vendor\laravel\framework\src\Illuminate\Routing\Router.php(939): Illuminate\Http\Response->__construct(Object(Illuminate\View\View), 200, Array)
#8 C:\Users\cesar\Downloads\No.1\control-volumetrico\vendor\laravel\framework\src\Illuminate\Routing\Router.php(906): Illuminate\Routing\Router::toResponse(Object(Illuminate\Http\Request), Object(Illuminate\View\View))
#9 C:\Users\cesar\Downloads\No.1\control-volumetrico\vendor\laravel\framework\src\Illuminate\Routing\Router.php(821): Illuminate\Routing\Router->prepareResponse(Object(Illuminate\Http\Request), Object(Illuminate\View\View))
#10 C:\Users\cesar\Downloads\No.1\control-volumetrico\vendor\laravel\framework\src\Illuminate\Pipeline\Pipeline.php(180): Illuminate\Routing\Router->Illuminate\Routing\{closure}(Object(Illuminate\Http\Request))
#11 C:\Users\cesar\Downloads\No.1\control-volumetrico\app\Http\Middleware\ApiAuthenticated.php(18): Illuminate\Pipeline\Pipeline->Illuminate\Pipeline\{closure}(Object(Illuminate\Http\Request))
#12 C:\Users\cesar\Downloads\No.1\control-volumetrico\vendor\laravel\framework\src\Illuminate\Pipeline\Pipeline.php(219): App\Http\Middleware\ApiAuthenticated->handle(Object(Illuminate\Http\Request), Object(Closure))
#13 C:\Users\cesar\Downloads\No.1\control-volumetrico\vendor\laravel\framework\src\Illuminate\Routing\Middleware\SubstituteBindings.php(50): Illuminate\Pipeline\Pipeline->Illuminate\Pipeline\{closure}(Object(Illuminate\Http\Request))
#14 C:\Users\cesar\Downloads\No.1\control-volumetrico\vendor\laravel\framework\src\Illuminate\Pipeline\Pipeline.php(219): Illuminate\Routing\Middleware\SubstituteBindings->handle(Object(Illuminate\Http\Request), Object(Closure))
#15 C:\Users\cesar\Downloads\No.1\control-volumetrico\vendor\laravel\framework\src\Illuminate\Foundation\Http\Middleware\VerifyCsrfToken.php(87): Illuminate\Pipeline\Pipeline->Illuminate\Pipeline\{closure}(Object(Illuminate\Http\Request))
#16 C:\Users\cesar\Downloads\No.1\control-volumetrico\vendor\laravel\framework\src\Illuminate\Pipeline\Pipeline.php(219): Illuminate\Foundation\Http\Middleware\VerifyCsrfToken->handle(Object(Illuminate\Http\Request), Object(Closure))
#17 C:\Users\cesar\Downloads\No.1\control-volumetrico\vendor\laravel\framework\src\Illuminate\View\Middleware\ShareErrorsFromSession.php(48): Illuminate\Pipeline\Pipeline->Illuminate\Pipeline\{closure}(Object(Illuminate\Http\Request))
#18 C:\Users\cesar\Downloads\No.1\control-volumetrico\vendor\laravel\framework\src\Illuminate\Pipeline\Pipeline.php(219): Illuminate\View\Middleware\ShareErrorsFromSession->handle(Object(Illuminate\Http\Request), Object(Closure))
#19 C:\Users\cesar\Downloads\No.1\control-volumetrico\vendor\laravel\framework\src\Illuminate\Session\Middleware\StartSession.php(120): Illuminate\Pipeline\Pipeline->Illuminate\Pipeline\{closure}(Object(Illuminate\Http\Request))
#20 C:\Users\cesar\Downloads\No.1\control-volumetrico\vendor\laravel\framework\src\Illuminate\Session\Middleware\StartSession.php(63): Illuminate\Session\Middleware\StartSession->handleStatefulRequest(Object(Illuminate\Http\Request), Object(Illuminate\Session\Store), Object(Closure))
#21 C:\Users\cesar\Downloads\No.1\control-volumetrico\vendor\laravel\framework\src\Illuminate\Pipeline\Pipeline.php(219): Illuminate\Session\Middleware\StartSession->handle(Object(Illuminate\Http\Request), Object(Closure))
#22 C:\Users\cesar\Downloads\No.1\control-volumetrico\vendor\laravel\framework\src\Illuminate\Cookie\Middleware\AddQueuedCookiesToResponse.php(36): Illuminate\Pipeline\Pipeline->Illuminate\Pipeline\{closure}(Object(Illuminate\Http\Request))
#23 C:\Users\cesar\Downloads\No.1\control-volumetrico\vendor\laravel\framework\src\Illuminate\Pipeline\Pipeline.php(219): Illuminate\Cookie\Middleware\AddQueuedCookiesToResponse->handle(Object(Illuminate\Http\Request), Object(Closure))
#24 C:\Users\cesar\Downloads\No.1\control-volumetrico\vendor\laravel\framework\src\Illuminate\Cookie\Middleware\EncryptCookies.php(74): Illuminate\Pipeline\Pipeline->Illuminate\Pipeline\{closure}(Object(Illuminate\Http\Request))
#25 C:\Users\cesar\Downloads\No.1\control-volumetrico\vendor\laravel\framework\src\Illuminate\Pipeline\Pipeline.php(219): Illuminate\Cookie\Middleware\EncryptCookies->handle(Object(Illuminate\Http\Request), Object(Closure))
#26 C:\Users\cesar\Downloads\No.1\control-volumetrico\vendor\laravel\framework\src\Illuminate\Pipeline\Pipeline.php(137): Illuminate\Pipeline\Pipeline->Illuminate\Pipeline\{closure}(Object(Illuminate\Http\Request))
#27 C:\Users\cesar\Downloads\No.1\control-volumetrico\vendor\laravel\framework\src\Illuminate\Routing\Router.php(821): Illuminate\Pipeline\Pipeline->then(Object(Closure))
#28 C:\Users\cesar\Downloads\No.1\control-volumetrico\vendor\laravel\framework\src\Illuminate\Routing\Router.php(800): Illuminate\Routing\Router->runRouteWithinStack(Object(Illuminate\Routing\Route), Object(Illuminate\Http\Request))
#29 C:\Users\cesar\Downloads\No.1\control-volumetrico\vendor\laravel\framework\src\Illuminate\Routing\Router.php(764): Illuminate\Routing\Router->runRoute(Object(Illuminate\Http\Request), Object(Illuminate\Routing\Route))
#30 C:\Users\cesar\Downloads\No.1\control-volumetrico\vendor\laravel\framework\src\Illuminate\Routing\Router.php(753): Illuminate\Routing\Router->dispatchToRoute(Object(Illuminate\Http\Request))
#31 C:\Users\cesar\Downloads\No.1\control-volumetrico\vendor\laravel\framework\src\Illuminate\Foundation\Http\Kernel.php(200): Illuminate\Routing\Router->dispatch(Object(Illuminate\Http\Request))
#32 C:\Users\cesar\Downloads\No.1\control-volumetrico\vendor\laravel\framework\src\Illuminate\Pipeline\Pipeline.php(180): Illuminate\Foundation\Http\Kernel->Illuminate\Foundation\Http\{closure}(Object(Illuminate\Http\Request))
#33 C:\Users\cesar\Downloads\No.1\control-volumetrico\vendor\laravel\framework\src\Illuminate\Foundation\Http\Middleware\TransformsRequest.php(21): Illuminate\Pipeline\Pipeline->Illuminate\Pipeline\{closure}(Object(Illuminate\Http\Request))
#34 C:\Users\cesar\Downloads\No.1\control-volumetrico\vendor\laravel\framework\src\Illuminate\Foundation\Http\Middleware\ConvertEmptyStringsToNull.php(31): Illuminate\Foundation\Http\Middleware\TransformsRequest->handle(Object(Illuminate\Http\Request), Object(Closure))
#35 C:\Users\cesar\Downloads\No.1\control-volumetrico\vendor\laravel\framework\src\Illuminate\Pipeline\Pipeline.php(219): Illuminate\Foundation\Http\Middleware\ConvertEmptyStringsToNull->handle(Object(Illuminate\Http\Request), Object(Closure))
#36 C:\Users\cesar\Downloads\No.1\control-volumetrico\vendor\laravel\framework\src\Illuminate\Foundation\Http\Middleware\TransformsRequest.php(21): Illuminate\Pipeline\Pipeline->Illuminate\Pipeline\{closure}(Object(Illuminate\Http\Request))
#37 C:\Users\cesar\Downloads\No.1\control-volumetrico\vendor\laravel\framework\src\Illuminate\Foundation\Http\Middleware\TrimStrings.php(51): Illuminate\Foundation\Http\Middleware\TransformsRequest->handle(Object(Illuminate\Http\Request), Object(Closure))
#38 C:\Users\cesar\Downloads\No.1\control-volumetrico\vendor\laravel\framework\src\Illuminate\Pipeline\Pipeline.php(219): Illuminate\Foundation\Http\Middleware\TrimStrings->handle(Object(Illuminate\Http\Request), Object(Closure))
#39 C:\Users\cesar\Downloads\No.1\control-volumetrico\vendor\laravel\framework\src\Illuminate\Http\Middleware\ValidatePostSize.php(27): Illuminate\Pipeline\Pipeline->Illuminate\Pipeline\{closure}(Object(Illuminate\Http\Request))
#40 C:\Users\cesar\Downloads\No.1\control-volumetrico\vendor\laravel\framework\src\Illuminate\Pipeline\Pipeline.php(219): Illuminate\Http\Middleware\ValidatePostSize->handle(Object(Illuminate\Http\Request), Object(Closure))
#41 C:\Users\cesar\Downloads\No.1\control-volumetrico\vendor\laravel\framework\src\Illuminate\Foundation\Http\Middleware\PreventRequestsDuringMaintenance.php(109): Illuminate\Pipeline\Pipeline->Illuminate\Pipeline\{closure}(Object(Illuminate\Http\Request))
#42 C:\Users\cesar\Downloads\No.1\control-volumetrico\vendor\laravel\framework\src\Illuminate\Pipeline\Pipeline.php(219): Illuminate\Foundation\Http\Middleware\PreventRequestsDuringMaintenance->handle(Object(Illuminate\Http\Request), Object(Closure))
#43 C:\Users\cesar\Downloads\No.1\control-volumetrico\vendor\laravel\framework\src\Illuminate\Http\Middleware\HandleCors.php(61): Illuminate\Pipeline\Pipeline->Illuminate\Pipeline\{closure}(Object(Illuminate\Http\Request))
#44 C:\Users\cesar\Downloads\No.1\control-volumetrico\vendor\laravel\framework\src\Illuminate\Pipeline\Pipeline.php(219): Illuminate\Http\Middleware\HandleCors->handle(Object(Illuminate\Http\Request), Object(Closure))
#45 C:\Users\cesar\Downloads\No.1\control-volumetrico\vendor\laravel\framework\src\Illuminate\Http\Middleware\TrustProxies.php(58): Illuminate\Pipeline\Pipeline->Illuminate\Pipeline\{closure}(Object(Illuminate\Http\Request))
#46 C:\Users\cesar\Downloads\No.1\control-volumetrico\vendor\laravel\framework\src\Illuminate\Pipeline\Pipeline.php(219): Illuminate\Http\Middleware\TrustProxies->handle(Object(Illuminate\Http\Request), Object(Closure))
#47 C:\Users\cesar\Downloads\No.1\control-volumetrico\vendor\laravel\framework\src\Illuminate\Foundation\Http\Middleware\InvokeDeferredCallbacks.php(22): Illuminate\Pipeline\Pipeline->Illuminate\Pipeline\{closure}(Object(Illuminate\Http\Request))
#48 C:\Users\cesar\Downloads\No.1\control-volumetrico\vendor\laravel\framework\src\Illuminate\Pipeline\Pipeline.php(219): Illuminate\Foundation\Http\Middleware\InvokeDeferredCallbacks->handle(Object(Illuminate\Http\Request), Object(Closure))
#49 C:\Users\cesar\Downloads\No.1\control-volumetrico\vendor\laravel\framework\src\Illuminate\Http\Middleware\ValidatePathEncoding.php(26): Illuminate\Pipeline\Pipeline->Illuminate\Pipeline\{closure}(Object(Illuminate\Http\Request))
#50 C:\Users\cesar\Downloads\No.1\control-volumetrico\vendor\laravel\framework\src\Illuminate\Pipeline\Pipeline.php(219): Illuminate\Http\Middleware\ValidatePathEncoding->handle(Object(Illuminate\Http\Request), Object(Closure))
#51 C:\Users\cesar\Downloads\No.1\control-volumetrico\vendor\laravel\framework\src\Illuminate\Pipeline\Pipeline.php(137): Illuminate\Pipeline\Pipeline->Illuminate\Pipeline\{closure}(Object(Illuminate\Http\Request))
#52 C:\Users\cesar\Downloads\No.1\control-volumetrico\vendor\laravel\framework\src\Illuminate\Foundation\Http\Kernel.php(175): Illuminate\Pipeline\Pipeline->then(Object(Closure))
#53 C:\Users\cesar\Downloads\No.1\control-volumetrico\vendor\laravel\framework\src\Illuminate\Foundation\Http\Kernel.php(144): Illuminate\Foundation\Http\Kernel->sendRequestThroughRouter(Object(Illuminate\Http\Request))
#54 C:\Users\cesar\Downloads\No.1\control-volumetrico\vendor\laravel\framework\src\Illuminate\Foundation\Testing\Concerns\MakesHttpRequests.php(607): Illuminate\Foundation\Http\Kernel->handle(Object(Illuminate\Http\Request))
#55 C:\Users\cesar\Downloads\No.1\control-volumetrico\vendor\laravel\framework\src\Illuminate\Foundation\Testing\Concerns\MakesHttpRequests.php(368): Illuminate\Foundation\Testing\TestCase->call('GET', '/roles/1', Array, Array, Array, Array)
#56 C:\Users\cesar\Downloads\No.1\control-volumetrico\tests\Feature\RoleTest.php(123): Illuminate\Foundation\Testing\TestCase->get('/roles/1')
#57 C:\Users\cesar\Downloads\No.1\control-volumetrico\vendor\phpunit\phpunit\src\Framework\TestCase.php(1667): Tests\Feature\RoleTest->test_show_displays_role_details()
#58 C:\Users\cesar\Downloads\No.1\control-volumetrico\vendor\phpunit\phpunit\src\Framework\TestCase.php(519): PHPUnit\Framework\TestCase->runTest()
#59 C:\Users\cesar\Downloads\No.1\control-volumetrico\vendor\phpunit\phpunit\src\Framework\TestRunner\TestRunner.php(87): PHPUnit\Framework\TestCase->runBare()
#60 C:\Users\cesar\Downloads\No.1\control-volumetrico\vendor\phpunit\phpunit\src\Framework\TestCase.php(365): PHPUnit\Framework\TestRunner->run(Object(Tests\Feature\RoleTest))
#61 C:\Users\cesar\Downloads\No.1\control-volumetrico\vendor\phpunit\phpunit\src\Framework\TestSuite.php(369): PHPUnit\Framework\TestCase->run()
#62 C:\Users\cesar\Downloads\No.1\control-volumetrico\vendor\phpunit\phpunit\src\Framework\TestSuite.php(369): PHPUnit\Framework\TestSuite->run()
#63 C:\Users\cesar\Downloads\No.1\control-volumetrico\vendor\phpunit\phpunit\src\Framework\TestSuite.php(369): PHPUnit\Framework\TestSuite->run()
#64 C:\Users\cesar\Downloads\No.1\control-volumetrico\vendor\phpunit\phpunit\src\TextUI\TestRunner.php(64): PHPUnit\Framework\TestSuite->run()
#65 C:\Users\cesar\Downloads\No.1\control-volumetrico\vendor\phpunit\phpunit\src\TextUI\Application.php(211): PHPUnit\TextUI\TestRunner->run(Object(PHPUnit\TextUI\Configuration\Configuration), Object(PHPUnit\Runner\ResultCache\DefaultResultCache), Object(PHPUnit\Framework\TestSuite))
#66 C:\Users\cesar\Downloads\No.1\control-volumetrico\vendor\phpunit\phpunit\phpunit(104): PHPUnit\TextUI\Application->run(Array)
#67 {main}

----------------------------------------------------------------------------------

Undefined array key "nombre" (View: C:\Users\cesar\Downloads\No.1\control-volumetrico\resources\views\roles\show.blade.php)[39;22m

  at [32mtests\Feature\RoleTest.php[39m:[32m125[39m
    121▕         $this->mockSuccessfulResponse('/api/roles/1', $role);
    122▕ 
    123▕         $response = $this->get('/roles/1');
    124▕ 
  ➜ 125▕         $response->assertStatus(200);
    126▕         $response->assertViewIs('roles.show');
    127▕         $response->assertViewHas('role', $role);
    128▕     }
    129▕

  [31m────────────────────────────────────────────────────────────────────────────────────────────────────────────────────[39m  
  [41;1m FAILED [49;22m [1mTests\Feature\RoleTest[22m [90m>[39m edit form displays correctly                                                        
[39;1m  Expected response status code [200] but received 500.
Failed asserting that 500 is identical to 200.

The following exception occurred during the last request:

ErrorException: Undefined array key "id" in C:\Users\cesar\Downloads\No.1\control-volumetrico\storage\framework\views\5cc6f9771f5ef6fb32c7b876e5849288.php:22
Stack trace:
#0 C:\Users\cesar\Downloads\No.1\control-volumetrico\vendor\laravel\framework\src\Illuminate\Foundation\Bootstrap\HandleExceptions.php(258): Illuminate\Foundation\Bootstrap\HandleExceptions->handleError(2, 'Undefined array...', 'C:\\Users\\cesar\\...', 22)
#1 C:\Users\cesar\Downloads\No.1\control-volumetrico\storage\framework\views\5cc6f9771f5ef6fb32c7b876e5849288.php(22): Illuminate\Foundation\Bootstrap\HandleExceptions->Illuminate\Foundation\Bootstrap\{closure}(2, 'Undefined array...', 'C:\\Users\\cesar\\...', 22)
#2 C:\Users\cesar\Downloads\No.1\control-volumetrico\vendor\laravel\framework\src\Illuminate\Filesystem\Filesystem.php(123): require('C:\\Users\\cesar\\...')
#3 C:\Users\cesar\Downloads\No.1\control-volumetrico\vendor\laravel\framework\src\Illuminate\Filesystem\Filesystem.php(124): Illuminate\Filesystem\Filesystem::Illuminate\Filesystem\{closure}()
#4 C:\Users\cesar\Downloads\No.1\control-volumetrico\vendor\laravel\framework\src\Illuminate\View\Engines\PhpEngine.php(57): Illuminate\Filesystem\Filesystem->getRequire('C:\\Users\\cesar\\...', Array)
#5 C:\Users\cesar\Downloads\No.1\control-volumetrico\vendor\laravel\framework\src\Illuminate\View\Engines\CompilerEngine.php(76): Illuminate\View\Engines\PhpEngine->evaluatePath('C:\\Users\\cesar\\...', Array)
#6 C:\Users\cesar\Downloads\No.1\control-volumetrico\vendor\laravel\framework\src\Illuminate\View\View.php(208): Illuminate\View\Engines\CompilerEngine->get('C:\\Users\\cesar\\...', Array)
#7 C:\Users\cesar\Downloads\No.1\control-volumetrico\vendor\laravel\framework\src\Illuminate\View\View.php(191): Illuminate\View\View->getContents()
#8 C:\Users\cesar\Downloads\No.1\control-volumetrico\vendor\laravel\framework\src\Illuminate\View\View.php(160): Illuminate\View\View->renderContents()
#9 C:\Users\cesar\Downloads\No.1\control-volumetrico\vendor\laravel\framework\src\Illuminate\Http\Response.php(78): Illuminate\View\View->render()
#10 C:\Users\cesar\Downloads\No.1\control-volumetrico\vendor\laravel\framework\src\Illuminate\Http\Response.php(34): Illuminate\Http\Response->setContent(Object(Illuminate\View\View))
#11 C:\Users\cesar\Downloads\No.1\control-volumetrico\vendor\laravel\framework\src\Illuminate\Routing\Router.php(939): Illuminate\Http\Response->__construct(Object(Illuminate\View\View), 200, Array)
#12 C:\Users\cesar\Downloads\No.1\control-volumetrico\vendor\laravel\framework\src\Illuminate\Routing\Router.php(906): Illuminate\Routing\Router::toResponse(Object(Illuminate\Http\Request), Object(Illuminate\View\View))
#13 C:\Users\cesar\Downloads\No.1\control-volumetrico\vendor\laravel\framework\src\Illuminate\Routing\Router.php(821): Illuminate\Routing\Router->prepareResponse(Object(Illuminate\Http\Request), Object(Illuminate\View\View))
#14 C:\Users\cesar\Downloads\No.1\control-volumetrico\vendor\laravel\framework\src\Illuminate\Pipeline\Pipeline.php(180): Illuminate\Routing\Router->Illuminate\Routing\{closure}(Object(Illuminate\Http\Request))
#15 C:\Users\cesar\Downloads\No.1\control-volumetrico\app\Http\Middleware\ApiAuthenticated.php(18): Illuminate\Pipeline\Pipeline->Illuminate\Pipeline\{closure}(Object(Illuminate\Http\Request))
#16 C:\Users\cesar\Downloads\No.1\control-volumetrico\vendor\laravel\framework\src\Illuminate\Pipeline\Pipeline.php(219): App\Http\Middleware\ApiAuthenticated->handle(Object(Illuminate\Http\Request), Object(Closure))
#17 C:\Users\cesar\Downloads\No.1\control-volumetrico\vendor\laravel\framework\src\Illuminate\Routing\Middleware\SubstituteBindings.php(50): Illuminate\Pipeline\Pipeline->Illuminate\Pipeline\{closure}(Object(Illuminate\Http\Request))
#18 C:\Users\cesar\Downloads\No.1\control-volumetrico\vendor\laravel\framework\src\Illuminate\Pipeline\Pipeline.php(219): Illuminate\Routing\Middleware\SubstituteBindings->handle(Object(Illuminate\Http\Request), Object(Closure))
#19 C:\Users\cesar\Downloads\No.1\control-volumetrico\vendor\laravel\framework\src\Illuminate\Foundation\Http\Middleware\VerifyCsrfToken.php(87): Illuminate\Pipeline\Pipeline->Illuminate\Pipeline\{closure}(Object(Illuminate\Http\Request))
#20 C:\Users\cesar\Downloads\No.1\control-volumetrico\vendor\laravel\framework\src\Illuminate\Pipeline\Pipeline.php(219): Illuminate\Foundation\Http\Middleware\VerifyCsrfToken->handle(Object(Illuminate\Http\Request), Object(Closure))
#21 C:\Users\cesar\Downloads\No.1\control-volumetrico\vendor\laravel\framework\src\Illuminate\View\Middleware\ShareErrorsFromSession.php(48): Illuminate\Pipeline\Pipeline->Illuminate\Pipeline\{closure}(Object(Illuminate\Http\Request))
#22 C:\Users\cesar\Downloads\No.1\control-volumetrico\vendor\laravel\framework\src\Illuminate\Pipeline\Pipeline.php(219): Illuminate\View\Middleware\ShareErrorsFromSession->handle(Object(Illuminate\Http\Request), Object(Closure))
#23 C:\Users\cesar\Downloads\No.1\control-volumetrico\vendor\laravel\framework\src\Illuminate\Session\Middleware\StartSession.php(120): Illuminate\Pipeline\Pipeline->Illuminate\Pipeline\{closure}(Object(Illuminate\Http\Request))
#24 C:\Users\cesar\Downloads\No.1\control-volumetrico\vendor\laravel\framework\src\Illuminate\Session\Middleware\StartSession.php(63): Illuminate\Session\Middleware\StartSession->handleStatefulRequest(Object(Illuminate\Http\Request), Object(Illuminate\Session\Store), Object(Closure))
#25 C:\Users\cesar\Downloads\No.1\control-volumetrico\vendor\laravel\framework\src\Illuminate\Pipeline\Pipeline.php(219): Illuminate\Session\Middleware\StartSession->handle(Object(Illuminate\Http\Request), Object(Closure))
#26 C:\Users\cesar\Downloads\No.1\control-volumetrico\vendor\laravel\framework\src\Illuminate\Cookie\Middleware\AddQueuedCookiesToResponse.php(36): Illuminate\Pipeline\Pipeline->Illuminate\Pipeline\{closure}(Object(Illuminate\Http\Request))
#27 C:\Users\cesar\Downloads\No.1\control-volumetrico\vendor\laravel\framework\src\Illuminate\Pipeline\Pipeline.php(219): Illuminate\Cookie\Middleware\AddQueuedCookiesToResponse->handle(Object(Illuminate\Http\Request), Object(Closure))
#28 C:\Users\cesar\Downloads\No.1\control-volumetrico\vendor\laravel\framework\src\Illuminate\Cookie\Middleware\EncryptCookies.php(74): Illuminate\Pipeline\Pipeline->Illuminate\Pipeline\{closure}(Object(Illuminate\Http\Request))
#29 C:\Users\cesar\Downloads\No.1\control-volumetrico\vendor\laravel\framework\src\Illuminate\Pipeline\Pipeline.php(219): Illuminate\Cookie\Middleware\EncryptCookies->handle(Object(Illuminate\Http\Request), Object(Closure))
#30 C:\Users\cesar\Downloads\No.1\control-volumetrico\vendor\laravel\framework\src\Illuminate\Pipeline\Pipeline.php(137): Illuminate\Pipeline\Pipeline->Illuminate\Pipeline\{closure}(Object(Illuminate\Http\Request))
#31 C:\Users\cesar\Downloads\No.1\control-volumetrico\vendor\laravel\framework\src\Illuminate\Routing\Router.php(821): Illuminate\Pipeline\Pipeline->then(Object(Closure))
#32 C:\Users\cesar\Downloads\No.1\control-volumetrico\vendor\laravel\framework\src\Illuminate\Routing\Router.php(800): Illuminate\Routing\Router->runRouteWithinStack(Object(Illuminate\Routing\Route), Object(Illuminate\Http\Request))
#33 C:\Users\cesar\Downloads\No.1\control-volumetrico\vendor\laravel\framework\src\Illuminate\Routing\Router.php(764): Illuminate\Routing\Router->runRoute(Object(Illuminate\Http\Request), Object(Illuminate\Routing\Route))
#34 C:\Users\cesar\Downloads\No.1\control-volumetrico\vendor\laravel\framework\src\Illuminate\Routing\Router.php(753): Illuminate\Routing\Router->dispatchToRoute(Object(Illuminate\Http\Request))
#35 C:\Users\cesar\Downloads\No.1\control-volumetrico\vendor\laravel\framework\src\Illuminate\Foundation\Http\Kernel.php(200): Illuminate\Routing\Router->dispatch(Object(Illuminate\Http\Request))
#36 C:\Users\cesar\Downloads\No.1\control-volumetrico\vendor\laravel\framework\src\Illuminate\Pipeline\Pipeline.php(180): Illuminate\Foundation\Http\Kernel->Illuminate\Foundation\Http\{closure}(Object(Illuminate\Http\Request))
#37 C:\Users\cesar\Downloads\No.1\control-volumetrico\vendor\laravel\framework\src\Illuminate\Foundation\Http\Middleware\TransformsRequest.php(21): Illuminate\Pipeline\Pipeline->Illuminate\Pipeline\{closure}(Object(Illuminate\Http\Request))
#38 C:\Users\cesar\Downloads\No.1\control-volumetrico\vendor\laravel\framework\src\Illuminate\Foundation\Http\Middleware\ConvertEmptyStringsToNull.php(31): Illuminate\Foundation\Http\Middleware\TransformsRequest->handle(Object(Illuminate\Http\Request), Object(Closure))
#39 C:\Users\cesar\Downloads\No.1\control-volumetrico\vendor\laravel\framework\src\Illuminate\Pipeline\Pipeline.php(219): Illuminate\Foundation\Http\Middleware\ConvertEmptyStringsToNull->handle(Object(Illuminate\Http\Request), Object(Closure))
#40 C:\Users\cesar\Downloads\No.1\control-volumetrico\vendor\laravel\framework\src\Illuminate\Foundation\Http\Middleware\TransformsRequest.php(21): Illuminate\Pipeline\Pipeline->Illuminate\Pipeline\{closure}(Object(Illuminate\Http\Request))
#41 C:\Users\cesar\Downloads\No.1\control-volumetrico\vendor\laravel\framework\src\Illuminate\Foundation\Http\Middleware\TrimStrings.php(51): Illuminate\Foundation\Http\Middleware\TransformsRequest->handle(Object(Illuminate\Http\Request), Object(Closure))
#42 C:\Users\cesar\Downloads\No.1\control-volumetrico\vendor\laravel\framework\src\Illuminate\Pipeline\Pipeline.php(219): Illuminate\Foundation\Http\Middleware\TrimStrings->handle(Object(Illuminate\Http\Request), Object(Closure))
#43 C:\Users\cesar\Downloads\No.1\control-volumetrico\vendor\laravel\framework\src\Illuminate\Http\Middleware\ValidatePostSize.php(27): Illuminate\Pipeline\Pipeline->Illuminate\Pipeline\{closure}(Object(Illuminate\Http\Request))
#44 C:\Users\cesar\Downloads\No.1\control-volumetrico\vendor\laravel\framework\src\Illuminate\Pipeline\Pipeline.php(219): Illuminate\Http\Middleware\ValidatePostSize->handle(Object(Illuminate\Http\Request), Object(Closure))
#45 C:\Users\cesar\Downloads\No.1\control-volumetrico\vendor\laravel\framework\src\Illuminate\Foundation\Http\Middleware\PreventRequestsDuringMaintenance.php(109): Illuminate\Pipeline\Pipeline->Illuminate\Pipeline\{closure}(Object(Illuminate\Http\Request))
#46 C:\Users\cesar\Downloads\No.1\control-volumetrico\vendor\laravel\framework\src\Illuminate\Pipeline\Pipeline.php(219): Illuminate\Foundation\Http\Middleware\PreventRequestsDuringMaintenance->handle(Object(Illuminate\Http\Request), Object(Closure))
#47 C:\Users\cesar\Downloads\No.1\control-volumetrico\vendor\laravel\framework\src\Illuminate\Http\Middleware\HandleCors.php(61): Illuminate\Pipeline\Pipeline->Illuminate\Pipeline\{closure}(Object(Illuminate\Http\Request))
#48 C:\Users\cesar\Downloads\No.1\control-volumetrico\vendor\laravel\framework\src\Illuminate\Pipeline\Pipeline.php(219): Illuminate\Http\Middleware\HandleCors->handle(Object(Illuminate\Http\Request), Object(Closure))
#49 C:\Users\cesar\Downloads\No.1\control-volumetrico\vendor\laravel\framework\src\Illuminate\Http\Middleware\TrustProxies.php(58): Illuminate\Pipeline\Pipeline->Illuminate\Pipeline\{closure}(Object(Illuminate\Http\Request))
#50 C:\Users\cesar\Downloads\No.1\control-volumetrico\vendor\laravel\framework\src\Illuminate\Pipeline\Pipeline.php(219): Illuminate\Http\Middleware\TrustProxies->handle(Object(Illuminate\Http\Request), Object(Closure))
#51 C:\Users\cesar\Downloads\No.1\control-volumetrico\vendor\laravel\framework\src\Illuminate\Foundation\Http\Middleware\InvokeDeferredCallbacks.php(22): Illuminate\Pipeline\Pipeline->Illuminate\Pipeline\{closure}(Object(Illuminate\Http\Request))
#52 C:\Users\cesar\Downloads\No.1\control-volumetrico\vendor\laravel\framework\src\Illuminate\Pipeline\Pipeline.php(219): Illuminate\Foundation\Http\Middleware\InvokeDeferredCallbacks->handle(Object(Illuminate\Http\Request), Object(Closure))
#53 C:\Users\cesar\Downloads\No.1\control-volumetrico\vendor\laravel\framework\src\Illuminate\Http\Middleware\ValidatePathEncoding.php(26): Illuminate\Pipeline\Pipeline->Illuminate\Pipeline\{closure}(Object(Illuminate\Http\Request))
#54 C:\Users\cesar\Downloads\No.1\control-volumetrico\vendor\laravel\framework\src\Illuminate\Pipeline\Pipeline.php(219): Illuminate\Http\Middleware\ValidatePathEncoding->handle(Object(Illuminate\Http\Request), Object(Closure))
#55 C:\Users\cesar\Downloads\No.1\control-volumetrico\vendor\laravel\framework\src\Illuminate\Pipeline\Pipeline.php(137): Illuminate\Pipeline\Pipeline->Illuminate\Pipeline\{closure}(Object(Illuminate\Http\Request))
#56 C:\Users\cesar\Downloads\No.1\control-volumetrico\vendor\laravel\framework\src\Illuminate\Foundation\Http\Kernel.php(175): Illuminate\Pipeline\Pipeline->then(Object(Closure))
#57 C:\Users\cesar\Downloads\No.1\control-volumetrico\vendor\laravel\framework\src\Illuminate\Foundation\Http\Kernel.php(144): Illuminate\Foundation\Http\Kernel->sendRequestThroughRouter(Object(Illuminate\Http\Request))
#58 C:\Users\cesar\Downloads\No.1\control-volumetrico\vendor\laravel\framework\src\Illuminate\Foundation\Testing\Concerns\MakesHttpRequests.php(607): Illuminate\Foundation\Http\Kernel->handle(Object(Illuminate\Http\Request))
#59 C:\Users\cesar\Downloads\No.1\control-volumetrico\vendor\laravel\framework\src\Illuminate\Foundation\Testing\Concerns\MakesHttpRequests.php(368): Illuminate\Foundation\Testing\TestCase->call('GET', '/roles/1/edit', Array, Array, Array, Array)
#60 C:\Users\cesar\Downloads\No.1\control-volumetrico\tests\Feature\RoleTest.php(151): Illuminate\Foundation\Testing\TestCase->get('/roles/1/edit')
#61 C:\Users\cesar\Downloads\No.1\control-volumetrico\vendor\phpunit\phpunit\src\Framework\TestCase.php(1667): Tests\Feature\RoleTest->test_edit_form_displays_correctly()
#62 C:\Users\cesar\Downloads\No.1\control-volumetrico\vendor\phpunit\phpunit\src\Framework\TestCase.php(519): PHPUnit\Framework\TestCase->runTest()
#63 C:\Users\cesar\Downloads\No.1\control-volumetrico\vendor\phpunit\phpunit\src\Framework\TestRunner\TestRunner.php(87): PHPUnit\Framework\TestCase->runBare()
#64 C:\Users\cesar\Downloads\No.1\control-volumetrico\vendor\phpunit\phpunit\src\Framework\TestCase.php(365): PHPUnit\Framework\TestRunner->run(Object(Tests\Feature\RoleTest))
#65 C:\Users\cesar\Downloads\No.1\control-volumetrico\vendor\phpunit\phpunit\src\Framework\TestSuite.php(369): PHPUnit\Framework\TestCase->run()
#66 C:\Users\cesar\Downloads\No.1\control-volumetrico\vendor\phpunit\phpunit\src\Framework\TestSuite.php(369): PHPUnit\Framework\TestSuite->run()
#67 C:\Users\cesar\Downloads\No.1\control-volumetrico\vendor\phpunit\phpunit\src\Framework\TestSuite.php(369): PHPUnit\Framework\TestSuite->run()
#68 C:\Users\cesar\Downloads\No.1\control-volumetrico\vendor\phpunit\phpunit\src\TextUI\TestRunner.php(64): PHPUnit\Framework\TestSuite->run()
#69 C:\Users\cesar\Downloads\No.1\control-volumetrico\vendor\phpunit\phpunit\src\TextUI\Application.php(211): PHPUnit\TextUI\TestRunner->run(Object(PHPUnit\TextUI\Configuration\Configuration), Object(PHPUnit\Runner\ResultCache\DefaultResultCache), Object(PHPUnit\Framework\TestSuite))
#70 C:\Users\cesar\Downloads\No.1\control-volumetrico\vendor\phpunit\phpunit\phpunit(104): PHPUnit\TextUI\Application->run(Array)
#71 {main}

Next Illuminate\View\ViewException: Undefined array key "id" (View: C:\Users\cesar\Downloads\No.1\control-volumetrico\resources\views\roles\edit.blade.php) in C:\Users\cesar\Downloads\No.1\control-volumetrico\storage\framework\views\5cc6f9771f5ef6fb32c7b876e5849288.php:22
Stack trace:
#0 C:\Users\cesar\Downloads\No.1\control-volumetrico\vendor\laravel\framework\src\Illuminate\View\Engines\PhpEngine.php(59): Illuminate\View\Engines\CompilerEngine->handleViewException(Object(ErrorException), 1)
#1 C:\Users\cesar\Downloads\No.1\control-volumetrico\vendor\laravel\framework\src\Illuminate\View\Engines\CompilerEngine.php(76): Illuminate\View\Engines\PhpEngine->evaluatePath('C:\\Users\\cesar\\...', Array)
#2 C:\Users\cesar\Downloads\No.1\control-volumetrico\vendor\laravel\framework\src\Illuminate\View\View.php(208): Illuminate\View\Engines\CompilerEngine->get('C:\\Users\\cesar\\...', Array)
#3 C:\Users\cesar\Downloads\No.1\control-volumetrico\vendor\laravel\framework\src\Illuminate\View\View.php(191): Illuminate\View\View->getContents()
#4 C:\Users\cesar\Downloads\No.1\control-volumetrico\vendor\laravel\framework\src\Illuminate\View\View.php(160): Illuminate\View\View->renderContents()
#5 C:\Users\cesar\Downloads\No.1\control-volumetrico\vendor\laravel\framework\src\Illuminate\Http\Response.php(78): Illuminate\View\View->render()
#6 C:\Users\cesar\Downloads\No.1\control-volumetrico\vendor\laravel\framework\src\Illuminate\Http\Response.php(34): Illuminate\Http\Response->setContent(Object(Illuminate\View\View))
#7 C:\Users\cesar\Downloads\No.1\control-volumetrico\vendor\laravel\framework\src\Illuminate\Routing\Router.php(939): Illuminate\Http\Response->__construct(Object(Illuminate\View\View), 200, Array)
#8 C:\Users\cesar\Downloads\No.1\control-volumetrico\vendor\laravel\framework\src\Illuminate\Routing\Router.php(906): Illuminate\Routing\Router::toResponse(Object(Illuminate\Http\Request), Object(Illuminate\View\View))
#9 C:\Users\cesar\Downloads\No.1\control-volumetrico\vendor\laravel\framework\src\Illuminate\Routing\Router.php(821): Illuminate\Routing\Router->prepareResponse(Object(Illuminate\Http\Request), Object(Illuminate\View\View))
#10 C:\Users\cesar\Downloads\No.1\control-volumetrico\vendor\laravel\framework\src\Illuminate\Pipeline\Pipeline.php(180): Illuminate\Routing\Router->Illuminate\Routing\{closure}(Object(Illuminate\Http\Request))
#11 C:\Users\cesar\Downloads\No.1\control-volumetrico\app\Http\Middleware\ApiAuthenticated.php(18): Illuminate\Pipeline\Pipeline->Illuminate\Pipeline\{closure}(Object(Illuminate\Http\Request))
#12 C:\Users\cesar\Downloads\No.1\control-volumetrico\vendor\laravel\framework\src\Illuminate\Pipeline\Pipeline.php(219): App\Http\Middleware\ApiAuthenticated->handle(Object(Illuminate\Http\Request), Object(Closure))
#13 C:\Users\cesar\Downloads\No.1\control-volumetrico\vendor\laravel\framework\src\Illuminate\Routing\Middleware\SubstituteBindings.php(50): Illuminate\Pipeline\Pipeline->Illuminate\Pipeline\{closure}(Object(Illuminate\Http\Request))
#14 C:\Users\cesar\Downloads\No.1\control-volumetrico\vendor\laravel\framework\src\Illuminate\Pipeline\Pipeline.php(219): Illuminate\Routing\Middleware\SubstituteBindings->handle(Object(Illuminate\Http\Request), Object(Closure))
#15 C:\Users\cesar\Downloads\No.1\control-volumetrico\vendor\laravel\framework\src\Illuminate\Foundation\Http\Middleware\VerifyCsrfToken.php(87): Illuminate\Pipeline\Pipeline->Illuminate\Pipeline\{closure}(Object(Illuminate\Http\Request))
#16 C:\Users\cesar\Downloads\No.1\control-volumetrico\vendor\laravel\framework\src\Illuminate\Pipeline\Pipeline.php(219): Illuminate\Foundation\Http\Middleware\VerifyCsrfToken->handle(Object(Illuminate\Http\Request), Object(Closure))
#17 C:\Users\cesar\Downloads\No.1\control-volumetrico\vendor\laravel\framework\src\Illuminate\View\Middleware\ShareErrorsFromSession.php(48): Illuminate\Pipeline\Pipeline->Illuminate\Pipeline\{closure}(Object(Illuminate\Http\Request))
#18 C:\Users\cesar\Downloads\No.1\control-volumetrico\vendor\laravel\framework\src\Illuminate\Pipeline\Pipeline.php(219): Illuminate\View\Middleware\ShareErrorsFromSession->handle(Object(Illuminate\Http\Request), Object(Closure))
#19 C:\Users\cesar\Downloads\No.1\control-volumetrico\vendor\laravel\framework\src\Illuminate\Session\Middleware\StartSession.php(120): Illuminate\Pipeline\Pipeline->Illuminate\Pipeline\{closure}(Object(Illuminate\Http\Request))
#20 C:\Users\cesar\Downloads\No.1\control-volumetrico\vendor\laravel\framework\src\Illuminate\Session\Middleware\StartSession.php(63): Illuminate\Session\Middleware\StartSession->handleStatefulRequest(Object(Illuminate\Http\Request), Object(Illuminate\Session\Store), Object(Closure))
#21 C:\Users\cesar\Downloads\No.1\control-volumetrico\vendor\laravel\framework\src\Illuminate\Pipeline\Pipeline.php(219): Illuminate\Session\Middleware\StartSession->handle(Object(Illuminate\Http\Request), Object(Closure))
#22 C:\Users\cesar\Downloads\No.1\control-volumetrico\vendor\laravel\framework\src\Illuminate\Cookie\Middleware\AddQueuedCookiesToResponse.php(36): Illuminate\Pipeline\Pipeline->Illuminate\Pipeline\{closure}(Object(Illuminate\Http\Request))
#23 C:\Users\cesar\Downloads\No.1\control-volumetrico\vendor\laravel\framework\src\Illuminate\Pipeline\Pipeline.php(219): Illuminate\Cookie\Middleware\AddQueuedCookiesToResponse->handle(Object(Illuminate\Http\Request), Object(Closure))
#24 C:\Users\cesar\Downloads\No.1\control-volumetrico\vendor\laravel\framework\src\Illuminate\Cookie\Middleware\EncryptCookies.php(74): Illuminate\Pipeline\Pipeline->Illuminate\Pipeline\{closure}(Object(Illuminate\Http\Request))
#25 C:\Users\cesar\Downloads\No.1\control-volumetrico\vendor\laravel\framework\src\Illuminate\Pipeline\Pipeline.php(219): Illuminate\Cookie\Middleware\EncryptCookies->handle(Object(Illuminate\Http\Request), Object(Closure))
#26 C:\Users\cesar\Downloads\No.1\control-volumetrico\vendor\laravel\framework\src\Illuminate\Pipeline\Pipeline.php(137): Illuminate\Pipeline\Pipeline->Illuminate\Pipeline\{closure}(Object(Illuminate\Http\Request))
#27 C:\Users\cesar\Downloads\No.1\control-volumetrico\vendor\laravel\framework\src\Illuminate\Routing\Router.php(821): Illuminate\Pipeline\Pipeline->then(Object(Closure))
#28 C:\Users\cesar\Downloads\No.1\control-volumetrico\vendor\laravel\framework\src\Illuminate\Routing\Router.php(800): Illuminate\Routing\Router->runRouteWithinStack(Object(Illuminate\Routing\Route), Object(Illuminate\Http\Request))
#29 C:\Users\cesar\Downloads\No.1\control-volumetrico\vendor\laravel\framework\src\Illuminate\Routing\Router.php(764): Illuminate\Routing\Router->runRoute(Object(Illuminate\Http\Request), Object(Illuminate\Routing\Route))
#30 C:\Users\cesar\Downloads\No.1\control-volumetrico\vendor\laravel\framework\src\Illuminate\Routing\Router.php(753): Illuminate\Routing\Router->dispatchToRoute(Object(Illuminate\Http\Request))
#31 C:\Users\cesar\Downloads\No.1\control-volumetrico\vendor\laravel\framework\src\Illuminate\Foundation\Http\Kernel.php(200): Illuminate\Routing\Router->dispatch(Object(Illuminate\Http\Request))
#32 C:\Users\cesar\Downloads\No.1\control-volumetrico\vendor\laravel\framework\src\Illuminate\Pipeline\Pipeline.php(180): Illuminate\Foundation\Http\Kernel->Illuminate\Foundation\Http\{closure}(Object(Illuminate\Http\Request))
#33 C:\Users\cesar\Downloads\No.1\control-volumetrico\vendor\laravel\framework\src\Illuminate\Foundation\Http\Middleware\TransformsRequest.php(21): Illuminate\Pipeline\Pipeline->Illuminate\Pipeline\{closure}(Object(Illuminate\Http\Request))
#34 C:\Users\cesar\Downloads\No.1\control-volumetrico\vendor\laravel\framework\src\Illuminate\Foundation\Http\Middleware\ConvertEmptyStringsToNull.php(31): Illuminate\Foundation\Http\Middleware\TransformsRequest->handle(Object(Illuminate\Http\Request), Object(Closure))
#35 C:\Users\cesar\Downloads\No.1\control-volumetrico\vendor\laravel\framework\src\Illuminate\Pipeline\Pipeline.php(219): Illuminate\Foundation\Http\Middleware\ConvertEmptyStringsToNull->handle(Object(Illuminate\Http\Request), Object(Closure))
#36 C:\Users\cesar\Downloads\No.1\control-volumetrico\vendor\laravel\framework\src\Illuminate\Foundation\Http\Middleware\TransformsRequest.php(21): Illuminate\Pipeline\Pipeline->Illuminate\Pipeline\{closure}(Object(Illuminate\Http\Request))
#37 C:\Users\cesar\Downloads\No.1\control-volumetrico\vendor\laravel\framework\src\Illuminate\Foundation\Http\Middleware\TrimStrings.php(51): Illuminate\Foundation\Http\Middleware\TransformsRequest->handle(Object(Illuminate\Http\Request), Object(Closure))
#38 C:\Users\cesar\Downloads\No.1\control-volumetrico\vendor\laravel\framework\src\Illuminate\Pipeline\Pipeline.php(219): Illuminate\Foundation\Http\Middleware\TrimStrings->handle(Object(Illuminate\Http\Request), Object(Closure))
#39 C:\Users\cesar\Downloads\No.1\control-volumetrico\vendor\laravel\framework\src\Illuminate\Http\Middleware\ValidatePostSize.php(27): Illuminate\Pipeline\Pipeline->Illuminate\Pipeline\{closure}(Object(Illuminate\Http\Request))
#40 C:\Users\cesar\Downloads\No.1\control-volumetrico\vendor\laravel\framework\src\Illuminate\Pipeline\Pipeline.php(219): Illuminate\Http\Middleware\ValidatePostSize->handle(Object(Illuminate\Http\Request), Object(Closure))
#41 C:\Users\cesar\Downloads\No.1\control-volumetrico\vendor\laravel\framework\src\Illuminate\Foundation\Http\Middleware\PreventRequestsDuringMaintenance.php(109): Illuminate\Pipeline\Pipeline->Illuminate\Pipeline\{closure}(Object(Illuminate\Http\Request))
#42 C:\Users\cesar\Downloads\No.1\control-volumetrico\vendor\laravel\framework\src\Illuminate\Pipeline\Pipeline.php(219): Illuminate\Foundation\Http\Middleware\PreventRequestsDuringMaintenance->handle(Object(Illuminate\Http\Request), Object(Closure))
#43 C:\Users\cesar\Downloads\No.1\control-volumetrico\vendor\laravel\framework\src\Illuminate\Http\Middleware\HandleCors.php(61): Illuminate\Pipeline\Pipeline->Illuminate\Pipeline\{closure}(Object(Illuminate\Http\Request))
#44 C:\Users\cesar\Downloads\No.1\control-volumetrico\vendor\laravel\framework\src\Illuminate\Pipeline\Pipeline.php(219): Illuminate\Http\Middleware\HandleCors->handle(Object(Illuminate\Http\Request), Object(Closure))
#45 C:\Users\cesar\Downloads\No.1\control-volumetrico\vendor\laravel\framework\src\Illuminate\Http\Middleware\TrustProxies.php(58): Illuminate\Pipeline\Pipeline->Illuminate\Pipeline\{closure}(Object(Illuminate\Http\Request))
#46 C:\Users\cesar\Downloads\No.1\control-volumetrico\vendor\laravel\framework\src\Illuminate\Pipeline\Pipeline.php(219): Illuminate\Http\Middleware\TrustProxies->handle(Object(Illuminate\Http\Request), Object(Closure))
#47 C:\Users\cesar\Downloads\No.1\control-volumetrico\vendor\laravel\framework\src\Illuminate\Foundation\Http\Middleware\InvokeDeferredCallbacks.php(22): Illuminate\Pipeline\Pipeline->Illuminate\Pipeline\{closure}(Object(Illuminate\Http\Request))
#48 C:\Users\cesar\Downloads\No.1\control-volumetrico\vendor\laravel\framework\src\Illuminate\Pipeline\Pipeline.php(219): Illuminate\Foundation\Http\Middleware\InvokeDeferredCallbacks->handle(Object(Illuminate\Http\Request), Object(Closure))
#49 C:\Users\cesar\Downloads\No.1\control-volumetrico\vendor\laravel\framework\src\Illuminate\Http\Middleware\ValidatePathEncoding.php(26): Illuminate\Pipeline\Pipeline->Illuminate\Pipeline\{closure}(Object(Illuminate\Http\Request))
#50 C:\Users\cesar\Downloads\No.1\control-volumetrico\vendor\laravel\framework\src\Illuminate\Pipeline\Pipeline.php(219): Illuminate\Http\Middleware\ValidatePathEncoding->handle(Object(Illuminate\Http\Request), Object(Closure))
#51 C:\Users\cesar\Downloads\No.1\control-volumetrico\vendor\laravel\framework\src\Illuminate\Pipeline\Pipeline.php(137): Illuminate\Pipeline\Pipeline->Illuminate\Pipeline\{closure}(Object(Illuminate\Http\Request))
#52 C:\Users\cesar\Downloads\No.1\control-volumetrico\vendor\laravel\framework\src\Illuminate\Foundation\Http\Kernel.php(175): Illuminate\Pipeline\Pipeline->then(Object(Closure))
#53 C:\Users\cesar\Downloads\No.1\control-volumetrico\vendor\laravel\framework\src\Illuminate\Foundation\Http\Kernel.php(144): Illuminate\Foundation\Http\Kernel->sendRequestThroughRouter(Object(Illuminate\Http\Request))
#54 C:\Users\cesar\Downloads\No.1\control-volumetrico\vendor\laravel\framework\src\Illuminate\Foundation\Testing\Concerns\MakesHttpRequests.php(607): Illuminate\Foundation\Http\Kernel->handle(Object(Illuminate\Http\Request))
#55 C:\Users\cesar\Downloads\No.1\control-volumetrico\vendor\laravel\framework\src\Illuminate\Foundation\Testing\Concerns\MakesHttpRequests.php(368): Illuminate\Foundation\Testing\TestCase->call('GET', '/roles/1/edit', Array, Array, Array, Array)
#56 C:\Users\cesar\Downloads\No.1\control-volumetrico\tests\Feature\RoleTest.php(151): Illuminate\Foundation\Testing\TestCase->get('/roles/1/edit')
#57 C:\Users\cesar\Downloads\No.1\control-volumetrico\vendor\phpunit\phpunit\src\Framework\TestCase.php(1667): Tests\Feature\RoleTest->test_edit_form_displays_correctly()
#58 C:\Users\cesar\Downloads\No.1\control-volumetrico\vendor\phpunit\phpunit\src\Framework\TestCase.php(519): PHPUnit\Framework\TestCase->runTest()
#59 C:\Users\cesar\Downloads\No.1\control-volumetrico\vendor\phpunit\phpunit\src\Framework\TestRunner\TestRunner.php(87): PHPUnit\Framework\TestCase->runBare()
#60 C:\Users\cesar\Downloads\No.1\control-volumetrico\vendor\phpunit\phpunit\src\Framework\TestCase.php(365): PHPUnit\Framework\TestRunner->run(Object(Tests\Feature\RoleTest))
#61 C:\Users\cesar\Downloads\No.1\control-volumetrico\vendor\phpunit\phpunit\src\Framework\TestSuite.php(369): PHPUnit\Framework\TestCase->run()
#62 C:\Users\cesar\Downloads\No.1\control-volumetrico\vendor\phpunit\phpunit\src\Framework\TestSuite.php(369): PHPUnit\Framework\TestSuite->run()
#63 C:\Users\cesar\Downloads\No.1\control-volumetrico\vendor\phpunit\phpunit\src\Framework\TestSuite.php(369): PHPUnit\Framework\TestSuite->run()
#64 C:\Users\cesar\Downloads\No.1\control-volumetrico\vendor\phpunit\phpunit\src\TextUI\TestRunner.php(64): PHPUnit\Framework\TestSuite->run()
#65 C:\Users\cesar\Downloads\No.1\control-volumetrico\vendor\phpunit\phpunit\src\TextUI\Application.php(211): PHPUnit\TextUI\TestRunner->run(Object(PHPUnit\TextUI\Configuration\Configuration), Object(PHPUnit\Runner\ResultCache\DefaultResultCache), Object(PHPUnit\Framework\TestSuite))
#66 C:\Users\cesar\Downloads\No.1\control-volumetrico\vendor\phpunit\phpunit\phpunit(104): PHPUnit\TextUI\Application->run(Array)
#67 {main}

----------------------------------------------------------------------------------

Undefined array key "id" (View: C:\Users\cesar\Downloads\No.1\control-volumetrico\resources\views\roles\edit.blade.php)[39;22m

  at [32mtests\Feature\RoleTest.php[39m:[32m153[39m
    149▕         $this->mockSuccessfulResponse('/api/permissions?per_page=500&activo=true', ['data' => $permisos]);
    150▕ 
    151▕         $response = $this->get('/roles/1/edit');
    152▕ 
  ➜ 153▕         $response->assertStatus(200);
    154▕         $response->assertViewIs('roles.edit');
    155▕         $response->assertViewHas('role', $role);
    156▕         $response->assertViewHas('permisos', $permisos);
    157▕         $response->assertViewHas('permisosActuales', [1]);

  [31m────────────────────────────────────────────────────────────────────────────────────────────────────────────────────[39m  
  [41;1m FAILED [49;22m [1mTests\Feature\RoleTest[22m [90m>[39m clonar clones role successfully                                                     
[39;1m  Failed asserting that two strings are equal.
--- Expected
+++ Actual
@@ @@
-'http://localhost:8001/roles/5'
+'http://localhost:8001'[39;22m

  at [32mtests\Feature\RoleTest.php[39m:[32m209[39m
    205▕         $this->mockSuccessfulResponse('/api/roles/1/clonar', $clonedRole, 'Rol clonado exitosamente');
    206▕ 
    207▕         $response = $this->post('/roles/1/clonar', $cloneData);
    208▕ 
  ➜ 209▕         $response->assertRedirect('/roles/5');
    210▕         $response->assertSessionHas('success', 'Rol clonado exitosamente');
    211▕     }
    212▕ 
    213▕     /** @test */

  [31m────────────────────────────────────────────────────────────────────────────────────────────────────────────────────[39m  
  [41;1m FAILED [49;22m [1mTests\Feature\RoleTest[22m [90m>[39m matriz permisos displays permission matrix                                          
[39;1m  Failed asserting that [roles] matches the expected value.
Failed asserting that two arrays are equal.
--- Expected
+++ Actual
@@ @@
 Array (
-    0 => [...]
-    1 => [...]
 )[39;22m

  at [32mtests\Feature\RoleTest.php[39m:[32m237[39m
    233▕         $response = $this->get('/roles/matriz/permisos');
    234▕ 
    235▕         $response->assertStatus(200);
    236▕         $response->assertViewIs('roles.matriz-permisos');
  ➜ 237▕         $response->assertViewHas('roles', $matriz['roles']);
    238▕         $response->assertViewHas('permisos', $matriz['permisos']);
    239▕         $response->assertViewHas('matriz', $matriz['matriz']);
    240▕     }
    241▕

  [31m────────────────────────────────────────────────────────────────────────────────────────────────────────────────────[39m  
  [41;1m FAILED [49;22m [1mTests\Feature\RoleTest[22m [90m>[39m destroy fails if role has users                                                     
[39;1m  Failed asserting that null matches expected 'No se puede eliminar el rol'.[39;22m

  at [32mtests\Feature\RoleTest.php[39m:[32m261[39m
    257▕ 
    258▕         $response = $this->delete('/roles/1');
    259▕ 
    260▕         $response->assertRedirect();
  ➜ 261▕         $response->assertSessionHas('error', 'No se puede eliminar el rol');
    262▕     }
    263▕ 
    264▕     /** @test */
    265▕     public function test_filter_roles_by_nivel()

  [31m────────────────────────────────────────────────────────────────────────────────────────────────────────────────────[39m  
  [41;1m FAILED [49;22m [1mTests\Feature\RoleTest[22m [90m>[39m filter roles by nivel                                                               
[39;1m  Failed asserting that actual size 0 matches expected size 1.[39;22m

  at [32mtests\Feature\RoleTest.php[39m:[32m279[39m
    275▕         $response->assertStatus(200);
    276▕         $response->assertViewHas('roles');
    277▕         
    278▕         $roles = $response->viewData('roles');
  ➜ 279▕         $this->assertCount(1, $roles);
    280▕         $this->assertGreaterThanOrEqual(80, $roles[0]['nivel_jerarquico']);
    281▕     }
    282▕ 
    283▕     /** @test */

  [33m1   [39m[39;1mtests\Feature\RoleTest.php[39;22m:[39;1m279[39;22m

  [31m────────────────────────────────────────────────────────────────────────────────────────────────────────────────────[39m  
  [41;1m FAILED [49;22m [1mTests\Feature\RoleTest[22m [90m>[39m role agrupacion permisos works correctly                                            
[39;1m  Failed asserting that actual size 0 matches expected size 2.[39;22m

  at [32mtests\Feature\RoleTest.php[39m:[32m299[39m
    295▕ 
    296▕         $response->assertStatus(200);
    297▕         
    298▕         $modulos = $response->viewData('modulos');
  ➜ 299▕         $this->assertCount(2, $modulos);
    300▕         
    301▕         $modulosArray = $modulos->toArray();
    302▕         $this->assertEquals('Usuarios', $modulosArray[0]['modulo']);
    303▕         $this->assertCount(2, $modulosArray[0]['permisos']);

  [33m1   [39m[39;1mtests\Feature\RoleTest.php[39;22m:[39;1m299[39;22m

  [31m────────────────────────────────────────────────────────────────────────────────────────────────────────────────────[39m  
  [41;1m FAILED [49;22m [1mTests\Feature\TanqueTest[22m [90m>[39m create form displays correctly                                                    
[39;1m  Failed asserting that [instalaciones] matches the expected value.
Failed asserting that two arrays are equal.
--- Expected
+++ Actual
@@ @@
 Array (
     0 => Array (
         'id' => 1
-        'nombre' => 'Instalación 1'
+        'nombre' => 'Estación de Servicio Centro'
     )
     1 => Array (
         'id' => 2
-        'nombre' => 'Instalación 2'
+        'nombre' => 'Estación de Servicio Norte'
     )
+    2 => [...]
 )[39;22m

  at [32mtests\Feature\TanqueTest.php[39m:[32m54[39m
     50▕         $response = $this->get('/tanques/create');
     51▕ 
     52▕         $response->assertStatus(200);
     53▕         $response->assertViewIs('tanques.create');
  ➜  54▕         $response->assertViewHas('instalaciones', $instalaciones);
     55▕         $response->assertViewHas('productos', $productos);
     56▕     }
     57▕ 
     58▕     /** @test */

  [31m────────────────────────────────────────────────────────────────────────────────────────────────────────────────────[39m  
  [41;1m FAILED [49;22m [1mTests\Feature\TanqueTest[22m [90m>[39m store creates tanque successfully                                                 
[39;1m  Failed asserting that two strings are equal.
--- Expected
+++ Actual
@@ @@
-'http://localhost:8001/tanques/1'
+'http://localhost:8001'[39;22m

  at [32mtests\Feature\TanqueTest.php[39m:[32m81[39m
     77▕         $this->mockSuccessfulResponse('/api/tanques', $createdTanque, 'Tanque creado exitosamente', 201);
     78▕ 
     79▕         $response = $this->post('/tanques', $tanqueData);
     80▕ 
  ➜  81▕         $response->assertRedirect('/tanques/1');
     82▕         $response->assertSessionHas('success', 'Tanque creado exitosamente');
     83▕     }
     84▕ 
     85▕     /** @test */

  [31m────────────────────────────────────────────────────────────────────────────────────────────────────────────────────[39m  
  [41;1m FAILED [49;22m [1mTests\Feature\TanqueTest[22m [90m>[39m store validation errors for invalid capacities                                    
[39;1m  Session missing error: capacidad_operativa
Failed asserting that false is true.

The following errors occurred during the last request:

El campo instalacion id es obligatorio.
El campo identificador es obligatorio.
El campo material es obligatorio.
El campo capacidad total es obligatorio.
The capacidad util field must be less than or equal to capacidad total.
El campo capacidad minima es obligatorio.
El campo temperatura referencia es obligatorio.
El campo presion referencia es obligatorio.
El campo tipo medicion seleccionado no es válido.
El campo estado es obligatorio.[39;22m

  at [32mtests\Feature\TanqueTest.php[39m:[32m103[39m
     99▕ 
    100▕         $response = $this->post('/tanques', $invalidData);
    101▕ 
    102▕         $response->assertRedirect();
  ➜ 103▕         $response->assertSessionHasErrors(['capacidad_util', 'capacidad_operativa', 'tipo_medicion']);
    104▕     }
    105▕ 
    106▕     /** @test */
    107▕     public function test_show_displays_tanque_details()

  [31m────────────────────────────────────────────────────────────────────────────────────────────────────────────────────[39m  
  [41;1m FAILED [49;22m [1mTests\Feature\TanqueTest[22m [90m>[39m show displays tanque details                                                      
[39;1m  Expected response status code [200] but received 302.
Failed asserting that 302 is identical to 200.[39;22m

  at [32mtests\Feature\TanqueTest.php[39m:[32m115[39m
    111▕         $this->mockSuccessfulResponse('/api/tanques/1', $tanque);
    112▕ 
    113▕         $response = $this->get('/tanques/1');
    114▕ 
  ➜ 115▕         $response->assertStatus(200);
    116▕         $response->assertViewIs('tanques.show');
    117▕         $response->assertViewHas('tanque', $tanque);
    118▕     }
    119▕

  [31m────────────────────────────────────────────────────────────────────────────────────────────────────────────────────[39m  
  [41;1m FAILED [49;22m [1mTests\Feature\TanqueTest[22m [90m>[39m edit form displays correctly                                                      
[39;1m  Expected response status code [200] but received 302.
Failed asserting that 302 is identical to 200.[39;22m

  at [32mtests\Feature\TanqueTest.php[39m:[32m134[39m
    130▕         $this->mockSuccessfulResponse('/api/productos?activo=true', $productos);
    131▕ 
    132▕         $response = $this->get('/tanques/1/edit');
    133▕ 
  ➜ 134▕         $response->assertStatus(200);
    135▕         $response->assertViewIs('tanques.edit');
    136▕         $response->assertViewHas('tanque', $tanque);
    137▕         $response->assertViewHas('productos', $productos);
    138▕     }

  [31m────────────────────────────────────────────────────────────────────────────────────────────────────────────────────[39m  
  [41;1m FAILED [49;22m [1mTests\Feature\TanqueTest[22m [90m>[39m verificar estado checks tank status                                               
[39;1m  Expected response status code [200] but received 302.
Failed asserting that 302 is identical to 200.[39;22m

  at [32mtests\Feature\TanqueTest.php[39m:[32m196[39m
    192▕         $this->mockSuccessfulResponse('/api/tanques/1/verificar-estado', $estado);
    193▕ 
    194▕         $response = $this->get('/tanques/1/verificar-estado');
    195▕ 
  ➜ 196▕         $response->assertStatus(200);
    197▕         $response->assertViewIs('tanques.estado');
    198▕         $response->assertViewHas('estado', $estado);
    199▕     }
    200▕

  [31m────────────────────────────────────────────────────────────────────────────────────────────────────────────────────[39m  
  [41;1m FAILED [49;22m [1mTests\Feature\TanqueTest[22m [90m>[39m curva calibracion displays calibration curve                                      
[39;1m  Expected response status code [200] but received 302.
Failed asserting that 302 is identical to 200.[39;22m

  at [32mtests\Feature\TanqueTest.php[39m:[32m235[39m
    231▕         $this->mockSuccessfulResponse('/api/tanques/1/curva-calibracion', $curva);
    232▕ 
    233▕         $response = $this->get('/tanques/1/curva-calibracion');
    234▕ 
  ➜ 235▕         $response->assertStatus(200);
    236▕         $response->assertViewIs('tanques.curva-calibracion');
    237▕         $response->assertViewHas('curva', $curva);
    238▕     }
    239▕

  [31m────────────────────────────────────────────────────────────────────────────────────────────────────────────────────[39m  
  [41;1m FAILED [49;22m [1mTests\Feature\TanqueTest[22m [90m>[39m historial calibraciones displays calibration history                              
[39;1m  Expected response status code [200] but received 302.
Failed asserting that 302 is identical to 200.[39;22m

  at [32mtests\Feature\TanqueTest.php[39m:[32m262[39m
    258▕         $this->mockSuccessfulResponse('/api/tanques/1/historial-calibraciones', $historial);
    259▕ 
    260▕         $response = $this->get('/tanques/1/historial-calibraciones');
    261▕ 
  ➜ 262▕         $response->assertStatus(200);
    263▕         $response->assertViewIs('tanques.historial-calibraciones');
    264▕         $response->assertViewHas('historial', $historial);
    265▕     }
    266▕

  [31m────────────────────────────────────────────────────────────────────────────────────────────────────────────────────[39m  
  [41;1m FAILED [49;22m [1mTests\Feature\TanqueTest[22m [90m>[39m destroy fails if tanque has related records                                       
[39;1m  Failed asserting that null matches expected 'No se puede eliminar el tanque'.[39;22m

  at [32mtests\Feature\TanqueTest.php[39m:[32m286[39m
    282▕ 
    283▕         $response = $this->delete('/tanques/1');
    284▕ 
    285▕         $response->assertRedirect();
  ➜ 286▕         $response->assertSessionHas('error', 'No se puede eliminar el tanque');
    287▕     }
    288▕ 
    289▕     /** @test */
    290▕     public function test_filter_tanques_by_estado()

  [31m────────────────────────────────────────────────────────────────────────────────────────────────────────────────────[39m  
  [41;1m FAILED [49;22m [1mTests\Feature\TanqueTest[22m [90m>[39m filter tanques by estado                                                          
[39;1m  Failed asserting that actual size 0 matches expected size 1.[39;22m

  at [32mtests\Feature\TanqueTest.php[39m:[32m304[39m
    300▕         $response->assertStatus(200);
    301▕         $response->assertViewHas('tanques');
    302▕         
    303▕         $tanques = $response->viewData('tanques');
  ➜ 304▕         $this->assertCount(1, $tanques);
    305▕         $this->assertEquals('OPERATIVO', $tanques[0]['estado']);
    306▕     }
    307▕ }

  [33m1   [39m[39;1mtests\Feature\TanqueTest.php[39;22m:[39;1m304[39;22m

  [31m────────────────────────────────────────────────────────────────────────────────────────────────────────────────────[39m  
  [41;1m FAILED [49;22m [1mTests\Feature\UserTest[22m [90m>[39m index displays users list                                                           
[39;1m  Expected response status code [200] but received 302.
Failed asserting that 302 is identical to 200.[39;22m

  at [32mtests\Feature\UserTest.php[39m:[32m43[39m
     39▕         $this->mockPaginatedResponse('/api/users', $users, 2);
     40▕ 
     41▕         $response = $this->get('/users');
     42▕ 
  ➜  43▕         $response->assertStatus(200);
     44▕         $response->assertViewIs('users.index');
     45▕         $response->assertViewHas('users');
     46▕     }
     47▕

  [31m────────────────────────────────────────────────────────────────────────────────────────────────────────────────────[39m  
  [41;1m FAILED [49;22m [1mTests\Feature\UserTest[22m [90m>[39m create form displays correctly with roles                                           
[39;1m  Expected response status code [200] but received 302.
Failed asserting that 302 is identical to 200.[39;22m

  at [32mtests\Feature\UserTest.php[39m:[32m61[39m
     57▕         $this->mockSuccessfulResponse('/api/roles?activo=true', $roles);
     58▕ 
     59▕         $response = $this->get('/users/create');
     60▕ 
  ➜  61▕         $response->assertStatus(200);
     62▕         $response->assertViewIs('users.create');
     63▕         $response->assertViewHas('roles', $roles);
     64▕     }
     65▕

  [31m────────────────────────────────────────────────────────────────────────────────────────────────────────────────────[39m  
  [41;1m FAILED [49;22m [1mTests\Feature\UserTest[22m [90m>[39m store creates user successfully                                                     
[39;1m  Failed asserting that null matches expected 'Usuario creado exitosamente'.[39;22m

  at [32mtests\Feature\UserTest.php[39m:[32m94[39m
     90▕ 
     91▕         $response = $this->post('/users', $userData);
     92▕ 
     93▕         $response->assertRedirect('/users');
  ➜  94▕         $response->assertSessionHas('success', 'Usuario creado exitosamente');
     95▕     }
     96▕ 
     97▕     /** @test */
     98▕     public function test_store_validation_errors_for_duplicate_email()

  [31m────────────────────────────────────────────────────────────────────────────────────────────────────────────────────[39m  
  [41;1m FAILED [49;22m [1mTests\Feature\UserTest[22m [90m>[39m store validation errors for duplicate email                                         
[39;1m  Session is missing expected key [errors].
Failed asserting that false is true.[39;22m

  at [32mtests\Feature\UserTest.php[39m:[32m117[39m
    113▕ 
    114▕         $response = $this->post('/users', $userData);
    115▕ 
    116▕         $response->assertRedirect();
  ➜ 117▕         $response->assertSessionHasErrors(['email']);
    118▕     }
    119▕ 
    120▕     /** @test */
    121▕     public function test_show_displays_user_details()

  [31m────────────────────────────────────────────────────────────────────────────────────────────────────────────────────[39m  
  [41;1m FAILED [49;22m [1mTests\Feature\UserTest[22m [90m>[39m show displays user details                                                          
[39;1m  Expected response status code [200] but received 500.
Failed asserting that 500 is identical to 200.

The following exception occurred during the last request:

ErrorException: Undefined array key "id" in C:\Users\cesar\Downloads\No.1\control-volumetrico\storage\framework\views\9811b55d567c334ae7d3c1da185cccef.php:7
Stack trace:
#0 C:\Users\cesar\Downloads\No.1\control-volumetrico\vendor\laravel\framework\src\Illuminate\Foundation\Bootstrap\HandleExceptions.php(258): Illuminate\Foundation\Bootstrap\HandleExceptions->handleError(2, 'Undefined array...', 'C:\\Users\\cesar\\...', 7)
#1 C:\Users\cesar\Downloads\No.1\control-volumetrico\storage\framework\views\9811b55d567c334ae7d3c1da185cccef.php(7): Illuminate\Foundation\Bootstrap\HandleExceptions->Illuminate\Foundation\Bootstrap\{closure}(2, 'Undefined array...', 'C:\\Users\\cesar\\...', 7)
#2 C:\Users\cesar\Downloads\No.1\control-volumetrico\vendor\laravel\framework\src\Illuminate\Filesystem\Filesystem.php(123): require('C:\\Users\\cesar\\...')
#3 C:\Users\cesar\Downloads\No.1\control-volumetrico\vendor\laravel\framework\src\Illuminate\Filesystem\Filesystem.php(124): Illuminate\Filesystem\Filesystem::Illuminate\Filesystem\{closure}()
#4 C:\Users\cesar\Downloads\No.1\control-volumetrico\vendor\laravel\framework\src\Illuminate\View\Engines\PhpEngine.php(57): Illuminate\Filesystem\Filesystem->getRequire('C:\\Users\\cesar\\...', Array)
#5 C:\Users\cesar\Downloads\No.1\control-volumetrico\vendor\laravel\framework\src\Illuminate\View\Engines\CompilerEngine.php(76): Illuminate\View\Engines\PhpEngine->evaluatePath('C:\\Users\\cesar\\...', Array)
#6 C:\Users\cesar\Downloads\No.1\control-volumetrico\vendor\laravel\framework\src\Illuminate\View\View.php(208): Illuminate\View\Engines\CompilerEngine->get('C:\\Users\\cesar\\...', Array)
#7 C:\Users\cesar\Downloads\No.1\control-volumetrico\vendor\laravel\framework\src\Illuminate\View\View.php(191): Illuminate\View\View->getContents()
#8 C:\Users\cesar\Downloads\No.1\control-volumetrico\vendor\laravel\framework\src\Illuminate\View\View.php(160): Illuminate\View\View->renderContents()
#9 C:\Users\cesar\Downloads\No.1\control-volumetrico\vendor\laravel\framework\src\Illuminate\Http\Response.php(78): Illuminate\View\View->render()
#10 C:\Users\cesar\Downloads\No.1\control-volumetrico\vendor\laravel\framework\src\Illuminate\Http\Response.php(34): Illuminate\Http\Response->setContent(Object(Illuminate\View\View))
#11 C:\Users\cesar\Downloads\No.1\control-volumetrico\vendor\laravel\framework\src\Illuminate\Routing\Router.php(939): Illuminate\Http\Response->__construct(Object(Illuminate\View\View), 200, Array)
#12 C:\Users\cesar\Downloads\No.1\control-volumetrico\vendor\laravel\framework\src\Illuminate\Routing\Router.php(906): Illuminate\Routing\Router::toResponse(Object(Illuminate\Http\Request), Object(Illuminate\View\View))
#13 C:\Users\cesar\Downloads\No.1\control-volumetrico\vendor\laravel\framework\src\Illuminate\Routing\Router.php(821): Illuminate\Routing\Router->prepareResponse(Object(Illuminate\Http\Request), Object(Illuminate\View\View))
#14 C:\Users\cesar\Downloads\No.1\control-volumetrico\vendor\laravel\framework\src\Illuminate\Pipeline\Pipeline.php(180): Illuminate\Routing\Router->Illuminate\Routing\{closure}(Object(Illuminate\Http\Request))
#15 C:\Users\cesar\Downloads\No.1\control-volumetrico\app\Http\Middleware\ApiAuthenticated.php(18): Illuminate\Pipeline\Pipeline->Illuminate\Pipeline\{closure}(Object(Illuminate\Http\Request))
#16 C:\Users\cesar\Downloads\No.1\control-volumetrico\vendor\laravel\framework\src\Illuminate\Pipeline\Pipeline.php(219): App\Http\Middleware\ApiAuthenticated->handle(Object(Illuminate\Http\Request), Object(Closure))
#17 C:\Users\cesar\Downloads\No.1\control-volumetrico\vendor\laravel\framework\src\Illuminate\Routing\Middleware\SubstituteBindings.php(50): Illuminate\Pipeline\Pipeline->Illuminate\Pipeline\{closure}(Object(Illuminate\Http\Request))
#18 C:\Users\cesar\Downloads\No.1\control-volumetrico\vendor\laravel\framework\src\Illuminate\Pipeline\Pipeline.php(219): Illuminate\Routing\Middleware\SubstituteBindings->handle(Object(Illuminate\Http\Request), Object(Closure))
#19 C:\Users\cesar\Downloads\No.1\control-volumetrico\vendor\laravel\framework\src\Illuminate\Foundation\Http\Middleware\VerifyCsrfToken.php(87): Illuminate\Pipeline\Pipeline->Illuminate\Pipeline\{closure}(Object(Illuminate\Http\Request))
#20 C:\Users\cesar\Downloads\No.1\control-volumetrico\vendor\laravel\framework\src\Illuminate\Pipeline\Pipeline.php(219): Illuminate\Foundation\Http\Middleware\VerifyCsrfToken->handle(Object(Illuminate\Http\Request), Object(Closure))
#21 C:\Users\cesar\Downloads\No.1\control-volumetrico\vendor\laravel\framework\src\Illuminate\View\Middleware\ShareErrorsFromSession.php(48): Illuminate\Pipeline\Pipeline->Illuminate\Pipeline\{closure}(Object(Illuminate\Http\Request))
#22 C:\Users\cesar\Downloads\No.1\control-volumetrico\vendor\laravel\framework\src\Illuminate\Pipeline\Pipeline.php(219): Illuminate\View\Middleware\ShareErrorsFromSession->handle(Object(Illuminate\Http\Request), Object(Closure))
#23 C:\Users\cesar\Downloads\No.1\control-volumetrico\vendor\laravel\framework\src\Illuminate\Session\Middleware\StartSession.php(120): Illuminate\Pipeline\Pipeline->Illuminate\Pipeline\{closure}(Object(Illuminate\Http\Request))
#24 C:\Users\cesar\Downloads\No.1\control-volumetrico\vendor\laravel\framework\src\Illuminate\Session\Middleware\StartSession.php(63): Illuminate\Session\Middleware\StartSession->handleStatefulRequest(Object(Illuminate\Http\Request), Object(Illuminate\Session\Store), Object(Closure))
#25 C:\Users\cesar\Downloads\No.1\control-volumetrico\vendor\laravel\framework\src\Illuminate\Pipeline\Pipeline.php(219): Illuminate\Session\Middleware\StartSession->handle(Object(Illuminate\Http\Request), Object(Closure))
#26 C:\Users\cesar\Downloads\No.1\control-volumetrico\vendor\laravel\framework\src\Illuminate\Cookie\Middleware\AddQueuedCookiesToResponse.php(36): Illuminate\Pipeline\Pipeline->Illuminate\Pipeline\{closure}(Object(Illuminate\Http\Request))
#27 C:\Users\cesar\Downloads\No.1\control-volumetrico\vendor\laravel\framework\src\Illuminate\Pipeline\Pipeline.php(219): Illuminate\Cookie\Middleware\AddQueuedCookiesToResponse->handle(Object(Illuminate\Http\Request), Object(Closure))
#28 C:\Users\cesar\Downloads\No.1\control-volumetrico\vendor\laravel\framework\src\Illuminate\Cookie\Middleware\EncryptCookies.php(74): Illuminate\Pipeline\Pipeline->Illuminate\Pipeline\{closure}(Object(Illuminate\Http\Request))
#29 C:\Users\cesar\Downloads\No.1\control-volumetrico\vendor\laravel\framework\src\Illuminate\Pipeline\Pipeline.php(219): Illuminate\Cookie\Middleware\EncryptCookies->handle(Object(Illuminate\Http\Request), Object(Closure))
#30 C:\Users\cesar\Downloads\No.1\control-volumetrico\vendor\laravel\framework\src\Illuminate\Pipeline\Pipeline.php(137): Illuminate\Pipeline\Pipeline->Illuminate\Pipeline\{closure}(Object(Illuminate\Http\Request))
#31 C:\Users\cesar\Downloads\No.1\control-volumetrico\vendor\laravel\framework\src\Illuminate\Routing\Router.php(821): Illuminate\Pipeline\Pipeline->then(Object(Closure))
#32 C:\Users\cesar\Downloads\No.1\control-volumetrico\vendor\laravel\framework\src\Illuminate\Routing\Router.php(800): Illuminate\Routing\Router->runRouteWithinStack(Object(Illuminate\Routing\Route), Object(Illuminate\Http\Request))
#33 C:\Users\cesar\Downloads\No.1\control-volumetrico\vendor\laravel\framework\src\Illuminate\Routing\Router.php(764): Illuminate\Routing\Router->runRoute(Object(Illuminate\Http\Request), Object(Illuminate\Routing\Route))
#34 C:\Users\cesar\Downloads\No.1\control-volumetrico\vendor\laravel\framework\src\Illuminate\Routing\Router.php(753): Illuminate\Routing\Router->dispatchToRoute(Object(Illuminate\Http\Request))
#35 C:\Users\cesar\Downloads\No.1\control-volumetrico\vendor\laravel\framework\src\Illuminate\Foundation\Http\Kernel.php(200): Illuminate\Routing\Router->dispatch(Object(Illuminate\Http\Request))
#36 C:\Users\cesar\Downloads\No.1\control-volumetrico\vendor\laravel\framework\src\Illuminate\Pipeline\Pipeline.php(180): Illuminate\Foundation\Http\Kernel->Illuminate\Foundation\Http\{closure}(Object(Illuminate\Http\Request))
#37 C:\Users\cesar\Downloads\No.1\control-volumetrico\vendor\laravel\framework\src\Illuminate\Foundation\Http\Middleware\TransformsRequest.php(21): Illuminate\Pipeline\Pipeline->Illuminate\Pipeline\{closure}(Object(Illuminate\Http\Request))
#38 C:\Users\cesar\Downloads\No.1\control-volumetrico\vendor\laravel\framework\src\Illuminate\Foundation\Http\Middleware\ConvertEmptyStringsToNull.php(31): Illuminate\Foundation\Http\Middleware\TransformsRequest->handle(Object(Illuminate\Http\Request), Object(Closure))
#39 C:\Users\cesar\Downloads\No.1\control-volumetrico\vendor\laravel\framework\src\Illuminate\Pipeline\Pipeline.php(219): Illuminate\Foundation\Http\Middleware\ConvertEmptyStringsToNull->handle(Object(Illuminate\Http\Request), Object(Closure))
#40 C:\Users\cesar\Downloads\No.1\control-volumetrico\vendor\laravel\framework\src\Illuminate\Foundation\Http\Middleware\TransformsRequest.php(21): Illuminate\Pipeline\Pipeline->Illuminate\Pipeline\{closure}(Object(Illuminate\Http\Request))
#41 C:\Users\cesar\Downloads\No.1\control-volumetrico\vendor\laravel\framework\src\Illuminate\Foundation\Http\Middleware\TrimStrings.php(51): Illuminate\Foundation\Http\Middleware\TransformsRequest->handle(Object(Illuminate\Http\Request), Object(Closure))
#42 C:\Users\cesar\Downloads\No.1\control-volumetrico\vendor\laravel\framework\src\Illuminate\Pipeline\Pipeline.php(219): Illuminate\Foundation\Http\Middleware\TrimStrings->handle(Object(Illuminate\Http\Request), Object(Closure))
#43 C:\Users\cesar\Downloads\No.1\control-volumetrico\vendor\laravel\framework\src\Illuminate\Http\Middleware\ValidatePostSize.php(27): Illuminate\Pipeline\Pipeline->Illuminate\Pipeline\{closure}(Object(Illuminate\Http\Request))
#44 C:\Users\cesar\Downloads\No.1\control-volumetrico\vendor\laravel\framework\src\Illuminate\Pipeline\Pipeline.php(219): Illuminate\Http\Middleware\ValidatePostSize->handle(Object(Illuminate\Http\Request), Object(Closure))
#45 C:\Users\cesar\Downloads\No.1\control-volumetrico\vendor\laravel\framework\src\Illuminate\Foundation\Http\Middleware\PreventRequestsDuringMaintenance.php(109): Illuminate\Pipeline\Pipeline->Illuminate\Pipeline\{closure}(Object(Illuminate\Http\Request))
#46 C:\Users\cesar\Downloads\No.1\control-volumetrico\vendor\laravel\framework\src\Illuminate\Pipeline\Pipeline.php(219): Illuminate\Foundation\Http\Middleware\PreventRequestsDuringMaintenance->handle(Object(Illuminate\Http\Request), Object(Closure))
#47 C:\Users\cesar\Downloads\No.1\control-volumetrico\vendor\laravel\framework\src\Illuminate\Http\Middleware\HandleCors.php(61): Illuminate\Pipeline\Pipeline->Illuminate\Pipeline\{closure}(Object(Illuminate\Http\Request))
#48 C:\Users\cesar\Downloads\No.1\control-volumetrico\vendor\laravel\framework\src\Illuminate\Pipeline\Pipeline.php(219): Illuminate\Http\Middleware\HandleCors->handle(Object(Illuminate\Http\Request), Object(Closure))
#49 C:\Users\cesar\Downloads\No.1\control-volumetrico\vendor\laravel\framework\src\Illuminate\Http\Middleware\TrustProxies.php(58): Illuminate\Pipeline\Pipeline->Illuminate\Pipeline\{closure}(Object(Illuminate\Http\Request))
#50 C:\Users\cesar\Downloads\No.1\control-volumetrico\vendor\laravel\framework\src\Illuminate\Pipeline\Pipeline.php(219): Illuminate\Http\Middleware\TrustProxies->handle(Object(Illuminate\Http\Request), Object(Closure))
#51 C:\Users\cesar\Downloads\No.1\control-volumetrico\vendor\laravel\framework\src\Illuminate\Foundation\Http\Middleware\InvokeDeferredCallbacks.php(22): Illuminate\Pipeline\Pipeline->Illuminate\Pipeline\{closure}(Object(Illuminate\Http\Request))
#52 C:\Users\cesar\Downloads\No.1\control-volumetrico\vendor\laravel\framework\src\Illuminate\Pipeline\Pipeline.php(219): Illuminate\Foundation\Http\Middleware\InvokeDeferredCallbacks->handle(Object(Illuminate\Http\Request), Object(Closure))
#53 C:\Users\cesar\Downloads\No.1\control-volumetrico\vendor\laravel\framework\src\Illuminate\Http\Middleware\ValidatePathEncoding.php(26): Illuminate\Pipeline\Pipeline->Illuminate\Pipeline\{closure}(Object(Illuminate\Http\Request))
#54 C:\Users\cesar\Downloads\No.1\control-volumetrico\vendor\laravel\framework\src\Illuminate\Pipeline\Pipeline.php(219): Illuminate\Http\Middleware\ValidatePathEncoding->handle(Object(Illuminate\Http\Request), Object(Closure))
#55 C:\Users\cesar\Downloads\No.1\control-volumetrico\vendor\laravel\framework\src\Illuminate\Pipeline\Pipeline.php(137): Illuminate\Pipeline\Pipeline->Illuminate\Pipeline\{closure}(Object(Illuminate\Http\Request))
#56 C:\Users\cesar\Downloads\No.1\control-volumetrico\vendor\laravel\framework\src\Illuminate\Foundation\Http\Kernel.php(175): Illuminate\Pipeline\Pipeline->then(Object(Closure))
#57 C:\Users\cesar\Downloads\No.1\control-volumetrico\vendor\laravel\framework\src\Illuminate\Foundation\Http\Kernel.php(144): Illuminate\Foundation\Http\Kernel->sendRequestThroughRouter(Object(Illuminate\Http\Request))
#58 C:\Users\cesar\Downloads\No.1\control-volumetrico\vendor\laravel\framework\src\Illuminate\Foundation\Testing\Concerns\MakesHttpRequests.php(607): Illuminate\Foundation\Http\Kernel->handle(Object(Illuminate\Http\Request))
#59 C:\Users\cesar\Downloads\No.1\control-volumetrico\vendor\laravel\framework\src\Illuminate\Foundation\Testing\Concerns\MakesHttpRequests.php(368): Illuminate\Foundation\Testing\TestCase->call('GET', '/users/1', Array, Array, Array, Array)
#60 C:\Users\cesar\Downloads\No.1\control-volumetrico\tests\Feature\UserTest.php(139): Illuminate\Foundation\Testing\TestCase->get('/users/1')
#61 C:\Users\cesar\Downloads\No.1\control-volumetrico\vendor\phpunit\phpunit\src\Framework\TestCase.php(1667): Tests\Feature\UserTest->test_show_displays_user_details()
#62 C:\Users\cesar\Downloads\No.1\control-volumetrico\vendor\phpunit\phpunit\src\Framework\TestCase.php(519): PHPUnit\Framework\TestCase->runTest()
#63 C:\Users\cesar\Downloads\No.1\control-volumetrico\vendor\phpunit\phpunit\src\Framework\TestRunner\TestRunner.php(87): PHPUnit\Framework\TestCase->runBare()
#64 C:\Users\cesar\Downloads\No.1\control-volumetrico\vendor\phpunit\phpunit\src\Framework\TestCase.php(365): PHPUnit\Framework\TestRunner->run(Object(Tests\Feature\UserTest))
#65 C:\Users\cesar\Downloads\No.1\control-volumetrico\vendor\phpunit\phpunit\src\Framework\TestSuite.php(369): PHPUnit\Framework\TestCase->run()
#66 C:\Users\cesar\Downloads\No.1\control-volumetrico\vendor\phpunit\phpunit\src\Framework\TestSuite.php(369): PHPUnit\Framework\TestSuite->run()
#67 C:\Users\cesar\Downloads\No.1\control-volumetrico\vendor\phpunit\phpunit\src\Framework\TestSuite.php(369): PHPUnit\Framework\TestSuite->run()
#68 C:\Users\cesar\Downloads\No.1\control-volumetrico\vendor\phpunit\phpunit\src\TextUI\TestRunner.php(64): PHPUnit\Framework\TestSuite->run()
#69 C:\Users\cesar\Downloads\No.1\control-volumetrico\vendor\phpunit\phpunit\src\TextUI\Application.php(211): PHPUnit\TextUI\TestRunner->run(Object(PHPUnit\TextUI\Configuration\Configuration), Object(PHPUnit\Runner\ResultCache\DefaultResultCache), Object(PHPUnit\Framework\TestSuite))
#70 C:\Users\cesar\Downloads\No.1\control-volumetrico\vendor\phpunit\phpunit\phpunit(104): PHPUnit\TextUI\Application->run(Array)
#71 {main}

Next Illuminate\View\ViewException: Undefined array key "id" (View: C:\Users\cesar\Downloads\No.1\control-volumetrico\resources\views\users\show.blade.php) in C:\Users\cesar\Downloads\No.1\control-volumetrico\storage\framework\views\9811b55d567c334ae7d3c1da185cccef.php:7
Stack trace:
#0 C:\Users\cesar\Downloads\No.1\control-volumetrico\vendor\laravel\framework\src\Illuminate\View\Engines\PhpEngine.php(59): Illuminate\View\Engines\CompilerEngine->handleViewException(Object(ErrorException), 1)
#1 C:\Users\cesar\Downloads\No.1\control-volumetrico\vendor\laravel\framework\src\Illuminate\View\Engines\CompilerEngine.php(76): Illuminate\View\Engines\PhpEngine->evaluatePath('C:\\Users\\cesar\\...', Array)
#2 C:\Users\cesar\Downloads\No.1\control-volumetrico\vendor\laravel\framework\src\Illuminate\View\View.php(208): Illuminate\View\Engines\CompilerEngine->get('C:\\Users\\cesar\\...', Array)
#3 C:\Users\cesar\Downloads\No.1\control-volumetrico\vendor\laravel\framework\src\Illuminate\View\View.php(191): Illuminate\View\View->getContents()
#4 C:\Users\cesar\Downloads\No.1\control-volumetrico\vendor\laravel\framework\src\Illuminate\View\View.php(160): Illuminate\View\View->renderContents()
#5 C:\Users\cesar\Downloads\No.1\control-volumetrico\vendor\laravel\framework\src\Illuminate\Http\Response.php(78): Illuminate\View\View->render()
#6 C:\Users\cesar\Downloads\No.1\control-volumetrico\vendor\laravel\framework\src\Illuminate\Http\Response.php(34): Illuminate\Http\Response->setContent(Object(Illuminate\View\View))
#7 C:\Users\cesar\Downloads\No.1\control-volumetrico\vendor\laravel\framework\src\Illuminate\Routing\Router.php(939): Illuminate\Http\Response->__construct(Object(Illuminate\View\View), 200, Array)
#8 C:\Users\cesar\Downloads\No.1\control-volumetrico\vendor\laravel\framework\src\Illuminate\Routing\Router.php(906): Illuminate\Routing\Router::toResponse(Object(Illuminate\Http\Request), Object(Illuminate\View\View))
#9 C:\Users\cesar\Downloads\No.1\control-volumetrico\vendor\laravel\framework\src\Illuminate\Routing\Router.php(821): Illuminate\Routing\Router->prepareResponse(Object(Illuminate\Http\Request), Object(Illuminate\View\View))
#10 C:\Users\cesar\Downloads\No.1\control-volumetrico\vendor\laravel\framework\src\Illuminate\Pipeline\Pipeline.php(180): Illuminate\Routing\Router->Illuminate\Routing\{closure}(Object(Illuminate\Http\Request))
#11 C:\Users\cesar\Downloads\No.1\control-volumetrico\app\Http\Middleware\ApiAuthenticated.php(18): Illuminate\Pipeline\Pipeline->Illuminate\Pipeline\{closure}(Object(Illuminate\Http\Request))
#12 C:\Users\cesar\Downloads\No.1\control-volumetrico\vendor\laravel\framework\src\Illuminate\Pipeline\Pipeline.php(219): App\Http\Middleware\ApiAuthenticated->handle(Object(Illuminate\Http\Request), Object(Closure))
#13 C:\Users\cesar\Downloads\No.1\control-volumetrico\vendor\laravel\framework\src\Illuminate\Routing\Middleware\SubstituteBindings.php(50): Illuminate\Pipeline\Pipeline->Illuminate\Pipeline\{closure}(Object(Illuminate\Http\Request))
#14 C:\Users\cesar\Downloads\No.1\control-volumetrico\vendor\laravel\framework\src\Illuminate\Pipeline\Pipeline.php(219): Illuminate\Routing\Middleware\SubstituteBindings->handle(Object(Illuminate\Http\Request), Object(Closure))
#15 C:\Users\cesar\Downloads\No.1\control-volumetrico\vendor\laravel\framework\src\Illuminate\Foundation\Http\Middleware\VerifyCsrfToken.php(87): Illuminate\Pipeline\Pipeline->Illuminate\Pipeline\{closure}(Object(Illuminate\Http\Request))
#16 C:\Users\cesar\Downloads\No.1\control-volumetrico\vendor\laravel\framework\src\Illuminate\Pipeline\Pipeline.php(219): Illuminate\Foundation\Http\Middleware\VerifyCsrfToken->handle(Object(Illuminate\Http\Request), Object(Closure))
#17 C:\Users\cesar\Downloads\No.1\control-volumetrico\vendor\laravel\framework\src\Illuminate\View\Middleware\ShareErrorsFromSession.php(48): Illuminate\Pipeline\Pipeline->Illuminate\Pipeline\{closure}(Object(Illuminate\Http\Request))
#18 C:\Users\cesar\Downloads\No.1\control-volumetrico\vendor\laravel\framework\src\Illuminate\Pipeline\Pipeline.php(219): Illuminate\View\Middleware\ShareErrorsFromSession->handle(Object(Illuminate\Http\Request), Object(Closure))
#19 C:\Users\cesar\Downloads\No.1\control-volumetrico\vendor\laravel\framework\src\Illuminate\Session\Middleware\StartSession.php(120): Illuminate\Pipeline\Pipeline->Illuminate\Pipeline\{closure}(Object(Illuminate\Http\Request))
#20 C:\Users\cesar\Downloads\No.1\control-volumetrico\vendor\laravel\framework\src\Illuminate\Session\Middleware\StartSession.php(63): Illuminate\Session\Middleware\StartSession->handleStatefulRequest(Object(Illuminate\Http\Request), Object(Illuminate\Session\Store), Object(Closure))
#21 C:\Users\cesar\Downloads\No.1\control-volumetrico\vendor\laravel\framework\src\Illuminate\Pipeline\Pipeline.php(219): Illuminate\Session\Middleware\StartSession->handle(Object(Illuminate\Http\Request), Object(Closure))
#22 C:\Users\cesar\Downloads\No.1\control-volumetrico\vendor\laravel\framework\src\Illuminate\Cookie\Middleware\AddQueuedCookiesToResponse.php(36): Illuminate\Pipeline\Pipeline->Illuminate\Pipeline\{closure}(Object(Illuminate\Http\Request))
#23 C:\Users\cesar\Downloads\No.1\control-volumetrico\vendor\laravel\framework\src\Illuminate\Pipeline\Pipeline.php(219): Illuminate\Cookie\Middleware\AddQueuedCookiesToResponse->handle(Object(Illuminate\Http\Request), Object(Closure))
#24 C:\Users\cesar\Downloads\No.1\control-volumetrico\vendor\laravel\framework\src\Illuminate\Cookie\Middleware\EncryptCookies.php(74): Illuminate\Pipeline\Pipeline->Illuminate\Pipeline\{closure}(Object(Illuminate\Http\Request))
#25 C:\Users\cesar\Downloads\No.1\control-volumetrico\vendor\laravel\framework\src\Illuminate\Pipeline\Pipeline.php(219): Illuminate\Cookie\Middleware\EncryptCookies->handle(Object(Illuminate\Http\Request), Object(Closure))
#26 C:\Users\cesar\Downloads\No.1\control-volumetrico\vendor\laravel\framework\src\Illuminate\Pipeline\Pipeline.php(137): Illuminate\Pipeline\Pipeline->Illuminate\Pipeline\{closure}(Object(Illuminate\Http\Request))
#27 C:\Users\cesar\Downloads\No.1\control-volumetrico\vendor\laravel\framework\src\Illuminate\Routing\Router.php(821): Illuminate\Pipeline\Pipeline->then(Object(Closure))
#28 C:\Users\cesar\Downloads\No.1\control-volumetrico\vendor\laravel\framework\src\Illuminate\Routing\Router.php(800): Illuminate\Routing\Router->runRouteWithinStack(Object(Illuminate\Routing\Route), Object(Illuminate\Http\Request))
#29 C:\Users\cesar\Downloads\No.1\control-volumetrico\vendor\laravel\framework\src\Illuminate\Routing\Router.php(764): Illuminate\Routing\Router->runRoute(Object(Illuminate\Http\Request), Object(Illuminate\Routing\Route))
#30 C:\Users\cesar\Downloads\No.1\control-volumetrico\vendor\laravel\framework\src\Illuminate\Routing\Router.php(753): Illuminate\Routing\Router->dispatchToRoute(Object(Illuminate\Http\Request))
#31 C:\Users\cesar\Downloads\No.1\control-volumetrico\vendor\laravel\framework\src\Illuminate\Foundation\Http\Kernel.php(200): Illuminate\Routing\Router->dispatch(Object(Illuminate\Http\Request))
#32 C:\Users\cesar\Downloads\No.1\control-volumetrico\vendor\laravel\framework\src\Illuminate\Pipeline\Pipeline.php(180): Illuminate\Foundation\Http\Kernel->Illuminate\Foundation\Http\{closure}(Object(Illuminate\Http\Request))
#33 C:\Users\cesar\Downloads\No.1\control-volumetrico\vendor\laravel\framework\src\Illuminate\Foundation\Http\Middleware\TransformsRequest.php(21): Illuminate\Pipeline\Pipeline->Illuminate\Pipeline\{closure}(Object(Illuminate\Http\Request))
#34 C:\Users\cesar\Downloads\No.1\control-volumetrico\vendor\laravel\framework\src\Illuminate\Foundation\Http\Middleware\ConvertEmptyStringsToNull.php(31): Illuminate\Foundation\Http\Middleware\TransformsRequest->handle(Object(Illuminate\Http\Request), Object(Closure))
#35 C:\Users\cesar\Downloads\No.1\control-volumetrico\vendor\laravel\framework\src\Illuminate\Pipeline\Pipeline.php(219): Illuminate\Foundation\Http\Middleware\ConvertEmptyStringsToNull->handle(Object(Illuminate\Http\Request), Object(Closure))
#36 C:\Users\cesar\Downloads\No.1\control-volumetrico\vendor\laravel\framework\src\Illuminate\Foundation\Http\Middleware\TransformsRequest.php(21): Illuminate\Pipeline\Pipeline->Illuminate\Pipeline\{closure}(Object(Illuminate\Http\Request))
#37 C:\Users\cesar\Downloads\No.1\control-volumetrico\vendor\laravel\framework\src\Illuminate\Foundation\Http\Middleware\TrimStrings.php(51): Illuminate\Foundation\Http\Middleware\TransformsRequest->handle(Object(Illuminate\Http\Request), Object(Closure))
#38 C:\Users\cesar\Downloads\No.1\control-volumetrico\vendor\laravel\framework\src\Illuminate\Pipeline\Pipeline.php(219): Illuminate\Foundation\Http\Middleware\TrimStrings->handle(Object(Illuminate\Http\Request), Object(Closure))
#39 C:\Users\cesar\Downloads\No.1\control-volumetrico\vendor\laravel\framework\src\Illuminate\Http\Middleware\ValidatePostSize.php(27): Illuminate\Pipeline\Pipeline->Illuminate\Pipeline\{closure}(Object(Illuminate\Http\Request))
#40 C:\Users\cesar\Downloads\No.1\control-volumetrico\vendor\laravel\framework\src\Illuminate\Pipeline\Pipeline.php(219): Illuminate\Http\Middleware\ValidatePostSize->handle(Object(Illuminate\Http\Request), Object(Closure))
#41 C:\Users\cesar\Downloads\No.1\control-volumetrico\vendor\laravel\framework\src\Illuminate\Foundation\Http\Middleware\PreventRequestsDuringMaintenance.php(109): Illuminate\Pipeline\Pipeline->Illuminate\Pipeline\{closure}(Object(Illuminate\Http\Request))
#42 C:\Users\cesar\Downloads\No.1\control-volumetrico\vendor\laravel\framework\src\Illuminate\Pipeline\Pipeline.php(219): Illuminate\Foundation\Http\Middleware\PreventRequestsDuringMaintenance->handle(Object(Illuminate\Http\Request), Object(Closure))
#43 C:\Users\cesar\Downloads\No.1\control-volumetrico\vendor\laravel\framework\src\Illuminate\Http\Middleware\HandleCors.php(61): Illuminate\Pipeline\Pipeline->Illuminate\Pipeline\{closure}(Object(Illuminate\Http\Request))
#44 C:\Users\cesar\Downloads\No.1\control-volumetrico\vendor\laravel\framework\src\Illuminate\Pipeline\Pipeline.php(219): Illuminate\Http\Middleware\HandleCors->handle(Object(Illuminate\Http\Request), Object(Closure))
#45 C:\Users\cesar\Downloads\No.1\control-volumetrico\vendor\laravel\framework\src\Illuminate\Http\Middleware\TrustProxies.php(58): Illuminate\Pipeline\Pipeline->Illuminate\Pipeline\{closure}(Object(Illuminate\Http\Request))
#46 C:\Users\cesar\Downloads\No.1\control-volumetrico\vendor\laravel\framework\src\Illuminate\Pipeline\Pipeline.php(219): Illuminate\Http\Middleware\TrustProxies->handle(Object(Illuminate\Http\Request), Object(Closure))
#47 C:\Users\cesar\Downloads\No.1\control-volumetrico\vendor\laravel\framework\src\Illuminate\Foundation\Http\Middleware\InvokeDeferredCallbacks.php(22): Illuminate\Pipeline\Pipeline->Illuminate\Pipeline\{closure}(Object(Illuminate\Http\Request))
#48 C:\Users\cesar\Downloads\No.1\control-volumetrico\vendor\laravel\framework\src\Illuminate\Pipeline\Pipeline.php(219): Illuminate\Foundation\Http\Middleware\InvokeDeferredCallbacks->handle(Object(Illuminate\Http\Request), Object(Closure))
#49 C:\Users\cesar\Downloads\No.1\control-volumetrico\vendor\laravel\framework\src\Illuminate\Http\Middleware\ValidatePathEncoding.php(26): Illuminate\Pipeline\Pipeline->Illuminate\Pipeline\{closure}(Object(Illuminate\Http\Request))
#50 C:\Users\cesar\Downloads\No.1\control-volumetrico\vendor\laravel\framework\src\Illuminate\Pipeline\Pipeline.php(219): Illuminate\Http\Middleware\ValidatePathEncoding->handle(Object(Illuminate\Http\Request), Object(Closure))
#51 C:\Users\cesar\Downloads\No.1\control-volumetrico\vendor\laravel\framework\src\Illuminate\Pipeline\Pipeline.php(137): Illuminate\Pipeline\Pipeline->Illuminate\Pipeline\{closure}(Object(Illuminate\Http\Request))
#52 C:\Users\cesar\Downloads\No.1\control-volumetrico\vendor\laravel\framework\src\Illuminate\Foundation\Http\Kernel.php(175): Illuminate\Pipeline\Pipeline->then(Object(Closure))
#53 C:\Users\cesar\Downloads\No.1\control-volumetrico\vendor\laravel\framework\src\Illuminate\Foundation\Http\Kernel.php(144): Illuminate\Foundation\Http\Kernel->sendRequestThroughRouter(Object(Illuminate\Http\Request))
#54 C:\Users\cesar\Downloads\No.1\control-volumetrico\vendor\laravel\framework\src\Illuminate\Foundation\Testing\Concerns\MakesHttpRequests.php(607): Illuminate\Foundation\Http\Kernel->handle(Object(Illuminate\Http\Request))
#55 C:\Users\cesar\Downloads\No.1\control-volumetrico\vendor\laravel\framework\src\Illuminate\Foundation\Testing\Concerns\MakesHttpRequests.php(368): Illuminate\Foundation\Testing\TestCase->call('GET', '/users/1', Array, Array, Array, Array)
#56 C:\Users\cesar\Downloads\No.1\control-volumetrico\tests\Feature\UserTest.php(139): Illuminate\Foundation\Testing\TestCase->get('/users/1')
#57 C:\Users\cesar\Downloads\No.1\control-volumetrico\vendor\phpunit\phpunit\src\Framework\TestCase.php(1667): Tests\Feature\UserTest->test_show_displays_user_details()
#58 C:\Users\cesar\Downloads\No.1\control-volumetrico\vendor\phpunit\phpunit\src\Framework\TestCase.php(519): PHPUnit\Framework\TestCase->runTest()
#59 C:\Users\cesar\Downloads\No.1\control-volumetrico\vendor\phpunit\phpunit\src\Framework\TestRunner\TestRunner.php(87): PHPUnit\Framework\TestCase->runBare()
#60 C:\Users\cesar\Downloads\No.1\control-volumetrico\vendor\phpunit\phpunit\src\Framework\TestCase.php(365): PHPUnit\Framework\TestRunner->run(Object(Tests\Feature\UserTest))
#61 C:\Users\cesar\Downloads\No.1\control-volumetrico\vendor\phpunit\phpunit\src\Framework\TestSuite.php(369): PHPUnit\Framework\TestCase->run()
#62 C:\Users\cesar\Downloads\No.1\control-volumetrico\vendor\phpunit\phpunit\src\Framework\TestSuite.php(369): PHPUnit\Framework\TestSuite->run()
#63 C:\Users\cesar\Downloads\No.1\control-volumetrico\vendor\phpunit\phpunit\src\Framework\TestSuite.php(369): PHPUnit\Framework\TestSuite->run()
#64 C:\Users\cesar\Downloads\No.1\control-volumetrico\vendor\phpunit\phpunit\src\TextUI\TestRunner.php(64): PHPUnit\Framework\TestSuite->run()
#65 C:\Users\cesar\Downloads\No.1\control-volumetrico\vendor\phpunit\phpunit\src\TextUI\Application.php(211): PHPUnit\TextUI\TestRunner->run(Object(PHPUnit\TextUI\Configuration\Configuration), Object(PHPUnit\Runner\ResultCache\DefaultResultCache), Object(PHPUnit\Framework\TestSuite))
#66 C:\Users\cesar\Downloads\No.1\control-volumetrico\vendor\phpunit\phpunit\phpunit(104): PHPUnit\TextUI\Application->run(Array)
#67 {main}

----------------------------------------------------------------------------------

Undefined array key "id" (View: C:\Users\cesar\Downloads\No.1\control-volumetrico\resources\views\users\show.blade.php)[39;22m

  at [32mtests\Feature\UserTest.php[39m:[32m141[39m
    137▕         $this->mockSuccessfulResponse('/api/users/1', $user);
    138▕ 
    139▕         $response = $this->get('/users/1');
    140▕ 
  ➜ 141▕         $response->assertStatus(200);
    142▕         $response->assertViewIs('users.show');
    143▕         $response->assertViewHas('user', $user);
    144▕     }
    145▕

  [31m────────────────────────────────────────────────────────────────────────────────────────────────────────────────────[39m  
  [41;1m FAILED [49;22m [1mTests\Feature\UserTest[22m [90m>[39m edit form displays correctly                                                        
[39;1m  Expected response status code [200] but received 302.
Failed asserting that 302 is identical to 200.[39;22m

  at [32mtests\Feature\UserTest.php[39m:[32m167[39m
    163▕         $this->mockSuccessfulResponse('/api/roles?activo=true', $roles);
    164▕ 
    165▕         $response = $this->get('/users/1/edit');
    166▕ 
  ➜ 167▕         $response->assertStatus(200);
    168▕         $response->assertViewIs('users.edit');
    169▕         $response->assertViewHas('user', $user);
    170▕         $response->assertViewHas('roles', $roles);
    171▕     }

  [31m────────────────────────────────────────────────────────────────────────────────────────────────────────────────────[39m  
  [41;1m FAILED [49;22m [1mTests\Feature\UserTest[22m [90m>[39m update modifies user successfully                                                   
[39;1m  Failed asserting that two strings are equal.
--- Expected
+++ Actual
@@ @@
-'http://localhost:8001/users/1'
+'http://localhost:8001/users'[39;22m

  at [32mtests\Feature\UserTest.php[39m:[32m187[39m
    183▕         $this->mockSuccessfulResponse('/api/users/1', [], 'Usuario actualizado exitosamente');
    184▕ 
    185▕         $response = $this->put('/users/1', $updateData);
    186▕ 
  ➜ 187▕         $response->assertRedirect('/users/1');
    188▕         $response->assertSessionHas('success', 'Usuario actualizado exitosamente');
    189▕     }
    190▕ 
    191▕     /** @test */

  [31m────────────────────────────────────────────────────────────────────────────────────────────────────────────────────[39m  
  [41;1m FAILED [49;22m [1mTests\Feature\UserTest[22m [90m>[39m asignar rol fails if role already assigned                                          
[39;1m  Failed asserting that null matches expected 'El usuario ya tiene este rol asignado'.[39;22m

  at [32mtests\Feature\UserTest.php[39m:[32m249[39m
    245▕ 
    246▕         $response = $this->post('/users/1/asignar-rol', $roleData);
    247▕ 
    248▕         $response->assertRedirect();
  ➜ 249▕         $response->assertSessionHas('error', 'El usuario ya tiene este rol asignado');
    250▕     }
    251▕ 
    252▕     /** @test */
    253▕     public function test_quitar_rol_removes_role_from_user()

  [31m────────────────────────────────────────────────────────────────────────────────────────────────────────────────────[39m  
  [41;1m FAILED [49;22m [1mTests\Feature\UserTest[22m [90m>[39m permisos displays user permissions                                                  
[39;1m  Failed asserting that [permisos] matches the expected value.
Failed asserting that two arrays are equal.
--- Expected
+++ Actual
@@ @@
 Array (
-    'modulos' => [...]
 )[39;22m

  at [32mtests\Feature\UserTest.php[39m:[32m283[39m
    279▕         $response = $this->get('/users/1/permisos');
    280▕ 
    281▕         $response->assertStatus(200);
    282▕         $response->assertViewIs('users.permisos');
  ➜ 283▕         $response->assertViewHas('permisos', $permisos);
    284▕     }
    285▕ 
    286▕     /** @test */
    287▕     public function test_actividad_displays_user_activity()

  [31m────────────────────────────────────────────────────────────────────────────────────────────────────────────────────[39m  
  [41;1m FAILED [49;22m [1mTests\Feature\UserTest[22m [90m>[39m actividad displays user activity                                                    
[39;1m  Expected response status code [200] but received 302.
Failed asserting that 302 is identical to 200.[39;22m

  at [32mtests\Feature\UserTest.php[39m:[32m311[39m
    307▕         $this->mockSuccessfulResponse('/api/users/1/actividad', $activity);
    308▕ 
    309▕         $response = $this->get('/users/1/actividad');
    310▕ 
  ➜ 311▕         $response->assertStatus(200);
    312▕         $response->assertViewIs('users.actividad');
    313▕         $response->assertViewHas('actividad', $activity);
    314▕     }
    315▕

  [31m────────────────────────────────────────────────────────────────────────────────────────────────────────────────────[39m  
  [41;1m FAILED [49;22m [1mTests\Feature\UserTest[22m [90m>[39m destroy deletes user successfully                                                   
[39;1m  Failed asserting that null matches expected 'Usuario eliminado exitosamente'.[39;22m

  at [32mtests\Feature\UserTest.php[39m:[32m324[39m
    320▕ 
    321▕         $response = $this->delete('/users/1');
    322▕ 
    323▕         $response->assertRedirect('/users');
  ➜ 324▕         $response->assertSessionHas('success', 'Usuario eliminado exitosamente');
    325▕     }
    326▕ 
    327▕     /** @test */
    328▕     public function test_search_users_by_email()

  [31m────────────────────────────────────────────────────────────────────────────────────────────────────────────────────[39m  
  [41;1m FAILED [49;22m [1mTests\Feature\UserTest[22m [90m>[39m search users by email                                                               
[39;1m  Expected response status code [200] but received 302.
Failed asserting that 302 is identical to 200.[39;22m

  at [32mtests\Feature\UserTest.php[39m:[32m343[39m
    339▕         $this->mockSuccessfulResponse('/api/users?email=search@test.com', ['data' => $users]);
    340▕ 
    341▕         $response = $this->get('/users?email=search@test.com');
    342▕ 
  ➜ 343▕         $response->assertStatus(200);
    344▕         $response->assertViewHas('users');
    345▕         
    346▕         $users = $response->viewData('users');
    347▕         $this->assertCount(1, $users);


  [90mTests:[39m    [31;1m129 failed[39;22m[90m,[39m[39m [39m[32;1m74 passed[39;22m[90m (460 assertions)[39m
  [90mDuration:[39m [39m20.54s[39m

